******************************************************************************
            TI ARM Clang Linker PC v4.0.2                      
******************************************************************************
>> Linked Sat May  3 14:35:44 2025

OUTPUT FILE NAME:   <25C.out>
ENTRY POINT SYMBOL: "_c_int00_noargs"  address: 000030b9


MEMORY CONFIGURATION

         name            origin    length      used     unused   attr    fill
----------------------  --------  ---------  --------  --------  ----  --------
  FLASH                 00000000   00020000  00003fe8  0001c018  R  X
  SRAM                  20200000   00008000  00000baa  00007456  RW X
  BCR_CONFIG            41c00000   000000ff  00000000  000000ff  R   
  BSL_CONFIG            41c00100   00000080  00000000  00000080  R   


SEGMENT ALLOCATION MAP

run origin  load origin   length   init length attrs members
----------  ----------- ---------- ----------- ----- -------
00000000    00000000    00003fe8   00003fe8    r-x
  00000000    00000000    000000c0   000000c0    r-- .intvecs
  000000c0    000000c0    000035e0   000035e0    r-x .text
  000036a0    000036a0    00000908   00000908    r-- .rodata
  00003fa8    00003fa8    00000040   00000040    r-- .cinit
20200000    20200000    000009ac   00000000    rw-
  20200000    20200000    00000986   00000000    rw- .bss
  20200988    20200988    00000024   00000000    rw- .data
20207e00    20207e00    00000200   00000000    rw-
  20207e00    20207e00    00000200   00000000    rw- .stack


SECTION ALLOCATION MAP

 output                                  attributes/
section   page    origin      length       input sections
--------  ----  ----------  ----------   ----------------
.intvecs   0    00000000    000000c0     
                  00000000    000000c0     startup_mspm0g350x_ticlang.o (.intvecs)

.text      0    000000c0    000035e0     
                  000000c0    00000a48     libc.a : e_pow.c.obj (.text.pow)
                  00000b08    000003ac     timx_timer_mode_capture_duty_and_period.o (.text.OLEDSHOW)
                  00000eb4    000001ec     timx_timer_mode_capture_duty_and_period.o (.text.findV)
                  000010a0    00000192     libclang_rt.builtins.a : adddf3.S.obj (.text.adddf3_subdf3)
                  00001232    00000002                            : aeabi_div0.c.obj (.text.__aeabi_idiv0)
                  00001234    00000170     libc.a : e_sqrt.c.obj (.text.sqrt)
                  000013a4    00000128     timx_timer_mode_capture_duty_and_period.o (.text.switchwave)
                  000014cc    00000118     oled.o (.text.OLED_ShowChar)
                  000015e4    0000010c     libclang_rt.builtins.a : divdf3.S.obj (.text.__divdf3)
                  000016f0    000000fa     oled.o (.text.OLED_Init)
                  000017ea    000000f6     oled.o (.text.OLED_ShowNum)
                  000018e0    000000e8     driverlib.a : dl_timer.o (.text.DL_Timer_initTimerMode)
                  000019c8    000000e4     libclang_rt.builtins.a : muldf3.S.obj (.text.__muldf3)
                  00001aac    000000e0     driverlib.a : dl_timer.o (.text.DL_Timer_initCaptureCombinedMode)
                  00001b8c    000000d8     libc.a : s_scalbn.c.obj (.text.scalbn)
                  00001c64    000000d8     libclang_rt.builtins.a : addsf3.S.obj (.text)
                  00001d3c    000000a4     timx_timer_mode_capture_duty_and_period.o (.text.main)
                  00001de0    00000090     ti_msp_dl_config.o (.text.SYSCFG_DL_ADC12_0_init)
                  00001e70    0000008c     ti_msp_dl_config.o (.text.SYSCFG_DL_initPower)
                  00001efc    0000008c     libclang_rt.builtins.a : mulsf3.S.obj (.text.__mulsf3)
                  00001f88    00000084     timx_timer_mode_capture_duty_and_period.o (.text.__NVIC_SetPriority)
                  0000200c    00000084     timx_timer_mode_capture_duty_and_period.o (.text.getdec)
                  00002090    00000082     libclang_rt.builtins.a : divsf3.S.obj (.text.__divsf3)
                  00002112    00000002     --HOLE-- [fill = 0]
                  00002114    0000007c     oled.o (.text.Send_Byte)
                  00002190    0000007c     libc.a : copy_decompress_lzss.c.obj (.text:decompress:lzss)
                  0000220c    00000074     libclang_rt.builtins.a : comparedf2.c.obj (.text.__gedf2)
                  00002280    00000074                            : truncdfsf2.S.obj (.text.__truncdfsf2)
                  000022f4    00000074     timx_timer_mode_capture_duty_and_period.o (.text.findbase)
                  00002368    00000070     oled.o (.text.OLED_ShowString)
                  000023d8    00000070     timx_timer_mode_capture_duty_and_period.o (.text.StartAdc)
                  00002448    0000006c     timx_timer_mode_capture_duty_and_period.o (.text.BTSent)
                  000024b4    0000006a     oled.o (.text.OLED_Clear)
                  0000251e    00000002     --HOLE-- [fill = 0]
                  00002520    00000068     timx_timer_mode_capture_duty_and_period.o (.text.TIMA1_IRQHandler)
                  00002588    00000068     libclang_rt.builtins.a : comparedf2.c.obj (.text.__ledf2)
                  000025f0    00000062                            : aeabi_dcmp.S.obj (.text.__aeabi_dcmp)
                  00002652    00000002     --HOLE-- [fill = 0]
                  00002654    00000062                            : aeabi_fcmp.S.obj (.text.__aeabi_fcmp)
                  000026b6    00000002     --HOLE-- [fill = 0]
                  000026b8    00000058     timx_timer_mode_capture_duty_and_period.o (.text.sendBluetoothData)
                  00002710    00000056     libclang_rt.builtins.a : aeabi_idivmod.S.obj (.text.__aeabi_idivmod)
                  00002766    0000004e     oled.o (.text.OLED_WR_Byte)
                  000027b4    0000004c     ti_msp_dl_config.o (.text.DL_ADC12_initSingleSample)
                  00002800    0000004c     driverlib.a : dl_dma.o (.text.DL_DMA_initChannel)
                  0000284c    0000004c     ti_msp_dl_config.o (.text.DL_UART_setBaudRateDivisor)
                  00002898    0000004c     ti_msp_dl_config.o (.text.SYSCFG_DL_TIMER_0_init)
                  000028e4    0000004a     ti_msp_dl_config.o (.text.DL_ADC12_configConversionMem)
                  0000292e    00000002     --HOLE-- [fill = 0]
                  00002930    0000004a     libclang_rt.builtins.a : fixdfsi.S.obj (.text.__fixdfsi)
                  0000297a    00000002     --HOLE-- [fill = 0]
                  0000297c    00000048     driverlib.a : dl_uart.o (.text.DL_UART_init)
                  000029c4    00000048     ti_msp_dl_config.o (.text.SYSCFG_DL_GPIO_init)
                  00002a0c    00000044     ti_msp_dl_config.o (.text.SYSCFG_DL_TIMER_1_init)
                  00002a50    00000044     ti_msp_dl_config.o (.text.SYSCFG_DL_UART_0_init)
                  00002a94    00000040     driverlib.a : dl_adc12.o (.text.DL_ADC12_setClockConfig)
                  00002ad4    00000040     libclang_rt.builtins.a : aeabi_uidivmod.S.obj (.text.__aeabi_uidivmod)
                  00002b14    00000040                            : extendsfdf2.S.obj (.text.__extendsfdf2)
                  00002b54    00000040     timx_timer_mode_capture_duty_and_period.o (.text.getlen)
                  00002b94    0000003c     oled.o (.text.OLED_Set_Pos)
                  00002bd0    0000003c     ti_msp_dl_config.o (.text.SYSCFG_DL_init)
                  00002c0c    0000003c     libclang_rt.builtins.a : floatsisf.S.obj (.text.__floatsisf)
                  00002c48    0000003c                            : comparesf2.S.obj (.text.__gtsf2)
                  00002c84    0000003c     libc.a : autoinit.c.obj (.text:__TI_auto_init_nobinit_nopinit)
                  00002cc0    0000003a     libclang_rt.builtins.a : comparesf2.S.obj (.text.__eqsf2)
                  00002cfa    00000002     --HOLE-- [fill = 0]
                  00002cfc    0000003a                            : muldsi3.S.obj (.text.__muldsi3)
                  00002d36    00000002     --HOLE-- [fill = 0]
                  00002d38    00000038     ti_msp_dl_config.o (.text.DL_Timer_setPublisherChanID)
                  00002d70    00000038     oled.o (.text.I2C_Start)
                  00002da8    00000038     timx_timer_mode_capture_duty_and_period.o (.text.TIMG0_IRQHandler)
                  00002de0    00000038     libclang_rt.builtins.a : fixsfsi.S.obj (.text.__fixsfsi)
                  00002e18    00000034     ti_msp_dl_config.o (.text.SYSCFG_DL_CAPTURE_0_init)
                  00002e4c    00000032     libclang_rt.builtins.a : fixunssfsi.S.obj (.text.__fixunssfsi)
                  00002e7e    00000002     --HOLE-- [fill = 0]
                  00002e80    00000030     ti_msp_dl_config.o (.text.DL_DMA_setTransferSize)
                  00002eb0    00000030     oled.o (.text.I2C_Stop)
                  00002ee0    00000030     oled.o (.text.I2C_WaitAck)
                  00002f10    00000030     oled.o (.text.oled_pow)
                  00002f40    0000002c     ti_msp_dl_config.o (.text.DL_ADC12_setDMASamplesCnt)
                  00002f6c    0000002c     ti_msp_dl_config.o (.text.SYSCFG_DL_DMA_CH0_init)
                  00002f98    0000002c     timx_timer_mode_capture_duty_and_period.o (.text.__NVIC_EnableIRQ)
                  00002fc4    0000002c     libclang_rt.builtins.a : floatsidf.S.obj (.text.__floatsidf)
                  00002ff0    00000028     ti_msp_dl_config.o (.text.DL_Common_updateReg)
                  00003018    00000028     timx_timer_mode_capture_duty_and_period.o (.text.DL_DMA_setDestAddr)
                  00003040    00000028     timx_timer_mode_capture_duty_and_period.o (.text.DL_DMA_setSrcAddr)
                  00003068    00000028     ti_msp_dl_config.o (.text.DL_Timer_enableEvent)
                  00003090    00000028     libclang_rt.builtins.a : floatunsisf.S.obj (.text.__floatunsisf)
                  000030b8    00000028     libc.a : boot_cortex_m.c.obj (.text:_c_int00_noargs)
                  000030e0    00000026     timx_timer_mode_capture_duty_and_period.o (.text.DL_DMA_enableChannel)
                  00003106    00000022     oled.o (.text.delay_ms)
                  00003128    00000020     timx_timer_mode_capture_duty_and_period.o (.text.ADC0_IRQHandler)
                  00003148    00000020     ti_msp_dl_config.o (.text.DL_GPIO_initPeripheralInputFunction)
                  00003168    0000001e     ti_msp_dl_config.o (.text.DL_ADC12_setPowerDownMode)
                  00003186    0000001e     ti_msp_dl_config.o (.text.DL_UART_setOversampling)
                  000031a4    0000001e     ti_msp_dl_config.o (.text.SYSCFG_DL_SYSCTL_init)
                  000031c2    00000002     --HOLE-- [fill = 0]
                  000031c4    0000001c     ti_msp_dl_config.o (.text.DL_ADC12_clearInterruptStatus)
                  000031e0    0000001c     ti_msp_dl_config.o (.text.DL_ADC12_enableDMA)
                  000031fc    0000001c     ti_msp_dl_config.o (.text.DL_ADC12_enableDMATrigger)
                  00003218    0000001c     ti_msp_dl_config.o (.text.DL_ADC12_enableInterrupt)
                  00003234    0000001c     ti_msp_dl_config.o (.text.DL_GPIO_initPeripheralOutputFunction)
                  00003250    0000001c     ti_msp_dl_config.o (.text.DL_SYSCTL_setSYSOSCFreq)
                  0000326c    0000001c     ti_msp_dl_config.o (.text.DL_Timer_enableInterrupt)
                  00003288    0000001c     driverlib.a : dl_timer.o (.text.DL_Timer_setClockConfig)
                  000032a4    0000001c     timx_timer_mode_capture_duty_and_period.o (.text.DL_Timer_setCoreHaltBehavior)
                  000032c0    0000001a     ti_msp_dl_config.o (.text.DL_ADC12_setSubscriberChanID)
                  000032da    00000002     --HOLE-- [fill = 0]
                  000032dc    00000018     ti_msp_dl_config.o (.text.DL_ADC12_enablePower)
                  000032f4    00000018     ti_msp_dl_config.o (.text.DL_ADC12_reset)
                  0000330c    00000018     ti_msp_dl_config.o (.text.DL_ADC12_setSampleTime0)
                  00003324    00000018     ti_msp_dl_config.o (.text.DL_GPIO_enableOutput)
                  0000333c    00000018     ti_msp_dl_config.o (.text.DL_GPIO_enablePower)
                  00003354    00000018     ti_msp_dl_config.o (.text.DL_GPIO_initDigitalOutput)
                  0000336c    00000018     ti_msp_dl_config.o (.text.DL_GPIO_reset)
                  00003384    00000018     oled.o (.text.DL_GPIO_setPins)
                  0000339c    00000018     ti_msp_dl_config.o (.text.DL_SYSCTL_setBORThreshold)
                  000033b4    00000018     timx_timer_mode_capture_duty_and_period.o (.text.DL_Timer_clearInterruptStatus)
                  000033cc    00000018     ti_msp_dl_config.o (.text.DL_Timer_enablePower)
                  000033e4    00000018     ti_msp_dl_config.o (.text.DL_Timer_reset)
                  000033fc    00000018     timx_timer_mode_capture_duty_and_period.o (.text.DL_Timer_setLoadValue)
                  00003414    00000018     timx_timer_mode_capture_duty_and_period.o (.text.DL_Timer_startCounter)
                  0000342c    00000018     timx_timer_mode_capture_duty_and_period.o (.text.DL_Timer_stopCounter)
                  00003444    00000018     ti_msp_dl_config.o (.text.DL_UART_enablePower)
                  0000345c    00000018     timx_timer_mode_capture_duty_and_period.o (.text.DL_UART_isBusy)
                  00003474    00000018     timx_timer_mode_capture_duty_and_period.o (.text.DL_UART_isTXFIFOEmpty)
                  0000348c    00000018     ti_msp_dl_config.o (.text.DL_UART_reset)
                  000034a4    00000016     ti_msp_dl_config.o (.text.DL_ADC12_enableConversions)
                  000034ba    00000016     ti_msp_dl_config.o (.text.DL_UART_enable)
                  000034d0    00000016     timx_timer_mode_capture_duty_and_period.o (.text.DL_UART_transmitData)
                  000034e6    00000014     oled.o (.text.DL_GPIO_clearPins)
                  000034fa    00000014     ti_msp_dl_config.o (.text.DL_GPIO_clearPins)
                  0000350e    00000002     --HOLE-- [fill = 0]
                  00003510    00000014     ti_msp_dl_config.o (.text.DL_SYSCTL_disableSYSPLL)
                  00003524    00000014     ti_msp_dl_config.o (.text.DL_Timer_enableClock)
                  00003538    00000014     timx_timer_mode_capture_duty_and_period.o (.text.DL_Timer_getLoadValue)
                  0000354c    00000012     timx_timer_mode_capture_duty_and_period.o (.text.DL_ADC12_getPendingInterrupt)
                  0000355e    00000012     timx_timer_mode_capture_duty_and_period.o (.text.DL_Timer_getPendingInterrupt)
                  00003570    00000012     driverlib.a : dl_uart.o (.text.DL_UART_setClockConfig)
                  00003582    00000012     libc.a : memcpy16.S.obj (.text:TI_memcpy_small)
                  00003594    00000012            : copy_decompress_none.c.obj (.text:decompress:none)
                  000035a6    00000002     --HOLE-- [fill = 0]
                  000035a8    00000010     ti_msp_dl_config.o (.text.DL_SYSCTL_disableHFXT)
                  000035b8    00000010     libc.a : copy_zero_init.c.obj (.text:decompress:ZI)
                  000035c8    0000000e            : memset16.S.obj (.text:TI_memset_small)
                  000035d6    00000002     --HOLE-- [fill = 0]
                  000035d8    0000000c     libclang_rt.builtins.a : aeabi_memset.S.obj (.text.__aeabi_memclr)
                  000035e4    0000000a     driverlib.a : dl_common.o (.text.DL_Common_delayCycles)
                  000035ee    0000000a     libc.a : e_pow.c.obj (.text.OUTLINED_FUNCTION_0)
                  000035f8    00000010     libclang_rt.builtins.a : muldf3.S.obj (.tramp.__aeabi_dmul.1)
                  00003608    0000000a     libc.a : e_pow.c.obj (.text.OUTLINED_FUNCTION_1)
                  00003612    0000000a            : e_pow.c.obj (.text.OUTLINED_FUNCTION_6)
                  0000361c    00000008            : e_pow.c.obj (.text.OUTLINED_FUNCTION_2)
                  00003624    00000010     libclang_rt.builtins.a : adddf3.S.obj (.tramp.__aeabi_dsub.1)
                  00003634    00000008     ti_msp_dl_config.o (.text.SYSCFG_DL_DMA_init)
                  0000363c    00000008     libc.a : aeabi_portable.c.obj (.text.__aeabi_errno_addr)
                  00003644    00000008     libclang_rt.builtins.a : aeabi_memcpy.S.obj (.text.__aeabi_memcpy)
                  0000364c    00000006     libc.a : e_pow.c.obj (.text.OUTLINED_FUNCTION_3)
                  00003652    00000002     --HOLE-- [fill = 0]
                  00003654    00000010     libclang_rt.builtins.a : adddf3.S.obj (.tramp.__aeabi_dadd.1)
                  00003664    00000006     libc.a : e_pow.c.obj (.text.OUTLINED_FUNCTION_4)
                  0000366a    00000006            : e_pow.c.obj (.text.OUTLINED_FUNCTION_5)
                  00003670    00000006            : exit.c.obj (.text:abort)
                  00003676    00000004     startup_mspm0g350x_ticlang.o (.text.Default_Handler)
                  0000367a    00000004     libsysbm.a : hostexit.c.obj (.text.HOSTexit)
                  0000367e    00000004     libc.a : e_pow.c.obj (.text.OUTLINED_FUNCTION_10)
                  00003682    00000004            : e_pow.c.obj (.text.OUTLINED_FUNCTION_7)
                  00003686    00000004            : e_pow.c.obj (.text.OUTLINED_FUNCTION_8)
                  0000368a    00000004            : e_pow.c.obj (.text.OUTLINED_FUNCTION_9)
                  0000368e    00000004     startup_mspm0g350x_ticlang.o (.text.Reset_Handler)
                  00003692    00000004     libc.a : pre_init.c.obj (.text._system_pre_init)
                  00003696    0000000a     --HOLE-- [fill = 0]

.cinit     0    00003fa8    00000040     
                  00003fa8    00000019     (.cinit..data.load) [load image, compression = lzss]
                  00003fc1    00000003     --HOLE-- [fill = 0]
                  00003fc4    0000000c     (__TI_handler_table)
                  00003fd0    00000008     (.cinit..bss.load) [load image, compression = zero_init]
                  00003fd8    00000010     (__TI_cinit_table)

.rodata    0    000036a0    00000908     
                  000036a0    000005f0     oled.o (.rodata.asc2_1608)
                  00003c90    00000228     oled.o (.rodata.asc2_0806)
                  00003eb8    00000030     libc.a : e_pow.c.obj (.rodata.cst16)
                  00003ee8    00000018     ti_msp_dl_config.o (.rodata.gDMA_CH0Config)
                  00003f00    00000014     ti_msp_dl_config.o (.rodata.gTIMER_0TimerConfig)
                  00003f14    00000014     ti_msp_dl_config.o (.rodata.gTIMER_1TimerConfig)
                  00003f28    00000010     ti_msp_dl_config.o (.rodata.gCAPTURE_0CaptureConfig)
                  00003f38    0000000c     driverlib.a : dl_timer.o (.rodata..Lswitch.table.DL_Timer_initCaptureCombinedMode.1)
                  00003f44    0000000c                 : dl_timer.o (.rodata..Lswitch.table.DL_Timer_initCompareMode)
                  00003f50    0000000a     ti_msp_dl_config.o (.rodata.gUART_0Config)
                  00003f5a    00000009     timx_timer_mode_capture_duty_and_period.o (.rodata.str1.13803488720744023916.1)
                  00003f63    00000001     --HOLE-- [fill = 0]
                  00003f64    00000008     ti_msp_dl_config.o (.rodata.gADC12_0ClockConfig)
                  00003f6c    00000007     timx_timer_mode_capture_duty_and_period.o (.rodata.str1.9943013036504090371.1)
                  00003f73    00000006     timx_timer_mode_capture_duty_and_period.o (.rodata.str1.11435234700370505290.1)
                  00003f79    00000006     timx_timer_mode_capture_duty_and_period.o (.rodata.str1.7042939706059272442.1)
                  00003f7f    00000005     timx_timer_mode_capture_duty_and_period.o (.rodata.str1.10031608105938973274.1)
                  00003f84    00000005     timx_timer_mode_capture_duty_and_period.o (.rodata.str1.10175774738103354559.1)
                  00003f89    00000004     timx_timer_mode_capture_duty_and_period.o (.rodata.str1.15654829570421964417.1)
                  00003f8d    00000004     timx_timer_mode_capture_duty_and_period.o (.rodata.str1.7861310084226465341.1)
                  00003f91    00000003     ti_msp_dl_config.o (.rodata.gCAPTURE_0ClockConfig)
                  00003f94    00000003     ti_msp_dl_config.o (.rodata.gTIMER_0ClockConfig)
                  00003f97    00000003     ti_msp_dl_config.o (.rodata.gTIMER_1ClockConfig)
                  00003f9a    00000003     timx_timer_mode_capture_duty_and_period.o (.rodata.str1.465695279775325175.1)
                  00003f9d    00000003     timx_timer_mode_capture_duty_and_period.o (.rodata.str1.6003870495209471045.1)
                  00003fa0    00000002     ti_msp_dl_config.o (.rodata.gUART_0ClockConfig)
                  00003fa2    00000006     --HOLE-- [fill = 0]

.init_array 
*          0    00000000    00000000     UNINITIALIZED

.binit     0    00000000    00000000     

.bss       0    20200000    00000986     UNINITIALIZED
                  20200000    00000800     (.common:gADCSamples)
                  20200800    000000bc     (.common:gTIMER_0Backup)
                  202008bc    000000bc     (.common:gTIMER_1Backup)
                  20200978    00000007     (.common:USART_TX_BUF)
                  2020097f    00000001     (.common:gCheckADC)
                  20200980    00000004     (.common:freq_pin)
                  20200984    00000002     (.common:waveform)

.data      0    20200988    00000024     UNINITIALIZED
                  20200988    00000006     timx_timer_mode_capture_duty_and_period.o (.data.str)
                  2020098e    00000001     timx_timer_mode_capture_duty_and_period.o (.data.multipler)
                  2020098f    00000001     --HOLE--
                  20200990    00000004     libc.a : aeabi_portable.c.obj (.data.__aeabi_errno)
                  20200994    00000004     timx_timer_mode_capture_duty_and_period.o (.data.adc_fs)
                  20200998    00000004     timx_timer_mode_capture_duty_and_period.o (.data.avg_max)
                  2020099c    00000004     timx_timer_mode_capture_duty_and_period.o (.data.avg_min)
                  202009a0    00000004     timx_timer_mode_capture_duty_and_period.o (.data.count)
                  202009a4    00000004     timx_timer_mode_capture_duty_and_period.o (.data.point)
                  202009a8    00000004     timx_timer_mode_capture_duty_and_period.o (.data.vppadc)

.stack     0    20207e00    00000200     UNINITIALIZED
                  20207e00    00000004     libc.a : boot_cortex_m.c.obj (.stack)
                  20207e04    000001fc     --HOLE--

__llvm_prf_cnts 
*          0    20200000    00000000     UNINITIALIZED

__llvm_prf_bits 
*          0    20200000    00000000     UNINITIALIZED

MODULE SUMMARY

       Module                                      code    ro data   rw data
       ------                                      ----    -------   -------
    .\
       timx_timer_mode_capture_duty_and_period.o   3248    52        2093   
       oled.o                                      1534    2072      0      
       ti_msp_dl_config.o                          1938    109       376    
       startup_mspm0g350x_ticlang.o                8       192       0      
    +--+-------------------------------------------+-------+---------+---------+
       Total:                                      6728    2425      2469   
                                                                            
    C:/ti/mspm0_sdk_2_04_00_06/source/ti/driverlib/lib/ticlang/m0p/mspm0g1x0x_g3x0x/driverlib.a
       dl_timer.o                                  484     24        0      
       dl_uart.o                                   90      0         0      
       dl_dma.o                                    76      0         0      
       dl_adc12.o                                  64      0         0      
       dl_common.o                                 10      0         0      
    +--+-------------------------------------------+-------+---------+---------+
       Total:                                      724     24        0      
                                                                            
    C:\ti\ccs2010\ccs\tools\compiler\ti-cgt-armllvm_4.0.2.LTS\lib\armv6m-ti-none-eabi/c/libc.a
       e_pow.c.obj                                 2704    48        0      
       e_sqrt.c.obj                                368     0         0      
       s_scalbn.c.obj                              216     0         0      
       copy_decompress_lzss.c.obj                  124     0         0      
       autoinit.c.obj                              60      0         0      
       boot_cortex_m.c.obj                         40      0         0      
       copy_decompress_none.c.obj                  18      0         0      
       memcpy16.S.obj                              18      0         0      
       copy_zero_init.c.obj                        16      0         0      
       memset16.S.obj                              14      0         0      
       aeabi_portable.c.obj                        8       0         4      
       exit.c.obj                                  6       0         0      
       pre_init.c.obj                              4       0         0      
    +--+-------------------------------------------+-------+---------+---------+
       Total:                                      3596    48        4      
                                                                            
    C:\ti\ccs2010\ccs\tools\compiler\ti-cgt-armllvm_4.0.2.LTS\lib\armv6m-ti-none-eabi/c/libsysbm.a
       hostexit.c.obj                              4       0         0      
    +--+-------------------------------------------+-------+---------+---------+
       Total:                                      4       0         0      
                                                                            
    C:\ti\ccs2010\ccs\tools\compiler\ti-cgt-armllvm_4.0.2.LTS\lib\armv6m-ti-none-eabi/libclang_rt.builtins.a
       adddf3.S.obj                                434     0         0      
       divdf3.S.obj                                268     0         0      
       muldf3.S.obj                                244     0         0      
       comparedf2.c.obj                            220     0         0      
       addsf3.S.obj                                216     0         0      
       mulsf3.S.obj                                140     0         0      
       divsf3.S.obj                                130     0         0      
       comparesf2.S.obj                            118     0         0      
       truncdfsf2.S.obj                            116     0         0      
       aeabi_dcmp.S.obj                            98      0         0      
       aeabi_fcmp.S.obj                            98      0         0      
       aeabi_idivmod.S.obj                         86      0         0      
       fixdfsi.S.obj                               74      0         0      
       aeabi_uidivmod.S.obj                        64      0         0      
       extendsfdf2.S.obj                           64      0         0      
       floatsisf.S.obj                             60      0         0      
       muldsi3.S.obj                               58      0         0      
       fixsfsi.S.obj                               56      0         0      
       fixunssfsi.S.obj                            50      0         0      
       floatsidf.S.obj                             44      0         0      
       floatunsisf.S.obj                           40      0         0      
       aeabi_memset.S.obj                          12      0         0      
       aeabi_memcpy.S.obj                          8       0         0      
       aeabi_div0.c.obj                            2       0         0      
    +--+-------------------------------------------+-------+---------+---------+
       Total:                                      2700    0         0      
                                                                            
       Stack:                                      0       0         512    
       Linker Generated:                           0       61        0      
    +--+-------------------------------------------+-------+---------+---------+
       Grand Total:                                13752   2558      2985   


LINKER GENERATED COPY TABLES

__TI_cinit_table @ 00003fd8 records: 2, size/record: 8, table size: 16
	.data: load addr=00003fa8, load size=00000019 bytes, run addr=20200988, run size=00000024 bytes, compression=lzss
	.bss: load addr=00003fd0, load size=00000008 bytes, run addr=20200000, run size=00000986 bytes, compression=zero_init


LINKER GENERATED HANDLER TABLE

__TI_handler_table @ 00003fc4 records: 3, size/record: 4, table size: 12
	index: 0, handler: __TI_decompress_lzss
	index: 1, handler: __TI_decompress_none
	index: 2, handler: __TI_zero_init


FAR CALL TRAMPOLINES

callee name               trampoline name
   callee addr  tramp addr   call addr  call info
--------------  -----------  ---------  ----------------
__aeabi_dmul              $Tramp$TT$L$PI$$__aeabi_dmul
   000019c9     000035f8     000035f6   libc.a : e_pow.c.obj (.text.OUTLINED_FUNCTION_0)
                             00003610          : e_pow.c.obj (.text.OUTLINED_FUNCTION_1)
                             0000361a          : e_pow.c.obj (.text.OUTLINED_FUNCTION_6)
                             00003668          : e_pow.c.obj (.text.OUTLINED_FUNCTION_4)
                             0000366e          : e_pow.c.obj (.text.OUTLINED_FUNCTION_5)
                             00003688          : e_pow.c.obj (.text.OUTLINED_FUNCTION_8)
__aeabi_dsub              $Tramp$TT$L$PI$$__aeabi_dsub
   000010a1     00003624     00003622   libc.a : e_pow.c.obj (.text.OUTLINED_FUNCTION_2)
__aeabi_dadd              $Tramp$TT$L$PI$$__aeabi_dadd
   000010ab     00003654     00003650   libc.a : e_pow.c.obj (.text.OUTLINED_FUNCTION_3)
                             00003680          : e_pow.c.obj (.text.OUTLINED_FUNCTION_10)
                             00003684          : e_pow.c.obj (.text.OUTLINED_FUNCTION_7)
                             0000368c          : e_pow.c.obj (.text.OUTLINED_FUNCTION_9)

[3 trampolines]
[11 trampoline calls]


GLOBAL SYMBOLS: SORTED ALPHABETICALLY BY Name 

address   name                            
-------   ----                            
00003129  ADC0_IRQHandler                 
00003677  ADC1_IRQHandler                 
00003677  AES_IRQHandler                  
00002449  BTSent                          
0000367a  C$$EXIT                         
00003677  CANFD0_IRQHandler               
00003677  DAC0_IRQHandler                 
00002a95  DL_ADC12_setClockConfig         
000035e5  DL_Common_delayCycles           
00002801  DL_DMA_initChannel              
00001aad  DL_Timer_initCaptureCombinedMode
000018e1  DL_Timer_initTimerMode          
00003289  DL_Timer_setClockConfig         
0000297d  DL_UART_init                    
00003571  DL_UART_setClockConfig          
00003677  DMA_IRQHandler                  
00003677  Default_Handler                 
00003677  GROUP0_IRQHandler               
00003677  GROUP1_IRQHandler               
0000367b  HOSTexit                        
00003677  HardFault_Handler               
00003677  I2C0_IRQHandler                 
00003677  I2C1_IRQHandler                 
00002d71  I2C_Start                       
00002eb1  I2C_Stop                        
00002ee1  I2C_WaitAck                     
00003677  NMI_Handler                     
00000b09  OLEDSHOW                        
000024b5  OLED_Clear                      
000016f1  OLED_Init                       
00002b95  OLED_Set_Pos                    
000014cd  OLED_ShowChar                   
000017eb  OLED_ShowNum                    
00002369  OLED_ShowString                 
00002767  OLED_WR_Byte                    
00003677  PendSV_Handler                  
00003677  RTC_IRQHandler                  
0000368f  Reset_Handler                   
00003677  SPI0_IRQHandler                 
00003677  SPI1_IRQHandler                 
00003677  SVC_Handler                     
00001de1  SYSCFG_DL_ADC12_0_init          
00002e19  SYSCFG_DL_CAPTURE_0_init        
00002f6d  SYSCFG_DL_DMA_CH0_init          
00003635  SYSCFG_DL_DMA_init              
000029c5  SYSCFG_DL_GPIO_init             
000031a5  SYSCFG_DL_SYSCTL_init           
00002899  SYSCFG_DL_TIMER_0_init          
00002a0d  SYSCFG_DL_TIMER_1_init          
00002a51  SYSCFG_DL_UART_0_init           
00002bd1  SYSCFG_DL_init                  
00001e71  SYSCFG_DL_initPower             
00002115  Send_Byte                       
000023d9  StartAdc                        
00003677  SysTick_Handler                 
00003677  TIMA0_IRQHandler                
00002521  TIMA1_IRQHandler                
00002da9  TIMG0_IRQHandler                
00003677  TIMG12_IRQHandler               
00003677  TIMG6_IRQHandler                
00003677  TIMG7_IRQHandler                
00003677  TIMG8_IRQHandler                
00003583  TI_memcpy_small                 
000035c9  TI_memset_small                 
00003677  UART0_IRQHandler                
00003677  UART1_IRQHandler                
00003677  UART2_IRQHandler                
00003677  UART3_IRQHandler                
20200978  USART_TX_BUF                    
20208000  __STACK_END                     
00000200  __STACK_SIZE                    
00000000  __TI_ATRegion0_region_sz        
00000000  __TI_ATRegion0_src_addr         
00000000  __TI_ATRegion0_trg_addr         
00000000  __TI_ATRegion1_region_sz        
00000000  __TI_ATRegion1_src_addr         
00000000  __TI_ATRegion1_trg_addr         
00000000  __TI_ATRegion2_region_sz        
00000000  __TI_ATRegion2_src_addr         
00000000  __TI_ATRegion2_trg_addr         
00003fd8  __TI_CINIT_Base                 
00003fe8  __TI_CINIT_Limit                
00003fe8  __TI_CINIT_Warm                 
00003fc4  __TI_Handler_Table_Base         
00003fd0  __TI_Handler_Table_Limit        
00002c85  __TI_auto_init_nobinit_nopinit  
00002191  __TI_decompress_lzss            
00003595  __TI_decompress_none            
ffffffff  __TI_pprof_out_hndl             
ffffffff  __TI_prof_data_size             
ffffffff  __TI_prof_data_start            
00000000  __TI_static_base__              
000035b9  __TI_zero_init                  
000010ab  __adddf3                        
00001c6f  __addsf3                        
00002281  __aeabi_d2f                     
00002931  __aeabi_d2iz                    
000010ab  __aeabi_dadd                    
000025f1  __aeabi_dcmpeq                  
0000262d  __aeabi_dcmpge                  
00002641  __aeabi_dcmpgt                  
00002619  __aeabi_dcmple                  
00002605  __aeabi_dcmplt                  
000015e5  __aeabi_ddiv                    
000019c9  __aeabi_dmul                    
000010a1  __aeabi_dsub                    
20200990  __aeabi_errno                   
0000363d  __aeabi_errno_addr              
00002b15  __aeabi_f2d                     
00002de1  __aeabi_f2iz                    
00002e4d  __aeabi_f2uiz                   
00001c6f  __aeabi_fadd                    
00002655  __aeabi_fcmpeq                  
00002691  __aeabi_fcmpge                  
000026a5  __aeabi_fcmpgt                  
0000267d  __aeabi_fcmple                  
00002669  __aeabi_fcmplt                  
00002091  __aeabi_fdiv                    
00001efd  __aeabi_fmul                    
00001c65  __aeabi_fsub                    
00002fc5  __aeabi_i2d                     
00002c0d  __aeabi_i2f                     
00002711  __aeabi_idiv                    
00001233  __aeabi_idiv0                   
00002711  __aeabi_idivmod                 
000035d9  __aeabi_memclr                  
000035d9  __aeabi_memclr4                 
000035d9  __aeabi_memclr8                 
00003645  __aeabi_memcpy                  
00003645  __aeabi_memcpy4                 
00003645  __aeabi_memcpy8                 
00003091  __aeabi_ui2f                    
00002ad5  __aeabi_uidiv                   
00002ad5  __aeabi_uidivmod                
ffffffff  __binit__                       
00002589  __cmpdf2                        
00002cc1  __cmpsf2                        
000015e5  __divdf3                        
00002091  __divsf3                        
00002589  __eqdf2                         
00002cc1  __eqsf2                         
00002b15  __extendsfdf2                   
00002931  __fixdfsi                       
00002de1  __fixsfsi                       
00002e4d  __fixunssfsi                    
00002fc5  __floatsidf                     
00002c0d  __floatsisf                     
00003091  __floatunsisf                   
0000220d  __gedf2                         
00002c49  __gesf2                         
0000220d  __gtdf2                         
00002c49  __gtsf2                         
00002589  __ledf2                         
00002cc1  __lesf2                         
00002589  __ltdf2                         
00002cc1  __ltsf2                         
UNDEFED   __mpu_init                      
000019c9  __muldf3                        
00002cfd  __muldsi3                       
00001efd  __mulsf3                        
00002589  __nedf2                         
00002cc1  __nesf2                         
20207e00  __stack                         
20200000  __start___llvm_prf_bits         
20200000  __start___llvm_prf_cnts         
20200000  __stop___llvm_prf_bits          
20200000  __stop___llvm_prf_cnts          
000010a1  __subdf3                        
00001c65  __subsf3                        
00002281  __truncdfsf2                    
000030b9  _c_int00_noargs                 
UNDEFED   _system_post_cinit              
00003693  _system_pre_init                
00003671  abort                           
20200994  adc_fs                          
00003c90  asc2_0806                       
000036a0  asc2_1608                       
20200998  avg_max                         
2020099c  avg_min                         
ffffffff  binit                           
202009a0  count                           
00003107  delay_ms                        
00000eb5  findV                           
000022f5  findbase                        
20200980  freq_pin                        
20200000  gADCSamples                     
2020097f  gCheckADC                       
20200800  gTIMER_0Backup                  
202008bc  gTIMER_1Backup                  
0000200d  getdec                          
00002b55  getlen                          
00000000  interruptVectors                
00001b8d  ldexp                           
00001b8d  ldexpl                          
00001d3d  main                            
2020098e  multipler                       
00002f11  oled_pow                        
202009a4  point                           
000000c1  pow                             
000000c1  powl                            
00001b8d  scalbn                          
00001b8d  scalbnl                         
000026b9  sendBluetoothData               
00001235  sqrt                            
00001235  sqrtl                           
20200988  str                             
000013a5  switchwave                      
202009a8  vppadc                          
20200984  waveform                        


GLOBAL SYMBOLS: SORTED BY Symbol Address 

address   name                            
-------   ----                            
00000000  __TI_ATRegion0_region_sz        
00000000  __TI_ATRegion0_src_addr         
00000000  __TI_ATRegion0_trg_addr         
00000000  __TI_ATRegion1_region_sz        
00000000  __TI_ATRegion1_src_addr         
00000000  __TI_ATRegion1_trg_addr         
00000000  __TI_ATRegion2_region_sz        
00000000  __TI_ATRegion2_src_addr         
00000000  __TI_ATRegion2_trg_addr         
00000000  __TI_static_base__              
00000000  interruptVectors                
000000c1  pow                             
000000c1  powl                            
00000200  __STACK_SIZE                    
00000b09  OLEDSHOW                        
00000eb5  findV                           
000010a1  __aeabi_dsub                    
000010a1  __subdf3                        
000010ab  __adddf3                        
000010ab  __aeabi_dadd                    
00001233  __aeabi_idiv0                   
00001235  sqrt                            
00001235  sqrtl                           
000013a5  switchwave                      
000014cd  OLED_ShowChar                   
000015e5  __aeabi_ddiv                    
000015e5  __divdf3                        
000016f1  OLED_Init                       
000017eb  OLED_ShowNum                    
000018e1  DL_Timer_initTimerMode          
000019c9  __aeabi_dmul                    
000019c9  __muldf3                        
00001aad  DL_Timer_initCaptureCombinedMode
00001b8d  ldexp                           
00001b8d  ldexpl                          
00001b8d  scalbn                          
00001b8d  scalbnl                         
00001c65  __aeabi_fsub                    
00001c65  __subsf3                        
00001c6f  __addsf3                        
00001c6f  __aeabi_fadd                    
00001d3d  main                            
00001de1  SYSCFG_DL_ADC12_0_init          
00001e71  SYSCFG_DL_initPower             
00001efd  __aeabi_fmul                    
00001efd  __mulsf3                        
0000200d  getdec                          
00002091  __aeabi_fdiv                    
00002091  __divsf3                        
00002115  Send_Byte                       
00002191  __TI_decompress_lzss            
0000220d  __gedf2                         
0000220d  __gtdf2                         
00002281  __aeabi_d2f                     
00002281  __truncdfsf2                    
000022f5  findbase                        
00002369  OLED_ShowString                 
000023d9  StartAdc                        
00002449  BTSent                          
000024b5  OLED_Clear                      
00002521  TIMA1_IRQHandler                
00002589  __cmpdf2                        
00002589  __eqdf2                         
00002589  __ledf2                         
00002589  __ltdf2                         
00002589  __nedf2                         
000025f1  __aeabi_dcmpeq                  
00002605  __aeabi_dcmplt                  
00002619  __aeabi_dcmple                  
0000262d  __aeabi_dcmpge                  
00002641  __aeabi_dcmpgt                  
00002655  __aeabi_fcmpeq                  
00002669  __aeabi_fcmplt                  
0000267d  __aeabi_fcmple                  
00002691  __aeabi_fcmpge                  
000026a5  __aeabi_fcmpgt                  
000026b9  sendBluetoothData               
00002711  __aeabi_idiv                    
00002711  __aeabi_idivmod                 
00002767  OLED_WR_Byte                    
00002801  DL_DMA_initChannel              
00002899  SYSCFG_DL_TIMER_0_init          
00002931  __aeabi_d2iz                    
00002931  __fixdfsi                       
0000297d  DL_UART_init                    
000029c5  SYSCFG_DL_GPIO_init             
00002a0d  SYSCFG_DL_TIMER_1_init          
00002a51  SYSCFG_DL_UART_0_init           
00002a95  DL_ADC12_setClockConfig         
00002ad5  __aeabi_uidiv                   
00002ad5  __aeabi_uidivmod                
00002b15  __aeabi_f2d                     
00002b15  __extendsfdf2                   
00002b55  getlen                          
00002b95  OLED_Set_Pos                    
00002bd1  SYSCFG_DL_init                  
00002c0d  __aeabi_i2f                     
00002c0d  __floatsisf                     
00002c49  __gesf2                         
00002c49  __gtsf2                         
00002c85  __TI_auto_init_nobinit_nopinit  
00002cc1  __cmpsf2                        
00002cc1  __eqsf2                         
00002cc1  __lesf2                         
00002cc1  __ltsf2                         
00002cc1  __nesf2                         
00002cfd  __muldsi3                       
00002d71  I2C_Start                       
00002da9  TIMG0_IRQHandler                
00002de1  __aeabi_f2iz                    
00002de1  __fixsfsi                       
00002e19  SYSCFG_DL_CAPTURE_0_init        
00002e4d  __aeabi_f2uiz                   
00002e4d  __fixunssfsi                    
00002eb1  I2C_Stop                        
00002ee1  I2C_WaitAck                     
00002f11  oled_pow                        
00002f6d  SYSCFG_DL_DMA_CH0_init          
00002fc5  __aeabi_i2d                     
00002fc5  __floatsidf                     
00003091  __aeabi_ui2f                    
00003091  __floatunsisf                   
000030b9  _c_int00_noargs                 
00003107  delay_ms                        
00003129  ADC0_IRQHandler                 
000031a5  SYSCFG_DL_SYSCTL_init           
00003289  DL_Timer_setClockConfig         
00003571  DL_UART_setClockConfig          
00003583  TI_memcpy_small                 
00003595  __TI_decompress_none            
000035b9  __TI_zero_init                  
000035c9  TI_memset_small                 
000035d9  __aeabi_memclr                  
000035d9  __aeabi_memclr4                 
000035d9  __aeabi_memclr8                 
000035e5  DL_Common_delayCycles           
00003635  SYSCFG_DL_DMA_init              
0000363d  __aeabi_errno_addr              
00003645  __aeabi_memcpy                  
00003645  __aeabi_memcpy4                 
00003645  __aeabi_memcpy8                 
00003671  abort                           
00003677  ADC1_IRQHandler                 
00003677  AES_IRQHandler                  
00003677  CANFD0_IRQHandler               
00003677  DAC0_IRQHandler                 
00003677  DMA_IRQHandler                  
00003677  Default_Handler                 
00003677  GROUP0_IRQHandler               
00003677  GROUP1_IRQHandler               
00003677  HardFault_Handler               
00003677  I2C0_IRQHandler                 
00003677  I2C1_IRQHandler                 
00003677  NMI_Handler                     
00003677  PendSV_Handler                  
00003677  RTC_IRQHandler                  
00003677  SPI0_IRQHandler                 
00003677  SPI1_IRQHandler                 
00003677  SVC_Handler                     
00003677  SysTick_Handler                 
00003677  TIMA0_IRQHandler                
00003677  TIMG12_IRQHandler               
00003677  TIMG6_IRQHandler                
00003677  TIMG7_IRQHandler                
00003677  TIMG8_IRQHandler                
00003677  UART0_IRQHandler                
00003677  UART1_IRQHandler                
00003677  UART2_IRQHandler                
00003677  UART3_IRQHandler                
0000367a  C$$EXIT                         
0000367b  HOSTexit                        
0000368f  Reset_Handler                   
00003693  _system_pre_init                
000036a0  asc2_1608                       
00003c90  asc2_0806                       
00003fc4  __TI_Handler_Table_Base         
00003fd0  __TI_Handler_Table_Limit        
00003fd8  __TI_CINIT_Base                 
00003fe8  __TI_CINIT_Limit                
00003fe8  __TI_CINIT_Warm                 
20200000  __start___llvm_prf_bits         
20200000  __start___llvm_prf_cnts         
20200000  __stop___llvm_prf_bits          
20200000  __stop___llvm_prf_cnts          
20200000  gADCSamples                     
20200800  gTIMER_0Backup                  
202008bc  gTIMER_1Backup                  
20200978  USART_TX_BUF                    
2020097f  gCheckADC                       
20200980  freq_pin                        
20200984  waveform                        
20200988  str                             
2020098e  multipler                       
20200990  __aeabi_errno                   
20200994  adc_fs                          
20200998  avg_max                         
2020099c  avg_min                         
202009a0  count                           
202009a4  point                           
202009a8  vppadc                          
20207e00  __stack                         
20208000  __STACK_END                     
ffffffff  __TI_pprof_out_hndl             
ffffffff  __TI_prof_data_size             
ffffffff  __TI_prof_data_start            
ffffffff  __binit__                       
ffffffff  binit                           
UNDEFED   __mpu_init                      
UNDEFED   _system_post_cinit              

[209 symbols]
