******************************************************************************
            TI ARM Clang Linker PC v4.0.2                      
******************************************************************************
>> Linked Fri May  2 15:49:00 2025

OUTPUT FILE NAME:   <25C_Test.out>
ENTRY POINT SYMBOL: "_c_int00_noargs"  address: 00004235


MEMORY CONFIGURATION

         name            origin    length      used     unused   attr    fill
----------------------  --------  ---------  --------  --------  ----  --------
  FLASH                 00000000   00020000  000087f0  00017810  R  X
  SRAM                  20200000   00008000  00004bb3  0000344d  RW X
  BCR_CONFIG            41c00000   000000ff  00000000  000000ff  R   
  BSL_CONFIG            41c00100   00000080  00000000  00000080  R   


SEGMENT ALLOCATION MAP

run origin  load origin   length   init length attrs members
----------  ----------- ---------- ----------- ----- -------
00000000    00000000    000087f0   000087f0    r-x
  00000000    00000000    000000c0   000000c0    r-- .intvecs
  000000c0    000000c0    00004800   00004800    r-x .text
  000048c0    000048c0    00003f00   00003f00    r-- .rodata
  000087c0    000087c0    00000030   00000030    r-- .cinit
20200000    20200000    000049b5   00000000    rw-
  20200000    20200000    000049a2   00000000    rw- .bss
  202049a4    202049a4    00000011   00000000    rw- .data
20207e00    20207e00    00000200   00000000    rw-
  20207e00    20207e00    00000200   00000000    rw- .stack


SECTION ALLOCATION MAP

 output                                  attributes/
section   page    origin      length       input sections
--------  ----  ----------  ----------   ----------------
.intvecs   0    00000000    000000c0     
                  00000000    000000c0     startup_mspm0g350x_ticlang.o (.intvecs)

.text      0    000000c0    00004800     
                  000000c0    000008cc     arm_cortexM0l_math.a : arm_cfft_radix8_f32.o (.text.arm_radix8_butterfly_f32)
                  0000098c    0000076e                          : arm_cfft_f32.o (.text.arm_cfft_radix8by4_f32)
                  000010fa    00000002     libclang_rt.builtins.a : aeabi_div0.c.obj (.text.__aeabi_idiv0)
                  000010fc    000006b8     libc.a : e_powf.c.obj (.text.powf)
                  000017b4    000002b0     arm_cortexM0l_math.a : arm_cfft_f32.o (.text.arm_cfft_radix8by2_f32)
                  00001a64    0000028c     empty.o (.text.findfreq)
                  00001cf0    00000250     empty.o (.text.main)
                  00001f40    00000240     empty.o (.text.findvpp)
                  00002180    000001c0     arm_cortexM0l_math.a : arm_cfft_f32.o (.text.arm_cfft_f32)
                  00002340    00000192     libclang_rt.builtins.a : adddf3.S.obj (.text.adddf3_subdf3)
                  000024d2    00000002     --HOLE-- [fill = 0]
                  000024d4    0000016c     empty.o (.text.findbase)
                  00002640    00000168     arm_cortexM0l_math.a : arm_cmplx_mag_f32.o (.text.arm_cmplx_mag_f32)
                  000027a8    00000118     oled.o (.text.OLED_ShowChar)
                  000028c0    00000112     arm_cortexM0l_math.a : arm_bitreversal2.o (.text.arm_bitreversal_32)
                  000029d2    00000002     --HOLE-- [fill = 0]
                  000029d4    0000010c     libclang_rt.builtins.a : divdf3.S.obj (.text.__divdf3)
                  00002ae0    000000fa     oled.o (.text.OLED_Init)
                  00002bda    00000002     --HOLE-- [fill = 0]
                  00002bdc    000000e8     driverlib.a : dl_timer.o (.text.DL_Timer_initTimerMode)
                  00002cc4    000000e4     libclang_rt.builtins.a : muldf3.S.obj (.text.__muldf3)
                  00002da8    000000d8                            : addsf3.S.obj (.text)
                  00002e80    000000b0     arm_cortexM0l_math.a : arm_cos_f32.o (.text.arm_cos_f32)
                  00002f30    000000b0     libc.a : s_scalbnf.c.obj (.text.scalbnf)
                  00002fe0    000000a0            : e_sqrtf.c.obj (.text.sqrtf)
                  00003080    00000098     empty.o (.text.switchwave)
                  00003118    00000090     ti_msp_dl_config.o (.text.SYSCFG_DL_ADC12_0_init)
                  000031a8    00000090     ti_msp_dl_config.o (.text.SYSCFG_DL_GPIO_init)
                  00003238    0000008c     libclang_rt.builtins.a : mulsf3.S.obj (.text.__mulsf3)
                  000032c4    00000082                            : divsf3.S.obj (.text.__divsf3)
                  00003346    00000002     --HOLE-- [fill = 0]
                  00003348    00000080     empty.o (.text.GROUP1_IRQHandler)
                  000033c8    0000007c     oled.o (.text.Send_Byte)
                  00003444    0000007c     libc.a : copy_decompress_lzss.c.obj (.text:decompress:lzss)
                  000034c0    00000078     ti_msp_dl_config.o (.text.SYSCFG_DL_initPower)
                  00003538    00000074     libclang_rt.builtins.a : comparedf2.c.obj (.text.__gedf2)
                  000035ac    00000004     startup_mspm0g350x_ticlang.o (.text.Default_Handler)
                  000035b0    00000074     libclang_rt.builtins.a : truncdfsf2.S.obj (.text.__truncdfsf2)
                  00003624    00000070     oled.o (.text.OLED_ShowString)
                  00003694    00000070     empty.o (.text.StartAdc)
                  00003704    0000006a     oled.o (.text.OLED_Clear)
                  0000376e    00000002     --HOLE-- [fill = 0]
                  00003770    00000068     libclang_rt.builtins.a : comparedf2.c.obj (.text.__ledf2)
                  000037d8    00000062                            : aeabi_dcmp.S.obj (.text.__aeabi_dcmp)
                  0000383a    00000002     --HOLE-- [fill = 0]
                  0000383c    00000062                            : aeabi_fcmp.S.obj (.text.__aeabi_fcmp)
                  0000389e    00000060     arm_cortexM0l_math.a : arm_max_f32.o (.text.arm_max_f32)
                  000038fe    00000002     --HOLE-- [fill = 0]
                  00003900    00000058     empty.o (.text.sendBluetoothData)
                  00003958    00000056     libclang_rt.builtins.a : aeabi_idivmod.S.obj (.text.__aeabi_idivmod)
                  000039ae    0000004e     oled.o (.text.OLED_WR_Byte)
                  000039fc    0000004c     ti_msp_dl_config.o (.text.DL_ADC12_initSingleSample)
                  00003a48    0000004c     driverlib.a : dl_dma.o (.text.DL_DMA_initChannel)
                  00003a94    0000004c     ti_msp_dl_config.o (.text.DL_UART_setBaudRateDivisor)
                  00003ae0    0000004a     ti_msp_dl_config.o (.text.DL_ADC12_configConversionMem)
                  00003b2a    00000002     --HOLE-- [fill = 0]
                  00003b2c    0000004a     libclang_rt.builtins.a : fixdfsi.S.obj (.text.__fixdfsi)
                  00003b76    00000002     --HOLE-- [fill = 0]
                  00003b78    00000048     driverlib.a : dl_uart.o (.text.DL_UART_init)
                  00003bc0    00000044     ti_msp_dl_config.o (.text.SYSCFG_DL_TIMER_0_init)
                  00003c04    00000044     ti_msp_dl_config.o (.text.SYSCFG_DL_TIMER_1_init)
                  00003c48    00000044     ti_msp_dl_config.o (.text.SYSCFG_DL_UART_0_init)
                  00003c8c    00000040     driverlib.a : dl_adc12.o (.text.DL_ADC12_setClockConfig)
                  00003ccc    00000040     libclang_rt.builtins.a : aeabi_uidivmod.S.obj (.text.__aeabi_uidivmod)
                  00003d0c    00000040                            : extendsfdf2.S.obj (.text.__extendsfdf2)
                  00003d4c    0000003c     oled.o (.text.OLED_Set_Pos)
                  00003d88    0000003c     ti_msp_dl_config.o (.text.SYSCFG_DL_init)
                  00003dc4    0000003c     libclang_rt.builtins.a : floatsisf.S.obj (.text.__floatsisf)
                  00003e00    0000003c                            : comparesf2.S.obj (.text.__gtsf2)
                  00003e3c    0000003c     libc.a : autoinit.c.obj (.text:__TI_auto_init_nobinit_nopinit)
                  00003e78    0000003a     libclang_rt.builtins.a : comparesf2.S.obj (.text.__eqsf2)
                  00003eb2    00000002     --HOLE-- [fill = 0]
                  00003eb4    0000003a                            : muldsi3.S.obj (.text.__muldsi3)
                  00003eee    00000002     --HOLE-- [fill = 0]
                  00003ef0    00000038     ti_msp_dl_config.o (.text.DL_Timer_setPublisherChanID)
                  00003f28    00000038     oled.o (.text.I2C_Start)
                  00003f60    00000038     libclang_rt.builtins.a : fixsfsi.S.obj (.text.__fixsfsi)
                  00003f98    00000034     ti_msp_dl_config.o (.text.DL_GPIO_initDigitalInputFeatures)
                  00003fcc    00000032     libclang_rt.builtins.a : fixunssfsi.S.obj (.text.__fixunssfsi)
                  00003ffe    00000002     --HOLE-- [fill = 0]
                  00004000    00000030     ti_msp_dl_config.o (.text.DL_DMA_setTransferSize)
                  00004030    00000030     oled.o (.text.I2C_Stop)
                  00004060    00000030     oled.o (.text.I2C_WaitAck)
                  00004090    0000002c     ti_msp_dl_config.o (.text.DL_ADC12_setDMASamplesCnt)
                  000040bc    0000002c     ti_msp_dl_config.o (.text.SYSCFG_DL_DMA_CH0_init)
                  000040e8    0000002c     empty.o (.text.__NVIC_EnableIRQ)
                  00004114    0000002c     libclang_rt.builtins.a : floatsidf.S.obj (.text.__floatsidf)
                  00004140    0000002a     ti_msp_dl_config.o (.text.SYSCFG_DL_SYSCTL_init)
                  0000416a    00000028     ti_msp_dl_config.o (.text.DL_Common_updateReg)
                  00004192    00000002     --HOLE-- [fill = 0]
                  00004194    00000028     empty.o (.text.DL_DMA_setDestAddr)
                  000041bc    00000028     empty.o (.text.DL_DMA_setSrcAddr)
                  000041e4    00000028     ti_msp_dl_config.o (.text.DL_Timer_enableEvent)
                  0000420c    00000028     libclang_rt.builtins.a : floatunsisf.S.obj (.text.__floatunsisf)
                  00004234    00000028     libc.a : boot_cortex_m.c.obj (.text:_c_int00_noargs)
                  0000425c    00000026     empty.o (.text.DL_DMA_enableChannel)
                  00004282    00000002     --HOLE-- [fill = 0]
                  00004284    00000024     empty.o (.text.DL_Interrupt_clearGroup)
                  000042a8    00000022     oled.o (.text.delay_ms)
                  000042ca    00000002     --HOLE-- [fill = 0]
                  000042cc    00000020     empty.o (.text.ADC0_IRQHandler)
                  000042ec    00000020     ti_msp_dl_config.o (.text.DL_GPIO_initPeripheralInputFunction)
                  0000430c    0000001e     ti_msp_dl_config.o (.text.DL_ADC12_setPowerDownMode)
                  0000432a    0000001e     ti_msp_dl_config.o (.text.DL_UART_setOversampling)
                  00004348    0000001c     ti_msp_dl_config.o (.text.DL_ADC12_clearInterruptStatus)
                  00004364    0000001c     ti_msp_dl_config.o (.text.DL_ADC12_enableDMA)
                  00004380    0000001c     ti_msp_dl_config.o (.text.DL_ADC12_enableDMATrigger)
                  0000439c    0000001c     ti_msp_dl_config.o (.text.DL_ADC12_enableInterrupt)
                  000043b8    0000001c     ti_msp_dl_config.o (.text.DL_GPIO_clearInterruptStatus)
                  000043d4    0000001c     ti_msp_dl_config.o (.text.DL_GPIO_enableInterrupt)
                  000043f0    0000001c     ti_msp_dl_config.o (.text.DL_GPIO_initPeripheralOutputFunction)
                  0000440c    0000001c     empty.o (.text.DL_Interrupt_getPendingGroup)
                  00004428    0000001c     ti_msp_dl_config.o (.text.DL_SYSCTL_setMCLKDivider)
                  00004444    0000001c     ti_msp_dl_config.o (.text.DL_SYSCTL_setSYSOSCFreq)
                  00004460    0000001c     ti_msp_dl_config.o (.text.DL_SYSCTL_setULPCLKDivider)
                  0000447c    0000001c     driverlib.a : dl_timer.o (.text.DL_Timer_setClockConfig)
                  00004498    0000001a     ti_msp_dl_config.o (.text.DL_ADC12_setSubscriberChanID)
                  000044b2    00000002     --HOLE-- [fill = 0]
                  000044b4    00000018     ti_msp_dl_config.o (.text.DL_ADC12_enablePower)
                  000044cc    00000018     ti_msp_dl_config.o (.text.DL_ADC12_reset)
                  000044e4    00000018     ti_msp_dl_config.o (.text.DL_ADC12_setSampleTime0)
                  000044fc    00000018     ti_msp_dl_config.o (.text.DL_GPIO_enableOutput)
                  00004514    00000018     ti_msp_dl_config.o (.text.DL_GPIO_enablePower)
                  0000452c    00000018     ti_msp_dl_config.o (.text.DL_GPIO_initDigitalOutput)
                  00004544    00000018     ti_msp_dl_config.o (.text.DL_GPIO_reset)
                  0000455c    00000018     empty.o (.text.DL_GPIO_setPins)
                  00004574    00000018     oled.o (.text.DL_GPIO_setPins)
                  0000458c    00000018     ti_msp_dl_config.o (.text.DL_GPIO_setPins)
                  000045a4    00000018     ti_msp_dl_config.o (.text.DL_GPIO_setUpperPinsPolarity)
                  000045bc    00000018     ti_msp_dl_config.o (.text.DL_SYSCTL_setBORThreshold)
                  000045d4    00000018     ti_msp_dl_config.o (.text.DL_Timer_enablePower)
                  000045ec    00000018     ti_msp_dl_config.o (.text.DL_Timer_reset)
                  00004604    00000018     empty.o (.text.DL_Timer_setLoadValue)
                  0000461c    00000018     empty.o (.text.DL_Timer_startCounter)
                  00004634    00000018     empty.o (.text.DL_Timer_stopCounter)
                  0000464c    00000018     ti_msp_dl_config.o (.text.DL_UART_enablePower)
                  00004664    00000018     empty.o (.text.DL_UART_isBusy)
                  0000467c    00000018     empty.o (.text.DL_UART_isTXFIFOEmpty)
                  00004694    00000018     ti_msp_dl_config.o (.text.DL_UART_reset)
                  000046ac    00000018     ti_msp_dl_config.o (.text.SYSCFG_DL_SYSCTL_CLK_init)
                  000046c4    00000016     ti_msp_dl_config.o (.text.DL_ADC12_enableConversions)
                  000046da    00000016     empty.o (.text.DL_GPIO_readPins)
                  000046f0    00000016     ti_msp_dl_config.o (.text.DL_UART_enable)
                  00004706    00000016     empty.o (.text.DL_UART_transmitData)
                  0000471c    00000014     empty.o (.text.DL_GPIO_clearPins)
                  00004730    00000014     oled.o (.text.DL_GPIO_clearPins)
                  00004744    00000014     ti_msp_dl_config.o (.text.DL_GPIO_clearPins)
                  00004758    00000014     ti_msp_dl_config.o (.text.DL_SYSCTL_disableSYSPLL)
                  0000476c    00000014     ti_msp_dl_config.o (.text.DL_Timer_enableClock)
                  00004780    00000014     empty.o (.text.DL_Timer_getLoadValue)
                  00004794    00000012     empty.o (.text.DL_ADC12_getPendingInterrupt)
                  000047a6    00000012     driverlib.a : dl_uart.o (.text.DL_UART_setClockConfig)
                  000047b8    00000012     libc.a : memcpy16.S.obj (.text:TI_memcpy_small)
                  000047ca    00000012            : copy_decompress_none.c.obj (.text:decompress:none)
                  000047dc    00000010     ti_msp_dl_config.o (.text.DL_SYSCTL_disableHFXT)
                  000047ec    00000010     libc.a : copy_zero_init.c.obj (.text:decompress:ZI)
                  000047fc    0000000e            : memset16.S.obj (.text:TI_memset_small)
                  0000480a    00000002     --HOLE-- [fill = 0]
                  0000480c    0000000c     ti_msp_dl_config.o (.text.DL_SYSCTL_getClockStatus)
                  00004818    0000000c     libclang_rt.builtins.a : aeabi_memset.S.obj (.text.__aeabi_memclr)
                  00004824    0000000a     driverlib.a : dl_common.o (.text.DL_Common_delayCycles)
                  0000482e    00000008     ti_msp_dl_config.o (.text.SYSCFG_DL_DMA_init)
                  00004836    00000002     --HOLE-- [fill = 0]
                  00004838    00000008     libc.a : aeabi_portable.c.obj (.text.__aeabi_errno_addr)
                  00004840    00000008     libclang_rt.builtins.a : aeabi_memcpy.S.obj (.text.__aeabi_memcpy)
                  00004848    00000006     libc.a : e_powf.c.obj (.text.OUTLINED_FUNCTION_1)
                  0000484e    00000002     --HOLE-- [fill = 0]
                  00004850    00000010     libclang_rt.builtins.a : mulsf3.S.obj (.tramp.__aeabi_fmul.1)
                  00004860    00000006     libc.a : e_powf.c.obj (.text.OUTLINED_FUNCTION_3)
                  00004866    00000002     --HOLE-- [fill = 0]
                  00004868    00000010     libclang_rt.builtins.a : addsf3.S.obj (.tramp.__aeabi_fadd.1)
                  00004878    00000006     libc.a : e_powf.c.obj (.text.OUTLINED_FUNCTION_4)
                  0000487e    00000002     --HOLE-- [fill = 0]
                  00004880    00000010     libclang_rt.builtins.a : addsf3.S.obj (.tramp.__aeabi_fsub.1)
                  00004890    00000006     libc.a : e_powf.c.obj (.text.OUTLINED_FUNCTION_5)
                  00004896    00000006            : e_powf.c.obj (.text.OUTLINED_FUNCTION_6)
                  0000489c    00000006            : exit.c.obj (.text:abort)
                  000048a2    00000004     libsysbm.a : hostexit.c.obj (.text.HOSTexit)
                  000048a6    00000004     libc.a : e_powf.c.obj (.text.OUTLINED_FUNCTION_0)
                  000048aa    00000004            : e_powf.c.obj (.text.OUTLINED_FUNCTION_2)
                  000048ae    00000004            : e_powf.c.obj (.text.OUTLINED_FUNCTION_7)
                  000048b2    00000004            : e_powf.c.obj (.text.OUTLINED_FUNCTION_8)
                  000048b6    00000004     startup_mspm0g350x_ticlang.o (.text.Reset_Handler)
                  000048ba    00000004     libc.a : pre_init.c.obj (.text._system_pre_init)
                  000048be    00000002     --HOLE-- [fill = 0]

.cinit     0    000087c0    00000030     
                  000087c0    0000000c     (.cinit..data.load) [load image, compression = lzss]
                  000087cc    0000000c     (__TI_handler_table)
                  000087d8    00000008     (.cinit..bss.load) [load image, compression = zero_init]
                  000087e0    00000010     (__TI_cinit_table)

.rodata    0    000048c0    00003f00     
                  000048c0    00002000     arm_cortexM0l_math.a : arm_common_tables.o (.rodata.twiddleCoef_1024)
                  000068c0    00000e10                          : arm_common_tables.o (.rodata.armBitRevIndexTable1024)
                  000076d0    00000804                          : arm_common_tables.o (.rodata.sinTable_f32)
                  00007ed4    000005f0     oled.o (.rodata.asc2_1608)
                  000084c4    00000228     oled.o (.rodata.asc2_0806)
                  000086ec    00000018     libc.a : e_powf.c.obj (.rodata.cst8)
                  00008704    00000018     ti_msp_dl_config.o (.rodata.gDMA_CH0Config)
                  0000871c    00000014     ti_msp_dl_config.o (.rodata.gTIMER_0TimerConfig)
                  00008730    00000014     ti_msp_dl_config.o (.rodata.gTIMER_1TimerConfig)
                  00008744    00000013     empty.o (.rodata.hello_msg)
                  00008757    00000001     --HOLE-- [fill = 0]
                  00008758    00000010     arm_cortexM0l_math.a : arm_const_structs.o (.rodata.arm_cfft_sR_f32_len1024)
                  00008768    0000000c     empty.o (.rodata.str1.16704889451495720520.1)
                  00008774    0000000b     empty.o (.rodata.str1.7401042497206923953.1)
                  0000877f    00000001     --HOLE-- [fill = 0]
                  00008780    0000000a     ti_msp_dl_config.o (.rodata.gUART_0Config)
                  0000878a    00000009     empty.o (.rodata.str1.17669528882079347314.1)
                  00008793    00000001     --HOLE-- [fill = 0]
                  00008794    00000008     ti_msp_dl_config.o (.rodata.gADC12_0ClockConfig)
                  0000879c    00000007     empty.o (.rodata.str1.14685083708502177989.1)
                  000087a3    00000006     empty.o (.rodata.str1.9517790425240694019.1)
                  000087a9    00000005     empty.o (.rodata.str1.11898133897667081452.1)
                  000087ae    00000004     empty.o (.rodata.str1.254342170260855183.1)
                  000087b2    00000003     ti_msp_dl_config.o (.rodata.gTIMER_0ClockConfig)
                  000087b5    00000003     ti_msp_dl_config.o (.rodata.gTIMER_1ClockConfig)
                  000087b8    00000002     ti_msp_dl_config.o (.rodata.gUART_0ClockConfig)
                  000087ba    00000006     --HOLE-- [fill = 0]

.init_array 
*          0    00000000    00000000     UNINITIALIZED

.binit     0    00000000    00000000     

.bss       0    20200000    000049a2     UNINITIALIZED
                  20200000    00002000     (.common:FFT_INPUT)
                  20202000    00001000     (.common:FFT_OUTPUT)
                  20203000    00001000     (.common:hann_window)
                  20204000    00000800     (.common:gADCSamples)
                  20204800    000000bc     (.common:gTIMER_0Backup)
                  202048bc    000000bc     (.common:gTIMER_1Backup)
                  20204978    0000001b     (.common:USART_TX_BUF)
                  20204993    00000001     (.common:gCheckADC)
                  20204994    00000004     (.common:freq)
                  20204998    00000004     (.common:vpp)
                  2020499c    00000004     (.common:vppfft)
                  202049a0    00000002     (.common:point)

.data      0    202049a4    00000011     UNINITIALIZED
                  202049a4    00000004     empty.o (.data.FFT_OUTPUT_MAX)
                  202049a8    00000004     empty.o (.data.FFT_OUTPUT_MAX_index)
                  202049ac    00000004     libc.a : aeabi_portable.c.obj (.data.__aeabi_errno)
                  202049b0    00000004     empty.o (.data.adc_fs)
                  202049b4    00000001     empty.o (.data.ledState)

.stack     0    20207e00    00000200     UNINITIALIZED
                  20207e00    00000004     libc.a : boot_cortex_m.c.obj (.stack)
                  20207e04    000001fc     --HOLE--

__llvm_prf_cnts 
*          0    20200000    00000000     UNINITIALIZED

__llvm_prf_bits 
*          0    20200000    00000000     UNINITIALIZED

MODULE SUMMARY

       Module                         code    ro data   rw data
       ------                         ----    -------   -------
    .\
       empty.o                        3168    73        18487  
       ti_msp_dl_config.o             2162    90        376    
       startup_mspm0g350x_ticlang.o   8       192       0      
    +--+------------------------------+-------+---------+---------+
       Total:                         5338    355       18863  
                                                               
    .\OLED\
       oled.o                         1240    2072      0      
    +--+------------------------------+-------+---------+---------+
       Total:                         1240    2072      0      
                                                               
    C:/ti/mspm0_sdk_2_04_00_06/source/third_party/CMSIS/DSP/lib/ticlang/m0p/arm_cortexM0l_math.a
       arm_common_tables.o            0       13844     0      
       arm_cfft_f32.o                 3038    0         0      
       arm_cfft_radix8_f32.o          2252    0         0      
       arm_cmplx_mag_f32.o            360     0         0      
       arm_bitreversal2.o             274     0         0      
       arm_cos_f32.o                  176     0         0      
       arm_max_f32.o                  96      0         0      
       arm_const_structs.o            0       16        0      
    +--+------------------------------+-------+---------+---------+
       Total:                         6196    13860     0      
                                                               
    C:/ti/mspm0_sdk_2_04_00_06/source/ti/driverlib/lib/ticlang/m0p/mspm0g1x0x_g3x0x/driverlib.a
       dl_timer.o                     260     0         0      
       dl_uart.o                      90      0         0      
       dl_dma.o                       76      0         0      
       dl_adc12.o                     64      0         0      
       dl_common.o                    10      0         0      
    +--+------------------------------+-------+---------+---------+
       Total:                         500     0         0      
                                                               
    C:\ti\ccs2010\ccs\tools\compiler\ti-cgt-armllvm_4.0.2.LTS\lib\armv6m-ti-none-eabi/c/libc.a
       e_powf.c.obj                   1766    24        0      
       s_scalbnf.c.obj                176     0         0      
       e_sqrtf.c.obj                  160     0         0      
       copy_decompress_lzss.c.obj     124     0         0      
       autoinit.c.obj                 60      0         0      
       boot_cortex_m.c.obj            40      0         0      
       copy_decompress_none.c.obj     18      0         0      
       memcpy16.S.obj                 18      0         0      
       copy_zero_init.c.obj           16      0         0      
       memset16.S.obj                 14      0         0      
       aeabi_portable.c.obj           8       0         4      
       exit.c.obj                     6       0         0      
       pre_init.c.obj                 4       0         0      
    +--+------------------------------+-------+---------+---------+
       Total:                         2410    24        4      
                                                               
    C:\ti\ccs2010\ccs\tools\compiler\ti-cgt-armllvm_4.0.2.LTS\lib\armv6m-ti-none-eabi/c/libsysbm.a
       hostexit.c.obj                 4       0         0      
    +--+------------------------------+-------+---------+---------+
       Total:                         4       0         0      
                                                               
    C:\ti\ccs2010\ccs\tools\compiler\ti-cgt-armllvm_4.0.2.LTS\lib\armv6m-ti-none-eabi/libclang_rt.builtins.a
       adddf3.S.obj                   402     0         0      
       divdf3.S.obj                   268     0         0      
       addsf3.S.obj                   248     0         0      
       muldf3.S.obj                   228     0         0      
       comparedf2.c.obj               220     0         0      
       mulsf3.S.obj                   156     0         0      
       divsf3.S.obj                   130     0         0      
       comparesf2.S.obj               118     0         0      
       truncdfsf2.S.obj               116     0         0      
       aeabi_dcmp.S.obj               98      0         0      
       aeabi_fcmp.S.obj               98      0         0      
       aeabi_idivmod.S.obj            86      0         0      
       fixdfsi.S.obj                  74      0         0      
       aeabi_uidivmod.S.obj           64      0         0      
       extendsfdf2.S.obj              64      0         0      
       floatsisf.S.obj                60      0         0      
       muldsi3.S.obj                  58      0         0      
       fixsfsi.S.obj                  56      0         0      
       fixunssfsi.S.obj               50      0         0      
       floatsidf.S.obj                44      0         0      
       floatunsisf.S.obj              40      0         0      
       aeabi_memset.S.obj             12      0         0      
       aeabi_memcpy.S.obj             8       0         0      
       aeabi_div0.c.obj               2       0         0      
    +--+------------------------------+-------+---------+---------+
       Total:                         2700    0         0      
                                                               
       Stack:                         0       0         512    
       Linker Generated:              0       48        0      
    +--+------------------------------+-------+---------+---------+
       Grand Total:                   18388   16359     19379  


LINKER GENERATED COPY TABLES

__TI_cinit_table @ 000087e0 records: 2, size/record: 8, table size: 16
	.data: load addr=000087c0, load size=0000000c bytes, run addr=202049a4, run size=00000011 bytes, compression=lzss
	.bss: load addr=000087d8, load size=00000008 bytes, run addr=20200000, run size=000049a2 bytes, compression=zero_init


LINKER GENERATED HANDLER TABLE

__TI_handler_table @ 000087cc records: 3, size/record: 4, table size: 12
	index: 0, handler: __TI_decompress_lzss
	index: 1, handler: __TI_decompress_none
	index: 2, handler: __TI_zero_init


FAR CALL TRAMPOLINES

callee name               trampoline name
   callee addr  tramp addr   call addr  call info
--------------  -----------  ---------  ----------------
__aeabi_fmul              $Tramp$TT$L$PI$$__aeabi_fmul
   00003239     00004850     0000484c   libc.a : e_powf.c.obj (.text.OUTLINED_FUNCTION_1)
                             000048a8          : e_powf.c.obj (.text.OUTLINED_FUNCTION_0)
                             000048b0          : e_powf.c.obj (.text.OUTLINED_FUNCTION_7)
__aeabi_fadd              $Tramp$TT$L$PI$$__aeabi_fadd
   00002db3     00004868     00004864   libc.a : e_powf.c.obj (.text.OUTLINED_FUNCTION_3)
                             000048ac          : e_powf.c.obj (.text.OUTLINED_FUNCTION_2)
                             000048b4          : e_powf.c.obj (.text.OUTLINED_FUNCTION_8)
__aeabi_fsub              $Tramp$TT$L$PI$$__aeabi_fsub
   00002da9     00004880     0000487c   libc.a : e_powf.c.obj (.text.OUTLINED_FUNCTION_4)
                             00004894          : e_powf.c.obj (.text.OUTLINED_FUNCTION_5)
                             0000489a          : e_powf.c.obj (.text.OUTLINED_FUNCTION_6)

[3 trampolines]
[9 trampoline calls]


GLOBAL SYMBOLS: SORTED ALPHABETICALLY BY Name 

address   name                          
-------   ----                          
000042cd  ADC0_IRQHandler               
000035ad  ADC1_IRQHandler               
000035ad  AES_IRQHandler                
000048a2  C$$EXIT                       
000035ad  CANFD0_IRQHandler             
000035ad  DAC0_IRQHandler               
00003c8d  DL_ADC12_setClockConfig       
00004825  DL_Common_delayCycles         
00003a49  DL_DMA_initChannel            
00002bdd  DL_Timer_initTimerMode        
0000447d  DL_Timer_setClockConfig       
00003b79  DL_UART_init                  
000047a7  DL_UART_setClockConfig        
000035ad  DMA_IRQHandler                
000035ad  Default_Handler               
20200000  FFT_INPUT                     
20202000  FFT_OUTPUT                    
202049a4  FFT_OUTPUT_MAX                
202049a8  FFT_OUTPUT_MAX_index          
000035ad  GROUP0_IRQHandler             
00003349  GROUP1_IRQHandler             
000048a3  HOSTexit                      
000035ad  HardFault_Handler             
000035ad  I2C0_IRQHandler               
000035ad  I2C1_IRQHandler               
00003f29  I2C_Start                     
00004031  I2C_Stop                      
00004061  I2C_WaitAck                   
000035ad  NMI_Handler                   
00003705  OLED_Clear                    
00002ae1  OLED_Init                     
00003d4d  OLED_Set_Pos                  
000027a9  OLED_ShowChar                 
00003625  OLED_ShowString               
000039af  OLED_WR_Byte                  
000035ad  PendSV_Handler                
000035ad  RTC_IRQHandler                
000048b7  Reset_Handler                 
000035ad  SPI0_IRQHandler               
000035ad  SPI1_IRQHandler               
000035ad  SVC_Handler                   
00003119  SYSCFG_DL_ADC12_0_init        
000040bd  SYSCFG_DL_DMA_CH0_init        
0000482f  SYSCFG_DL_DMA_init            
000031a9  SYSCFG_DL_GPIO_init           
000046ad  SYSCFG_DL_SYSCTL_CLK_init     
00004141  SYSCFG_DL_SYSCTL_init         
00003bc1  SYSCFG_DL_TIMER_0_init        
00003c05  SYSCFG_DL_TIMER_1_init        
00003c49  SYSCFG_DL_UART_0_init         
00003d89  SYSCFG_DL_init                
000034c1  SYSCFG_DL_initPower           
000033c9  Send_Byte                     
00003695  StartAdc                      
000035ad  SysTick_Handler               
000035ad  TIMA0_IRQHandler              
000035ad  TIMA1_IRQHandler              
000035ad  TIMG0_IRQHandler              
000035ad  TIMG12_IRQHandler             
000035ad  TIMG6_IRQHandler              
000035ad  TIMG7_IRQHandler              
000035ad  TIMG8_IRQHandler              
000047b9  TI_memcpy_small               
000047fd  TI_memset_small               
000035ad  UART0_IRQHandler              
000035ad  UART1_IRQHandler              
000035ad  UART2_IRQHandler              
000035ad  UART3_IRQHandler              
20204978  USART_TX_BUF                  
20208000  __STACK_END                   
00000200  __STACK_SIZE                  
00000000  __TI_ATRegion0_region_sz      
00000000  __TI_ATRegion0_src_addr       
00000000  __TI_ATRegion0_trg_addr       
00000000  __TI_ATRegion1_region_sz      
00000000  __TI_ATRegion1_src_addr       
00000000  __TI_ATRegion1_trg_addr       
00000000  __TI_ATRegion2_region_sz      
00000000  __TI_ATRegion2_src_addr       
00000000  __TI_ATRegion2_trg_addr       
000087e0  __TI_CINIT_Base               
000087f0  __TI_CINIT_Limit              
000087f0  __TI_CINIT_Warm               
000087cc  __TI_Handler_Table_Base       
000087d8  __TI_Handler_Table_Limit      
00003e3d  __TI_auto_init_nobinit_nopinit
00003445  __TI_decompress_lzss          
000047cb  __TI_decompress_none          
ffffffff  __TI_pprof_out_hndl           
ffffffff  __TI_prof_data_size           
ffffffff  __TI_prof_data_start          
00000000  __TI_static_base__            
000047ed  __TI_zero_init                
0000234b  __adddf3                      
00002db3  __addsf3                      
000035b1  __aeabi_d2f                   
00003b2d  __aeabi_d2iz                  
0000234b  __aeabi_dadd                  
000037d9  __aeabi_dcmpeq                
00003815  __aeabi_dcmpge                
00003829  __aeabi_dcmpgt                
00003801  __aeabi_dcmple                
000037ed  __aeabi_dcmplt                
000029d5  __aeabi_ddiv                  
00002cc5  __aeabi_dmul                  
00002341  __aeabi_dsub                  
202049ac  __aeabi_errno                 
00004839  __aeabi_errno_addr            
00003d0d  __aeabi_f2d                   
00003f61  __aeabi_f2iz                  
00003fcd  __aeabi_f2uiz                 
00002db3  __aeabi_fadd                  
0000383d  __aeabi_fcmpeq                
00003879  __aeabi_fcmpge                
0000388d  __aeabi_fcmpgt                
00003865  __aeabi_fcmple                
00003851  __aeabi_fcmplt                
000032c5  __aeabi_fdiv                  
00003239  __aeabi_fmul                  
00002da9  __aeabi_fsub                  
00004115  __aeabi_i2d                   
00003dc5  __aeabi_i2f                   
00003959  __aeabi_idiv                  
000010fb  __aeabi_idiv0                 
00003959  __aeabi_idivmod               
00004819  __aeabi_memclr                
00004819  __aeabi_memclr4               
00004819  __aeabi_memclr8               
00004841  __aeabi_memcpy                
00004841  __aeabi_memcpy4               
00004841  __aeabi_memcpy8               
0000420d  __aeabi_ui2f                  
00003ccd  __aeabi_uidiv                 
00003ccd  __aeabi_uidivmod              
ffffffff  __binit__                     
00003771  __cmpdf2                      
00003e79  __cmpsf2                      
000029d5  __divdf3                      
000032c5  __divsf3                      
00003771  __eqdf2                       
00003e79  __eqsf2                       
00003d0d  __extendsfdf2                 
00003b2d  __fixdfsi                     
00003f61  __fixsfsi                     
00003fcd  __fixunssfsi                  
00004115  __floatsidf                   
00003dc5  __floatsisf                   
0000420d  __floatunsisf                 
00003539  __gedf2                       
00003e01  __gesf2                       
00003539  __gtdf2                       
00003e01  __gtsf2                       
00003771  __ledf2                       
00003e79  __lesf2                       
00003771  __ltdf2                       
00003e79  __ltsf2                       
UNDEFED   __mpu_init                    
00002cc5  __muldf3                      
00003eb5  __muldsi3                     
00003239  __mulsf3                      
00003771  __nedf2                       
00003e79  __nesf2                       
20207e00  __stack                       
20200000  __start___llvm_prf_bits       
20200000  __start___llvm_prf_cnts       
20200000  __stop___llvm_prf_bits        
20200000  __stop___llvm_prf_cnts        
00002341  __subdf3                      
00002da9  __subsf3                      
000035b1  __truncdfsf2                  
00004235  _c_int00_noargs               
UNDEFED   _system_post_cinit            
000048bb  _system_pre_init              
0000489d  abort                         
202049b0  adc_fs                        
000068c0  armBitRevIndexTable1024       
000028c1  arm_bitreversal_32            
00002181  arm_cfft_f32                  
000017b5  arm_cfft_radix8by2_f32        
0000098d  arm_cfft_radix8by4_f32        
00008758  arm_cfft_sR_f32_len1024       
00002641  arm_cmplx_mag_f32             
00002e81  arm_cos_f32                   
0000389f  arm_max_f32                   
000000c1  arm_radix8_butterfly_f32      
000084c4  asc2_0806                     
00007ed4  asc2_1608                     
ffffffff  binit                         
000042a9  delay_ms                      
000024d5  findbase                      
00001a65  findfreq                      
00001f41  findvpp                       
20204994  freq                          
20204000  gADCSamples                   
20204993  gCheckADC                     
20204800  gTIMER_0Backup                
202048bc  gTIMER_1Backup                
20203000  hann_window                   
00008744  hello_msg                     
00000000  interruptVectors              
00002f31  ldexpf                        
202049b4  ledState                      
00001cf1  main                          
202049a0  point                         
000010fd  powf                          
00002f31  scalbnf                       
00003901  sendBluetoothData             
000076d0  sinTable_f32                  
00002fe1  sqrtf                         
00003081  switchwave                    
000048c0  twiddleCoef_1024              
20204998  vpp                           
2020499c  vppfft                        


GLOBAL SYMBOLS: SORTED BY Symbol Address 

address   name                          
-------   ----                          
00000000  __TI_ATRegion0_region_sz      
00000000  __TI_ATRegion0_src_addr       
00000000  __TI_ATRegion0_trg_addr       
00000000  __TI_ATRegion1_region_sz      
00000000  __TI_ATRegion1_src_addr       
00000000  __TI_ATRegion1_trg_addr       
00000000  __TI_ATRegion2_region_sz      
00000000  __TI_ATRegion2_src_addr       
00000000  __TI_ATRegion2_trg_addr       
00000000  __TI_static_base__            
00000000  interruptVectors              
000000c1  arm_radix8_butterfly_f32      
00000200  __STACK_SIZE                  
0000098d  arm_cfft_radix8by4_f32        
000010fb  __aeabi_idiv0                 
000010fd  powf                          
000017b5  arm_cfft_radix8by2_f32        
00001a65  findfreq                      
00001cf1  main                          
00001f41  findvpp                       
00002181  arm_cfft_f32                  
00002341  __aeabi_dsub                  
00002341  __subdf3                      
0000234b  __adddf3                      
0000234b  __aeabi_dadd                  
000024d5  findbase                      
00002641  arm_cmplx_mag_f32             
000027a9  OLED_ShowChar                 
000028c1  arm_bitreversal_32            
000029d5  __aeabi_ddiv                  
000029d5  __divdf3                      
00002ae1  OLED_Init                     
00002bdd  DL_Timer_initTimerMode        
00002cc5  __aeabi_dmul                  
00002cc5  __muldf3                      
00002da9  __aeabi_fsub                  
00002da9  __subsf3                      
00002db3  __addsf3                      
00002db3  __aeabi_fadd                  
00002e81  arm_cos_f32                   
00002f31  ldexpf                        
00002f31  scalbnf                       
00002fe1  sqrtf                         
00003081  switchwave                    
00003119  SYSCFG_DL_ADC12_0_init        
000031a9  SYSCFG_DL_GPIO_init           
00003239  __aeabi_fmul                  
00003239  __mulsf3                      
000032c5  __aeabi_fdiv                  
000032c5  __divsf3                      
00003349  GROUP1_IRQHandler             
000033c9  Send_Byte                     
00003445  __TI_decompress_lzss          
000034c1  SYSCFG_DL_initPower           
00003539  __gedf2                       
00003539  __gtdf2                       
000035ad  ADC1_IRQHandler               
000035ad  AES_IRQHandler                
000035ad  CANFD0_IRQHandler             
000035ad  DAC0_IRQHandler               
000035ad  DMA_IRQHandler                
000035ad  Default_Handler               
000035ad  GROUP0_IRQHandler             
000035ad  HardFault_Handler             
000035ad  I2C0_IRQHandler               
000035ad  I2C1_IRQHandler               
000035ad  NMI_Handler                   
000035ad  PendSV_Handler                
000035ad  RTC_IRQHandler                
000035ad  SPI0_IRQHandler               
000035ad  SPI1_IRQHandler               
000035ad  SVC_Handler                   
000035ad  SysTick_Handler               
000035ad  TIMA0_IRQHandler              
000035ad  TIMA1_IRQHandler              
000035ad  TIMG0_IRQHandler              
000035ad  TIMG12_IRQHandler             
000035ad  TIMG6_IRQHandler              
000035ad  TIMG7_IRQHandler              
000035ad  TIMG8_IRQHandler              
000035ad  UART0_IRQHandler              
000035ad  UART1_IRQHandler              
000035ad  UART2_IRQHandler              
000035ad  UART3_IRQHandler              
000035b1  __aeabi_d2f                   
000035b1  __truncdfsf2                  
00003625  OLED_ShowString               
00003695  StartAdc                      
00003705  OLED_Clear                    
00003771  __cmpdf2                      
00003771  __eqdf2                       
00003771  __ledf2                       
00003771  __ltdf2                       
00003771  __nedf2                       
000037d9  __aeabi_dcmpeq                
000037ed  __aeabi_dcmplt                
00003801  __aeabi_dcmple                
00003815  __aeabi_dcmpge                
00003829  __aeabi_dcmpgt                
0000383d  __aeabi_fcmpeq                
00003851  __aeabi_fcmplt                
00003865  __aeabi_fcmple                
00003879  __aeabi_fcmpge                
0000388d  __aeabi_fcmpgt                
0000389f  arm_max_f32                   
00003901  sendBluetoothData             
00003959  __aeabi_idiv                  
00003959  __aeabi_idivmod               
000039af  OLED_WR_Byte                  
00003a49  DL_DMA_initChannel            
00003b2d  __aeabi_d2iz                  
00003b2d  __fixdfsi                     
00003b79  DL_UART_init                  
00003bc1  SYSCFG_DL_TIMER_0_init        
00003c05  SYSCFG_DL_TIMER_1_init        
00003c49  SYSCFG_DL_UART_0_init         
00003c8d  DL_ADC12_setClockConfig       
00003ccd  __aeabi_uidiv                 
00003ccd  __aeabi_uidivmod              
00003d0d  __aeabi_f2d                   
00003d0d  __extendsfdf2                 
00003d4d  OLED_Set_Pos                  
00003d89  SYSCFG_DL_init                
00003dc5  __aeabi_i2f                   
00003dc5  __floatsisf                   
00003e01  __gesf2                       
00003e01  __gtsf2                       
00003e3d  __TI_auto_init_nobinit_nopinit
00003e79  __cmpsf2                      
00003e79  __eqsf2                       
00003e79  __lesf2                       
00003e79  __ltsf2                       
00003e79  __nesf2                       
00003eb5  __muldsi3                     
00003f29  I2C_Start                     
00003f61  __aeabi_f2iz                  
00003f61  __fixsfsi                     
00003fcd  __aeabi_f2uiz                 
00003fcd  __fixunssfsi                  
00004031  I2C_Stop                      
00004061  I2C_WaitAck                   
000040bd  SYSCFG_DL_DMA_CH0_init        
00004115  __aeabi_i2d                   
00004115  __floatsidf                   
00004141  SYSCFG_DL_SYSCTL_init         
0000420d  __aeabi_ui2f                  
0000420d  __floatunsisf                 
00004235  _c_int00_noargs               
000042a9  delay_ms                      
000042cd  ADC0_IRQHandler               
0000447d  DL_Timer_setClockConfig       
000046ad  SYSCFG_DL_SYSCTL_CLK_init     
000047a7  DL_UART_setClockConfig        
000047b9  TI_memcpy_small               
000047cb  __TI_decompress_none          
000047ed  __TI_zero_init                
000047fd  TI_memset_small               
00004819  __aeabi_memclr                
00004819  __aeabi_memclr4               
00004819  __aeabi_memclr8               
00004825  DL_Common_delayCycles         
0000482f  SYSCFG_DL_DMA_init            
00004839  __aeabi_errno_addr            
00004841  __aeabi_memcpy                
00004841  __aeabi_memcpy4               
00004841  __aeabi_memcpy8               
0000489d  abort                         
000048a2  C$$EXIT                       
000048a3  HOSTexit                      
000048b7  Reset_Handler                 
000048bb  _system_pre_init              
000048c0  twiddleCoef_1024              
000068c0  armBitRevIndexTable1024       
000076d0  sinTable_f32                  
00007ed4  asc2_1608                     
000084c4  asc2_0806                     
00008744  hello_msg                     
00008758  arm_cfft_sR_f32_len1024       
000087cc  __TI_Handler_Table_Base       
000087d8  __TI_Handler_Table_Limit      
000087e0  __TI_CINIT_Base               
000087f0  __TI_CINIT_Limit              
000087f0  __TI_CINIT_Warm               
20200000  FFT_INPUT                     
20200000  __start___llvm_prf_bits       
20200000  __start___llvm_prf_cnts       
20200000  __stop___llvm_prf_bits        
20200000  __stop___llvm_prf_cnts        
20202000  FFT_OUTPUT                    
20203000  hann_window                   
20204000  gADCSamples                   
20204800  gTIMER_0Backup                
202048bc  gTIMER_1Backup                
20204978  USART_TX_BUF                  
20204993  gCheckADC                     
20204994  freq                          
20204998  vpp                           
2020499c  vppfft                        
202049a0  point                         
202049a4  FFT_OUTPUT_MAX                
202049a8  FFT_OUTPUT_MAX_index          
202049ac  __aeabi_errno                 
202049b0  adc_fs                        
202049b4  ledState                      
20207e00  __stack                       
20208000  __STACK_END                   
ffffffff  __TI_pprof_out_hndl           
ffffffff  __TI_prof_data_size           
ffffffff  __TI_prof_data_start          
ffffffff  __binit__                     
ffffffff  binit                         
UNDEFED   __mpu_init                    
UNDEFED   _system_post_cinit            

[213 symbols]
