******************************************************************************
            TI ARM Clang Linker PC v4.0.2                      
******************************************************************************
>> Linked Thu May  1 23:05:59 2025

OUTPUT FILE NAME:   <25C_Test.out>
ENTRY POINT SYMBOL: "_c_int00_noargs"  address: 000094e5


MEMORY CONFIGURATION

         name            origin    length      used     unused   attr    fill
----------------------  --------  ---------  --------  --------  ----  --------
  FLASH                 00000000   00020000  00009710  000168f0  R  X
  SRAM                  20200000   00008000  000072db  00000d25  RW X
  BCR_CONFIG            41c00000   000000ff  00000000  000000ff  R   
  BSL_CONFIG            41c00100   00000080  00000000  00000080  R   


SEGMENT ALLOCATION MAP

run origin  load origin   length   init length attrs members
----------  ----------- ---------- ----------- ----- -------
00000000    00000000    00009710   00009710    r-x
  00000000    00000000    000000c0   000000c0    r-- .intvecs
  000000c0    000000c0    00005e20   00005e20    r-- .rodata
  00005ee0    00005ee0    00003800   00003800    r-x .text
  000096e0    000096e0    00000030   00000030    r-- .cinit
20200000    20200000    000070dc   00000000    rw-
  20200000    20200000    000070cb   00000000    rw- .bss
  202070cc    202070cc    00000010   00000000    rw- .data
20207e00    20207e00    00000200   00000000    rw-
  20207e00    20207e00    00000200   00000000    rw- .stack


SECTION ALLOCATION MAP

 output                                  attributes/
section   page    origin      length       input sections
--------  ----  ----------  ----------   ----------------
.intvecs   0    00000000    000000c0     
                  00000000    000000c0     startup_mspm0g350x_ticlang.o (.intvecs)

.text      0    00005ee0    00003800     
                  00005ee0    000008cc     arm_cortexM0l_math.a : arm_cfft_radix8_f32.o (.text.arm_radix8_butterfly_f32)
                  000067ac    0000076e                          : arm_cfft_f32.o (.text.arm_cfft_radix8by4_f32)
                  00006f1a    00000002     startup_mspm0g350x_ticlang.o (.text.Default_Handler)
                  00006f1c    000006b8     libc.a : e_powf.c.obj (.text.powf)
                  000075d4    000002b0     arm_cortexM0l_math.a : arm_cfft_f32.o (.text.arm_cfft_radix8by2_f32)
                  00007884    0000029c     empty.o (.text.findfreq)
                  00007b20    000001e4     empty.o (.text.findvpp)
                  00007d04    000001c0     arm_cortexM0l_math.a : arm_cfft_f32.o (.text.arm_cfft_f32)
                  00007ec4    00000192     libclang_rt.builtins.a : adddf3.S.obj (.text.adddf3_subdf3)
                  00008056    00000168     arm_cortexM0l_math.a : arm_cmplx_mag_f32.o (.text.arm_cmplx_mag_f32)
                  000081be    00000002     ti_msp_dl_config.o (.text.SYSCFG_DL_GPIO_init)
                  000081c0    0000015c     empty.o (.text.findbase)
                  0000831c    00000112     arm_cortexM0l_math.a : arm_bitreversal2.o (.text.arm_bitreversal_32)
                  0000842e    00000002     libclang_rt.builtins.a : aeabi_div0.c.obj (.text.__aeabi_idiv0)
                  00008430    0000010c                            : divdf3.S.obj (.text.__divdf3)
                  0000853c    000000e8     driverlib.a : dl_timer.o (.text.DL_Timer_initTimerMode)
                  00008624    000000e4     libclang_rt.builtins.a : muldf3.S.obj (.text.__muldf3)
                  00008708    000000d8                            : addsf3.S.obj (.text)
                  000087e0    000000b0     libc.a : s_scalbnf.c.obj (.text.scalbnf)
                  00008890    000000a0            : e_sqrtf.c.obj (.text.sqrtf)
                  00008930    0000009a            : memcpy16.S.obj (.text:memcpy)
                  000089ca    00000002     --HOLE-- [fill = 0]
                  000089cc    00000098     empty.o (.text.switchwave)
                  00008a64    00000090     ti_msp_dl_config.o (.text.SYSCFG_DL_ADC12_0_init)
                  00008af4    0000008c     libclang_rt.builtins.a : mulsf3.S.obj (.text.__mulsf3)
                  00008b80    00000082                            : divsf3.S.obj (.text.__divsf3)
                  00008c02    00000002     --HOLE-- [fill = 0]
                  00008c04    0000007c     libc.a : copy_decompress_lzss.c.obj (.text:decompress:lzss)
                  00008c80    00000074     libclang_rt.builtins.a : comparedf2.c.obj (.text.__gedf2)
                  00008cf4    0000000c                            : aeabi_memset.S.obj (.text.__aeabi_memclr)
                  00008d00    00000074                            : truncdfsf2.S.obj (.text.__truncdfsf2)
                  00008d74    00000070     empty.o (.text.StartAdc)
                  00008de4    00000068     libclang_rt.builtins.a : comparedf2.c.obj (.text.__ledf2)
                  00008e4c    00000064     empty.o (.text.main)
                  00008eb0    00000062     libclang_rt.builtins.a : aeabi_dcmp.S.obj (.text.__aeabi_dcmp)
                  00008f12    00000002     --HOLE-- [fill = 0]
                  00008f14    00000062                            : aeabi_fcmp.S.obj (.text.__aeabi_fcmp)
                  00008f76    00000062     libc.a : memset16.S.obj (.text:memset)
                  00008fd8    00000060     arm_cortexM0l_math.a : arm_max_f32.o (.text.arm_max_f32)
                  00009038    0000004c     driverlib.a : dl_dma.o (.text.DL_DMA_initChannel)
                  00009084    0000004a     libclang_rt.builtins.a : fixdfsi.S.obj (.text.__fixdfsi)
                  000090ce    00000002     --HOLE-- [fill = 0]
                  000090d0    00000040     driverlib.a : dl_adc12.o (.text.DL_ADC12_setClockConfig)
                  00009110    00000040     ti_msp_dl_config.o (.text.SYSCFG_DL_SYSCTL_init)
                  00009150    00000040     ti_msp_dl_config.o (.text.SYSCFG_DL_TIMER_0_init)
                  00009190    00000040     ti_msp_dl_config.o (.text.SYSCFG_DL_initPower)
                  000091d0    00000040     libclang_rt.builtins.a : aeabi_uidivmod.S.obj (.text.__aeabi_uidivmod)
                  00009210    00000040                            : extendsfdf2.S.obj (.text.__extendsfdf2)
                  00009250    0000003c                            : floatsisf.S.obj (.text.__floatsisf)
                  0000928c    0000003c                            : comparesf2.S.obj (.text.__gtsf2)
                  000092c8    0000003c     libc.a : autoinit.c.obj (.text:__TI_auto_init_nobinit_nopinit)
                  00009304    0000003a     libclang_rt.builtins.a : comparesf2.S.obj (.text.__eqsf2)
                  0000933e    00000002     --HOLE-- [fill = 0]
                  00009340    0000003a                            : muldsi3.S.obj (.text.__muldsi3)
                  0000937a    00000002     --HOLE-- [fill = 0]
                  0000937c    00000038                            : fixsfsi.S.obj (.text.__fixsfsi)
                  000093b4    00000032                            : fixunssfsi.S.obj (.text.__fixunssfsi)
                  000093e6    00000002     --HOLE-- [fill = 0]
                  000093e8    0000002c     ti_msp_dl_config.o (.text.SYSCFG_DL_init)
                  00009414    0000002c     empty.o (.text.__NVIC_EnableIRQ)
                  00009440    0000002c     libclang_rt.builtins.a : floatsidf.S.obj (.text.__floatsidf)
                  0000946c    00000028     empty.o (.text.DL_DMA_setDestAddr)
                  00009494    00000028     empty.o (.text.DL_DMA_setSrcAddr)
                  000094bc    00000028     libclang_rt.builtins.a : floatunsisf.S.obj (.text.__floatunsisf)
                  000094e4    00000028     libc.a : boot_cortex_m.c.obj (.text:_c_int00_noargs)
                  0000950c    00000026     empty.o (.text.DL_DMA_enableChannel)
                  00009532    00000002     --HOLE-- [fill = 0]
                  00009534    00000024     ti_msp_dl_config.o (.text.SYSCFG_DL_DMA_CH0_init)
                  00009558    00000020     empty.o (.text.ADC0_IRQHandler)
                  00009578    00000020     ti_msp_dl_config.o (.text.SYSCFG_DL_SYSCTL_CLK_init)
                  00009598    0000001c     driverlib.a : dl_timer.o (.text.DL_Timer_setClockConfig)
                  000095b4    00000018     empty.o (.text.DL_Timer_setLoadValue)
                  000095cc    00000018     empty.o (.text.DL_Timer_startCounter)
                  000095e4    00000018     empty.o (.text.DL_Timer_stopCounter)
                  000095fc    00000014     empty.o (.text.DL_Timer_getLoadValue)
                  00009610    00000012     empty.o (.text.DL_ADC12_getPendingInterrupt)
                  00009622    00000012     libc.a : copy_decompress_none.c.obj (.text:decompress:none)
                  00009634    00000010            : copy_zero_init.c.obj (.text:decompress:ZI)
                  00009644    0000000a     driverlib.a : dl_common.o (.text.DL_Common_delayCycles)
                  0000964e    00000008     ti_msp_dl_config.o (.text.SYSCFG_DL_DMA_init)
                  00009656    00000002     --HOLE-- [fill = 0]
                  00009658    00000008     libc.a : aeabi_portable.c.obj (.text.__aeabi_errno_addr)
                  00009660    00000008     libclang_rt.builtins.a : aeabi_memcpy.S.obj (.text.__aeabi_memcpy)
                  00009668    00000006     libc.a : e_powf.c.obj (.text.OUTLINED_FUNCTION_1)
                  0000966e    00000002     --HOLE-- [fill = 0]
                  00009670    00000010     libclang_rt.builtins.a : mulsf3.S.obj (.tramp.__aeabi_fmul.1)
                  00009680    00000006     libc.a : e_powf.c.obj (.text.OUTLINED_FUNCTION_3)
                  00009686    00000002     --HOLE-- [fill = 0]
                  00009688    00000010     libclang_rt.builtins.a : addsf3.S.obj (.tramp.__aeabi_fadd.1)
                  00009698    00000006     libc.a : e_powf.c.obj (.text.OUTLINED_FUNCTION_4)
                  0000969e    00000002     --HOLE-- [fill = 0]
                  000096a0    00000010     libclang_rt.builtins.a : addsf3.S.obj (.tramp.__aeabi_fsub.1)
                  000096b0    00000006     libc.a : e_powf.c.obj (.text.OUTLINED_FUNCTION_5)
                  000096b6    00000006            : e_powf.c.obj (.text.OUTLINED_FUNCTION_6)
                  000096bc    00000006            : exit.c.obj (.text:abort)
                  000096c2    00000004     libsysbm.a : hostexit.c.obj (.text.HOSTexit)
                  000096c6    00000004     libc.a : e_powf.c.obj (.text.OUTLINED_FUNCTION_0)
                  000096ca    00000004            : e_powf.c.obj (.text.OUTLINED_FUNCTION_2)
                  000096ce    00000004            : e_powf.c.obj (.text.OUTLINED_FUNCTION_7)
                  000096d2    00000004            : e_powf.c.obj (.text.OUTLINED_FUNCTION_8)
                  000096d6    00000004     startup_mspm0g350x_ticlang.o (.text.Reset_Handler)
                  000096da    00000004     libc.a : pre_init.c.obj (.text._system_pre_init)
                  000096de    00000002     --HOLE-- [fill = 0]

.cinit     0    000096e0    00000030     
                  000096e0    0000000c     (__TI_handler_table)
                  000096ec    0000000b     (.cinit..data.load) [load image, compression = lzss]
                  000096f7    00000001     --HOLE-- [fill = 0]
                  000096f8    00000008     (.cinit..bss.load) [load image, compression = zero_init]
                  00009700    00000010     (__TI_cinit_table)

.rodata    0    000000c0    00005e20     
                  000000c0    00004000     arm_cortexM0l_math.a : arm_common_tables.o (.rodata.twiddleCoef_2048)
                  000040c0    00001dc0                          : arm_common_tables.o (.rodata.armBitRevIndexTable2048)
                  00005e80    00000018     libc.a : e_powf.c.obj (.rodata.cst8)
                  00005e98    00000018     ti_msp_dl_config.o (.rodata.gDMA_CH0Config)
                  00005eb0    00000014     ti_msp_dl_config.o (.rodata.gTIMER_0TimerConfig)
                  00005ec4    00000010     arm_cortexM0l_math.a : arm_const_structs.o (.rodata.arm_cfft_sR_f32_len2048)
                  00005ed4    00000008     ti_msp_dl_config.o (.rodata.gADC12_0ClockConfig)
                  00005edc    00000003     ti_msp_dl_config.o (.rodata.gTIMER_0ClockConfig)
                  00005edf    00000001     --HOLE-- [fill = 0]

.init_array 
*          0    00000000    00000000     UNINITIALIZED

.binit     0    00000000    00000000     

.bss       0    20200000    000070cb     UNINITIALIZED
                  20200000    00004000     (.common:FFT_INPUT)
                  20204000    00002000     (.common:FFT_OUTPUT)
                  20206000    00001000     (.common:gADCSamples)
                  20207000    000000bc     (.common:gTIMER_0Backup)
                  202070bc    00000004     (.common:freq)
                  202070c0    00000004     (.common:vpp)
                  202070c4    00000004     (.common:vppfft)
                  202070c8    00000002     (.common:point)
                  202070ca    00000001     (.common:gCheckADC)

.data      0    202070cc    00000010     UNINITIALIZED
                  202070cc    00000004     empty.o (.data.FFT_OUTPUT_MAX)
                  202070d0    00000004     empty.o (.data.FFT_OUTPUT_MAX_index)
                  202070d4    00000004     libc.a : aeabi_portable.c.obj (.data.__aeabi_errno)
                  202070d8    00000004     empty.o (.data.adc_fs)

.stack     0    20207e00    00000200     UNINITIALIZED
                  20207e00    00000004     libc.a : boot_cortex_m.c.obj (.stack)
                  20207e04    000001fc     --HOLE--

__llvm_prf_cnts 
*          0    20200000    00000000     UNINITIALIZED

__llvm_prf_bits 
*          0    20200000    00000000     UNINITIALIZED

MODULE SUMMARY

       Module                         code    ro data   rw data
       ------                         ----    -------   -------
    .\
       empty.o                        2168    0         28699  
       ti_msp_dl_config.o             458     55        188    
       startup_mspm0g350x_ticlang.o   6       192       0      
    +--+------------------------------+-------+---------+---------+
       Total:                         2632    247       28887  
                                                               
    C:/ti/mspm0_sdk_2_04_00_06/source/third_party/CMSIS/DSP/lib/ticlang/m0p/arm_cortexM0l_math.a
       arm_common_tables.o            0       24000     0      
       arm_cfft_f32.o                 3038    0         0      
       arm_cfft_radix8_f32.o          2252    0         0      
       arm_cmplx_mag_f32.o            360     0         0      
       arm_bitreversal2.o             274     0         0      
       arm_max_f32.o                  96      0         0      
       arm_const_structs.o            0       16        0      
    +--+------------------------------+-------+---------+---------+
       Total:                         6020    24016     0      
                                                               
    C:/ti/mspm0_sdk_2_04_00_06/source/ti/driverlib/lib/ticlang/m0p/mspm0g1x0x_g3x0x/driverlib.a
       dl_timer.o                     260     0         0      
       dl_dma.o                       76      0         0      
       dl_adc12.o                     64      0         0      
       dl_common.o                    10      0         0      
    +--+------------------------------+-------+---------+---------+
       Total:                         410     0         0      
                                                               
    C:\ti\ccs2010\ccs\tools\compiler\ti-cgt-armllvm_4.0.2.LTS\lib\armv6m-ti-none-eabi/c/libc.a
       e_powf.c.obj                   1766    24        0      
       s_scalbnf.c.obj                176     0         0      
       e_sqrtf.c.obj                  160     0         0      
       memcpy16.S.obj                 154     0         0      
       copy_decompress_lzss.c.obj     124     0         0      
       memset16.S.obj                 98      0         0      
       autoinit.c.obj                 60      0         0      
       boot_cortex_m.c.obj            40      0         0      
       copy_decompress_none.c.obj     18      0         0      
       copy_zero_init.c.obj           16      0         0      
       aeabi_portable.c.obj           8       0         4      
       exit.c.obj                     6       0         0      
       pre_init.c.obj                 4       0         0      
    +--+------------------------------+-------+---------+---------+
       Total:                         2630    24        4      
                                                               
    C:\ti\ccs2010\ccs\tools\compiler\ti-cgt-armllvm_4.0.2.LTS\lib\armv6m-ti-none-eabi/c/libsysbm.a
       hostexit.c.obj                 4       0         0      
    +--+------------------------------+-------+---------+---------+
       Total:                         4       0         0      
                                                               
    C:\ti\ccs2010\ccs\tools\compiler\ti-cgt-armllvm_4.0.2.LTS\lib\armv6m-ti-none-eabi/libclang_rt.builtins.a
       adddf3.S.obj                   402     0         0      
       divdf3.S.obj                   268     0         0      
       addsf3.S.obj                   248     0         0      
       muldf3.S.obj                   228     0         0      
       comparedf2.c.obj               220     0         0      
       mulsf3.S.obj                   156     0         0      
       divsf3.S.obj                   130     0         0      
       comparesf2.S.obj               118     0         0      
       truncdfsf2.S.obj               116     0         0      
       aeabi_dcmp.S.obj               98      0         0      
       aeabi_fcmp.S.obj               98      0         0      
       fixdfsi.S.obj                  74      0         0      
       aeabi_uidivmod.S.obj           64      0         0      
       extendsfdf2.S.obj              64      0         0      
       floatsisf.S.obj                60      0         0      
       muldsi3.S.obj                  58      0         0      
       fixsfsi.S.obj                  56      0         0      
       fixunssfsi.S.obj               50      0         0      
       floatsidf.S.obj                44      0         0      
       floatunsisf.S.obj              40      0         0      
       aeabi_memset.S.obj             12      0         0      
       aeabi_memcpy.S.obj             8       0         0      
       aeabi_div0.c.obj               2       0         0      
    +--+------------------------------+-------+---------+---------+
       Total:                         2614    0         0      
                                                               
       Stack:                         0       0         512    
       Linker Generated:              0       47        0      
    +--+------------------------------+-------+---------+---------+
       Grand Total:                   14310   24334     29403  


LINKER GENERATED COPY TABLES

__TI_cinit_table @ 00009700 records: 2, size/record: 8, table size: 16
	.data: load addr=000096ec, load size=0000000b bytes, run addr=202070cc, run size=00000010 bytes, compression=lzss
	.bss: load addr=000096f8, load size=00000008 bytes, run addr=20200000, run size=000070cb bytes, compression=zero_init


LINKER GENERATED HANDLER TABLE

__TI_handler_table @ 000096e0 records: 3, size/record: 4, table size: 12
	index: 0, handler: __TI_decompress_lzss
	index: 1, handler: __TI_decompress_none
	index: 2, handler: __TI_zero_init


FAR CALL TRAMPOLINES

callee name               trampoline name
   callee addr  tramp addr   call addr  call info
--------------  -----------  ---------  ----------------
__aeabi_fmul              $Tramp$TT$L$PI$$__aeabi_fmul
   00008af5     00009670     0000966c   libc.a : e_powf.c.obj (.text.OUTLINED_FUNCTION_1)
                             000096c8          : e_powf.c.obj (.text.OUTLINED_FUNCTION_0)
                             000096d0          : e_powf.c.obj (.text.OUTLINED_FUNCTION_7)
__aeabi_fadd              $Tramp$TT$L$PI$$__aeabi_fadd
   00008713     00009688     00009684   libc.a : e_powf.c.obj (.text.OUTLINED_FUNCTION_3)
                             000096cc          : e_powf.c.obj (.text.OUTLINED_FUNCTION_2)
                             000096d4          : e_powf.c.obj (.text.OUTLINED_FUNCTION_8)
__aeabi_fsub              $Tramp$TT$L$PI$$__aeabi_fsub
   00008709     000096a0     0000969c   libc.a : e_powf.c.obj (.text.OUTLINED_FUNCTION_4)
                             000096b4          : e_powf.c.obj (.text.OUTLINED_FUNCTION_5)
                             000096ba          : e_powf.c.obj (.text.OUTLINED_FUNCTION_6)

[3 trampolines]
[9 trampoline calls]


GLOBAL SYMBOLS: SORTED ALPHABETICALLY BY Name 

address   name                          
-------   ----                          
00009559  ADC0_IRQHandler               
00006f1b  ADC1_IRQHandler               
00006f1b  AES_IRQHandler                
000096c2  C$$EXIT                       
00006f1b  CANFD0_IRQHandler             
00006f1b  DAC0_IRQHandler               
000090d1  DL_ADC12_setClockConfig       
00009645  DL_Common_delayCycles         
00009039  DL_DMA_initChannel            
0000853d  DL_Timer_initTimerMode        
00009599  DL_Timer_setClockConfig       
00006f1b  DMA_IRQHandler                
00006f1b  Default_Handler               
20200000  FFT_INPUT                     
20204000  FFT_OUTPUT                    
202070cc  FFT_OUTPUT_MAX                
202070d0  FFT_OUTPUT_MAX_index          
00006f1b  GROUP0_IRQHandler             
00006f1b  GROUP1_IRQHandler             
000096c3  HOSTexit                      
00006f1b  HardFault_Handler             
00006f1b  I2C0_IRQHandler               
00006f1b  I2C1_IRQHandler               
00006f1b  NMI_Handler                   
00006f1b  PendSV_Handler                
00006f1b  RTC_IRQHandler                
000096d7  Reset_Handler                 
00006f1b  SPI0_IRQHandler               
00006f1b  SPI1_IRQHandler               
00006f1b  SVC_Handler                   
00008a65  SYSCFG_DL_ADC12_0_init        
00009535  SYSCFG_DL_DMA_CH0_init        
0000964f  SYSCFG_DL_DMA_init            
000081bf  SYSCFG_DL_GPIO_init           
00009579  SYSCFG_DL_SYSCTL_CLK_init     
00009111  SYSCFG_DL_SYSCTL_init         
00009151  SYSCFG_DL_TIMER_0_init        
000093e9  SYSCFG_DL_init                
00009191  SYSCFG_DL_initPower           
00008d75  StartAdc                      
00006f1b  SysTick_Handler               
00006f1b  TIMA0_IRQHandler              
00006f1b  TIMA1_IRQHandler              
00006f1b  TIMG0_IRQHandler              
00006f1b  TIMG12_IRQHandler             
00006f1b  TIMG6_IRQHandler              
00006f1b  TIMG7_IRQHandler              
00006f1b  TIMG8_IRQHandler              
00006f1b  UART0_IRQHandler              
00006f1b  UART1_IRQHandler              
00006f1b  UART2_IRQHandler              
00006f1b  UART3_IRQHandler              
20208000  __STACK_END                   
00000200  __STACK_SIZE                  
00000000  __TI_ATRegion0_region_sz      
00000000  __TI_ATRegion0_src_addr       
00000000  __TI_ATRegion0_trg_addr       
00000000  __TI_ATRegion1_region_sz      
00000000  __TI_ATRegion1_src_addr       
00000000  __TI_ATRegion1_trg_addr       
00000000  __TI_ATRegion2_region_sz      
00000000  __TI_ATRegion2_src_addr       
00000000  __TI_ATRegion2_trg_addr       
00009700  __TI_CINIT_Base               
00009710  __TI_CINIT_Limit              
00009710  __TI_CINIT_Warm               
000096e0  __TI_Handler_Table_Base       
000096ec  __TI_Handler_Table_Limit      
000092c9  __TI_auto_init_nobinit_nopinit
00008c05  __TI_decompress_lzss          
00009623  __TI_decompress_none          
ffffffff  __TI_pprof_out_hndl           
ffffffff  __TI_prof_data_size           
ffffffff  __TI_prof_data_start          
00000000  __TI_static_base__            
00009635  __TI_zero_init                
00007ecf  __adddf3                      
00008713  __addsf3                      
00008d01  __aeabi_d2f                   
00009085  __aeabi_d2iz                  
00007ecf  __aeabi_dadd                  
00008eb1  __aeabi_dcmpeq                
00008eed  __aeabi_dcmpge                
00008f01  __aeabi_dcmpgt                
00008ed9  __aeabi_dcmple                
00008ec5  __aeabi_dcmplt                
00008431  __aeabi_ddiv                  
00008625  __aeabi_dmul                  
00007ec5  __aeabi_dsub                  
202070d4  __aeabi_errno                 
00009659  __aeabi_errno_addr            
00009211  __aeabi_f2d                   
0000937d  __aeabi_f2iz                  
000093b5  __aeabi_f2uiz                 
00008713  __aeabi_fadd                  
00008f15  __aeabi_fcmpeq                
00008f51  __aeabi_fcmpge                
00008f65  __aeabi_fcmpgt                
00008f3d  __aeabi_fcmple                
00008f29  __aeabi_fcmplt                
00008b81  __aeabi_fdiv                  
00008af5  __aeabi_fmul                  
00008709  __aeabi_fsub                  
00009441  __aeabi_i2d                   
00009251  __aeabi_i2f                   
0000842f  __aeabi_idiv0                 
00008cf5  __aeabi_memclr                
00008cf5  __aeabi_memclr4               
00008cf5  __aeabi_memclr8               
00009661  __aeabi_memcpy                
00009661  __aeabi_memcpy4               
00009661  __aeabi_memcpy8               
000094bd  __aeabi_ui2f                  
000091d1  __aeabi_uidiv                 
000091d1  __aeabi_uidivmod              
ffffffff  __binit__                     
00008de5  __cmpdf2                      
00009305  __cmpsf2                      
00008431  __divdf3                      
00008b81  __divsf3                      
00008de5  __eqdf2                       
00009305  __eqsf2                       
00009211  __extendsfdf2                 
00009085  __fixdfsi                     
0000937d  __fixsfsi                     
000093b5  __fixunssfsi                  
00009441  __floatsidf                   
00009251  __floatsisf                   
000094bd  __floatunsisf                 
00008c81  __gedf2                       
0000928d  __gesf2                       
00008c81  __gtdf2                       
0000928d  __gtsf2                       
00008de5  __ledf2                       
00009305  __lesf2                       
00008de5  __ltdf2                       
00009305  __ltsf2                       
UNDEFED   __mpu_init                    
00008625  __muldf3                      
00009341  __muldsi3                     
00008af5  __mulsf3                      
00008de5  __nedf2                       
00009305  __nesf2                       
20207e00  __stack                       
20200000  __start___llvm_prf_bits       
20200000  __start___llvm_prf_cnts       
20200000  __stop___llvm_prf_bits        
20200000  __stop___llvm_prf_cnts        
00007ec5  __subdf3                      
00008709  __subsf3                      
00008d01  __truncdfsf2                  
000094e5  _c_int00_noargs               
UNDEFED   _system_post_cinit            
000096db  _system_pre_init              
000096bd  abort                         
202070d8  adc_fs                        
000040c0  armBitRevIndexTable2048       
0000831d  arm_bitreversal_32            
00007d05  arm_cfft_f32                  
000075d5  arm_cfft_radix8by2_f32        
000067ad  arm_cfft_radix8by4_f32        
00005ec4  arm_cfft_sR_f32_len2048       
00008057  arm_cmplx_mag_f32             
00008fd9  arm_max_f32                   
00005ee1  arm_radix8_butterfly_f32      
ffffffff  binit                         
000081c1  findbase                      
00007885  findfreq                      
00007b21  findvpp                       
202070bc  freq                          
20206000  gADCSamples                   
202070ca  gCheckADC                     
20207000  gTIMER_0Backup                
00000000  interruptVectors              
000087e1  ldexpf                        
00008e4d  main                          
00008931  memcpy                        
00008f77  memset                        
202070c8  point                         
00006f1d  powf                          
000087e1  scalbnf                       
00008891  sqrtf                         
000089cd  switchwave                    
000000c0  twiddleCoef_2048              
202070c0  vpp                           
202070c4  vppfft                        


GLOBAL SYMBOLS: SORTED BY Symbol Address 

address   name                          
-------   ----                          
00000000  __TI_ATRegion0_region_sz      
00000000  __TI_ATRegion0_src_addr       
00000000  __TI_ATRegion0_trg_addr       
00000000  __TI_ATRegion1_region_sz      
00000000  __TI_ATRegion1_src_addr       
00000000  __TI_ATRegion1_trg_addr       
00000000  __TI_ATRegion2_region_sz      
00000000  __TI_ATRegion2_src_addr       
00000000  __TI_ATRegion2_trg_addr       
00000000  __TI_static_base__            
00000000  interruptVectors              
000000c0  twiddleCoef_2048              
00000200  __STACK_SIZE                  
000040c0  armBitRevIndexTable2048       
00005ec4  arm_cfft_sR_f32_len2048       
00005ee1  arm_radix8_butterfly_f32      
000067ad  arm_cfft_radix8by4_f32        
00006f1b  ADC1_IRQHandler               
00006f1b  AES_IRQHandler                
00006f1b  CANFD0_IRQHandler             
00006f1b  DAC0_IRQHandler               
00006f1b  DMA_IRQHandler                
00006f1b  Default_Handler               
00006f1b  GROUP0_IRQHandler             
00006f1b  GROUP1_IRQHandler             
00006f1b  HardFault_Handler             
00006f1b  I2C0_IRQHandler               
00006f1b  I2C1_IRQHandler               
00006f1b  NMI_Handler                   
00006f1b  PendSV_Handler                
00006f1b  RTC_IRQHandler                
00006f1b  SPI0_IRQHandler               
00006f1b  SPI1_IRQHandler               
00006f1b  SVC_Handler                   
00006f1b  SysTick_Handler               
00006f1b  TIMA0_IRQHandler              
00006f1b  TIMA1_IRQHandler              
00006f1b  TIMG0_IRQHandler              
00006f1b  TIMG12_IRQHandler             
00006f1b  TIMG6_IRQHandler              
00006f1b  TIMG7_IRQHandler              
00006f1b  TIMG8_IRQHandler              
00006f1b  UART0_IRQHandler              
00006f1b  UART1_IRQHandler              
00006f1b  UART2_IRQHandler              
00006f1b  UART3_IRQHandler              
00006f1d  powf                          
000075d5  arm_cfft_radix8by2_f32        
00007885  findfreq                      
00007b21  findvpp                       
00007d05  arm_cfft_f32                  
00007ec5  __aeabi_dsub                  
00007ec5  __subdf3                      
00007ecf  __adddf3                      
00007ecf  __aeabi_dadd                  
00008057  arm_cmplx_mag_f32             
000081bf  SYSCFG_DL_GPIO_init           
000081c1  findbase                      
0000831d  arm_bitreversal_32            
0000842f  __aeabi_idiv0                 
00008431  __aeabi_ddiv                  
00008431  __divdf3                      
0000853d  DL_Timer_initTimerMode        
00008625  __aeabi_dmul                  
00008625  __muldf3                      
00008709  __aeabi_fsub                  
00008709  __subsf3                      
00008713  __addsf3                      
00008713  __aeabi_fadd                  
000087e1  ldexpf                        
000087e1  scalbnf                       
00008891  sqrtf                         
00008931  memcpy                        
000089cd  switchwave                    
00008a65  SYSCFG_DL_ADC12_0_init        
00008af5  __aeabi_fmul                  
00008af5  __mulsf3                      
00008b81  __aeabi_fdiv                  
00008b81  __divsf3                      
00008c05  __TI_decompress_lzss          
00008c81  __gedf2                       
00008c81  __gtdf2                       
00008cf5  __aeabi_memclr                
00008cf5  __aeabi_memclr4               
00008cf5  __aeabi_memclr8               
00008d01  __aeabi_d2f                   
00008d01  __truncdfsf2                  
00008d75  StartAdc                      
00008de5  __cmpdf2                      
00008de5  __eqdf2                       
00008de5  __ledf2                       
00008de5  __ltdf2                       
00008de5  __nedf2                       
00008e4d  main                          
00008eb1  __aeabi_dcmpeq                
00008ec5  __aeabi_dcmplt                
00008ed9  __aeabi_dcmple                
00008eed  __aeabi_dcmpge                
00008f01  __aeabi_dcmpgt                
00008f15  __aeabi_fcmpeq                
00008f29  __aeabi_fcmplt                
00008f3d  __aeabi_fcmple                
00008f51  __aeabi_fcmpge                
00008f65  __aeabi_fcmpgt                
00008f77  memset                        
00008fd9  arm_max_f32                   
00009039  DL_DMA_initChannel            
00009085  __aeabi_d2iz                  
00009085  __fixdfsi                     
000090d1  DL_ADC12_setClockConfig       
00009111  SYSCFG_DL_SYSCTL_init         
00009151  SYSCFG_DL_TIMER_0_init        
00009191  SYSCFG_DL_initPower           
000091d1  __aeabi_uidiv                 
000091d1  __aeabi_uidivmod              
00009211  __aeabi_f2d                   
00009211  __extendsfdf2                 
00009251  __aeabi_i2f                   
00009251  __floatsisf                   
0000928d  __gesf2                       
0000928d  __gtsf2                       
000092c9  __TI_auto_init_nobinit_nopinit
00009305  __cmpsf2                      
00009305  __eqsf2                       
00009305  __lesf2                       
00009305  __ltsf2                       
00009305  __nesf2                       
00009341  __muldsi3                     
0000937d  __aeabi_f2iz                  
0000937d  __fixsfsi                     
000093b5  __aeabi_f2uiz                 
000093b5  __fixunssfsi                  
000093e9  SYSCFG_DL_init                
00009441  __aeabi_i2d                   
00009441  __floatsidf                   
000094bd  __aeabi_ui2f                  
000094bd  __floatunsisf                 
000094e5  _c_int00_noargs               
00009535  SYSCFG_DL_DMA_CH0_init        
00009559  ADC0_IRQHandler               
00009579  SYSCFG_DL_SYSCTL_CLK_init     
00009599  DL_Timer_setClockConfig       
00009623  __TI_decompress_none          
00009635  __TI_zero_init                
00009645  DL_Common_delayCycles         
0000964f  SYSCFG_DL_DMA_init            
00009659  __aeabi_errno_addr            
00009661  __aeabi_memcpy                
00009661  __aeabi_memcpy4               
00009661  __aeabi_memcpy8               
000096bd  abort                         
000096c2  C$$EXIT                       
000096c3  HOSTexit                      
000096d7  Reset_Handler                 
000096db  _system_pre_init              
000096e0  __TI_Handler_Table_Base       
000096ec  __TI_Handler_Table_Limit      
00009700  __TI_CINIT_Base               
00009710  __TI_CINIT_Limit              
00009710  __TI_CINIT_Warm               
20200000  FFT_INPUT                     
20200000  __start___llvm_prf_bits       
20200000  __start___llvm_prf_cnts       
20200000  __stop___llvm_prf_bits        
20200000  __stop___llvm_prf_cnts        
20204000  FFT_OUTPUT                    
20206000  gADCSamples                   
20207000  gTIMER_0Backup                
202070bc  freq                          
202070c0  vpp                           
202070c4  vppfft                        
202070c8  point                         
202070ca  gCheckADC                     
202070cc  FFT_OUTPUT_MAX                
202070d0  FFT_OUTPUT_MAX_index          
202070d4  __aeabi_errno                 
202070d8  adc_fs                        
20207e00  __stack                       
20208000  __STACK_END                   
ffffffff  __TI_pprof_out_hndl           
ffffffff  __TI_prof_data_size           
ffffffff  __TI_prof_data_start          
ffffffff  __binit__                     
ffffffff  binit                         
UNDEFED   __mpu_init                    
UNDEFED   _system_post_cinit            

[186 symbols]
