******************************************************************************
            TI ARM Clang Linker PC v4.0.2                      
******************************************************************************
>> Linked Fri May  2 10:04:24 2025

OUTPUT FILE NAME:   <25C_Test.out>
ENTRY POINT SYMBOL: "_c_int00_noargs"  address: 00001679


MEMORY CONFIGURATION

         name            origin    length      used     unused   attr    fill
----------------------  --------  ---------  --------  --------  ----  --------
  FLASH                 00000000   00020000  00002c28  0001d3d8  R  X
  SRAM                  20200000   00008000  000052dc  00002d24  RW X
  BCR_CONFIG            41c00000   000000ff  00000000  000000ff  R   
  BSL_CONFIG            41c00100   00000080  00000000  00000080  R   


SEGMENT ALLOCATION MAP

run origin  load origin   length   init length attrs members
----------  ----------- ---------- ----------- ----- -------
00000000    00000000    00002c28   00002c28    r-x
  00000000    00000000    000000c0   000000c0    r-- .intvecs
  000000c0    000000c0    00001a90   00001a90    r-x .text
  00001b50    00001b50    000010a8   000010a8    r-- .rodata
  00002bf8    00002bf8    00000030   00000030    r-- .cinit
20200000    20200000    000050dc   00000000    rw-
  20200000    20200000    000050d8   00000000    rw- .bss
  202050d8    202050d8    00000004   00000000    rw- .data
20207e00    20207e00    00000200   00000000    rw-
  20207e00    20207e00    00000200   00000000    rw- .stack


SECTION ALLOCATION MAP

 output                                  attributes/
section   page    origin      length       input sections
--------  ----  ----------  ----------   ----------------
.intvecs   0    00000000    000000c0     
                  00000000    000000c0     startup_mspm0g350x_ticlang.o (.intvecs)

.text      0    000000c0    00001a90     
                  000000c0    00000218     empty.o (.text.main)
                  000002d8    00000118     oled.o (.text.OLED_ShowChar)
                  000003f0    0000010c     libclang_rt.builtins.a : divdf3.S.obj (.text.__divdf3)
                  000004fc    000000fa     oled.o (.text.OLED_Init)
                  000005f6    00000002     libclang_rt.builtins.a : aeabi_div0.c.obj (.text.__aeabi_idiv0)
                  000005f8    000000e8     driverlib.a : dl_timer.o (.text.DL_Timer_initTimerMode)
                  000006e0    000000e4     libclang_rt.builtins.a : muldf3.S.obj (.text.__muldf3)
                  000007c4    000000d8                            : addsf3.S.obj (.text)
                  0000089c    000000b0     arm_cortexM0l_math.a : arm_cos_f32.o (.text.arm_cos_f32)
                  0000094c    00000098     empty.o (.text.switchwave)
                  000009e4    00000090     ti_msp_dl_config.o (.text.SYSCFG_DL_ADC12_0_init)
                  00000a74    0000008c     libclang_rt.builtins.a : mulsf3.S.obj (.text.__mulsf3)
                  00000b00    00000082                            : divsf3.S.obj (.text.__divsf3)
                  00000b82    00000002     --HOLE-- [fill = 0]
                  00000b84    0000007c     oled.o (.text.Send_Byte)
                  00000c00    0000007c     libc.a : copy_decompress_lzss.c.obj (.text:decompress:lzss)
                  00000c7c    00000004     startup_mspm0g350x_ticlang.o (.text.Default_Handler)
                  00000c80    00000074     libclang_rt.builtins.a : truncdfsf2.S.obj (.text.__truncdfsf2)
                  00000cf4    00000070     oled.o (.text.OLED_ShowString)
                  00000d64    0000006a     oled.o (.text.OLED_Clear)
                  00000dce    00000002     --HOLE-- [fill = 0]
                  00000dd0    00000068     ti_msp_dl_config.o (.text.SYSCFG_DL_initPower)
                  00000e38    00000062     libclang_rt.builtins.a : aeabi_fcmp.S.obj (.text.__aeabi_fcmp)
                  00000e9a    00000002     --HOLE-- [fill = 0]
                  00000e9c    00000058     empty.o (.text.sendBluetoothData)
                  00000ef4    0000004e     oled.o (.text.OLED_WR_Byte)
                  00000f42    00000002     --HOLE-- [fill = 0]
                  00000f44    0000004c     ti_msp_dl_config.o (.text.DL_ADC12_initSingleSample)
                  00000f90    0000004c     driverlib.a : dl_dma.o (.text.DL_DMA_initChannel)
                  00000fdc    0000004c     ti_msp_dl_config.o (.text.DL_UART_setBaudRateDivisor)
                  00001028    0000004a     ti_msp_dl_config.o (.text.DL_ADC12_configConversionMem)
                  00001072    00000002     --HOLE-- [fill = 0]
                  00001074    00000048     driverlib.a : dl_uart.o (.text.DL_UART_init)
                  000010bc    00000044     ti_msp_dl_config.o (.text.SYSCFG_DL_TIMER_0_init)
                  00001100    00000044     ti_msp_dl_config.o (.text.SYSCFG_DL_UART_0_init)
                  00001144    00000040     driverlib.a : dl_adc12.o (.text.DL_ADC12_setClockConfig)
                  00001184    00000040     ti_msp_dl_config.o (.text.SYSCFG_DL_GPIO_init)
                  000011c4    00000040     libclang_rt.builtins.a : aeabi_uidivmod.S.obj (.text.__aeabi_uidivmod)
                  00001204    0000003c     oled.o (.text.OLED_Set_Pos)
                  00001240    0000003c     libclang_rt.builtins.a : floatsisf.S.obj (.text.__floatsisf)
                  0000127c    0000003c                            : comparesf2.S.obj (.text.__gtsf2)
                  000012b8    0000003c     libc.a : autoinit.c.obj (.text:__TI_auto_init_nobinit_nopinit)
                  000012f4    0000003a     libclang_rt.builtins.a : comparesf2.S.obj (.text.__eqsf2)
                  0000132e    00000002     --HOLE-- [fill = 0]
                  00001330    0000003a                            : muldsi3.S.obj (.text.__muldsi3)
                  0000136a    00000002     --HOLE-- [fill = 0]
                  0000136c    00000038     ti_msp_dl_config.o (.text.DL_Timer_setPublisherChanID)
                  000013a4    00000038     oled.o (.text.I2C_Start)
                  000013dc    00000038     libclang_rt.builtins.a : fixsfsi.S.obj (.text.__fixsfsi)
                  00001414    00000030     ti_msp_dl_config.o (.text.DL_DMA_setTransferSize)
                  00001444    00000030     oled.o (.text.I2C_Stop)
                  00001474    00000030     oled.o (.text.I2C_WaitAck)
                  000014a4    00000030     ti_msp_dl_config.o (.text.SYSCFG_DL_init)
                  000014d4    0000002c     ti_msp_dl_config.o (.text.DL_ADC12_setDMASamplesCnt)
                  00001500    0000002c     ti_msp_dl_config.o (.text.SYSCFG_DL_DMA_CH0_init)
                  0000152c    0000002c     empty.o (.text.__NVIC_EnableIRQ)
                  00001558    0000002c     libclang_rt.builtins.a : floatsidf.S.obj (.text.__floatsidf)
                  00001584    0000002a     ti_msp_dl_config.o (.text.SYSCFG_DL_SYSCTL_init)
                  000015ae    00000028     ti_msp_dl_config.o (.text.DL_Common_updateReg)
                  000015d6    00000002     --HOLE-- [fill = 0]
                  000015d8    00000028     empty.o (.text.DL_DMA_setDestAddr)
                  00001600    00000028     empty.o (.text.DL_DMA_setSrcAddr)
                  00001628    00000028     ti_msp_dl_config.o (.text.DL_Timer_enableEvent)
                  00001650    00000028     libclang_rt.builtins.a : floatunsisf.S.obj (.text.__floatunsisf)
                  00001678    00000028     libc.a : boot_cortex_m.c.obj (.text:_c_int00_noargs)
                  000016a0    00000026     empty.o (.text.DL_DMA_enableChannel)
                  000016c6    00000022     oled.o (.text.delay_ms)
                  000016e8    00000020     empty.o (.text.ADC0_IRQHandler)
                  00001708    00000020     ti_msp_dl_config.o (.text.DL_GPIO_initPeripheralInputFunction)
                  00001728    0000001e     ti_msp_dl_config.o (.text.DL_ADC12_setPowerDownMode)
                  00001746    0000001e     ti_msp_dl_config.o (.text.DL_UART_setOversampling)
                  00001764    0000001c     ti_msp_dl_config.o (.text.DL_ADC12_clearInterruptStatus)
                  00001780    0000001c     ti_msp_dl_config.o (.text.DL_ADC12_enableDMA)
                  0000179c    0000001c     ti_msp_dl_config.o (.text.DL_ADC12_enableDMATrigger)
                  000017b8    0000001c     ti_msp_dl_config.o (.text.DL_ADC12_enableInterrupt)
                  000017d4    0000001c     ti_msp_dl_config.o (.text.DL_GPIO_initPeripheralOutputFunction)
                  000017f0    0000001c     ti_msp_dl_config.o (.text.DL_SYSCTL_setMCLKDivider)
                  0000180c    0000001c     ti_msp_dl_config.o (.text.DL_SYSCTL_setSYSOSCFreq)
                  00001828    0000001c     ti_msp_dl_config.o (.text.DL_SYSCTL_setULPCLKDivider)
                  00001844    0000001c     driverlib.a : dl_timer.o (.text.DL_Timer_setClockConfig)
                  00001860    0000001a     ti_msp_dl_config.o (.text.DL_ADC12_setSubscriberChanID)
                  0000187a    00000002     --HOLE-- [fill = 0]
                  0000187c    00000018     ti_msp_dl_config.o (.text.DL_ADC12_enablePower)
                  00001894    00000018     ti_msp_dl_config.o (.text.DL_ADC12_reset)
                  000018ac    00000018     ti_msp_dl_config.o (.text.DL_ADC12_setSampleTime0)
                  000018c4    00000018     ti_msp_dl_config.o (.text.DL_GPIO_enableOutput)
                  000018dc    00000018     ti_msp_dl_config.o (.text.DL_GPIO_enablePower)
                  000018f4    00000018     ti_msp_dl_config.o (.text.DL_GPIO_initDigitalOutput)
                  0000190c    00000018     ti_msp_dl_config.o (.text.DL_GPIO_reset)
                  00001924    00000018     oled.o (.text.DL_GPIO_setPins)
                  0000193c    00000018     ti_msp_dl_config.o (.text.DL_SYSCTL_setBORThreshold)
                  00001954    00000018     ti_msp_dl_config.o (.text.DL_Timer_enablePower)
                  0000196c    00000018     ti_msp_dl_config.o (.text.DL_Timer_reset)
                  00001984    00000018     ti_msp_dl_config.o (.text.DL_UART_enablePower)
                  0000199c    00000018     empty.o (.text.DL_UART_isBusy)
                  000019b4    00000018     empty.o (.text.DL_UART_isTXFIFOEmpty)
                  000019cc    00000018     ti_msp_dl_config.o (.text.DL_UART_reset)
                  000019e4    00000018     ti_msp_dl_config.o (.text.SYSCFG_DL_SYSCTL_CLK_init)
                  000019fc    00000016     ti_msp_dl_config.o (.text.DL_ADC12_enableConversions)
                  00001a12    00000016     ti_msp_dl_config.o (.text.DL_UART_enable)
                  00001a28    00000016     empty.o (.text.DL_UART_transmitData)
                  00001a3e    00000014     oled.o (.text.DL_GPIO_clearPins)
                  00001a52    00000014     ti_msp_dl_config.o (.text.DL_GPIO_clearPins)
                  00001a66    00000002     --HOLE-- [fill = 0]
                  00001a68    00000014     ti_msp_dl_config.o (.text.DL_SYSCTL_disableSYSPLL)
                  00001a7c    00000014     ti_msp_dl_config.o (.text.DL_Timer_enableClock)
                  00001a90    00000012     empty.o (.text.DL_ADC12_getPendingInterrupt)
                  00001aa2    00000012     driverlib.a : dl_uart.o (.text.DL_UART_setClockConfig)
                  00001ab4    00000012     libc.a : memcpy16.S.obj (.text:TI_memcpy_small)
                  00001ac6    00000012            : copy_decompress_none.c.obj (.text:decompress:none)
                  00001ad8    00000010     ti_msp_dl_config.o (.text.DL_SYSCTL_disableHFXT)
                  00001ae8    00000010     libc.a : copy_zero_init.c.obj (.text:decompress:ZI)
                  00001af8    0000000e            : memset16.S.obj (.text:TI_memset_small)
                  00001b06    00000002     --HOLE-- [fill = 0]
                  00001b08    0000000c     ti_msp_dl_config.o (.text.DL_SYSCTL_getClockStatus)
                  00001b14    0000000c     libclang_rt.builtins.a : aeabi_memset.S.obj (.text.__aeabi_memclr)
                  00001b20    0000000a     driverlib.a : dl_common.o (.text.DL_Common_delayCycles)
                  00001b2a    00000008     ti_msp_dl_config.o (.text.SYSCFG_DL_DMA_init)
                  00001b32    00000002     --HOLE-- [fill = 0]
                  00001b34    00000008     libclang_rt.builtins.a : aeabi_memcpy.S.obj (.text.__aeabi_memcpy)
                  00001b3c    00000006     libc.a : exit.c.obj (.text:abort)
                  00001b42    00000004     libsysbm.a : hostexit.c.obj (.text.HOSTexit)
                  00001b46    00000004     startup_mspm0g350x_ticlang.o (.text.Reset_Handler)
                  00001b4a    00000004     libc.a : pre_init.c.obj (.text._system_pre_init)
                  00001b4e    00000002     --HOLE-- [fill = 0]

.cinit     0    00002bf8    00000030     
                  00002bf8    0000000c     (__TI_handler_table)
                  00002c04    00000008     (.cinit..bss.load) [load image, compression = zero_init]
                  00002c0c    00000007     (.cinit..data.load) [load image, compression = lzss]
                  00002c13    00000001     --HOLE-- [fill = 0]
                  00002c14    00000010     (__TI_cinit_table)
                  00002c24    00000004     --HOLE-- [fill = 0]

.rodata    0    00001b50    000010a8     
                  00001b50    00000804     arm_cortexM0l_math.a : arm_common_tables.o (.rodata.sinTable_f32)
                  00002354    000005f0     oled.o (.rodata.asc2_1608)
                  00002944    00000228     oled.o (.rodata.asc2_0806)
                  00002b6c    00000018     ti_msp_dl_config.o (.rodata.gDMA_CH0Config)
                  00002b84    00000014     ti_msp_dl_config.o (.rodata.gTIMER_0TimerConfig)
                  00002b98    00000013     empty.o (.rodata.hello_msg)
                  00002bab    0000000c     empty.o (.rodata.str1.16704889451495720520.1)
                  00002bb7    0000000b     empty.o (.rodata.str1.7401042497206923953.1)
                  00002bc2    0000000a     ti_msp_dl_config.o (.rodata.gUART_0Config)
                  00002bcc    00000009     empty.o (.rodata.str1.17669528882079347314.1)
                  00002bd5    00000003     ti_msp_dl_config.o (.rodata.gTIMER_0ClockConfig)
                  00002bd8    00000008     ti_msp_dl_config.o (.rodata.gADC12_0ClockConfig)
                  00002be0    00000007     empty.o (.rodata.str1.14685083708502177989.1)
                  00002be7    00000006     empty.o (.rodata.str1.9517790425240694019.1)
                  00002bed    00000005     empty.o (.rodata.str1.11898133897667081452.1)
                  00002bf2    00000004     empty.o (.rodata.str1.254342170260855183.1)
                  00002bf6    00000002     ti_msp_dl_config.o (.rodata.gUART_0ClockConfig)

.init_array 
*          0    00000000    00000000     UNINITIALIZED

.binit     0    00000000    00000000     

.bss       0    20200000    000050d8     UNINITIALIZED
                  20200000    00002000     (.common:FFT_OUTPUT)
                  20202000    00002000     (.common:hann_window)
                  20204000    00001000     (.common:gADCSamples)
                  20205000    000000bc     (.common:gTIMER_0Backup)
                  202050bc    0000001b     (.common:USART_TX_BUF)
                  202050d7    00000001     (.common:gCheckADC)

.data      0    202050d8    00000004     UNINITIALIZED
                  202050d8    00000004     empty.o (.data.FFT_OUTPUT_MAX_index)

.stack     0    20207e00    00000200     UNINITIALIZED
                  20207e00    00000004     libc.a : boot_cortex_m.c.obj (.stack)
                  20207e04    000001fc     --HOLE--

__llvm_prf_cnts 
*          0    20200000    00000000     UNINITIALIZED

__llvm_prf_bits 
*          0    20200000    00000000     UNINITIALIZED

MODULE SUMMARY

       Module                         code   ro data   rw data
       ------                         ----   -------   -------
    .\
       empty.o                        1058   73        20512  
       ti_msp_dl_config.o             1830   67        188    
       startup_mspm0g350x_ticlang.o   8      192       0      
    +--+------------------------------+------+---------+---------+
       Total:                         2896   332       20700  
                                                              
    .\OLED\
       oled.o                         1240   2072      0      
    +--+------------------------------+------+---------+---------+
       Total:                         1240   2072      0      
                                                              
    C:/ti/mspm0_sdk_2_04_00_06/source/third_party/CMSIS/DSP/lib/ticlang/m0p/arm_cortexM0l_math.a
       arm_common_tables.o            0      2052      0      
       arm_cos_f32.o                  176    0         0      
    +--+------------------------------+------+---------+---------+
       Total:                         176    2052      0      
                                                              
    C:/ti/mspm0_sdk_2_04_00_06/source/ti/driverlib/lib/ticlang/m0p/mspm0g1x0x_g3x0x/driverlib.a
       dl_timer.o                     260    0         0      
       dl_uart.o                      90     0         0      
       dl_dma.o                       76     0         0      
       dl_adc12.o                     64     0         0      
       dl_common.o                    10     0         0      
    +--+------------------------------+------+---------+---------+
       Total:                         500    0         0      
                                                              
    C:\ti\ccs2010\ccs\tools\compiler\ti-cgt-armllvm_4.0.2.LTS\lib\armv6m-ti-none-eabi/c/libc.a
       copy_decompress_lzss.c.obj     124    0         0      
       autoinit.c.obj                 60     0         0      
       boot_cortex_m.c.obj            40     0         0      
       copy_decompress_none.c.obj     18     0         0      
       memcpy16.S.obj                 18     0         0      
       copy_zero_init.c.obj           16     0         0      
       memset16.S.obj                 14     0         0      
       exit.c.obj                     6      0         0      
       pre_init.c.obj                 4      0         0      
    +--+------------------------------+------+---------+---------+
       Total:                         300    0         0      
                                                              
    C:\ti\ccs2010\ccs\tools\compiler\ti-cgt-armllvm_4.0.2.LTS\lib\armv6m-ti-none-eabi/c/libsysbm.a
       hostexit.c.obj                 4      0         0      
    +--+------------------------------+------+---------+---------+
       Total:                         4      0         0      
                                                              
    C:\ti\ccs2010\ccs\tools\compiler\ti-cgt-armllvm_4.0.2.LTS\lib\armv6m-ti-none-eabi/libclang_rt.builtins.a
       divdf3.S.obj                   268    0         0      
       muldf3.S.obj                   228    0         0      
       addsf3.S.obj                   216    0         0      
       mulsf3.S.obj                   140    0         0      
       divsf3.S.obj                   130    0         0      
       comparesf2.S.obj               118    0         0      
       truncdfsf2.S.obj               116    0         0      
       aeabi_fcmp.S.obj               98     0         0      
       aeabi_uidivmod.S.obj           64     0         0      
       floatsisf.S.obj                60     0         0      
       muldsi3.S.obj                  58     0         0      
       fixsfsi.S.obj                  56     0         0      
       floatsidf.S.obj                44     0         0      
       floatunsisf.S.obj              40     0         0      
       aeabi_memset.S.obj             12     0         0      
       aeabi_memcpy.S.obj             8      0         0      
       aeabi_div0.c.obj               2      0         0      
    +--+------------------------------+------+---------+---------+
       Total:                         1658   0         0      
                                                              
       Stack:                         0      0         512    
       Linker Generated:              0      43        0      
    +--+------------------------------+------+---------+---------+
       Grand Total:                   6774   4499      21212  


LINKER GENERATED COPY TABLES

__TI_cinit_table @ 00002c14 records: 2, size/record: 8, table size: 16
	.bss: load addr=00002c04, load size=00000008 bytes, run addr=20200000, run size=000050d8 bytes, compression=zero_init
	.data: load addr=00002c0c, load size=00000007 bytes, run addr=202050d8, run size=00000004 bytes, compression=lzss


LINKER GENERATED HANDLER TABLE

__TI_handler_table @ 00002bf8 records: 3, size/record: 4, table size: 12
	index: 0, handler: __TI_decompress_lzss
	index: 1, handler: __TI_decompress_none
	index: 2, handler: __TI_zero_init


GLOBAL SYMBOLS: SORTED ALPHABETICALLY BY Name 

address   name                          
-------   ----                          
000016e9  ADC0_IRQHandler               
00000c7d  ADC1_IRQHandler               
00000c7d  AES_IRQHandler                
00001b42  C$$EXIT                       
00000c7d  CANFD0_IRQHandler             
00000c7d  DAC0_IRQHandler               
00001145  DL_ADC12_setClockConfig       
00001b21  DL_Common_delayCycles         
00000f91  DL_DMA_initChannel            
000005f9  DL_Timer_initTimerMode        
00001845  DL_Timer_setClockConfig       
00001075  DL_UART_init                  
00001aa3  DL_UART_setClockConfig        
00000c7d  DMA_IRQHandler                
00000c7d  Default_Handler               
20200000  FFT_OUTPUT                    
202050d8  FFT_OUTPUT_MAX_index          
00000c7d  GROUP0_IRQHandler             
00000c7d  GROUP1_IRQHandler             
00001b43  HOSTexit                      
00000c7d  HardFault_Handler             
00000c7d  I2C0_IRQHandler               
00000c7d  I2C1_IRQHandler               
000013a5  I2C_Start                     
00001445  I2C_Stop                      
00001475  I2C_WaitAck                   
00000c7d  NMI_Handler                   
00000d65  OLED_Clear                    
000004fd  OLED_Init                     
00001205  OLED_Set_Pos                  
000002d9  OLED_ShowChar                 
00000cf5  OLED_ShowString               
00000ef5  OLED_WR_Byte                  
00000c7d  PendSV_Handler                
00000c7d  RTC_IRQHandler                
00001b47  Reset_Handler                 
00000c7d  SPI0_IRQHandler               
00000c7d  SPI1_IRQHandler               
00000c7d  SVC_Handler                   
000009e5  SYSCFG_DL_ADC12_0_init        
00001501  SYSCFG_DL_DMA_CH0_init        
00001b2b  SYSCFG_DL_DMA_init            
00001185  SYSCFG_DL_GPIO_init           
000019e5  SYSCFG_DL_SYSCTL_CLK_init     
00001585  SYSCFG_DL_SYSCTL_init         
000010bd  SYSCFG_DL_TIMER_0_init        
00001101  SYSCFG_DL_UART_0_init         
000014a5  SYSCFG_DL_init                
00000dd1  SYSCFG_DL_initPower           
00000b85  Send_Byte                     
00000c7d  SysTick_Handler               
00000c7d  TIMA0_IRQHandler              
00000c7d  TIMA1_IRQHandler              
00000c7d  TIMG0_IRQHandler              
00000c7d  TIMG12_IRQHandler             
00000c7d  TIMG6_IRQHandler              
00000c7d  TIMG7_IRQHandler              
00000c7d  TIMG8_IRQHandler              
00001ab5  TI_memcpy_small               
00001af9  TI_memset_small               
00000c7d  UART0_IRQHandler              
00000c7d  UART1_IRQHandler              
00000c7d  UART2_IRQHandler              
00000c7d  UART3_IRQHandler              
202050bc  USART_TX_BUF                  
20208000  __STACK_END                   
00000200  __STACK_SIZE                  
00000000  __TI_ATRegion0_region_sz      
00000000  __TI_ATRegion0_src_addr       
00000000  __TI_ATRegion0_trg_addr       
00000000  __TI_ATRegion1_region_sz      
00000000  __TI_ATRegion1_src_addr       
00000000  __TI_ATRegion1_trg_addr       
00000000  __TI_ATRegion2_region_sz      
00000000  __TI_ATRegion2_src_addr       
00000000  __TI_ATRegion2_trg_addr       
00002c14  __TI_CINIT_Base               
00002c24  __TI_CINIT_Limit              
00002c24  __TI_CINIT_Warm               
00002bf8  __TI_Handler_Table_Base       
00002c04  __TI_Handler_Table_Limit      
000012b9  __TI_auto_init_nobinit_nopinit
00000c01  __TI_decompress_lzss          
00001ac7  __TI_decompress_none          
ffffffff  __TI_pprof_out_hndl           
ffffffff  __TI_prof_data_size           
ffffffff  __TI_prof_data_start          
00000000  __TI_static_base__            
00001ae9  __TI_zero_init                
000007cf  __addsf3                      
00000c81  __aeabi_d2f                   
000003f1  __aeabi_ddiv                  
000006e1  __aeabi_dmul                  
000013dd  __aeabi_f2iz                  
000007cf  __aeabi_fadd                  
00000e39  __aeabi_fcmpeq                
00000e75  __aeabi_fcmpge                
00000e89  __aeabi_fcmpgt                
00000e61  __aeabi_fcmple                
00000e4d  __aeabi_fcmplt                
00000b01  __aeabi_fdiv                  
00000a75  __aeabi_fmul                  
000007c5  __aeabi_fsub                  
00001559  __aeabi_i2d                   
00001241  __aeabi_i2f                   
000005f7  __aeabi_idiv0                 
00001b15  __aeabi_memclr                
00001b15  __aeabi_memclr4               
00001b15  __aeabi_memclr8               
00001b35  __aeabi_memcpy                
00001b35  __aeabi_memcpy4               
00001b35  __aeabi_memcpy8               
00001651  __aeabi_ui2f                  
000011c5  __aeabi_uidiv                 
000011c5  __aeabi_uidivmod              
ffffffff  __binit__                     
000012f5  __cmpsf2                      
000003f1  __divdf3                      
00000b01  __divsf3                      
000012f5  __eqsf2                       
000013dd  __fixsfsi                     
00001559  __floatsidf                   
00001241  __floatsisf                   
00001651  __floatunsisf                 
0000127d  __gesf2                       
0000127d  __gtsf2                       
000012f5  __lesf2                       
000012f5  __ltsf2                       
UNDEFED   __mpu_init                    
000006e1  __muldf3                      
00001331  __muldsi3                     
00000a75  __mulsf3                      
000012f5  __nesf2                       
20207e00  __stack                       
20200000  __start___llvm_prf_bits       
20200000  __start___llvm_prf_cnts       
20200000  __stop___llvm_prf_bits        
20200000  __stop___llvm_prf_cnts        
000007c5  __subsf3                      
00000c81  __truncdfsf2                  
00001679  _c_int00_noargs               
UNDEFED   _system_post_cinit            
00001b4b  _system_pre_init              
00001b3d  abort                         
0000089d  arm_cos_f32                   
00002944  asc2_0806                     
00002354  asc2_1608                     
ffffffff  binit                         
000016c7  delay_ms                      
20204000  gADCSamples                   
202050d7  gCheckADC                     
20205000  gTIMER_0Backup                
20202000  hann_window                   
00002b98  hello_msg                     
00000000  interruptVectors              
000000c1  main                          
00000e9d  sendBluetoothData             
00001b50  sinTable_f32                  
0000094d  switchwave                    


GLOBAL SYMBOLS: SORTED BY Symbol Address 

address   name                          
-------   ----                          
00000000  __TI_ATRegion0_region_sz      
00000000  __TI_ATRegion0_src_addr       
00000000  __TI_ATRegion0_trg_addr       
00000000  __TI_ATRegion1_region_sz      
00000000  __TI_ATRegion1_src_addr       
00000000  __TI_ATRegion1_trg_addr       
00000000  __TI_ATRegion2_region_sz      
00000000  __TI_ATRegion2_src_addr       
00000000  __TI_ATRegion2_trg_addr       
00000000  __TI_static_base__            
00000000  interruptVectors              
000000c1  main                          
00000200  __STACK_SIZE                  
000002d9  OLED_ShowChar                 
000003f1  __aeabi_ddiv                  
000003f1  __divdf3                      
000004fd  OLED_Init                     
000005f7  __aeabi_idiv0                 
000005f9  DL_Timer_initTimerMode        
000006e1  __aeabi_dmul                  
000006e1  __muldf3                      
000007c5  __aeabi_fsub                  
000007c5  __subsf3                      
000007cf  __addsf3                      
000007cf  __aeabi_fadd                  
0000089d  arm_cos_f32                   
0000094d  switchwave                    
000009e5  SYSCFG_DL_ADC12_0_init        
00000a75  __aeabi_fmul                  
00000a75  __mulsf3                      
00000b01  __aeabi_fdiv                  
00000b01  __divsf3                      
00000b85  Send_Byte                     
00000c01  __TI_decompress_lzss          
00000c7d  ADC1_IRQHandler               
00000c7d  AES_IRQHandler                
00000c7d  CANFD0_IRQHandler             
00000c7d  DAC0_IRQHandler               
00000c7d  DMA_IRQHandler                
00000c7d  Default_Handler               
00000c7d  GROUP0_IRQHandler             
00000c7d  GROUP1_IRQHandler             
00000c7d  HardFault_Handler             
00000c7d  I2C0_IRQHandler               
00000c7d  I2C1_IRQHandler               
00000c7d  NMI_Handler                   
00000c7d  PendSV_Handler                
00000c7d  RTC_IRQHandler                
00000c7d  SPI0_IRQHandler               
00000c7d  SPI1_IRQHandler               
00000c7d  SVC_Handler                   
00000c7d  SysTick_Handler               
00000c7d  TIMA0_IRQHandler              
00000c7d  TIMA1_IRQHandler              
00000c7d  TIMG0_IRQHandler              
00000c7d  TIMG12_IRQHandler             
00000c7d  TIMG6_IRQHandler              
00000c7d  TIMG7_IRQHandler              
00000c7d  TIMG8_IRQHandler              
00000c7d  UART0_IRQHandler              
00000c7d  UART1_IRQHandler              
00000c7d  UART2_IRQHandler              
00000c7d  UART3_IRQHandler              
00000c81  __aeabi_d2f                   
00000c81  __truncdfsf2                  
00000cf5  OLED_ShowString               
00000d65  OLED_Clear                    
00000dd1  SYSCFG_DL_initPower           
00000e39  __aeabi_fcmpeq                
00000e4d  __aeabi_fcmplt                
00000e61  __aeabi_fcmple                
00000e75  __aeabi_fcmpge                
00000e89  __aeabi_fcmpgt                
00000e9d  sendBluetoothData             
00000ef5  OLED_WR_Byte                  
00000f91  DL_DMA_initChannel            
00001075  DL_UART_init                  
000010bd  SYSCFG_DL_TIMER_0_init        
00001101  SYSCFG_DL_UART_0_init         
00001145  DL_ADC12_setClockConfig       
00001185  SYSCFG_DL_GPIO_init           
000011c5  __aeabi_uidiv                 
000011c5  __aeabi_uidivmod              
00001205  OLED_Set_Pos                  
00001241  __aeabi_i2f                   
00001241  __floatsisf                   
0000127d  __gesf2                       
0000127d  __gtsf2                       
000012b9  __TI_auto_init_nobinit_nopinit
000012f5  __cmpsf2                      
000012f5  __eqsf2                       
000012f5  __lesf2                       
000012f5  __ltsf2                       
000012f5  __nesf2                       
00001331  __muldsi3                     
000013a5  I2C_Start                     
000013dd  __aeabi_f2iz                  
000013dd  __fixsfsi                     
00001445  I2C_Stop                      
00001475  I2C_WaitAck                   
000014a5  SYSCFG_DL_init                
00001501  SYSCFG_DL_DMA_CH0_init        
00001559  __aeabi_i2d                   
00001559  __floatsidf                   
00001585  SYSCFG_DL_SYSCTL_init         
00001651  __aeabi_ui2f                  
00001651  __floatunsisf                 
00001679  _c_int00_noargs               
000016c7  delay_ms                      
000016e9  ADC0_IRQHandler               
00001845  DL_Timer_setClockConfig       
000019e5  SYSCFG_DL_SYSCTL_CLK_init     
00001aa3  DL_UART_setClockConfig        
00001ab5  TI_memcpy_small               
00001ac7  __TI_decompress_none          
00001ae9  __TI_zero_init                
00001af9  TI_memset_small               
00001b15  __aeabi_memclr                
00001b15  __aeabi_memclr4               
00001b15  __aeabi_memclr8               
00001b21  DL_Common_delayCycles         
00001b2b  SYSCFG_DL_DMA_init            
00001b35  __aeabi_memcpy                
00001b35  __aeabi_memcpy4               
00001b35  __aeabi_memcpy8               
00001b3d  abort                         
00001b42  C$$EXIT                       
00001b43  HOSTexit                      
00001b47  Reset_Handler                 
00001b4b  _system_pre_init              
00001b50  sinTable_f32                  
00002354  asc2_1608                     
00002944  asc2_0806                     
00002b98  hello_msg                     
00002bf8  __TI_Handler_Table_Base       
00002c04  __TI_Handler_Table_Limit      
00002c14  __TI_CINIT_Base               
00002c24  __TI_CINIT_Limit              
00002c24  __TI_CINIT_Warm               
20200000  FFT_OUTPUT                    
20200000  __start___llvm_prf_bits       
20200000  __start___llvm_prf_cnts       
20200000  __stop___llvm_prf_bits        
20200000  __stop___llvm_prf_cnts        
20202000  hann_window                   
20204000  gADCSamples                   
20205000  gTIMER_0Backup                
202050bc  USART_TX_BUF                  
202050d7  gCheckADC                     
202050d8  FFT_OUTPUT_MAX_index          
20207e00  __stack                       
20208000  __STACK_END                   
ffffffff  __TI_pprof_out_hndl           
ffffffff  __TI_prof_data_size           
ffffffff  __TI_prof_data_start          
ffffffff  __binit__                     
ffffffff  binit                         
UNDEFED   __mpu_init                    
UNDEFED   _system_post_cinit            

[159 symbols]
