******************************************************************************
            TI ARM Clang Linker PC v4.0.2                      
******************************************************************************
>> Linked Thu May  1 14:42:09 2025

OUTPUT FILE NAME:   <empty_LP_MSPM0G3507_nortos_ticlang.out>
ENTRY POINT SYMBOL: "_c_int00_noargs"  address: 0000858d


MEMORY CONFIGURATION

         name            origin    length      used     unused   attr    fill
----------------------  --------  ---------  --------  --------  ----  --------
  FLASH                 00000000   00020000  00008750  000178b0  R  X
  SRAM                  20200000   00008000  000072cd  00000d33  RW X
  BCR_CONFIG            41c00000   000000ff  00000000  000000ff  R   
  BSL_CONFIG            41c00100   00000080  00000000  00000080  R   


SEGMENT ALLOCATION MAP

run origin  load origin   length   init length attrs members
----------  ----------- ---------- ----------- ----- -------
00000000    00000000    00008750   00008750    r-x
  00000000    00000000    000000c0   000000c0    r-- .intvecs
  000000c0    000000c0    00005e08   00005e08    r-- .rodata
  00005ec8    00005ec8    00002858   00002858    r-x .text
  00008720    00008720    00000030   00000030    r-- .cinit
20200000    20200000    000070d0   00000000    rw-
  20200000    20200000    000070bd   00000000    rw- .bss
  202070c0    202070c0    00000010   00000000    rw- .data
20207e00    20207e00    00000200   00000000    rw-
  20207e00    20207e00    00000200   00000000    rw- .stack


SECTION ALLOCATION MAP

 output                                  attributes/
section   page    origin      length       input sections
--------  ----  ----------  ----------   ----------------
.intvecs   0    00000000    000000c0     
                  00000000    000000c0     startup_mspm0g350x_ticlang.o (.intvecs)

.text      0    00005ec8    00002858     
                  00005ec8    000008cc     arm_cortexM0l_math.a : arm_cfft_radix8_f32.o (.text.arm_radix8_butterfly_f32)
                  00006794    0000076e                          : arm_cfft_f32.o (.text.arm_cfft_radix8by4_f32)
                  00006f02    000002b0                          : arm_cfft_f32.o (.text.arm_cfft_radix8by2_f32)
                  000071b2    00000002     startup_mspm0g350x_ticlang.o (.text.Default_Handler)
                  000071b4    000001c0     arm_cortexM0l_math.a : arm_cfft_f32.o (.text.arm_cfft_f32)
                  00007374    00000168                          : arm_cmplx_mag_f32.o (.text.arm_cmplx_mag_f32)
                  000074dc    0000014c     empty.o (.text.findbase)
                  00007628    00000112     arm_cortexM0l_math.a : arm_bitreversal2.o (.text.arm_bitreversal_32)
                  0000773a    00000002     ti_msp_dl_config.o (.text.SYSCFG_DL_GPIO_init)
                  0000773c    0000010c     libclang_rt.builtins.a : divdf3.S.obj (.text.__divdf3)
                  00007848    000000e8     driverlib.a : dl_timer.o (.text.DL_Timer_initTimerMode)
                  00007930    000000d8     libclang_rt.builtins.a : addsf3.S.obj (.text)
                  00007a08    000000d0     empty.o (.text.findfreq)
                  00007ad8    000000a0     libc.a : e_sqrtf.c.obj (.text.sqrtf)
                  00007b78    0000009a            : memcpy16.S.obj (.text:memcpy)
                  00007c12    00000002     libclang_rt.builtins.a : aeabi_div0.c.obj (.text.__aeabi_idiv0)
                  00007c14    00000094     ti_msp_dl_config.o (.text.SYSCFG_DL_ADC12_0_init)
                  00007ca8    0000008c     libclang_rt.builtins.a : mulsf3.S.obj (.text.__mulsf3)
                  00007d34    00000082                            : divsf3.S.obj (.text.__divsf3)
                  00007db6    00000002     --HOLE-- [fill = 0]
                  00007db8    0000007c     libc.a : copy_decompress_lzss.c.obj (.text:decompress:lzss)
                  00007e34    00000074     libclang_rt.builtins.a : comparedf2.c.obj (.text.__gedf2)
                  00007ea8    0000006c     empty.o (.text.StartAdc)
                  00007f14    00000068     libclang_rt.builtins.a : comparedf2.c.obj (.text.__ledf2)
                  00007f7c    00000062                            : aeabi_dcmp.S.obj (.text.__aeabi_dcmp)
                  00007fde    00000002     --HOLE-- [fill = 0]
                  00007fe0    00000062                            : aeabi_fcmp.S.obj (.text.__aeabi_fcmp)
                  00008042    00000062     libc.a : memset16.S.obj (.text:memset)
                  000080a4    00000060     arm_cortexM0l_math.a : arm_max_f32.o (.text.arm_max_f32)
                  00008104    00000060     empty.o (.text.main)
                  00008164    0000004c     driverlib.a : dl_dma.o (.text.DL_DMA_initChannel)
                  000081b0    0000004a     libclang_rt.builtins.a : fixdfsi.S.obj (.text.__fixdfsi)
                  000081fa    00000002     --HOLE-- [fill = 0]
                  000081fc    00000040     driverlib.a : dl_adc12.o (.text.DL_ADC12_setClockConfig)
                  0000823c    00000040     ti_msp_dl_config.o (.text.SYSCFG_DL_SYSCTL_init)
                  0000827c    00000040     ti_msp_dl_config.o (.text.SYSCFG_DL_TIMER_0_init)
                  000082bc    00000040     ti_msp_dl_config.o (.text.SYSCFG_DL_initPower)
                  000082fc    00000040     libclang_rt.builtins.a : aeabi_uidivmod.S.obj (.text.__aeabi_uidivmod)
                  0000833c    00000040                            : extendsfdf2.S.obj (.text.__extendsfdf2)
                  0000837c    0000003c                            : comparesf2.S.obj (.text.__gtsf2)
                  000083b8    0000003c     libc.a : autoinit.c.obj (.text:__TI_auto_init_nobinit_nopinit)
                  000083f4    0000003a     libclang_rt.builtins.a : comparesf2.S.obj (.text.__eqsf2)
                  0000842e    00000002     --HOLE-- [fill = 0]
                  00008430    0000003a                            : muldsi3.S.obj (.text.__muldsi3)
                  0000846a    00000002     --HOLE-- [fill = 0]
                  0000846c    0000002c     empty.o (.text.__NVIC_EnableIRQ)
                  00008498    0000002c     libclang_rt.builtins.a : floatsidf.S.obj (.text.__floatsidf)
                  000084c4    00000028     empty.o (.text.ADC1_IRQHandler)
                  000084ec    00000028     empty.o (.text.DL_DMA_setDestAddr)
                  00008514    00000028     empty.o (.text.DL_DMA_setSrcAddr)
                  0000853c    00000028     ti_msp_dl_config.o (.text.SYSCFG_DL_init)
                  00008564    00000028     libclang_rt.builtins.a : floatunsisf.S.obj (.text.__floatunsisf)
                  0000858c    00000028     libc.a : boot_cortex_m.c.obj (.text:_c_int00_noargs)
                  000085b4    00000026     empty.o (.text.DL_DMA_enableChannel)
                  000085da    00000002     --HOLE-- [fill = 0]
                  000085dc    00000024     ti_msp_dl_config.o (.text.SYSCFG_DL_DMA_CH0_init)
                  00008600    0000001c     empty.o (.text.DL_ADC12_startConversion)
                  0000861c    0000001c     driverlib.a : dl_timer.o (.text.DL_Timer_setClockConfig)
                  00008638    00000018     empty.o (.text.DL_ADC12_getSampleTime0)
                  00008650    00000018     empty.o (.text.DL_ADC12_setSampleTime0)
                  00008668    00000016     empty.o (.text.DL_ADC12_disableConversions)
                  0000867e    00000016     empty.o (.text.DL_ADC12_enableConversions)
                  00008694    00000014     empty.o (.text.DL_ADC12_getFIFOAddress)
                  000086a8    00000012     empty.o (.text.DL_ADC12_getPendingInterrupt)
                  000086ba    00000012     libc.a : copy_decompress_none.c.obj (.text:decompress:none)
                  000086cc    00000010            : copy_zero_init.c.obj (.text:decompress:ZI)
                  000086dc    0000000c     libclang_rt.builtins.a : aeabi_memset.S.obj (.text.__aeabi_memclr)
                  000086e8    0000000a     driverlib.a : dl_common.o (.text.DL_Common_delayCycles)
                  000086f2    00000008     ti_msp_dl_config.o (.text.SYSCFG_DL_DMA_init)
                  000086fa    00000002     --HOLE-- [fill = 0]
                  000086fc    00000008     libc.a : aeabi_portable.c.obj (.text.__aeabi_errno_addr)
                  00008704    00000008     libclang_rt.builtins.a : aeabi_memcpy.S.obj (.text.__aeabi_memcpy)
                  0000870c    00000006     libc.a : exit.c.obj (.text:abort)
                  00008712    00000004     libsysbm.a : hostexit.c.obj (.text.HOSTexit)
                  00008716    00000004     startup_mspm0g350x_ticlang.o (.text.Reset_Handler)
                  0000871a    00000004     libc.a : pre_init.c.obj (.text._system_pre_init)
                  0000871e    00000002     --HOLE-- [fill = 0]

.cinit     0    00008720    00000030     
                  00008720    0000000c     (__TI_handler_table)
                  0000872c    0000000b     (.cinit..data.load) [load image, compression = lzss]
                  00008737    00000001     --HOLE-- [fill = 0]
                  00008738    00000008     (.cinit..bss.load) [load image, compression = zero_init]
                  00008740    00000010     (__TI_cinit_table)

.rodata    0    000000c0    00005e08     
                  000000c0    00004000     arm_cortexM0l_math.a : arm_common_tables.o (.rodata.twiddleCoef_2048)
                  000040c0    00001dc0                          : arm_common_tables.o (.rodata.armBitRevIndexTable2048)
                  00005e80    00000018     ti_msp_dl_config.o (.rodata.gDMA_CH0Config)
                  00005e98    00000014     ti_msp_dl_config.o (.rodata.gTIMER_0TimerConfig)
                  00005eac    00000010     arm_cortexM0l_math.a : arm_const_structs.o (.rodata.arm_cfft_sR_f32_len2048)
                  00005ebc    00000008     ti_msp_dl_config.o (.rodata.gADC12_0ClockConfig)
                  00005ec4    00000003     ti_msp_dl_config.o (.rodata.gTIMER_0ClockConfig)
                  00005ec7    00000001     --HOLE-- [fill = 0]

.init_array 
*          0    00000000    00000000     UNINITIALIZED

.binit     0    00000000    00000000     

.bss       0    20200000    000070bd     UNINITIALIZED
                  20200000    00004000     (.common:FFT_INPUT)
                  20204000    00002000     (.common:FFT_OUTPUT)
                  20206000    00001000     (.common:gADCSamples)
                  20207000    000000bc     (.common:gTIMER_0Backup)
                  202070bc    00000001     (.common:gCheckADC)

.data      0    202070c0    00000010     UNINITIALIZED
                  202070c0    00000004     empty.o (.data.FFT_OUTPUT_MAX)
                  202070c4    00000004     empty.o (.data.FFT_OUTPUT_MAX_index)
                  202070c8    00000004     libc.a : aeabi_portable.c.obj (.data.__aeabi_errno)
                  202070cc    00000004     empty.o (.data.adc_fs)

.stack     0    20207e00    00000200     UNINITIALIZED
                  20207e00    00000004     libc.a : boot_cortex_m.c.obj (.stack)
                  20207e04    000001fc     --HOLE--

__llvm_prf_cnts 
*          0    20200000    00000000     UNINITIALIZED

__llvm_prf_bits 
*          0    20200000    00000000     UNINITIALIZED

MODULE SUMMARY

       Module                         code    ro data   rw data
       ------                         ----    -------   -------
    .\
       empty.o                        1104    0         28685  
       ti_msp_dl_config.o             426     55        188    
       startup_mspm0g350x_ticlang.o   6       192       0      
    +--+------------------------------+-------+---------+---------+
       Total:                         1536    247       28873  
                                                               
    C:/ti/mspm0_sdk_2_04_00_06/source/third_party/CMSIS/DSP/lib/ticlang/m0p/arm_cortexM0l_math.a
       arm_common_tables.o            0       24000     0      
       arm_cfft_f32.o                 3038    0         0      
       arm_cfft_radix8_f32.o          2252    0         0      
       arm_cmplx_mag_f32.o            360     0         0      
       arm_bitreversal2.o             274     0         0      
       arm_max_f32.o                  96      0         0      
       arm_const_structs.o            0       16        0      
    +--+------------------------------+-------+---------+---------+
       Total:                         6020    24016     0      
                                                               
    C:/ti/mspm0_sdk_2_04_00_06/source/ti/driverlib/lib/ticlang/m0p/mspm0g1x0x_g3x0x/driverlib.a
       dl_timer.o                     260     0         0      
       dl_dma.o                       76      0         0      
       dl_adc12.o                     64      0         0      
       dl_common.o                    10      0         0      
    +--+------------------------------+-------+---------+---------+
       Total:                         410     0         0      
                                                               
    C:\ti\ccs2010\ccs\tools\compiler\ti-cgt-armllvm_4.0.2.LTS\lib\armv6m-ti-none-eabi/c/libc.a
       e_sqrtf.c.obj                  160     0         0      
       memcpy16.S.obj                 154     0         0      
       copy_decompress_lzss.c.obj     124     0         0      
       memset16.S.obj                 98      0         0      
       autoinit.c.obj                 60      0         0      
       boot_cortex_m.c.obj            40      0         0      
       copy_decompress_none.c.obj     18      0         0      
       copy_zero_init.c.obj           16      0         0      
       aeabi_portable.c.obj           8       0         4      
       exit.c.obj                     6       0         0      
       pre_init.c.obj                 4       0         0      
    +--+------------------------------+-------+---------+---------+
       Total:                         688     0         4      
                                                               
    C:\ti\ccs2010\ccs\tools\compiler\ti-cgt-armllvm_4.0.2.LTS\lib\armv6m-ti-none-eabi/c/libsysbm.a
       hostexit.c.obj                 4       0         0      
    +--+------------------------------+-------+---------+---------+
       Total:                         4       0         0      
                                                               
    C:\ti\ccs2010\ccs\tools\compiler\ti-cgt-armllvm_4.0.2.LTS\lib\armv6m-ti-none-eabi/libclang_rt.builtins.a
       divdf3.S.obj                   268     0         0      
       comparedf2.c.obj               220     0         0      
       addsf3.S.obj                   216     0         0      
       mulsf3.S.obj                   140     0         0      
       divsf3.S.obj                   130     0         0      
       comparesf2.S.obj               118     0         0      
       aeabi_dcmp.S.obj               98      0         0      
       aeabi_fcmp.S.obj               98      0         0      
       fixdfsi.S.obj                  74      0         0      
       aeabi_uidivmod.S.obj           64      0         0      
       extendsfdf2.S.obj              64      0         0      
       muldsi3.S.obj                  58      0         0      
       floatsidf.S.obj                44      0         0      
       floatunsisf.S.obj              40      0         0      
       aeabi_memset.S.obj             12      0         0      
       aeabi_memcpy.S.obj             8       0         0      
       aeabi_div0.c.obj               2       0         0      
    +--+------------------------------+-------+---------+---------+
       Total:                         1654    0         0      
                                                               
       Stack:                         0       0         512    
       Linker Generated:              0       47        0      
    +--+------------------------------+-------+---------+---------+
       Grand Total:                   10312   24310     29389  


LINKER GENERATED COPY TABLES

__TI_cinit_table @ 00008740 records: 2, size/record: 8, table size: 16
	.data: load addr=0000872c, load size=0000000b bytes, run addr=202070c0, run size=00000010 bytes, compression=lzss
	.bss: load addr=00008738, load size=00000008 bytes, run addr=20200000, run size=000070bd bytes, compression=zero_init


LINKER GENERATED HANDLER TABLE

__TI_handler_table @ 00008720 records: 3, size/record: 4, table size: 12
	index: 0, handler: __TI_decompress_lzss
	index: 1, handler: __TI_decompress_none
	index: 2, handler: __TI_zero_init


GLOBAL SYMBOLS: SORTED ALPHABETICALLY BY Name 

address   name                          
-------   ----                          
000071b3  ADC0_IRQHandler               
000084c5  ADC1_IRQHandler               
000071b3  AES_IRQHandler                
00008712  C$$EXIT                       
000071b3  CANFD0_IRQHandler             
000071b3  DAC0_IRQHandler               
000081fd  DL_ADC12_setClockConfig       
000086e9  DL_Common_delayCycles         
00008165  DL_DMA_initChannel            
00007849  DL_Timer_initTimerMode        
0000861d  DL_Timer_setClockConfig       
000071b3  DMA_IRQHandler                
000071b3  Default_Handler               
20200000  FFT_INPUT                     
20204000  FFT_OUTPUT                    
202070c0  FFT_OUTPUT_MAX                
202070c4  FFT_OUTPUT_MAX_index          
000071b3  GROUP0_IRQHandler             
000071b3  GROUP1_IRQHandler             
00008713  HOSTexit                      
000071b3  HardFault_Handler             
000071b3  I2C0_IRQHandler               
000071b3  I2C1_IRQHandler               
000071b3  NMI_Handler                   
000071b3  PendSV_Handler                
000071b3  RTC_IRQHandler                
00008717  Reset_Handler                 
000071b3  SPI0_IRQHandler               
000071b3  SPI1_IRQHandler               
000071b3  SVC_Handler                   
00007c15  SYSCFG_DL_ADC12_0_init        
000085dd  SYSCFG_DL_DMA_CH0_init        
000086f3  SYSCFG_DL_DMA_init            
0000773b  SYSCFG_DL_GPIO_init           
0000823d  SYSCFG_DL_SYSCTL_init         
0000827d  SYSCFG_DL_TIMER_0_init        
0000853d  SYSCFG_DL_init                
000082bd  SYSCFG_DL_initPower           
00007ea9  StartAdc                      
000071b3  SysTick_Handler               
000071b3  TIMA0_IRQHandler              
000071b3  TIMA1_IRQHandler              
000071b3  TIMG0_IRQHandler              
000071b3  TIMG12_IRQHandler             
000071b3  TIMG6_IRQHandler              
000071b3  TIMG7_IRQHandler              
000071b3  TIMG8_IRQHandler              
000071b3  UART0_IRQHandler              
000071b3  UART1_IRQHandler              
000071b3  UART2_IRQHandler              
000071b3  UART3_IRQHandler              
20208000  __STACK_END                   
00000200  __STACK_SIZE                  
00000000  __TI_ATRegion0_region_sz      
00000000  __TI_ATRegion0_src_addr       
00000000  __TI_ATRegion0_trg_addr       
00000000  __TI_ATRegion1_region_sz      
00000000  __TI_ATRegion1_src_addr       
00000000  __TI_ATRegion1_trg_addr       
00000000  __TI_ATRegion2_region_sz      
00000000  __TI_ATRegion2_src_addr       
00000000  __TI_ATRegion2_trg_addr       
00008740  __TI_CINIT_Base               
00008750  __TI_CINIT_Limit              
00008750  __TI_CINIT_Warm               
00008720  __TI_Handler_Table_Base       
0000872c  __TI_Handler_Table_Limit      
000083b9  __TI_auto_init_nobinit_nopinit
00007db9  __TI_decompress_lzss          
000086bb  __TI_decompress_none          
ffffffff  __TI_pprof_out_hndl           
ffffffff  __TI_prof_data_size           
ffffffff  __TI_prof_data_start          
00000000  __TI_static_base__            
000086cd  __TI_zero_init                
0000793b  __addsf3                      
000081b1  __aeabi_d2iz                  
00007f7d  __aeabi_dcmpeq                
00007fb9  __aeabi_dcmpge                
00007fcd  __aeabi_dcmpgt                
00007fa5  __aeabi_dcmple                
00007f91  __aeabi_dcmplt                
0000773d  __aeabi_ddiv                  
202070c8  __aeabi_errno                 
000086fd  __aeabi_errno_addr            
0000833d  __aeabi_f2d                   
0000793b  __aeabi_fadd                  
00007fe1  __aeabi_fcmpeq                
0000801d  __aeabi_fcmpge                
00008031  __aeabi_fcmpgt                
00008009  __aeabi_fcmple                
00007ff5  __aeabi_fcmplt                
00007d35  __aeabi_fdiv                  
00007ca9  __aeabi_fmul                  
00007931  __aeabi_fsub                  
00008499  __aeabi_i2d                   
00007c13  __aeabi_idiv0                 
000086dd  __aeabi_memclr                
000086dd  __aeabi_memclr4               
000086dd  __aeabi_memclr8               
00008705  __aeabi_memcpy                
00008705  __aeabi_memcpy4               
00008705  __aeabi_memcpy8               
00008565  __aeabi_ui2f                  
000082fd  __aeabi_uidiv                 
000082fd  __aeabi_uidivmod              
ffffffff  __binit__                     
00007f15  __cmpdf2                      
000083f5  __cmpsf2                      
0000773d  __divdf3                      
00007d35  __divsf3                      
00007f15  __eqdf2                       
000083f5  __eqsf2                       
0000833d  __extendsfdf2                 
000081b1  __fixdfsi                     
00008499  __floatsidf                   
00008565  __floatunsisf                 
00007e35  __gedf2                       
0000837d  __gesf2                       
00007e35  __gtdf2                       
0000837d  __gtsf2                       
00007f15  __ledf2                       
000083f5  __lesf2                       
00007f15  __ltdf2                       
000083f5  __ltsf2                       
UNDEFED   __mpu_init                    
00008431  __muldsi3                     
00007ca9  __mulsf3                      
00007f15  __nedf2                       
000083f5  __nesf2                       
20207e00  __stack                       
20200000  __start___llvm_prf_bits       
20200000  __start___llvm_prf_cnts       
20200000  __stop___llvm_prf_bits        
20200000  __stop___llvm_prf_cnts        
00007931  __subsf3                      
0000858d  _c_int00_noargs               
UNDEFED   _system_post_cinit            
0000871b  _system_pre_init              
0000870d  abort                         
202070cc  adc_fs                        
000040c0  armBitRevIndexTable2048       
00007629  arm_bitreversal_32            
000071b5  arm_cfft_f32                  
00006f03  arm_cfft_radix8by2_f32        
00006795  arm_cfft_radix8by4_f32        
00005eac  arm_cfft_sR_f32_len2048       
00007375  arm_cmplx_mag_f32             
000080a5  arm_max_f32                   
00005ec9  arm_radix8_butterfly_f32      
ffffffff  binit                         
000074dd  findbase                      
00007a09  findfreq                      
20206000  gADCSamples                   
202070bc  gCheckADC                     
20207000  gTIMER_0Backup                
00000000  interruptVectors              
00008105  main                          
00007b79  memcpy                        
00008043  memset                        
00007ad9  sqrtf                         
000000c0  twiddleCoef_2048              


GLOBAL SYMBOLS: SORTED BY Symbol Address 

address   name                          
-------   ----                          
00000000  __TI_ATRegion0_region_sz      
00000000  __TI_ATRegion0_src_addr       
00000000  __TI_ATRegion0_trg_addr       
00000000  __TI_ATRegion1_region_sz      
00000000  __TI_ATRegion1_src_addr       
00000000  __TI_ATRegion1_trg_addr       
00000000  __TI_ATRegion2_region_sz      
00000000  __TI_ATRegion2_src_addr       
00000000  __TI_ATRegion2_trg_addr       
00000000  __TI_static_base__            
00000000  interruptVectors              
000000c0  twiddleCoef_2048              
00000200  __STACK_SIZE                  
000040c0  armBitRevIndexTable2048       
00005eac  arm_cfft_sR_f32_len2048       
00005ec9  arm_radix8_butterfly_f32      
00006795  arm_cfft_radix8by4_f32        
00006f03  arm_cfft_radix8by2_f32        
000071b3  ADC0_IRQHandler               
000071b3  AES_IRQHandler                
000071b3  CANFD0_IRQHandler             
000071b3  DAC0_IRQHandler               
000071b3  DMA_IRQHandler                
000071b3  Default_Handler               
000071b3  GROUP0_IRQHandler             
000071b3  GROUP1_IRQHandler             
000071b3  HardFault_Handler             
000071b3  I2C0_IRQHandler               
000071b3  I2C1_IRQHandler               
000071b3  NMI_Handler                   
000071b3  PendSV_Handler                
000071b3  RTC_IRQHandler                
000071b3  SPI0_IRQHandler               
000071b3  SPI1_IRQHandler               
000071b3  SVC_Handler                   
000071b3  SysTick_Handler               
000071b3  TIMA0_IRQHandler              
000071b3  TIMA1_IRQHandler              
000071b3  TIMG0_IRQHandler              
000071b3  TIMG12_IRQHandler             
000071b3  TIMG6_IRQHandler              
000071b3  TIMG7_IRQHandler              
000071b3  TIMG8_IRQHandler              
000071b3  UART0_IRQHandler              
000071b3  UART1_IRQHandler              
000071b3  UART2_IRQHandler              
000071b3  UART3_IRQHandler              
000071b5  arm_cfft_f32                  
00007375  arm_cmplx_mag_f32             
000074dd  findbase                      
00007629  arm_bitreversal_32            
0000773b  SYSCFG_DL_GPIO_init           
0000773d  __aeabi_ddiv                  
0000773d  __divdf3                      
00007849  DL_Timer_initTimerMode        
00007931  __aeabi_fsub                  
00007931  __subsf3                      
0000793b  __addsf3                      
0000793b  __aeabi_fadd                  
00007a09  findfreq                      
00007ad9  sqrtf                         
00007b79  memcpy                        
00007c13  __aeabi_idiv0                 
00007c15  SYSCFG_DL_ADC12_0_init        
00007ca9  __aeabi_fmul                  
00007ca9  __mulsf3                      
00007d35  __aeabi_fdiv                  
00007d35  __divsf3                      
00007db9  __TI_decompress_lzss          
00007e35  __gedf2                       
00007e35  __gtdf2                       
00007ea9  StartAdc                      
00007f15  __cmpdf2                      
00007f15  __eqdf2                       
00007f15  __ledf2                       
00007f15  __ltdf2                       
00007f15  __nedf2                       
00007f7d  __aeabi_dcmpeq                
00007f91  __aeabi_dcmplt                
00007fa5  __aeabi_dcmple                
00007fb9  __aeabi_dcmpge                
00007fcd  __aeabi_dcmpgt                
00007fe1  __aeabi_fcmpeq                
00007ff5  __aeabi_fcmplt                
00008009  __aeabi_fcmple                
0000801d  __aeabi_fcmpge                
00008031  __aeabi_fcmpgt                
00008043  memset                        
000080a5  arm_max_f32                   
00008105  main                          
00008165  DL_DMA_initChannel            
000081b1  __aeabi_d2iz                  
000081b1  __fixdfsi                     
000081fd  DL_ADC12_setClockConfig       
0000823d  SYSCFG_DL_SYSCTL_init         
0000827d  SYSCFG_DL_TIMER_0_init        
000082bd  SYSCFG_DL_initPower           
000082fd  __aeabi_uidiv                 
000082fd  __aeabi_uidivmod              
0000833d  __aeabi_f2d                   
0000833d  __extendsfdf2                 
0000837d  __gesf2                       
0000837d  __gtsf2                       
000083b9  __TI_auto_init_nobinit_nopinit
000083f5  __cmpsf2                      
000083f5  __eqsf2                       
000083f5  __lesf2                       
000083f5  __ltsf2                       
000083f5  __nesf2                       
00008431  __muldsi3                     
00008499  __aeabi_i2d                   
00008499  __floatsidf                   
000084c5  ADC1_IRQHandler               
0000853d  SYSCFG_DL_init                
00008565  __aeabi_ui2f                  
00008565  __floatunsisf                 
0000858d  _c_int00_noargs               
000085dd  SYSCFG_DL_DMA_CH0_init        
0000861d  DL_Timer_setClockConfig       
000086bb  __TI_decompress_none          
000086cd  __TI_zero_init                
000086dd  __aeabi_memclr                
000086dd  __aeabi_memclr4               
000086dd  __aeabi_memclr8               
000086e9  DL_Common_delayCycles         
000086f3  SYSCFG_DL_DMA_init            
000086fd  __aeabi_errno_addr            
00008705  __aeabi_memcpy                
00008705  __aeabi_memcpy4               
00008705  __aeabi_memcpy8               
0000870d  abort                         
00008712  C$$EXIT                       
00008713  HOSTexit                      
00008717  Reset_Handler                 
0000871b  _system_pre_init              
00008720  __TI_Handler_Table_Base       
0000872c  __TI_Handler_Table_Limit      
00008740  __TI_CINIT_Base               
00008750  __TI_CINIT_Limit              
00008750  __TI_CINIT_Warm               
20200000  FFT_INPUT                     
20200000  __start___llvm_prf_bits       
20200000  __start___llvm_prf_cnts       
20200000  __stop___llvm_prf_bits        
20200000  __stop___llvm_prf_cnts        
20204000  FFT_OUTPUT                    
20206000  gADCSamples                   
20207000  gTIMER_0Backup                
202070bc  gCheckADC                     
202070c0  FFT_OUTPUT_MAX                
202070c4  FFT_OUTPUT_MAX_index          
202070c8  __aeabi_errno                 
202070cc  adc_fs                        
20207e00  __stack                       
20208000  __STACK_END                   
ffffffff  __TI_pprof_out_hndl           
ffffffff  __TI_prof_data_size           
ffffffff  __TI_prof_data_start          
ffffffff  __binit__                     
ffffffff  binit                         
UNDEFED   __mpu_init                    
UNDEFED   _system_post_cinit            

[162 symbols]
