<?xml version="1.0" encoding="ISO-8859-1" ?>
<link_info>
   <banner>TI ARM Clang Linker PC v4.0.2.LTS</banner>
   <copyright>Copyright (c) 1996-2018 Texas Instruments Incorporated</copyright>
   <command_line>C:\ti\ccs2010\ccs\tools\compiler\ti-cgt-armllvm_4.0.2.LTS\bin\tiarmlnk -IC:\ti\ccs2010\ccs\tools\compiler\ti-cgt-armllvm_4.0.2.LTS\lib -o HIGHPREQ.out -mHIGHPREQ.map -iC:/ti/mspm0_sdk_2_04_00_06/source -iC:/Users/JamesHotten/Desktop/code/TICCS/25C -iC:/Users/JamesHotten/Desktop/code/TICCS/25C/Debug/syscfg -iC:/ti/ccs2010/ccs/tools/compiler/ti-cgt-armllvm_4.0.2.LTS/lib --diag_wrap=off --display_error_number --warn_sections --xml_link_info=HIGHPREQ_linkInfo.xml --rom_model ./oled.o ./timx_timer_mode_capture_duty_and_period.o ./ti_msp_dl_config.o ./startup_mspm0g350x_ticlang.o -l./device_linker.cmd -ldevice.cmd.genlibs -llibc.a --start-group -llibc++.a -llibc++abi.a -llibc.a -llibsys.a -llibsysbm.a -llibclang_rt.builtins.a -llibclang_rt.profile.a --end-group --cg_opt_level=0</command_line>
   <link_time>0x68172ab8</link_time>
   <link_errors>0x0</link_errors>
   <output_file>C:\Users\JamesHotten\Desktop\code\TICCS\25C\Debug\HIGHPREQ.out</output_file>
   <entry_point>
      <name>_c_int00_noargs</name>
      <address>0x57ed</address>
   </entry_point>
   <input_file_list>
      <input_file id="fl-1">
         <path>C:\Users\JamesHotten\Desktop\code\TICCS\25C\Debug\.\</path>
         <kind>object</kind>
         <file>oled.o</file>
         <name>oled.o</name>
      </input_file>
      <input_file id="fl-2">
         <path>C:\Users\JamesHotten\Desktop\code\TICCS\25C\Debug\.\</path>
         <kind>object</kind>
         <file>timx_timer_mode_capture_duty_and_period.o</file>
         <name>timx_timer_mode_capture_duty_and_period.o</name>
      </input_file>
      <input_file id="fl-3">
         <path>C:\Users\JamesHotten\Desktop\code\TICCS\25C\Debug\.\</path>
         <kind>object</kind>
         <file>ti_msp_dl_config.o</file>
         <name>ti_msp_dl_config.o</name>
      </input_file>
      <input_file id="fl-4">
         <path>C:\Users\JamesHotten\Desktop\code\TICCS\25C\Debug\.\</path>
         <kind>object</kind>
         <file>startup_mspm0g350x_ticlang.o</file>
         <name>startup_mspm0g350x_ticlang.o</name>
      </input_file>
      <input_file id="fl-12">
         <path>C:\Users\JamesHotten\Desktop\code\TICCS\25C\Debug\</path>
         <kind>object</kind>
         <file>&lt;internal&gt;</file>
         <name>&lt;internal&gt;</name>
      </input_file>
      <input_file id="fl-13">
         <path>C:\ti\mspm0_sdk_2_04_00_06\source\third_party\CMSIS\DSP\lib\ticlang\m0p\</path>
         <kind>archive</kind>
         <file>arm_cortexM0l_math.a</file>
         <name>arm_const_structs.o</name>
      </input_file>
      <input_file id="fl-14">
         <path>C:\ti\mspm0_sdk_2_04_00_06\source\third_party\CMSIS\DSP\lib\ticlang\m0p\</path>
         <kind>archive</kind>
         <file>arm_cortexM0l_math.a</file>
         <name>arm_cmplx_mag_f32.o</name>
      </input_file>
      <input_file id="fl-15">
         <path>C:\ti\mspm0_sdk_2_04_00_06\source\third_party\CMSIS\DSP\lib\ticlang\m0p\</path>
         <kind>archive</kind>
         <file>arm_cortexM0l_math.a</file>
         <name>arm_max_f32.o</name>
      </input_file>
      <input_file id="fl-16">
         <path>C:\ti\mspm0_sdk_2_04_00_06\source\third_party\CMSIS\DSP\lib\ticlang\m0p\</path>
         <kind>archive</kind>
         <file>arm_cortexM0l_math.a</file>
         <name>arm_cfft_f32.o</name>
      </input_file>
      <input_file id="fl-17">
         <path>C:\ti\mspm0_sdk_2_04_00_06\source\third_party\CMSIS\DSP\lib\ticlang\m0p\</path>
         <kind>archive</kind>
         <file>arm_cortexM0l_math.a</file>
         <name>arm_cfft_radix8_f32.o</name>
      </input_file>
      <input_file id="fl-18">
         <path>C:\ti\mspm0_sdk_2_04_00_06\source\third_party\CMSIS\DSP\lib\ticlang\m0p\</path>
         <kind>archive</kind>
         <file>arm_cortexM0l_math.a</file>
         <name>arm_common_tables.o</name>
      </input_file>
      <input_file id="fl-19">
         <path>C:\ti\mspm0_sdk_2_04_00_06\source\third_party\CMSIS\DSP\lib\ticlang\m0p\</path>
         <kind>archive</kind>
         <file>arm_cortexM0l_math.a</file>
         <name>arm_bitreversal2.o</name>
      </input_file>
      <input_file id="fl-1a">
         <path>C:\ti\mspm0_sdk_2_04_00_06\source\ti\driverlib\lib\ticlang\m0p\mspm0g1x0x_g3x0x\</path>
         <kind>archive</kind>
         <file>driverlib.a</file>
         <name>dl_adc12.o</name>
      </input_file>
      <input_file id="fl-1b">
         <path>C:\ti\mspm0_sdk_2_04_00_06\source\ti\driverlib\lib\ticlang\m0p\mspm0g1x0x_g3x0x\</path>
         <kind>archive</kind>
         <file>driverlib.a</file>
         <name>dl_common.o</name>
      </input_file>
      <input_file id="fl-1c">
         <path>C:\ti\mspm0_sdk_2_04_00_06\source\ti\driverlib\lib\ticlang\m0p\mspm0g1x0x_g3x0x\</path>
         <kind>archive</kind>
         <file>driverlib.a</file>
         <name>dl_dma.o</name>
      </input_file>
      <input_file id="fl-1d">
         <path>C:\ti\mspm0_sdk_2_04_00_06\source\ti\driverlib\lib\ticlang\m0p\mspm0g1x0x_g3x0x\</path>
         <kind>archive</kind>
         <file>driverlib.a</file>
         <name>dl_timer.o</name>
      </input_file>
      <input_file id="fl-1e">
         <path>C:\ti\mspm0_sdk_2_04_00_06\source\ti\driverlib\lib\ticlang\m0p\mspm0g1x0x_g3x0x\</path>
         <kind>archive</kind>
         <file>driverlib.a</file>
         <name>dl_uart.o</name>
      </input_file>
      <input_file id="fl-35">
         <path>C:\ti\ccs2010\ccs\tools\compiler\ti-cgt-armllvm_4.0.2.LTS\lib\armv6m-ti-none-eabi\c\</path>
         <kind>archive</kind>
         <file>libc.a</file>
         <name>e_pow.c.obj</name>
      </input_file>
      <input_file id="fl-36">
         <path>C:\ti\ccs2010\ccs\tools\compiler\ti-cgt-armllvm_4.0.2.LTS\lib\armv6m-ti-none-eabi\c\</path>
         <kind>archive</kind>
         <file>libc.a</file>
         <name>e_sqrt.c.obj</name>
      </input_file>
      <input_file id="fl-37">
         <path>C:\ti\ccs2010\ccs\tools\compiler\ti-cgt-armllvm_4.0.2.LTS\lib\armv6m-ti-none-eabi\c\</path>
         <kind>archive</kind>
         <file>libc.a</file>
         <name>s_scalbn.c.obj</name>
      </input_file>
      <input_file id="fl-38">
         <path>C:\ti\ccs2010\ccs\tools\compiler\ti-cgt-armllvm_4.0.2.LTS\lib\armv6m-ti-none-eabi\c\</path>
         <kind>archive</kind>
         <file>libc.a</file>
         <name>e_powf.c.obj</name>
      </input_file>
      <input_file id="fl-39">
         <path>C:\ti\ccs2010\ccs\tools\compiler\ti-cgt-armllvm_4.0.2.LTS\lib\armv6m-ti-none-eabi\c\</path>
         <kind>archive</kind>
         <file>libc.a</file>
         <name>e_sqrtf.c.obj</name>
      </input_file>
      <input_file id="fl-3a">
         <path>C:\ti\ccs2010\ccs\tools\compiler\ti-cgt-armllvm_4.0.2.LTS\lib\armv6m-ti-none-eabi\c\</path>
         <kind>archive</kind>
         <file>libc.a</file>
         <name>s_scalbnf.c.obj</name>
      </input_file>
      <input_file id="fl-3b">
         <path>C:\ti\ccs2010\ccs\tools\compiler\ti-cgt-armllvm_4.0.2.LTS\lib\armv6m-ti-none-eabi\c\</path>
         <kind>archive</kind>
         <file>libc.a</file>
         <name>aeabi_portable.c.obj</name>
      </input_file>
      <input_file id="fl-3c">
         <path>C:\ti\ccs2010\ccs\tools\compiler\ti-cgt-armllvm_4.0.2.LTS\lib\armv6m-ti-none-eabi\c\</path>
         <kind>archive</kind>
         <file>libc.a</file>
         <name>assert.c.obj</name>
      </input_file>
      <input_file id="fl-3d">
         <path>C:\ti\ccs2010\ccs\tools\compiler\ti-cgt-armllvm_4.0.2.LTS\lib\armv6m-ti-none-eabi\c\</path>
         <kind>archive</kind>
         <file>libc.a</file>
         <name>defs.c.obj</name>
      </input_file>
      <input_file id="fl-3e">
         <path>C:\ti\ccs2010\ccs\tools\compiler\ti-cgt-armllvm_4.0.2.LTS\lib\armv6m-ti-none-eabi\c\</path>
         <kind>archive</kind>
         <file>libc.a</file>
         <name>memory.c.obj</name>
      </input_file>
      <input_file id="fl-3f">
         <path>C:\ti\ccs2010\ccs\tools\compiler\ti-cgt-armllvm_4.0.2.LTS\lib\armv6m-ti-none-eabi\c\</path>
         <kind>archive</kind>
         <file>libc.a</file>
         <name>boot_cortex_m.c.obj</name>
      </input_file>
      <input_file id="fl-40">
         <path>C:\ti\ccs2010\ccs\tools\compiler\ti-cgt-armllvm_4.0.2.LTS\lib\armv6m-ti-none-eabi\c\</path>
         <kind>archive</kind>
         <file>libc.a</file>
         <name>mathacl_init.c.obj</name>
      </input_file>
      <input_file id="fl-41">
         <path>C:\ti\ccs2010\ccs\tools\compiler\ti-cgt-armllvm_4.0.2.LTS\lib\armv6m-ti-none-eabi\c\</path>
         <kind>archive</kind>
         <file>libc.a</file>
         <name>autoinit.c.obj</name>
      </input_file>
      <input_file id="fl-42">
         <path>C:\ti\ccs2010\ccs\tools\compiler\ti-cgt-armllvm_4.0.2.LTS\lib\armv6m-ti-none-eabi\c\</path>
         <kind>archive</kind>
         <file>libc.a</file>
         <name>pre_init.c.obj</name>
      </input_file>
      <input_file id="fl-43">
         <path>C:\ti\ccs2010\ccs\tools\compiler\ti-cgt-armllvm_4.0.2.LTS\lib\armv6m-ti-none-eabi\c\</path>
         <kind>archive</kind>
         <file>libc.a</file>
         <name>cpy_tbl.c.obj</name>
      </input_file>
      <input_file id="fl-44">
         <path>C:\ti\ccs2010\ccs\tools\compiler\ti-cgt-armllvm_4.0.2.LTS\lib\armv6m-ti-none-eabi\c\</path>
         <kind>archive</kind>
         <file>libc.a</file>
         <name>copy_zero_init.c.obj</name>
      </input_file>
      <input_file id="fl-45">
         <path>C:\ti\ccs2010\ccs\tools\compiler\ti-cgt-armllvm_4.0.2.LTS\lib\armv6m-ti-none-eabi\c\</path>
         <kind>archive</kind>
         <file>libc.a</file>
         <name>copy_decompress_none.c.obj</name>
      </input_file>
      <input_file id="fl-46">
         <path>C:\ti\ccs2010\ccs\tools\compiler\ti-cgt-armllvm_4.0.2.LTS\lib\armv6m-ti-none-eabi\c\</path>
         <kind>archive</kind>
         <file>libc.a</file>
         <name>copy_decompress_lzss.c.obj</name>
      </input_file>
      <input_file id="fl-47">
         <path>C:\ti\ccs2010\ccs\tools\compiler\ti-cgt-armllvm_4.0.2.LTS\lib\armv6m-ti-none-eabi\c\</path>
         <kind>archive</kind>
         <file>libc.a</file>
         <name>sprintf.c.obj</name>
      </input_file>
      <input_file id="fl-48">
         <path>C:\ti\ccs2010\ccs\tools\compiler\ti-cgt-armllvm_4.0.2.LTS\lib\armv6m-ti-none-eabi\c\</path>
         <kind>archive</kind>
         <file>libc.a</file>
         <name>fflush.c.obj</name>
      </input_file>
      <input_file id="fl-49">
         <path>C:\ti\ccs2010\ccs\tools\compiler\ti-cgt-armllvm_4.0.2.LTS\lib\armv6m-ti-none-eabi\c\</path>
         <kind>archive</kind>
         <file>libc.a</file>
         <name>fputs.c.obj</name>
      </input_file>
      <input_file id="fl-4a">
         <path>C:\ti\ccs2010\ccs\tools\compiler\ti-cgt-armllvm_4.0.2.LTS\lib\armv6m-ti-none-eabi\c\</path>
         <kind>archive</kind>
         <file>libc.a</file>
         <name>_io_perm.c.obj</name>
      </input_file>
      <input_file id="fl-4b">
         <path>C:\ti\ccs2010\ccs\tools\compiler\ti-cgt-armllvm_4.0.2.LTS\lib\armv6m-ti-none-eabi\c\</path>
         <kind>archive</kind>
         <file>libc.a</file>
         <name>setvbuf.c.obj</name>
      </input_file>
      <input_file id="fl-4c">
         <path>C:\ti\ccs2010\ccs\tools\compiler\ti-cgt-armllvm_4.0.2.LTS\lib\armv6m-ti-none-eabi\c\</path>
         <kind>archive</kind>
         <file>libc.a</file>
         <name>exit.c.obj</name>
      </input_file>
      <input_file id="fl-4d">
         <path>C:\ti\ccs2010\ccs\tools\compiler\ti-cgt-armllvm_4.0.2.LTS\lib\armv6m-ti-none-eabi\c\</path>
         <kind>archive</kind>
         <file>libc.a</file>
         <name>_lock.c.obj</name>
      </input_file>
      <input_file id="fl-4e">
         <path>C:\ti\ccs2010\ccs\tools\compiler\ti-cgt-armllvm_4.0.2.LTS\lib\armv6m-ti-none-eabi\c\</path>
         <kind>archive</kind>
         <file>libc.a</file>
         <name>args_main.c.obj</name>
      </input_file>
      <input_file id="fl-4f">
         <path>C:\ti\ccs2010\ccs\tools\compiler\ti-cgt-armllvm_4.0.2.LTS\lib\armv6m-ti-none-eabi\c\</path>
         <kind>archive</kind>
         <file>libc.a</file>
         <name>_printfi.c.obj</name>
      </input_file>
      <input_file id="fl-50">
         <path>C:\ti\ccs2010\ccs\tools\compiler\ti-cgt-armllvm_4.0.2.LTS\lib\armv6m-ti-none-eabi\c\</path>
         <kind>archive</kind>
         <file>libc.a</file>
         <name>fopen.c.obj</name>
      </input_file>
      <input_file id="fl-51">
         <path>C:\ti\ccs2010\ccs\tools\compiler\ti-cgt-armllvm_4.0.2.LTS\lib\armv6m-ti-none-eabi\c\</path>
         <kind>archive</kind>
         <file>libc.a</file>
         <name>fseek.c.obj</name>
      </input_file>
      <input_file id="fl-52">
         <path>C:\ti\ccs2010\ccs\tools\compiler\ti-cgt-armllvm_4.0.2.LTS\lib\armv6m-ti-none-eabi\c\</path>
         <kind>archive</kind>
         <file>libc.a</file>
         <name>_ltoa.c.obj</name>
      </input_file>
      <input_file id="fl-53">
         <path>C:\ti\ccs2010\ccs\tools\compiler\ti-cgt-armllvm_4.0.2.LTS\lib\armv6m-ti-none-eabi\c\</path>
         <kind>archive</kind>
         <file>libc.a</file>
         <name>atoi.c.obj</name>
      </input_file>
      <input_file id="fl-54">
         <path>C:\ti\ccs2010\ccs\tools\compiler\ti-cgt-armllvm_4.0.2.LTS\lib\armv6m-ti-none-eabi\c\</path>
         <kind>archive</kind>
         <file>libc.a</file>
         <name>memccpy.c.obj</name>
      </input_file>
      <input_file id="fl-55">
         <path>C:\ti\ccs2010\ccs\tools\compiler\ti-cgt-armllvm_4.0.2.LTS\lib\armv6m-ti-none-eabi\c\</path>
         <kind>archive</kind>
         <file>libc.a</file>
         <name>s_frexp.c.obj</name>
      </input_file>
      <input_file id="fl-56">
         <path>C:\ti\ccs2010\ccs\tools\compiler\ti-cgt-armllvm_4.0.2.LTS\lib\armv6m-ti-none-eabi\c\</path>
         <kind>archive</kind>
         <file>libc.a</file>
         <name>wcslen.c.obj</name>
      </input_file>
      <input_file id="fl-57">
         <path>C:\ti\ccs2010\ccs\tools\compiler\ti-cgt-armllvm_4.0.2.LTS\lib\armv6m-ti-none-eabi\c\</path>
         <kind>archive</kind>
         <file>libc.a</file>
         <name>fclose.c.obj</name>
      </input_file>
      <input_file id="fl-58">
         <path>C:\ti\ccs2010\ccs\tools\compiler\ti-cgt-armllvm_4.0.2.LTS\lib\armv6m-ti-none-eabi\c\</path>
         <kind>archive</kind>
         <file>libc.a</file>
         <name>aeabi_ctype.S.obj</name>
      </input_file>
      <input_file id="fl-f8">
         <path>C:\ti\ccs2010\ccs\tools\compiler\ti-cgt-armllvm_4.0.2.LTS\lib\armv6m-ti-none-eabi\c\</path>
         <kind>archive</kind>
         <file>libsysbm.a</file>
         <name>hostexit.c.obj</name>
      </input_file>
      <input_file id="fl-f9">
         <path>C:\ti\ccs2010\ccs\tools\compiler\ti-cgt-armllvm_4.0.2.LTS\lib\armv6m-ti-none-eabi\c\</path>
         <kind>archive</kind>
         <file>libsysbm.a</file>
         <name>write.c.obj</name>
      </input_file>
      <input_file id="fl-fa">
         <path>C:\ti\ccs2010\ccs\tools\compiler\ti-cgt-armllvm_4.0.2.LTS\lib\armv6m-ti-none-eabi\c\</path>
         <kind>archive</kind>
         <file>libsysbm.a</file>
         <name>host_device.c.obj</name>
      </input_file>
      <input_file id="fl-fb">
         <path>C:\ti\ccs2010\ccs\tools\compiler\ti-cgt-armllvm_4.0.2.LTS\lib\armv6m-ti-none-eabi\c\</path>
         <kind>archive</kind>
         <file>libsysbm.a</file>
         <name>remove.c.obj</name>
      </input_file>
      <input_file id="fl-fc">
         <path>C:\ti\ccs2010\ccs\tools\compiler\ti-cgt-armllvm_4.0.2.LTS\lib\armv6m-ti-none-eabi\c\</path>
         <kind>archive</kind>
         <file>libsysbm.a</file>
         <name>open.c.obj</name>
      </input_file>
      <input_file id="fl-fd">
         <path>C:\ti\ccs2010\ccs\tools\compiler\ti-cgt-armllvm_4.0.2.LTS\lib\armv6m-ti-none-eabi\c\</path>
         <kind>archive</kind>
         <file>libsysbm.a</file>
         <name>lseek.c.obj</name>
      </input_file>
      <input_file id="fl-fe">
         <path>C:\ti\ccs2010\ccs\tools\compiler\ti-cgt-armllvm_4.0.2.LTS\lib\armv6m-ti-none-eabi\c\</path>
         <kind>archive</kind>
         <file>libsysbm.a</file>
         <name>close.c.obj</name>
      </input_file>
      <input_file id="fl-ff">
         <path>C:\ti\ccs2010\ccs\tools\compiler\ti-cgt-armllvm_4.0.2.LTS\lib\armv6m-ti-none-eabi\c\</path>
         <kind>archive</kind>
         <file>libsysbm.a</file>
         <name>unlink.c.obj</name>
      </input_file>
      <input_file id="fl-100">
         <path>C:\ti\ccs2010\ccs\tools\compiler\ti-cgt-armllvm_4.0.2.LTS\lib\armv6m-ti-none-eabi\c\</path>
         <kind>archive</kind>
         <file>libsysbm.a</file>
         <name>hostclose.c.obj</name>
      </input_file>
      <input_file id="fl-101">
         <path>C:\ti\ccs2010\ccs\tools\compiler\ti-cgt-armllvm_4.0.2.LTS\lib\armv6m-ti-none-eabi\c\</path>
         <kind>archive</kind>
         <file>libsysbm.a</file>
         <name>hostlseek.c.obj</name>
      </input_file>
      <input_file id="fl-102">
         <path>C:\ti\ccs2010\ccs\tools\compiler\ti-cgt-armllvm_4.0.2.LTS\lib\armv6m-ti-none-eabi\c\</path>
         <kind>archive</kind>
         <file>libsysbm.a</file>
         <name>hostopen.c.obj</name>
      </input_file>
      <input_file id="fl-103">
         <path>C:\ti\ccs2010\ccs\tools\compiler\ti-cgt-armllvm_4.0.2.LTS\lib\armv6m-ti-none-eabi\c\</path>
         <kind>archive</kind>
         <file>libsysbm.a</file>
         <name>hostread.c.obj</name>
      </input_file>
      <input_file id="fl-104">
         <path>C:\ti\ccs2010\ccs\tools\compiler\ti-cgt-armllvm_4.0.2.LTS\lib\armv6m-ti-none-eabi\c\</path>
         <kind>archive</kind>
         <file>libsysbm.a</file>
         <name>hostrename.c.obj</name>
      </input_file>
      <input_file id="fl-105">
         <path>C:\ti\ccs2010\ccs\tools\compiler\ti-cgt-armllvm_4.0.2.LTS\lib\armv6m-ti-none-eabi\c\</path>
         <kind>archive</kind>
         <file>libsysbm.a</file>
         <name>hostunlink.c.obj</name>
      </input_file>
      <input_file id="fl-106">
         <path>C:\ti\ccs2010\ccs\tools\compiler\ti-cgt-armllvm_4.0.2.LTS\lib\armv6m-ti-none-eabi\c\</path>
         <kind>archive</kind>
         <file>libsysbm.a</file>
         <name>hostwrite.c.obj</name>
      </input_file>
      <input_file id="fl-107">
         <path>C:\ti\ccs2010\ccs\tools\compiler\ti-cgt-armllvm_4.0.2.LTS\lib\armv6m-ti-none-eabi\c\</path>
         <kind>archive</kind>
         <file>libsysbm.a</file>
         <name>trgmsg.c.obj</name>
      </input_file>
      <input_file id="fl-108">
         <path>C:\ti\ccs2010\ccs\tools\compiler\ti-cgt-armllvm_4.0.2.LTS\lib\armv6m-ti-none-eabi\</path>
         <kind>archive</kind>
         <file>libclang_rt.builtins.a</file>
         <name>addsf3.S.obj</name>
      </input_file>
      <input_file id="fl-109">
         <path>C:\ti\ccs2010\ccs\tools\compiler\ti-cgt-armllvm_4.0.2.LTS\lib\armv6m-ti-none-eabi\</path>
         <kind>archive</kind>
         <file>libclang_rt.builtins.a</file>
         <name>adddf3.S.obj</name>
      </input_file>
      <input_file id="fl-10a">
         <path>C:\ti\ccs2010\ccs\tools\compiler\ti-cgt-armllvm_4.0.2.LTS\lib\armv6m-ti-none-eabi\</path>
         <kind>archive</kind>
         <file>libclang_rt.builtins.a</file>
         <name>muldf3.S.obj</name>
      </input_file>
      <input_file id="fl-10b">
         <path>C:\ti\ccs2010\ccs\tools\compiler\ti-cgt-armllvm_4.0.2.LTS\lib\armv6m-ti-none-eabi\</path>
         <kind>archive</kind>
         <file>libclang_rt.builtins.a</file>
         <name>muldsi3.S.obj</name>
      </input_file>
      <input_file id="fl-10c">
         <path>C:\ti\ccs2010\ccs\tools\compiler\ti-cgt-armllvm_4.0.2.LTS\lib\armv6m-ti-none-eabi\</path>
         <kind>archive</kind>
         <file>libclang_rt.builtins.a</file>
         <name>mulsf3.S.obj</name>
      </input_file>
      <input_file id="fl-10d">
         <path>C:\ti\ccs2010\ccs\tools\compiler\ti-cgt-armllvm_4.0.2.LTS\lib\armv6m-ti-none-eabi\</path>
         <kind>archive</kind>
         <file>libclang_rt.builtins.a</file>
         <name>divsf3.S.obj</name>
      </input_file>
      <input_file id="fl-10e">
         <path>C:\ti\ccs2010\ccs\tools\compiler\ti-cgt-armllvm_4.0.2.LTS\lib\armv6m-ti-none-eabi\</path>
         <kind>archive</kind>
         <file>libclang_rt.builtins.a</file>
         <name>divdf3.S.obj</name>
      </input_file>
      <input_file id="fl-10f">
         <path>C:\ti\ccs2010\ccs\tools\compiler\ti-cgt-armllvm_4.0.2.LTS\lib\armv6m-ti-none-eabi\</path>
         <kind>archive</kind>
         <file>libclang_rt.builtins.a</file>
         <name>extendsfdf2.S.obj</name>
      </input_file>
      <input_file id="fl-110">
         <path>C:\ti\ccs2010\ccs\tools\compiler\ti-cgt-armllvm_4.0.2.LTS\lib\armv6m-ti-none-eabi\</path>
         <kind>archive</kind>
         <file>libclang_rt.builtins.a</file>
         <name>fixdfsi.S.obj</name>
      </input_file>
      <input_file id="fl-111">
         <path>C:\ti\ccs2010\ccs\tools\compiler\ti-cgt-armllvm_4.0.2.LTS\lib\armv6m-ti-none-eabi\</path>
         <kind>archive</kind>
         <file>libclang_rt.builtins.a</file>
         <name>fixsfsi.S.obj</name>
      </input_file>
      <input_file id="fl-112">
         <path>C:\ti\ccs2010\ccs\tools\compiler\ti-cgt-armllvm_4.0.2.LTS\lib\armv6m-ti-none-eabi\</path>
         <kind>archive</kind>
         <file>libclang_rt.builtins.a</file>
         <name>fixunssfsi.S.obj</name>
      </input_file>
      <input_file id="fl-113">
         <path>C:\ti\ccs2010\ccs\tools\compiler\ti-cgt-armllvm_4.0.2.LTS\lib\armv6m-ti-none-eabi\</path>
         <kind>archive</kind>
         <file>libclang_rt.builtins.a</file>
         <name>floatsidf.S.obj</name>
      </input_file>
      <input_file id="fl-114">
         <path>C:\ti\ccs2010\ccs\tools\compiler\ti-cgt-armllvm_4.0.2.LTS\lib\armv6m-ti-none-eabi\</path>
         <kind>archive</kind>
         <file>libclang_rt.builtins.a</file>
         <name>floatsisf.S.obj</name>
      </input_file>
      <input_file id="fl-115">
         <path>C:\ti\ccs2010\ccs\tools\compiler\ti-cgt-armllvm_4.0.2.LTS\lib\armv6m-ti-none-eabi\</path>
         <kind>archive</kind>
         <file>libclang_rt.builtins.a</file>
         <name>floatunsidf.S.obj</name>
      </input_file>
      <input_file id="fl-116">
         <path>C:\ti\ccs2010\ccs\tools\compiler\ti-cgt-armllvm_4.0.2.LTS\lib\armv6m-ti-none-eabi\</path>
         <kind>archive</kind>
         <file>libclang_rt.builtins.a</file>
         <name>floatunsisf.S.obj</name>
      </input_file>
      <input_file id="fl-117">
         <path>C:\ti\ccs2010\ccs\tools\compiler\ti-cgt-armllvm_4.0.2.LTS\lib\armv6m-ti-none-eabi\</path>
         <kind>archive</kind>
         <file>libclang_rt.builtins.a</file>
         <name>muldi3.S.obj</name>
      </input_file>
      <input_file id="fl-118">
         <path>C:\ti\ccs2010\ccs\tools\compiler\ti-cgt-armllvm_4.0.2.LTS\lib\armv6m-ti-none-eabi\</path>
         <kind>archive</kind>
         <file>libclang_rt.builtins.a</file>
         <name>truncdfsf2.S.obj</name>
      </input_file>
      <input_file id="fl-119">
         <path>C:\ti\ccs2010\ccs\tools\compiler\ti-cgt-armllvm_4.0.2.LTS\lib\armv6m-ti-none-eabi\</path>
         <kind>archive</kind>
         <file>libclang_rt.builtins.a</file>
         <name>aeabi_dcmp.S.obj</name>
      </input_file>
      <input_file id="fl-11a">
         <path>C:\ti\ccs2010\ccs\tools\compiler\ti-cgt-armllvm_4.0.2.LTS\lib\armv6m-ti-none-eabi\</path>
         <kind>archive</kind>
         <file>libclang_rt.builtins.a</file>
         <name>aeabi_fcmp.S.obj</name>
      </input_file>
      <input_file id="fl-11b">
         <path>C:\ti\ccs2010\ccs\tools\compiler\ti-cgt-armllvm_4.0.2.LTS\lib\armv6m-ti-none-eabi\</path>
         <kind>archive</kind>
         <file>libclang_rt.builtins.a</file>
         <name>aeabi_idivmod.S.obj</name>
      </input_file>
      <input_file id="fl-11c">
         <path>C:\ti\ccs2010\ccs\tools\compiler\ti-cgt-armllvm_4.0.2.LTS\lib\armv6m-ti-none-eabi\</path>
         <kind>archive</kind>
         <file>libclang_rt.builtins.a</file>
         <name>aeabi_memcpy.S.obj</name>
      </input_file>
      <input_file id="fl-11d">
         <path>C:\ti\ccs2010\ccs\tools\compiler\ti-cgt-armllvm_4.0.2.LTS\lib\armv6m-ti-none-eabi\</path>
         <kind>archive</kind>
         <file>libclang_rt.builtins.a</file>
         <name>aeabi_memset.S.obj</name>
      </input_file>
      <input_file id="fl-11e">
         <path>C:\ti\ccs2010\ccs\tools\compiler\ti-cgt-armllvm_4.0.2.LTS\lib\armv6m-ti-none-eabi\</path>
         <kind>archive</kind>
         <file>libclang_rt.builtins.a</file>
         <name>aeabi_uidivmod.S.obj</name>
      </input_file>
      <input_file id="fl-11f">
         <path>C:\ti\ccs2010\ccs\tools\compiler\ti-cgt-armllvm_4.0.2.LTS\lib\armv6m-ti-none-eabi\</path>
         <kind>archive</kind>
         <file>libclang_rt.builtins.a</file>
         <name>aeabi_uldivmod.S.obj</name>
      </input_file>
      <input_file id="fl-120">
         <path>C:\ti\ccs2010\ccs\tools\compiler\ti-cgt-armllvm_4.0.2.LTS\lib\armv6m-ti-none-eabi\</path>
         <kind>archive</kind>
         <file>libclang_rt.builtins.a</file>
         <name>comparesf2.S.obj</name>
      </input_file>
      <input_file id="fl-121">
         <path>C:\ti\ccs2010\ccs\tools\compiler\ti-cgt-armllvm_4.0.2.LTS\lib\armv6m-ti-none-eabi\</path>
         <kind>archive</kind>
         <file>libclang_rt.builtins.a</file>
         <name>udivmoddi4.S.obj</name>
      </input_file>
      <input_file id="fl-122">
         <path>C:\ti\ccs2010\ccs\tools\compiler\ti-cgt-armllvm_4.0.2.LTS\lib\armv6m-ti-none-eabi\</path>
         <kind>archive</kind>
         <file>libclang_rt.builtins.a</file>
         <name>ashldi3.S.obj</name>
      </input_file>
      <input_file id="fl-123">
         <path>C:\ti\ccs2010\ccs\tools\compiler\ti-cgt-armllvm_4.0.2.LTS\lib\armv6m-ti-none-eabi\</path>
         <kind>archive</kind>
         <file>libclang_rt.builtins.a</file>
         <name>comparedf2.c.obj</name>
      </input_file>
      <input_file id="fl-124">
         <path>C:\ti\ccs2010\ccs\tools\compiler\ti-cgt-armllvm_4.0.2.LTS\lib\armv6m-ti-none-eabi\</path>
         <kind>archive</kind>
         <file>libclang_rt.builtins.a</file>
         <name>aeabi_div0.c.obj</name>
      </input_file>
      <input_file id="fl-125">
         <path>C:\ti\ccs2010\ccs\tools\compiler\ti-cgt-armllvm_4.0.2.LTS\lib\armv6m-ti-none-eabi\c\</path>
         <kind>archive</kind>
         <file>libc.a</file>
         <name>getdevice.c.obj</name>
      </input_file>
      <input_file id="fl-126">
         <path>C:\ti\ccs2010\ccs\tools\compiler\ti-cgt-armllvm_4.0.2.LTS\lib\armv6m-ti-none-eabi\c\</path>
         <kind>archive</kind>
         <file>libc.a</file>
         <name>memcpy16.S.obj</name>
      </input_file>
      <input_file id="fl-127">
         <path>C:\ti\ccs2010\ccs\tools\compiler\ti-cgt-armllvm_4.0.2.LTS\lib\armv6m-ti-none-eabi\c\</path>
         <kind>archive</kind>
         <file>libc.a</file>
         <name>memset16.S.obj</name>
      </input_file>
      <input_file id="fl-128">
         <path>C:\ti\ccs2010\ccs\tools\compiler\ti-cgt-armllvm_4.0.2.LTS\lib\armv6m-ti-none-eabi\c\</path>
         <kind>archive</kind>
         <file>libc.a</file>
         <name>strcmp-armv6m.S.obj</name>
      </input_file>
   </input_file_list>
   <object_component_list>
      <object_component id="oc-18">
         <name>.intvecs</name>
         <load_address>0x0</load_address>
         <readonly>true</readonly>
         <run_address>0x0</run_address>
         <size>0xc0</size>
         <alignment>0x4</alignment>
         <input_file_ref idref="fl-4"/>
      </object_component>
      <object_component id="oc-1f3">
         <name>.text.pow</name>
         <load_address>0xc0</load_address>
         <readonly>true</readonly>
         <executable>true</executable>
         <run_address>0xc0</run_address>
         <size>0xa48</size>
         <alignment>0x4</alignment>
         <input_file_ref idref="fl-35"/>
      </object_component>
      <object_component id="oc-25e">
         <name>.text.arm_radix8_butterfly_f32</name>
         <load_address>0xb08</load_address>
         <readonly>true</readonly>
         <executable>true</executable>
         <run_address>0xb08</run_address>
         <size>0x8cc</size>
         <alignment>0x4</alignment>
         <input_file_ref idref="fl-17"/>
      </object_component>
      <object_component id="oc-262">
         <name>.text.arm_cfft_radix8by4_f32</name>
         <load_address>0x13d4</load_address>
         <readonly>true</readonly>
         <executable>true</executable>
         <run_address>0x13d4</run_address>
         <size>0x76e</size>
         <alignment>0x2</alignment>
         <input_file_ref idref="fl-16"/>
      </object_component>
      <object_component id="oc-33">
         <name>.text.Default_Handler</name>
         <load_address>0x1b42</load_address>
         <readonly>true</readonly>
         <executable>true</executable>
         <run_address>0x1b42</run_address>
         <size>0x2</size>
         <alignment>0x2</alignment>
         <input_file_ref idref="fl-4"/>
      </object_component>
      <object_component id="oc-12f">
         <name>.text.powf</name>
         <load_address>0x1b44</load_address>
         <readonly>true</readonly>
         <executable>true</executable>
         <run_address>0x1b44</run_address>
         <size>0x6b8</size>
         <alignment>0x4</alignment>
         <input_file_ref idref="fl-38"/>
      </object_component>
      <object_component id="oc-c4">
         <name>.text.OLEDSHOW</name>
         <load_address>0x21fc</load_address>
         <readonly>true</readonly>
         <executable>true</executable>
         <run_address>0x21fc</run_address>
         <size>0x3c0</size>
         <alignment>0x4</alignment>
         <input_file_ref idref="fl-2"/>
      </object_component>
      <object_component id="oc-25d">
         <name>.text.arm_cfft_radix8by2_f32</name>
         <load_address>0x25bc</load_address>
         <readonly>true</readonly>
         <executable>true</executable>
         <run_address>0x25bc</run_address>
         <size>0x2b0</size>
         <alignment>0x2</alignment>
         <input_file_ref idref="fl-16"/>
      </object_component>
      <object_component id="oc-c3">
         <name>.text.findvpp</name>
         <load_address>0x286c</load_address>
         <readonly>true</readonly>
         <executable>true</executable>
         <run_address>0x286c</run_address>
         <size>0x23c</size>
         <alignment>0x4</alignment>
         <input_file_ref idref="fl-2"/>
      </object_component>
      <object_component id="oc-1e9">
         <name>.text.switchwave1</name>
         <load_address>0x2aa8</load_address>
         <readonly>true</readonly>
         <executable>true</executable>
         <run_address>0x2aa8</run_address>
         <size>0x1f0</size>
         <alignment>0x4</alignment>
         <input_file_ref idref="fl-2"/>
      </object_component>
      <object_component id="oc-be">
         <name>.text.findV</name>
         <load_address>0x2c98</load_address>
         <readonly>true</readonly>
         <executable>true</executable>
         <run_address>0x2c98</run_address>
         <size>0x1e0</size>
         <alignment>0x4</alignment>
         <input_file_ref idref="fl-2"/>
      </object_component>
      <object_component id="oc-227">
         <name>.text.arm_cfft_f32</name>
         <load_address>0x2e78</load_address>
         <readonly>true</readonly>
         <executable>true</executable>
         <run_address>0x2e78</run_address>
         <size>0x1c0</size>
         <alignment>0x4</alignment>
         <input_file_ref idref="fl-16"/>
      </object_component>
      <object_component id="oc-12b">
         <name>.text.adddf3_subdf3</name>
         <load_address>0x3038</load_address>
         <readonly>true</readonly>
         <executable>true</executable>
         <run_address>0x3038</run_address>
         <size>0x192</size>
         <alignment>0x4</alignment>
         <input_file_ref idref="fl-109"/>
      </object_component>
      <object_component id="oc-1e3">
         <name>.text.__aeabi_idiv0</name>
         <load_address>0x31ca</load_address>
         <readonly>true</readonly>
         <executable>true</executable>
         <run_address>0x31ca</run_address>
         <size>0x2</size>
         <alignment>0x2</alignment>
         <input_file_ref idref="fl-124"/>
      </object_component>
      <object_component id="oc-253">
         <name>.text.sqrt</name>
         <load_address>0x31cc</load_address>
         <readonly>true</readonly>
         <executable>true</executable>
         <run_address>0x31cc</run_address>
         <size>0x170</size>
         <alignment>0x4</alignment>
         <input_file_ref idref="fl-36"/>
      </object_component>
      <object_component id="oc-22d">
         <name>.text.arm_cmplx_mag_f32</name>
         <load_address>0x333c</load_address>
         <readonly>true</readonly>
         <executable>true</executable>
         <run_address>0x333c</run_address>
         <size>0x168</size>
         <alignment>0x2</alignment>
         <input_file_ref idref="fl-14"/>
      </object_component>
      <object_component id="oc-c5">
         <name>.text.BT_send_Src</name>
         <load_address>0x34a4</load_address>
         <readonly>true</readonly>
         <executable>true</executable>
         <run_address>0x34a4</run_address>
         <size>0x160</size>
         <alignment>0x4</alignment>
         <input_file_ref idref="fl-2"/>
      </object_component>
      <object_component id="oc-8b">
         <name>.text.main</name>
         <load_address>0x3604</load_address>
         <readonly>true</readonly>
         <executable>true</executable>
         <run_address>0x3604</run_address>
         <size>0x148</size>
         <alignment>0x4</alignment>
         <input_file_ref idref="fl-2"/>
      </object_component>
      <object_component id="oc-1ea">
         <name>.text.switchwave2</name>
         <load_address>0x374c</load_address>
         <readonly>true</readonly>
         <executable>true</executable>
         <run_address>0x374c</run_address>
         <size>0x134</size>
         <alignment>0x4</alignment>
         <input_file_ref idref="fl-2"/>
      </object_component>
      <object_component id="oc-1f0">
         <name>.text.OLED_ShowChar</name>
         <load_address>0x3880</load_address>
         <readonly>true</readonly>
         <executable>true</executable>
         <run_address>0x3880</run_address>
         <size>0x118</size>
         <alignment>0x4</alignment>
         <input_file_ref idref="fl-1"/>
      </object_component>
      <object_component id="oc-263">
         <name>.text.arm_bitreversal_32</name>
         <load_address>0x3998</load_address>
         <readonly>true</readonly>
         <executable>true</executable>
         <run_address>0x3998</run_address>
         <size>0x112</size>
         <alignment>0x2</alignment>
         <input_file_ref idref="fl-19"/>
      </object_component>
      <object_component id="oc-127">
         <name>.text.__divdf3</name>
         <load_address>0x3aac</load_address>
         <readonly>true</readonly>
         <executable>true</executable>
         <run_address>0x3aac</run_address>
         <size>0x10c</size>
         <alignment>0x4</alignment>
         <input_file_ref idref="fl-10e"/>
      </object_component>
      <object_component id="oc-ad">
         <name>.text.OLED_Init</name>
         <load_address>0x3bb8</load_address>
         <readonly>true</readonly>
         <executable>true</executable>
         <run_address>0x3bb8</run_address>
         <size>0xfa</size>
         <alignment>0x2</alignment>
         <input_file_ref idref="fl-1"/>
      </object_component>
      <object_component id="oc-146">
         <name>.text.OLED_ShowNum</name>
         <load_address>0x3cb2</load_address>
         <readonly>true</readonly>
         <executable>true</executable>
         <run_address>0x3cb2</run_address>
         <size>0xf6</size>
         <alignment>0x2</alignment>
         <input_file_ref idref="fl-1"/>
      </object_component>
      <object_component id="oc-18d">
         <name>.text.DL_Timer_initTimerMode</name>
         <load_address>0x3da8</load_address>
         <readonly>true</readonly>
         <executable>true</executable>
         <run_address>0x3da8</run_address>
         <size>0xe8</size>
         <alignment>0x4</alignment>
         <input_file_ref idref="fl-1d"/>
      </object_component>
      <object_component id="oc-73">
         <name>.text.__muldf3</name>
         <load_address>0x3e90</load_address>
         <readonly>true</readonly>
         <executable>true</executable>
         <run_address>0x3e90</run_address>
         <size>0xe4</size>
         <alignment>0x4</alignment>
         <input_file_ref idref="fl-10a"/>
      </object_component>
      <object_component id="oc-188">
         <name>.text.DL_Timer_initCaptureCombinedMode</name>
         <load_address>0x3f74</load_address>
         <readonly>true</readonly>
         <executable>true</executable>
         <run_address>0x3f74</run_address>
         <size>0xe0</size>
         <alignment>0x4</alignment>
         <input_file_ref idref="fl-1d"/>
      </object_component>
      <object_component id="oc-24e">
         <name>.text.scalbn</name>
         <load_address>0x4054</load_address>
         <readonly>true</readonly>
         <executable>true</executable>
         <run_address>0x4054</run_address>
         <size>0xd8</size>
         <alignment>0x4</alignment>
         <input_file_ref idref="fl-37"/>
      </object_component>
      <object_component id="oc-115">
         <name>.text</name>
         <load_address>0x412c</load_address>
         <readonly>true</readonly>
         <executable>true</executable>
         <run_address>0x412c</run_address>
         <size>0xd8</size>
         <alignment>0x4</alignment>
         <input_file_ref idref="fl-108"/>
      </object_component>
      <object_component id="oc-eb">
         <name>.text.SYSCFG_DL_GPIO_init</name>
         <load_address>0x4204</load_address>
         <readonly>true</readonly>
         <executable>true</executable>
         <run_address>0x4204</run_address>
         <size>0xb8</size>
         <alignment>0x4</alignment>
         <input_file_ref idref="fl-3"/>
      </object_component>
      <object_component id="oc-1dc">
         <name>.text.scalbnf</name>
         <load_address>0x42bc</load_address>
         <readonly>true</readonly>
         <executable>true</executable>
         <run_address>0x42bc</run_address>
         <size>0xb0</size>
         <alignment>0x4</alignment>
         <input_file_ref idref="fl-3a"/>
      </object_component>
      <object_component id="oc-13a">
         <name>.text.sqrtf</name>
         <load_address>0x436c</load_address>
         <readonly>true</readonly>
         <executable>true</executable>
         <run_address>0x436c</run_address>
         <size>0xa0</size>
         <alignment>0x4</alignment>
         <input_file_ref idref="fl-39"/>
      </object_component>
      <object_component id="oc-bd">
         <name>.text.findbase</name>
         <load_address>0x440c</load_address>
         <readonly>true</readonly>
         <executable>true</executable>
         <run_address>0x440c</run_address>
         <size>0x94</size>
         <alignment>0x4</alignment>
         <input_file_ref idref="fl-2"/>
      </object_component>
      <object_component id="oc-f1">
         <name>.text.SYSCFG_DL_ADC12_0_init</name>
         <load_address>0x44a0</load_address>
         <readonly>true</readonly>
         <executable>true</executable>
         <run_address>0x44a0</run_address>
         <size>0x90</size>
         <alignment>0x4</alignment>
         <input_file_ref idref="fl-3"/>
      </object_component>
      <object_component id="oc-34">
         <name>.text.GROUP1_IRQHandler</name>
         <load_address>0x4530</load_address>
         <readonly>true</readonly>
         <executable>true</executable>
         <run_address>0x4530</run_address>
         <size>0x8c</size>
         <alignment>0x4</alignment>
         <input_file_ref idref="fl-2"/>
      </object_component>
      <object_component id="oc-ea">
         <name>.text.SYSCFG_DL_initPower</name>
         <load_address>0x45bc</load_address>
         <readonly>true</readonly>
         <executable>true</executable>
         <run_address>0x45bc</run_address>
         <size>0x8c</size>
         <alignment>0x4</alignment>
         <input_file_ref idref="fl-3"/>
      </object_component>
      <object_component id="oc-102">
         <name>.text.__mulsf3</name>
         <load_address>0x4648</load_address>
         <readonly>true</readonly>
         <executable>true</executable>
         <run_address>0x4648</run_address>
         <size>0x8c</size>
         <alignment>0x4</alignment>
         <input_file_ref idref="fl-10c"/>
      </object_component>
      <object_component id="oc-b8">
         <name>.text.__NVIC_SetPriority</name>
         <load_address>0x46d4</load_address>
         <readonly>true</readonly>
         <executable>true</executable>
         <run_address>0x46d4</run_address>
         <size>0x84</size>
         <alignment>0x4</alignment>
         <input_file_ref idref="fl-2"/>
      </object_component>
      <object_component id="oc-147">
         <name>.text.getdec</name>
         <load_address>0x4758</load_address>
         <readonly>true</readonly>
         <executable>true</executable>
         <run_address>0x4758</run_address>
         <size>0x84</size>
         <alignment>0x4</alignment>
         <input_file_ref idref="fl-2"/>
      </object_component>
      <object_component id="oc-111">
         <name>.text.__divsf3</name>
         <load_address>0x47dc</load_address>
         <readonly>true</readonly>
         <executable>true</executable>
         <run_address>0x47dc</run_address>
         <size>0x82</size>
         <alignment>0x4</alignment>
         <input_file_ref idref="fl-10d"/>
      </object_component>
      <object_component id="oc-1b4">
         <name>.text.Send_Byte</name>
         <load_address>0x4860</load_address>
         <readonly>true</readonly>
         <executable>true</executable>
         <run_address>0x4860</run_address>
         <size>0x7c</size>
         <alignment>0x4</alignment>
         <input_file_ref idref="fl-1"/>
      </object_component>
      <object_component id="oc-1c">
         <name>.text:decompress:lzss</name>
         <load_address>0x48dc</load_address>
         <readonly>true</readonly>
         <executable>true</executable>
         <run_address>0x48dc</run_address>
         <size>0x7c</size>
         <alignment>0x4</alignment>
         <input_file_ref idref="fl-46"/>
      </object_component>
      <object_component id="oc-121">
         <name>.text.__gedf2</name>
         <load_address>0x4958</load_address>
         <readonly>true</readonly>
         <executable>true</executable>
         <run_address>0x4958</run_address>
         <size>0x74</size>
         <alignment>0x4</alignment>
         <input_file_ref idref="fl-123"/>
      </object_component>
      <object_component id="oc-15a">
         <name>.text.HOSTexit</name>
         <load_address>0x49cc</load_address>
         <readonly>true</readonly>
         <executable>true</executable>
         <run_address>0x49cc</run_address>
         <size>0x4</size>
         <alignment>0x2</alignment>
         <input_file_ref idref="fl-f8"/>
      </object_component>
      <object_component id="oc-77">
         <name>.text.__truncdfsf2</name>
         <load_address>0x49d0</load_address>
         <readonly>true</readonly>
         <executable>true</executable>
         <run_address>0x49d0</run_address>
         <size>0x74</size>
         <alignment>0x10</alignment>
         <input_file_ref idref="fl-118"/>
      </object_component>
      <object_component id="oc-140">
         <name>.text.OLED_ShowString</name>
         <load_address>0x4a44</load_address>
         <readonly>true</readonly>
         <executable>true</executable>
         <run_address>0x4a44</run_address>
         <size>0x70</size>
         <alignment>0x2</alignment>
         <input_file_ref idref="fl-1"/>
      </object_component>
      <object_component id="oc-10c">
         <name>.text.StartAdc</name>
         <load_address>0x4ab4</load_address>
         <readonly>true</readonly>
         <executable>true</executable>
         <run_address>0x4ab4</run_address>
         <size>0x70</size>
         <alignment>0x4</alignment>
         <input_file_ref idref="fl-2"/>
      </object_component>
      <object_component id="oc-b2">
         <name>.text.OLED_Clear</name>
         <load_address>0x4b24</load_address>
         <readonly>true</readonly>
         <executable>true</executable>
         <run_address>0x4b24</run_address>
         <size>0x6a</size>
         <alignment>0x2</alignment>
         <input_file_ref idref="fl-1"/>
      </object_component>
      <object_component id="oc-3b">
         <name>.text.TIMA1_IRQHandler</name>
         <load_address>0x4b90</load_address>
         <readonly>true</readonly>
         <executable>true</executable>
         <run_address>0x4b90</run_address>
         <size>0x68</size>
         <alignment>0x4</alignment>
         <input_file_ref idref="fl-2"/>
      </object_component>
      <object_component id="oc-11b">
         <name>.text.__ledf2</name>
         <load_address>0x4bf8</load_address>
         <readonly>true</readonly>
         <executable>true</executable>
         <run_address>0x4bf8</run_address>
         <size>0x68</size>
         <alignment>0x4</alignment>
         <input_file_ref idref="fl-123"/>
      </object_component>
      <object_component id="oc-bf">
         <name>.text.__aeabi_dcmp</name>
         <load_address>0x4c60</load_address>
         <readonly>true</readonly>
         <executable>true</executable>
         <run_address>0x4c60</run_address>
         <size>0x62</size>
         <alignment>0x4</alignment>
         <input_file_ref idref="fl-119"/>
      </object_component>
      <object_component id="oc-fe">
         <name>.text.__aeabi_fcmp</name>
         <load_address>0x4cc4</load_address>
         <readonly>true</readonly>
         <executable>true</executable>
         <run_address>0x4cc4</run_address>
         <size>0x62</size>
         <alignment>0x4</alignment>
         <input_file_ref idref="fl-11a"/>
      </object_component>
      <object_component id="oc-231">
         <name>.text.arm_max_f32</name>
         <load_address>0x4d26</load_address>
         <readonly>true</readonly>
         <executable>true</executable>
         <run_address>0x4d26</run_address>
         <size>0x60</size>
         <alignment>0x2</alignment>
         <input_file_ref idref="fl-15"/>
      </object_component>
      <object_component id="oc-155">
         <name>.text.sendBluetoothData</name>
         <load_address>0x4d88</load_address>
         <readonly>true</readonly>
         <executable>true</executable>
         <run_address>0x4d88</run_address>
         <size>0x58</size>
         <alignment>0x4</alignment>
         <input_file_ref idref="fl-2"/>
      </object_component>
      <object_component id="oc-1f9">
         <name>.text.__aeabi_idivmod</name>
         <load_address>0x4de0</load_address>
         <readonly>true</readonly>
         <executable>true</executable>
         <run_address>0x4de0</run_address>
         <size>0x56</size>
         <alignment>0x4</alignment>
         <input_file_ref idref="fl-11b"/>
      </object_component>
      <object_component id="oc-f8">
         <name>.text.OLED_WR_Byte</name>
         <load_address>0x4e36</load_address>
         <readonly>true</readonly>
         <executable>true</executable>
         <run_address>0x4e36</run_address>
         <size>0x4e</size>
         <alignment>0x2</alignment>
         <input_file_ref idref="fl-1"/>
      </object_component>
      <object_component id="oc-1a6">
         <name>.text.DL_ADC12_initSingleSample</name>
         <load_address>0x4e84</load_address>
         <readonly>true</readonly>
         <executable>true</executable>
         <run_address>0x4e84</run_address>
         <size>0x4c</size>
         <alignment>0x4</alignment>
         <input_file_ref idref="fl-3"/>
      </object_component>
      <object_component id="oc-214">
         <name>.text.DL_DMA_initChannel</name>
         <load_address>0x4ed0</load_address>
         <readonly>true</readonly>
         <executable>true</executable>
         <run_address>0x4ed0</run_address>
         <size>0x4c</size>
         <alignment>0x4</alignment>
         <input_file_ref idref="fl-1c"/>
      </object_component>
      <object_component id="oc-19c">
         <name>.text.DL_UART_setBaudRateDivisor</name>
         <load_address>0x4f1c</load_address>
         <readonly>true</readonly>
         <executable>true</executable>
         <run_address>0x4f1c</run_address>
         <size>0x4c</size>
         <alignment>0x4</alignment>
         <input_file_ref idref="fl-3"/>
      </object_component>
      <object_component id="oc-ee">
         <name>.text.SYSCFG_DL_TIMER_0_init</name>
         <load_address>0x4f68</load_address>
         <readonly>true</readonly>
         <executable>true</executable>
         <run_address>0x4f68</run_address>
         <size>0x4c</size>
         <alignment>0x4</alignment>
         <input_file_ref idref="fl-3"/>
      </object_component>
      <object_component id="oc-1a7">
         <name>.text.DL_ADC12_configConversionMem</name>
         <load_address>0x4fb4</load_address>
         <readonly>true</readonly>
         <executable>true</executable>
         <run_address>0x4fb4</run_address>
         <size>0x4a</size>
         <alignment>0x2</alignment>
         <input_file_ref idref="fl-3"/>
      </object_component>
      <object_component id="oc-1c0">
         <name>.text.__fixdfsi</name>
         <load_address>0x5000</load_address>
         <readonly>true</readonly>
         <executable>true</executable>
         <run_address>0x5000</run_address>
         <size>0x4a</size>
         <alignment>0x4</alignment>
         <input_file_ref idref="fl-110"/>
      </object_component>
      <object_component id="oc-19a">
         <name>.text.DL_UART_init</name>
         <load_address>0x504c</load_address>
         <readonly>true</readonly>
         <executable>true</executable>
         <run_address>0x504c</run_address>
         <size>0x48</size>
         <alignment>0x4</alignment>
         <input_file_ref idref="fl-1e"/>
      </object_component>
      <object_component id="oc-139">
         <name>.text.switchwave</name>
         <load_address>0x5094</load_address>
         <readonly>true</readonly>
         <executable>true</executable>
         <run_address>0x5094</run_address>
         <size>0x48</size>
         <alignment>0x4</alignment>
         <input_file_ref idref="fl-2"/>
      </object_component>
      <object_component id="oc-ef">
         <name>.text.SYSCFG_DL_TIMER_1_init</name>
         <load_address>0x50dc</load_address>
         <readonly>true</readonly>
         <executable>true</executable>
         <run_address>0x50dc</run_address>
         <size>0x44</size>
         <alignment>0x4</alignment>
         <input_file_ref idref="fl-3"/>
      </object_component>
      <object_component id="oc-f0">
         <name>.text.SYSCFG_DL_UART_0_init</name>
         <load_address>0x5120</load_address>
         <readonly>true</readonly>
         <executable>true</executable>
         <run_address>0x5120</run_address>
         <size>0x44</size>
         <alignment>0x4</alignment>
         <input_file_ref idref="fl-3"/>
      </object_component>
      <object_component id="oc-1a0">
         <name>.text.DL_ADC12_setClockConfig</name>
         <load_address>0x5164</load_address>
         <readonly>true</readonly>
         <executable>true</executable>
         <run_address>0x5164</run_address>
         <size>0x40</size>
         <alignment>0x4</alignment>
         <input_file_ref idref="fl-1a"/>
      </object_component>
      <object_component id="oc-135">
         <name>.text.__aeabi_uidivmod</name>
         <load_address>0x51a4</load_address>
         <readonly>true</readonly>
         <executable>true</executable>
         <run_address>0x51a4</run_address>
         <size>0x40</size>
         <alignment>0x4</alignment>
         <input_file_ref idref="fl-11e"/>
      </object_component>
      <object_component id="oc-6f">
         <name>.text.__extendsfdf2</name>
         <load_address>0x51e4</load_address>
         <readonly>true</readonly>
         <executable>true</executable>
         <run_address>0x51e4</run_address>
         <size>0x40</size>
         <alignment>0x4</alignment>
         <input_file_ref idref="fl-10f"/>
      </object_component>
      <object_component id="oc-141">
         <name>.text.getlen</name>
         <load_address>0x5224</load_address>
         <readonly>true</readonly>
         <executable>true</executable>
         <run_address>0x5224</run_address>
         <size>0x40</size>
         <alignment>0x4</alignment>
         <input_file_ref idref="fl-2"/>
      </object_component>
      <object_component id="oc-240">
         <name>.text.OLED_Set_Pos</name>
         <load_address>0x5264</load_address>
         <readonly>true</readonly>
         <executable>true</executable>
         <run_address>0x5264</run_address>
         <size>0x3c</size>
         <alignment>0x2</alignment>
         <input_file_ref idref="fl-1"/>
      </object_component>
      <object_component id="oc-a8">
         <name>.text.SYSCFG_DL_init</name>
         <load_address>0x52a0</load_address>
         <readonly>true</readonly>
         <executable>true</executable>
         <run_address>0x52a0</run_address>
         <size>0x3c</size>
         <alignment>0x4</alignment>
         <input_file_ref idref="fl-3"/>
      </object_component>
      <object_component id="oc-10d">
         <name>.text.__floatsisf</name>
         <load_address>0x52dc</load_address>
         <readonly>true</readonly>
         <executable>true</executable>
         <run_address>0x52dc</run_address>
         <size>0x3c</size>
         <alignment>0x4</alignment>
         <input_file_ref idref="fl-114"/>
      </object_component>
      <object_component id="oc-1bc">
         <name>.text.__gtsf2</name>
         <load_address>0x5318</load_address>
         <readonly>true</readonly>
         <executable>true</executable>
         <run_address>0x5318</run_address>
         <size>0x3c</size>
         <alignment>0x4</alignment>
         <input_file_ref idref="fl-120"/>
      </object_component>
      <object_component id="oc-d0">
         <name>.text:__TI_auto_init_nobinit_nopinit</name>
         <load_address>0x5354</load_address>
         <readonly>true</readonly>
         <executable>true</executable>
         <run_address>0x5354</run_address>
         <size>0x3c</size>
         <alignment>0x4</alignment>
         <input_file_ref idref="fl-41"/>
      </object_component>
      <object_component id="oc-1b7">
         <name>.text.__eqsf2</name>
         <load_address>0x5390</load_address>
         <readonly>true</readonly>
         <executable>true</executable>
         <run_address>0x5390</run_address>
         <size>0x3a</size>
         <alignment>0x4</alignment>
         <input_file_ref idref="fl-120"/>
      </object_component>
      <object_component id="oc-98">
         <name>.text.__muldsi3</name>
         <load_address>0x53cc</load_address>
         <readonly>true</readonly>
         <executable>true</executable>
         <run_address>0x53cc</run_address>
         <size>0x3a</size>
         <alignment>0x4</alignment>
         <input_file_ref idref="fl-10b"/>
      </object_component>
      <object_component id="oc-18f">
         <name>.text.DL_Timer_setPublisherChanID</name>
         <load_address>0x5408</load_address>
         <readonly>true</readonly>
         <executable>true</executable>
         <run_address>0x5408</run_address>
         <size>0x38</size>
         <alignment>0x4</alignment>
         <input_file_ref idref="fl-3"/>
      </object_component>
      <object_component id="oc-1b3">
         <name>.text.I2C_Start</name>
         <load_address>0x5440</load_address>
         <readonly>true</readonly>
         <executable>true</executable>
         <run_address>0x5440</run_address>
         <size>0x38</size>
         <alignment>0x4</alignment>
         <input_file_ref idref="fl-1"/>
      </object_component>
      <object_component id="oc-3a">
         <name>.text.TIMG0_IRQHandler</name>
         <load_address>0x5478</load_address>
         <readonly>true</readonly>
         <executable>true</executable>
         <run_address>0x5478</run_address>
         <size>0x38</size>
         <alignment>0x4</alignment>
         <input_file_ref idref="fl-2"/>
      </object_component>
      <object_component id="oc-142">
         <name>.text.__fixsfsi</name>
         <load_address>0x54b0</load_address>
         <readonly>true</readonly>
         <executable>true</executable>
         <run_address>0x54b0</run_address>
         <size>0x38</size>
         <alignment>0x4</alignment>
         <input_file_ref idref="fl-111"/>
      </object_component>
      <object_component id="oc-176">
         <name>.text.DL_GPIO_initDigitalInputFeatures</name>
         <load_address>0x54e8</load_address>
         <readonly>true</readonly>
         <executable>true</executable>
         <run_address>0x54e8</run_address>
         <size>0x34</size>
         <alignment>0x4</alignment>
         <input_file_ref idref="fl-3"/>
      </object_component>
      <object_component id="oc-ed">
         <name>.text.SYSCFG_DL_CAPTURE_0_init</name>
         <load_address>0x551c</load_address>
         <readonly>true</readonly>
         <executable>true</executable>
         <run_address>0x551c</run_address>
         <size>0x34</size>
         <alignment>0x4</alignment>
         <input_file_ref idref="fl-3"/>
      </object_component>
      <object_component id="oc-106">
         <name>.text.__fixunssfsi</name>
         <load_address>0x5550</load_address>
         <readonly>true</readonly>
         <executable>true</executable>
         <run_address>0x5550</run_address>
         <size>0x32</size>
         <alignment>0x4</alignment>
         <input_file_ref idref="fl-112"/>
      </object_component>
      <object_component id="oc-213">
         <name>.text.DL_DMA_setTransferSize</name>
         <load_address>0x5584</load_address>
         <readonly>true</readonly>
         <executable>true</executable>
         <run_address>0x5584</run_address>
         <size>0x30</size>
         <alignment>0x4</alignment>
         <input_file_ref idref="fl-3"/>
      </object_component>
      <object_component id="oc-177">
         <name>.text.DL_GPIO_initDigitalOutputFeatures</name>
         <load_address>0x55b4</load_address>
         <readonly>true</readonly>
         <executable>true</executable>
         <run_address>0x55b4</run_address>
         <size>0x30</size>
         <alignment>0x4</alignment>
         <input_file_ref idref="fl-3"/>
      </object_component>
      <object_component id="oc-1b6">
         <name>.text.I2C_Stop</name>
         <load_address>0x55e4</load_address>
         <readonly>true</readonly>
         <executable>true</executable>
         <run_address>0x55e4</run_address>
         <size>0x30</size>
         <alignment>0x4</alignment>
         <input_file_ref idref="fl-1"/>
      </object_component>
      <object_component id="oc-1b5">
         <name>.text.I2C_WaitAck</name>
         <load_address>0x5614</load_address>
         <readonly>true</readonly>
         <executable>true</executable>
         <run_address>0x5614</run_address>
         <size>0x30</size>
         <alignment>0x4</alignment>
         <input_file_ref idref="fl-1"/>
      </object_component>
      <object_component id="oc-1f2">
         <name>.text.oled_pow</name>
         <load_address>0x5644</load_address>
         <readonly>true</readonly>
         <executable>true</executable>
         <run_address>0x5644</run_address>
         <size>0x30</size>
         <alignment>0x2</alignment>
         <input_file_ref idref="fl-1"/>
      </object_component>
      <object_component id="oc-1ab">
         <name>.text.DL_ADC12_setDMASamplesCnt</name>
         <load_address>0x5674</load_address>
         <readonly>true</readonly>
         <executable>true</executable>
         <run_address>0x5674</run_address>
         <size>0x2c</size>
         <alignment>0x4</alignment>
         <input_file_ref idref="fl-3"/>
      </object_component>
      <object_component id="oc-1b2">
         <name>.text.SYSCFG_DL_DMA_CH0_init</name>
         <load_address>0x56a0</load_address>
         <readonly>true</readonly>
         <executable>true</executable>
         <run_address>0x56a0</run_address>
         <size>0x2c</size>
         <alignment>0x4</alignment>
         <input_file_ref idref="fl-3"/>
      </object_component>
      <object_component id="oc-b6">
         <name>.text.__NVIC_EnableIRQ</name>
         <load_address>0x56cc</load_address>
         <readonly>true</readonly>
         <executable>true</executable>
         <run_address>0x56cc</run_address>
         <size>0x2c</size>
         <alignment>0x4</alignment>
         <input_file_ref idref="fl-2"/>
      </object_component>
      <object_component id="oc-123">
         <name>.text.__floatsidf</name>
         <load_address>0x56f8</load_address>
         <readonly>true</readonly>
         <executable>true</executable>
         <run_address>0x56f8</run_address>
         <size>0x2c</size>
         <alignment>0x4</alignment>
         <input_file_ref idref="fl-113"/>
      </object_component>
      <object_component id="oc-20a">
         <name>.text.DL_Common_updateReg</name>
         <load_address>0x5724</load_address>
         <readonly>true</readonly>
         <executable>true</executable>
         <run_address>0x5724</run_address>
         <size>0x28</size>
         <alignment>0x2</alignment>
         <input_file_ref idref="fl-3"/>
      </object_component>
      <object_component id="oc-b4">
         <name>.text.DL_DMA_setDestAddr</name>
         <load_address>0x574c</load_address>
         <readonly>true</readonly>
         <executable>true</executable>
         <run_address>0x574c</run_address>
         <size>0x28</size>
         <alignment>0x4</alignment>
         <input_file_ref idref="fl-2"/>
      </object_component>
      <object_component id="oc-b3">
         <name>.text.DL_DMA_setSrcAddr</name>
         <load_address>0x5774</load_address>
         <readonly>true</readonly>
         <executable>true</executable>
         <run_address>0x5774</run_address>
         <size>0x28</size>
         <alignment>0x4</alignment>
         <input_file_ref idref="fl-2"/>
      </object_component>
      <object_component id="oc-18e">
         <name>.text.DL_Timer_enableEvent</name>
         <load_address>0x579c</load_address>
         <readonly>true</readonly>
         <executable>true</executable>
         <run_address>0x579c</run_address>
         <size>0x28</size>
         <alignment>0x4</alignment>
         <input_file_ref idref="fl-3"/>
      </object_component>
      <object_component id="oc-6b">
         <name>.text.__floatunsisf</name>
         <load_address>0x57c4</load_address>
         <readonly>true</readonly>
         <executable>true</executable>
         <run_address>0x57c4</run_address>
         <size>0x28</size>
         <alignment>0x4</alignment>
         <input_file_ref idref="fl-116"/>
      </object_component>
      <object_component id="oc-57">
         <name>.text:_c_int00_noargs</name>
         <load_address>0x57ec</load_address>
         <readonly>true</readonly>
         <executable>true</executable>
         <run_address>0x57ec</run_address>
         <size>0x28</size>
         <alignment>0x4</alignment>
         <input_file_ref idref="fl-3f"/>
      </object_component>
      <object_component id="oc-b5">
         <name>.text.DL_DMA_enableChannel</name>
         <load_address>0x5814</load_address>
         <readonly>true</readonly>
         <executable>true</executable>
         <run_address>0x5814</run_address>
         <size>0x26</size>
         <alignment>0x2</alignment>
         <input_file_ref idref="fl-2"/>
      </object_component>
      <object_component id="oc-62">
         <name>.text.DL_Interrupt_clearGroup</name>
         <load_address>0x583c</load_address>
         <readonly>true</readonly>
         <executable>true</executable>
         <run_address>0x583c</run_address>
         <size>0x24</size>
         <alignment>0x4</alignment>
         <input_file_ref idref="fl-2"/>
      </object_component>
      <object_component id="oc-23c">
         <name>.text.__floatunsidf</name>
         <load_address>0x5860</load_address>
         <readonly>true</readonly>
         <executable>true</executable>
         <run_address>0x5860</run_address>
         <size>0x24</size>
         <alignment>0x4</alignment>
         <input_file_ref idref="fl-115"/>
      </object_component>
      <object_component id="oc-f7">
         <name>.text.delay_ms</name>
         <load_address>0x5884</load_address>
         <readonly>true</readonly>
         <executable>true</executable>
         <run_address>0x5884</run_address>
         <size>0x22</size>
         <alignment>0x2</alignment>
         <input_file_ref idref="fl-1"/>
      </object_component>
      <object_component id="oc-39">
         <name>.text.ADC0_IRQHandler</name>
         <load_address>0x58a8</load_address>
         <readonly>true</readonly>
         <executable>true</executable>
         <run_address>0x58a8</run_address>
         <size>0x20</size>
         <alignment>0x4</alignment>
         <input_file_ref idref="fl-2"/>
      </object_component>
      <object_component id="oc-173">
         <name>.text.DL_GPIO_initPeripheralInputFunction</name>
         <load_address>0x58c8</load_address>
         <readonly>true</readonly>
         <executable>true</executable>
         <run_address>0x58c8</run_address>
         <size>0x20</size>
         <alignment>0x4</alignment>
         <input_file_ref idref="fl-3"/>
      </object_component>
      <object_component id="oc-1a8">
         <name>.text.DL_ADC12_setPowerDownMode</name>
         <load_address>0x58e8</load_address>
         <readonly>true</readonly>
         <executable>true</executable>
         <run_address>0x58e8</run_address>
         <size>0x1e</size>
         <alignment>0x2</alignment>
         <input_file_ref idref="fl-3"/>
      </object_component>
      <object_component id="oc-19b">
         <name>.text.DL_UART_setOversampling</name>
         <load_address>0x5906</load_address>
         <readonly>true</readonly>
         <executable>true</executable>
         <run_address>0x5906</run_address>
         <size>0x1e</size>
         <alignment>0x2</alignment>
         <input_file_ref idref="fl-3"/>
      </object_component>
      <object_component id="oc-ec">
         <name>.text.SYSCFG_DL_SYSCTL_init</name>
         <load_address>0x5924</load_address>
         <readonly>true</readonly>
         <executable>true</executable>
         <run_address>0x5924</run_address>
         <size>0x1e</size>
         <alignment>0x2</alignment>
         <input_file_ref idref="fl-3"/>
      </object_component>
      <object_component id="oc-1ae">
         <name>.text.DL_ADC12_clearInterruptStatus</name>
         <load_address>0x5944</load_address>
         <readonly>true</readonly>
         <executable>true</executable>
         <run_address>0x5944</run_address>
         <size>0x1c</size>
         <alignment>0x4</alignment>
         <input_file_ref idref="fl-3"/>
      </object_component>
      <object_component id="oc-1aa">
         <name>.text.DL_ADC12_enableDMA</name>
         <load_address>0x5960</load_address>
         <readonly>true</readonly>
         <executable>true</executable>
         <run_address>0x5960</run_address>
         <size>0x1c</size>
         <alignment>0x4</alignment>
         <input_file_ref idref="fl-3"/>
      </object_component>
      <object_component id="oc-1ac">
         <name>.text.DL_ADC12_enableDMATrigger</name>
         <load_address>0x597c</load_address>
         <readonly>true</readonly>
         <executable>true</executable>
         <run_address>0x597c</run_address>
         <size>0x1c</size>
         <alignment>0x4</alignment>
         <input_file_ref idref="fl-3"/>
      </object_component>
      <object_component id="oc-1af">
         <name>.text.DL_ADC12_enableInterrupt</name>
         <load_address>0x5998</load_address>
         <readonly>true</readonly>
         <executable>true</executable>
         <run_address>0x5998</run_address>
         <size>0x1c</size>
         <alignment>0x4</alignment>
         <input_file_ref idref="fl-3"/>
      </object_component>
      <object_component id="oc-17c">
         <name>.text.DL_GPIO_clearInterruptStatus</name>
         <load_address>0x59b4</load_address>
         <readonly>true</readonly>
         <executable>true</executable>
         <run_address>0x59b4</run_address>
         <size>0x1c</size>
         <alignment>0x4</alignment>
         <input_file_ref idref="fl-3"/>
      </object_component>
      <object_component id="oc-17d">
         <name>.text.DL_GPIO_enableInterrupt</name>
         <load_address>0x59d0</load_address>
         <readonly>true</readonly>
         <executable>true</executable>
         <run_address>0x59d0</run_address>
         <size>0x1c</size>
         <alignment>0x4</alignment>
         <input_file_ref idref="fl-3"/>
      </object_component>
      <object_component id="oc-174">
         <name>.text.DL_GPIO_initPeripheralOutputFunction</name>
         <load_address>0x59ec</load_address>
         <readonly>true</readonly>
         <executable>true</executable>
         <run_address>0x59ec</run_address>
         <size>0x1c</size>
         <alignment>0x4</alignment>
         <input_file_ref idref="fl-3"/>
      </object_component>
      <object_component id="oc-5e">
         <name>.text.DL_Interrupt_getPendingGroup</name>
         <load_address>0x5a08</load_address>
         <readonly>true</readonly>
         <executable>true</executable>
         <run_address>0x5a08</run_address>
         <size>0x1c</size>
         <alignment>0x4</alignment>
         <input_file_ref idref="fl-2"/>
      </object_component>
      <object_component id="oc-17f">
         <name>.text.DL_SYSCTL_setSYSOSCFreq</name>
         <load_address>0x5a24</load_address>
         <readonly>true</readonly>
         <executable>true</executable>
         <run_address>0x5a24</run_address>
         <size>0x1c</size>
         <alignment>0x4</alignment>
         <input_file_ref idref="fl-3"/>
      </object_component>
      <object_component id="oc-189">
         <name>.text.DL_Timer_enableInterrupt</name>
         <load_address>0x5a40</load_address>
         <readonly>true</readonly>
         <executable>true</executable>
         <run_address>0x5a40</run_address>
         <size>0x1c</size>
         <alignment>0x4</alignment>
         <input_file_ref idref="fl-3"/>
      </object_component>
      <object_component id="oc-182">
         <name>.text.DL_Timer_setClockConfig</name>
         <load_address>0x5a5c</load_address>
         <readonly>true</readonly>
         <executable>true</executable>
         <run_address>0x5a5c</run_address>
         <size>0x1c</size>
         <alignment>0x4</alignment>
         <input_file_ref idref="fl-1d"/>
      </object_component>
      <object_component id="oc-b7">
         <name>.text.DL_Timer_setCoreHaltBehavior</name>
         <load_address>0x5a78</load_address>
         <readonly>true</readonly>
         <executable>true</executable>
         <run_address>0x5a78</run_address>
         <size>0x1c</size>
         <alignment>0x4</alignment>
         <input_file_ref idref="fl-2"/>
      </object_component>
      <object_component id="oc-1ad">
         <name>.text.DL_ADC12_setSubscriberChanID</name>
         <load_address>0x5a94</load_address>
         <readonly>true</readonly>
         <executable>true</executable>
         <run_address>0x5a94</run_address>
         <size>0x1a</size>
         <alignment>0x2</alignment>
         <input_file_ref idref="fl-3"/>
      </object_component>
      <object_component id="oc-172">
         <name>.text.DL_ADC12_enablePower</name>
         <load_address>0x5ab0</load_address>
         <readonly>true</readonly>
         <executable>true</executable>
         <run_address>0x5ab0</run_address>
         <size>0x18</size>
         <alignment>0x4</alignment>
         <input_file_ref idref="fl-3"/>
      </object_component>
      <object_component id="oc-16e">
         <name>.text.DL_ADC12_reset</name>
         <load_address>0x5ac8</load_address>
         <readonly>true</readonly>
         <executable>true</executable>
         <run_address>0x5ac8</run_address>
         <size>0x18</size>
         <alignment>0x4</alignment>
         <input_file_ref idref="fl-3"/>
      </object_component>
      <object_component id="oc-1a9">
         <name>.text.DL_ADC12_setSampleTime0</name>
         <load_address>0x5ae0</load_address>
         <readonly>true</readonly>
         <executable>true</executable>
         <run_address>0x5ae0</run_address>
         <size>0x18</size>
         <alignment>0x4</alignment>
         <input_file_ref idref="fl-3"/>
      </object_component>
      <object_component id="oc-17a">
         <name>.text.DL_GPIO_enableOutput</name>
         <load_address>0x5af8</load_address>
         <readonly>true</readonly>
         <executable>true</executable>
         <run_address>0x5af8</run_address>
         <size>0x18</size>
         <alignment>0x4</alignment>
         <input_file_ref idref="fl-3"/>
      </object_component>
      <object_component id="oc-16f">
         <name>.text.DL_GPIO_enablePower</name>
         <load_address>0x5b10</load_address>
         <readonly>true</readonly>
         <executable>true</executable>
         <run_address>0x5b10</run_address>
         <size>0x18</size>
         <alignment>0x4</alignment>
         <input_file_ref idref="fl-3"/>
      </object_component>
      <object_component id="oc-175">
         <name>.text.DL_GPIO_initDigitalOutput</name>
         <load_address>0x5b28</load_address>
         <readonly>true</readonly>
         <executable>true</executable>
         <run_address>0x5b28</run_address>
         <size>0x18</size>
         <alignment>0x4</alignment>
         <input_file_ref idref="fl-3"/>
      </object_component>
      <object_component id="oc-16b">
         <name>.text.DL_GPIO_reset</name>
         <load_address>0x5b40</load_address>
         <readonly>true</readonly>
         <executable>true</executable>
         <run_address>0x5b40</run_address>
         <size>0x18</size>
         <alignment>0x4</alignment>
         <input_file_ref idref="fl-3"/>
      </object_component>
      <object_component id="oc-219">
         <name>.text.DL_GPIO_setPins</name>
         <load_address>0x5b58</load_address>
         <readonly>true</readonly>
         <executable>true</executable>
         <run_address>0x5b58</run_address>
         <size>0x18</size>
         <alignment>0x4</alignment>
         <input_file_ref idref="fl-1"/>
      </object_component>
      <object_component id="oc-179">
         <name>.text.DL_GPIO_setPins</name>
         <load_address>0x5b70</load_address>
         <readonly>true</readonly>
         <executable>true</executable>
         <run_address>0x5b70</run_address>
         <size>0x18</size>
         <alignment>0x4</alignment>
         <input_file_ref idref="fl-3"/>
      </object_component>
      <object_component id="oc-60">
         <name>.text.DL_GPIO_setPins</name>
         <load_address>0x5b88</load_address>
         <readonly>true</readonly>
         <executable>true</executable>
         <run_address>0x5b88</run_address>
         <size>0x18</size>
         <alignment>0x4</alignment>
         <input_file_ref idref="fl-2"/>
      </object_component>
      <object_component id="oc-17b">
         <name>.text.DL_GPIO_setUpperPinsPolarity</name>
         <load_address>0x5ba0</load_address>
         <readonly>true</readonly>
         <executable>true</executable>
         <run_address>0x5ba0</run_address>
         <size>0x18</size>
         <alignment>0x2</alignment>
         <input_file_ref idref="fl-3"/>
      </object_component>
      <object_component id="oc-17e">
         <name>.text.DL_SYSCTL_setBORThreshold</name>
         <load_address>0x5bb8</load_address>
         <readonly>true</readonly>
         <executable>true</executable>
         <run_address>0x5bb8</run_address>
         <size>0x18</size>
         <alignment>0x4</alignment>
         <input_file_ref idref="fl-3"/>
      </object_component>
      <object_component id="oc-6a">
         <name>.text.DL_Timer_clearInterruptStatus</name>
         <load_address>0x5bd0</load_address>
         <readonly>true</readonly>
         <executable>true</executable>
         <run_address>0x5bd0</run_address>
         <size>0x18</size>
         <alignment>0x4</alignment>
         <input_file_ref idref="fl-2"/>
      </object_component>
      <object_component id="oc-170">
         <name>.text.DL_Timer_enablePower</name>
         <load_address>0x5be8</load_address>
         <readonly>true</readonly>
         <executable>true</executable>
         <run_address>0x5be8</run_address>
         <size>0x18</size>
         <alignment>0x4</alignment>
         <input_file_ref idref="fl-3"/>
      </object_component>
      <object_component id="oc-16c">
         <name>.text.DL_Timer_reset</name>
         <load_address>0x5c00</load_address>
         <readonly>true</readonly>
         <executable>true</executable>
         <run_address>0x5c00</run_address>
         <size>0x18</size>
         <alignment>0x4</alignment>
         <input_file_ref idref="fl-3"/>
      </object_component>
      <object_component id="oc-1c4">
         <name>.text.DL_Timer_setLoadValue</name>
         <load_address>0x5c18</load_address>
         <readonly>true</readonly>
         <executable>true</executable>
         <run_address>0x5c18</run_address>
         <size>0x18</size>
         <alignment>0x4</alignment>
         <input_file_ref idref="fl-2"/>
      </object_component>
      <object_component id="oc-7c">
         <name>.text.DL_Timer_startCounter</name>
         <load_address>0x5c30</load_address>
         <readonly>true</readonly>
         <executable>true</executable>
         <run_address>0x5c30</run_address>
         <size>0x18</size>
         <alignment>0x4</alignment>
         <input_file_ref idref="fl-2"/>
      </object_component>
      <object_component id="oc-7b">
         <name>.text.DL_Timer_stopCounter</name>
         <load_address>0x5c48</load_address>
         <readonly>true</readonly>
         <executable>true</executable>
         <run_address>0x5c48</run_address>
         <size>0x18</size>
         <alignment>0x4</alignment>
         <input_file_ref idref="fl-2"/>
      </object_component>
      <object_component id="oc-171">
         <name>.text.DL_UART_enablePower</name>
         <load_address>0x5c60</load_address>
         <readonly>true</readonly>
         <executable>true</executable>
         <run_address>0x5c60</run_address>
         <size>0x18</size>
         <alignment>0x4</alignment>
         <input_file_ref idref="fl-3"/>
      </object_component>
      <object_component id="oc-154">
         <name>.text.DL_UART_isBusy</name>
[...]
      </symbol>
      <symbol id="sm-235">
         <name>I2C1_IRQHandler</name>
         <value>0x1b43</value>
         <object_component_ref idref="oc-33"/>
      </symbol>
      <symbol id="sm-236">
         <name>AES_IRQHandler</name>
         <value>0x1b43</value>
         <object_component_ref idref="oc-33"/>
      </symbol>
      <symbol id="sm-237">
         <name>RTC_IRQHandler</name>
         <value>0x1b43</value>
         <object_component_ref idref="oc-33"/>
      </symbol>
      <symbol id="sm-238">
         <name>DMA_IRQHandler</name>
         <value>0x1b43</value>
         <object_component_ref idref="oc-33"/>
      </symbol>
      <symbol id="sm-239">
         <name>__TI_ATRegion0_src_addr</name>
         <value>0x0</value>
      </symbol>
      <symbol id="sm-23a">
         <name>__TI_ATRegion0_trg_addr</name>
         <value>0x0</value>
      </symbol>
      <symbol id="sm-23b">
         <name>__TI_ATRegion0_region_sz</name>
         <value>0x0</value>
      </symbol>
      <symbol id="sm-23c">
         <name>__TI_ATRegion1_src_addr</name>
         <value>0x0</value>
      </symbol>
      <symbol id="sm-23d">
         <name>__TI_ATRegion1_trg_addr</name>
         <value>0x0</value>
      </symbol>
      <symbol id="sm-23e">
         <name>__TI_ATRegion1_region_sz</name>
         <value>0x0</value>
      </symbol>
      <symbol id="sm-23f">
         <name>__TI_ATRegion2_src_addr</name>
         <value>0x0</value>
      </symbol>
      <symbol id="sm-240">
         <name>__TI_ATRegion2_trg_addr</name>
         <value>0x0</value>
      </symbol>
      <symbol id="sm-241">
         <name>__TI_ATRegion2_region_sz</name>
         <value>0x0</value>
      </symbol>
      <symbol id="sm-246">
         <name>arm_cfft_sR_f32_len1024</name>
         <value>0x9848</value>
         <object_component_ref idref="oc-235"/>
      </symbol>
      <symbol id="sm-250">
         <name>arm_cmplx_mag_f32</name>
         <value>0x333d</value>
         <object_component_ref idref="oc-22d"/>
      </symbol>
      <symbol id="sm-259">
         <name>arm_max_f32</name>
         <value>0x4d27</value>
         <object_component_ref idref="oc-231"/>
      </symbol>
      <symbol id="sm-268">
         <name>arm_cfft_radix8by2_f32</name>
         <value>0x25bd</value>
         <object_component_ref idref="oc-25d"/>
      </symbol>
      <symbol id="sm-269">
         <name>arm_cfft_radix8by4_f32</name>
         <value>0x13d5</value>
         <object_component_ref idref="oc-262"/>
      </symbol>
      <symbol id="sm-26a">
         <name>arm_cfft_f32</name>
         <value>0x2e79</value>
         <object_component_ref idref="oc-227"/>
      </symbol>
      <symbol id="sm-276">
         <name>arm_radix8_butterfly_f32</name>
         <value>0xb09</value>
         <object_component_ref idref="oc-25e"/>
      </symbol>
      <symbol id="sm-27b">
         <name>twiddleCoef_1024</name>
         <value>0x5f40</value>
         <object_component_ref idref="oc-272"/>
      </symbol>
      <symbol id="sm-27c">
         <name>armBitRevIndexTable1024</name>
         <value>0x7f40</value>
         <object_component_ref idref="oc-274"/>
      </symbol>
      <symbol id="sm-286">
         <name>arm_bitreversal_32</name>
         <value>0x3999</value>
         <object_component_ref idref="oc-263"/>
      </symbol>
      <symbol id="sm-291">
         <name>DL_ADC12_setClockConfig</name>
         <value>0x5165</value>
         <object_component_ref idref="oc-1a0"/>
      </symbol>
      <symbol id="sm-29a">
         <name>DL_Common_delayCycles</name>
         <value>0x5e29</value>
         <object_component_ref idref="oc-b9"/>
      </symbol>
      <symbol id="sm-2a4">
         <name>DL_DMA_initChannel</name>
         <value>0x4ed1</value>
         <object_component_ref idref="oc-214"/>
      </symbol>
      <symbol id="sm-2b9">
         <name>DL_Timer_setClockConfig</name>
         <value>0x5a5d</value>
         <object_component_ref idref="oc-182"/>
      </symbol>
      <symbol id="sm-2ba">
         <name>DL_Timer_initTimerMode</name>
         <value>0x3da9</value>
         <object_component_ref idref="oc-18d"/>
      </symbol>
      <symbol id="sm-2bb">
         <name>DL_Timer_initCaptureCombinedMode</name>
         <value>0x3f75</value>
         <object_component_ref idref="oc-188"/>
      </symbol>
      <symbol id="sm-2c8">
         <name>DL_UART_init</name>
         <value>0x504d</value>
         <object_component_ref idref="oc-19a"/>
      </symbol>
      <symbol id="sm-2c9">
         <name>DL_UART_setClockConfig</name>
         <value>0x5db5</value>
         <object_component_ref idref="oc-194"/>
      </symbol>
      <symbol id="sm-2fd">
         <name>pow</name>
         <value>0xc1</value>
         <object_component_ref idref="oc-1f3"/>
      </symbol>
      <symbol id="sm-2fe">
         <name>powl</name>
         <value>0xc1</value>
         <object_component_ref idref="oc-1f3"/>
      </symbol>
      <symbol id="sm-308">
         <name>sqrt</name>
         <value>0x31cd</value>
         <object_component_ref idref="oc-253"/>
      </symbol>
      <symbol id="sm-309">
         <name>sqrtl</name>
         <value>0x31cd</value>
         <object_component_ref idref="oc-253"/>
      </symbol>
      <symbol id="sm-313">
         <name>scalbn</name>
         <value>0x4055</value>
         <object_component_ref idref="oc-24e"/>
      </symbol>
      <symbol id="sm-314">
         <name>ldexp</name>
         <value>0x4055</value>
         <object_component_ref idref="oc-24e"/>
      </symbol>
      <symbol id="sm-315">
         <name>scalbnl</name>
         <value>0x4055</value>
         <object_component_ref idref="oc-24e"/>
      </symbol>
      <symbol id="sm-316">
         <name>ldexpl</name>
         <value>0x4055</value>
         <object_component_ref idref="oc-24e"/>
      </symbol>
      <symbol id="sm-342">
         <name>powf</name>
         <value>0x1b45</value>
         <object_component_ref idref="oc-12f"/>
      </symbol>
      <symbol id="sm-34c">
         <name>sqrtf</name>
         <value>0x436d</value>
         <object_component_ref idref="oc-13a"/>
      </symbol>
      <symbol id="sm-356">
         <name>scalbnf</name>
         <value>0x42bd</value>
         <object_component_ref idref="oc-1dc"/>
      </symbol>
      <symbol id="sm-357">
         <name>ldexpf</name>
         <value>0x42bd</value>
         <object_component_ref idref="oc-1dc"/>
      </symbol>
      <symbol id="sm-362">
         <name>__aeabi_errno_addr</name>
         <value>0x5e81</value>
         <object_component_ref idref="oc-1cf"/>
      </symbol>
      <symbol id="sm-363">
         <name>__aeabi_errno</name>
         <value>0x202039a0</value>
         <object_component_ref idref="oc-21d"/>
      </symbol>
      <symbol id="sm-371">
         <name>_c_int00_noargs</name>
         <value>0x57ed</value>
         <object_component_ref idref="oc-57"/>
      </symbol>
      <symbol id="sm-372">
         <name>__stack</name>
         <value>0x20207e00</value>
         <object_component_ref idref="oc-1a"/>
      </symbol>
      <symbol id="sm-37e">
         <name>__TI_auto_init_nobinit_nopinit</name>
         <value>0x5355</value>
         <object_component_ref idref="oc-d0"/>
      </symbol>
      <symbol id="sm-386">
         <name>_system_pre_init</name>
         <value>0x5f31</value>
         <object_component_ref idref="oc-87"/>
      </symbol>
      <symbol id="sm-391">
         <name>__TI_zero_init</name>
         <value>0x5dfd</value>
         <object_component_ref idref="oc-54"/>
      </symbol>
      <symbol id="sm-39a">
         <name>__TI_decompress_none</name>
         <value>0x5dd9</value>
         <object_component_ref idref="oc-20"/>
      </symbol>
      <symbol id="sm-3a5">
         <name>__TI_decompress_lzss</name>
         <value>0x48dd</value>
         <object_component_ref idref="oc-1c"/>
      </symbol>
      <symbol id="sm-3b4">
         <name>abort</name>
         <value>0x5f07</value>
         <object_component_ref idref="oc-c9"/>
      </symbol>
      <symbol id="sm-3c7">
         <name>HOSTexit</name>
         <value>0x49cd</value>
         <object_component_ref idref="oc-15a"/>
      </symbol>
      <symbol id="sm-3c8">
         <name>C$$EXIT</name>
         <value>0x49cc</value>
         <object_component_ref idref="oc-15a"/>
      </symbol>
      <symbol id="sm-3dd">
         <name>__aeabi_fadd</name>
         <value>0x4137</value>
         <object_component_ref idref="oc-115"/>
      </symbol>
      <symbol id="sm-3de">
         <name>__addsf3</name>
         <value>0x4137</value>
         <object_component_ref idref="oc-115"/>
      </symbol>
      <symbol id="sm-3df">
         <name>__aeabi_fsub</name>
         <value>0x412d</value>
         <object_component_ref idref="oc-115"/>
      </symbol>
      <symbol id="sm-3e0">
         <name>__subsf3</name>
         <value>0x412d</value>
         <object_component_ref idref="oc-115"/>
      </symbol>
      <symbol id="sm-3ec">
         <name>__aeabi_dadd</name>
         <value>0x3043</value>
         <object_component_ref idref="oc-12b"/>
      </symbol>
      <symbol id="sm-3ed">
         <name>__adddf3</name>
         <value>0x3043</value>
         <object_component_ref idref="oc-12b"/>
      </symbol>
      <symbol id="sm-3ee">
         <name>__aeabi_dsub</name>
         <value>0x3039</value>
         <object_component_ref idref="oc-12b"/>
      </symbol>
      <symbol id="sm-3ef">
         <name>__subdf3</name>
         <value>0x3039</value>
         <object_component_ref idref="oc-12b"/>
      </symbol>
      <symbol id="sm-3fb">
         <name>__aeabi_dmul</name>
         <value>0x3e91</value>
         <object_component_ref idref="oc-73"/>
      </symbol>
      <symbol id="sm-3fc">
         <name>__muldf3</name>
         <value>0x3e91</value>
         <object_component_ref idref="oc-73"/>
      </symbol>
      <symbol id="sm-405">
         <name>__muldsi3</name>
         <value>0x53cd</value>
         <object_component_ref idref="oc-98"/>
      </symbol>
      <symbol id="sm-40b">
         <name>__aeabi_fmul</name>
         <value>0x4649</value>
         <object_component_ref idref="oc-102"/>
      </symbol>
      <symbol id="sm-40c">
         <name>__mulsf3</name>
         <value>0x4649</value>
         <object_component_ref idref="oc-102"/>
      </symbol>
      <symbol id="sm-415">
         <name>__aeabi_fdiv</name>
         <value>0x47dd</value>
         <object_component_ref idref="oc-111"/>
      </symbol>
      <symbol id="sm-416">
         <name>__divsf3</name>
         <value>0x47dd</value>
         <object_component_ref idref="oc-111"/>
      </symbol>
      <symbol id="sm-41c">
         <name>__aeabi_ddiv</name>
         <value>0x3aad</value>
         <object_component_ref idref="oc-127"/>
      </symbol>
      <symbol id="sm-41d">
         <name>__divdf3</name>
         <value>0x3aad</value>
         <object_component_ref idref="oc-127"/>
      </symbol>
      <symbol id="sm-423">
         <name>__aeabi_f2d</name>
         <value>0x51e5</value>
         <object_component_ref idref="oc-6f"/>
      </symbol>
      <symbol id="sm-424">
         <name>__extendsfdf2</name>
         <value>0x51e5</value>
         <object_component_ref idref="oc-6f"/>
      </symbol>
      <symbol id="sm-42a">
         <name>__aeabi_d2iz</name>
         <value>0x5001</value>
         <object_component_ref idref="oc-1c0"/>
      </symbol>
      <symbol id="sm-42b">
         <name>__fixdfsi</name>
         <value>0x5001</value>
         <object_component_ref idref="oc-1c0"/>
      </symbol>
      <symbol id="sm-431">
         <name>__aeabi_f2iz</name>
         <value>0x54b1</value>
         <object_component_ref idref="oc-142"/>
      </symbol>
      <symbol id="sm-432">
         <name>__fixsfsi</name>
         <value>0x54b1</value>
         <object_component_ref idref="oc-142"/>
      </symbol>
      <symbol id="sm-438">
         <name>__aeabi_f2uiz</name>
         <value>0x5551</value>
         <object_component_ref idref="oc-106"/>
      </symbol>
      <symbol id="sm-439">
         <name>__fixunssfsi</name>
         <value>0x5551</value>
         <object_component_ref idref="oc-106"/>
      </symbol>
      <symbol id="sm-43f">
         <name>__aeabi_i2d</name>
         <value>0x56f9</value>
         <object_component_ref idref="oc-123"/>
      </symbol>
      <symbol id="sm-440">
         <name>__floatsidf</name>
         <value>0x56f9</value>
         <object_component_ref idref="oc-123"/>
      </symbol>
      <symbol id="sm-446">
         <name>__aeabi_i2f</name>
         <value>0x52dd</value>
         <object_component_ref idref="oc-10d"/>
      </symbol>
      <symbol id="sm-447">
         <name>__floatsisf</name>
         <value>0x52dd</value>
         <object_component_ref idref="oc-10d"/>
      </symbol>
      <symbol id="sm-44d">
         <name>__aeabi_ui2d</name>
         <value>0x5861</value>
         <object_component_ref idref="oc-23c"/>
      </symbol>
      <symbol id="sm-44e">
         <name>__floatunsidf</name>
         <value>0x5861</value>
         <object_component_ref idref="oc-23c"/>
      </symbol>
      <symbol id="sm-454">
         <name>__aeabi_ui2f</name>
         <value>0x57c5</value>
         <object_component_ref idref="oc-6b"/>
      </symbol>
      <symbol id="sm-455">
         <name>__floatunsisf</name>
         <value>0x57c5</value>
         <object_component_ref idref="oc-6b"/>
      </symbol>
      <symbol id="sm-45c">
         <name>__aeabi_d2f</name>
         <value>0x49d1</value>
         <object_component_ref idref="oc-77"/>
      </symbol>
      <symbol id="sm-45d">
         <name>__truncdfsf2</name>
         <value>0x49d1</value>
         <object_component_ref idref="oc-77"/>
      </symbol>
      <symbol id="sm-463">
         <name>__aeabi_dcmpeq</name>
         <value>0x4c61</value>
         <object_component_ref idref="oc-bf"/>
      </symbol>
      <symbol id="sm-464">
         <name>__aeabi_dcmplt</name>
         <value>0x4c75</value>
         <object_component_ref idref="oc-bf"/>
      </symbol>
      <symbol id="sm-465">
         <name>__aeabi_dcmple</name>
         <value>0x4c89</value>
         <object_component_ref idref="oc-bf"/>
      </symbol>
      <symbol id="sm-466">
         <name>__aeabi_dcmpge</name>
         <value>0x4c9d</value>
         <object_component_ref idref="oc-bf"/>
      </symbol>
      <symbol id="sm-467">
         <name>__aeabi_dcmpgt</name>
         <value>0x4cb1</value>
         <object_component_ref idref="oc-bf"/>
      </symbol>
      <symbol id="sm-46d">
         <name>__aeabi_fcmpeq</name>
         <value>0x4cc5</value>
         <object_component_ref idref="oc-fe"/>
      </symbol>
      <symbol id="sm-46e">
         <name>__aeabi_fcmplt</name>
         <value>0x4cd9</value>
         <object_component_ref idref="oc-fe"/>
      </symbol>
      <symbol id="sm-46f">
         <name>__aeabi_fcmple</name>
         <value>0x4ced</value>
         <object_component_ref idref="oc-fe"/>
      </symbol>
      <symbol id="sm-470">
         <name>__aeabi_fcmpge</name>
         <value>0x4d01</value>
         <object_component_ref idref="oc-fe"/>
      </symbol>
      <symbol id="sm-471">
         <name>__aeabi_fcmpgt</name>
         <value>0x4d15</value>
         <object_component_ref idref="oc-fe"/>
      </symbol>
      <symbol id="sm-477">
         <name>__aeabi_idiv</name>
         <value>0x4de1</value>
         <object_component_ref idref="oc-1f9"/>
      </symbol>
      <symbol id="sm-478">
         <name>__aeabi_idivmod</name>
         <value>0x4de1</value>
         <object_component_ref idref="oc-1f9"/>
      </symbol>
      <symbol id="sm-47e">
         <name>__aeabi_memcpy</name>
         <value>0x5e89</value>
         <object_component_ref idref="oc-47"/>
      </symbol>
      <symbol id="sm-47f">
         <name>__aeabi_memcpy4</name>
         <value>0x5e89</value>
         <object_component_ref idref="oc-47"/>
      </symbol>
      <symbol id="sm-480">
         <name>__aeabi_memcpy8</name>
         <value>0x5e89</value>
         <object_component_ref idref="oc-47"/>
      </symbol>
      <symbol id="sm-487">
         <name>__aeabi_memclr</name>
         <value>0x5e1d</value>
         <object_component_ref idref="oc-82"/>
      </symbol>
      <symbol id="sm-488">
         <name>__aeabi_memclr4</name>
         <value>0x5e1d</value>
         <object_component_ref idref="oc-82"/>
      </symbol>
      <symbol id="sm-489">
         <name>__aeabi_memclr8</name>
         <value>0x5e1d</value>
         <object_component_ref idref="oc-82"/>
      </symbol>
      <symbol id="sm-48f">
         <name>__aeabi_uidiv</name>
         <value>0x51a5</value>
         <object_component_ref idref="oc-135"/>
      </symbol>
      <symbol id="sm-490">
         <name>__aeabi_uidivmod</name>
         <value>0x51a5</value>
         <object_component_ref idref="oc-135"/>
      </symbol>
      <symbol id="sm-499">
         <name>__eqsf2</name>
         <value>0x5391</value>
         <object_component_ref idref="oc-1b7"/>
      </symbol>
      <symbol id="sm-49a">
         <name>__lesf2</name>
         <value>0x5391</value>
         <object_component_ref idref="oc-1b7"/>
      </symbol>
      <symbol id="sm-49b">
         <name>__ltsf2</name>
         <value>0x5391</value>
         <object_component_ref idref="oc-1b7"/>
      </symbol>
      <symbol id="sm-49c">
         <name>__nesf2</name>
         <value>0x5391</value>
         <object_component_ref idref="oc-1b7"/>
      </symbol>
      <symbol id="sm-49d">
         <name>__cmpsf2</name>
         <value>0x5391</value>
         <object_component_ref idref="oc-1b7"/>
      </symbol>
      <symbol id="sm-49e">
         <name>__gtsf2</name>
         <value>0x5319</value>
         <object_component_ref idref="oc-1bc"/>
      </symbol>
      <symbol id="sm-49f">
         <name>__gesf2</name>
         <value>0x5319</value>
         <object_component_ref idref="oc-1bc"/>
      </symbol>
      <symbol id="sm-4ad">
         <name>__ledf2</name>
         <value>0x4bf9</value>
         <object_component_ref idref="oc-11b"/>
      </symbol>
      <symbol id="sm-4ae">
         <name>__gedf2</name>
         <value>0x4959</value>
         <object_component_ref idref="oc-121"/>
      </symbol>
      <symbol id="sm-4af">
         <name>__cmpdf2</name>
         <value>0x4bf9</value>
         <object_component_ref idref="oc-11b"/>
      </symbol>
      <symbol id="sm-4b0">
         <name>__eqdf2</name>
         <value>0x4bf9</value>
         <object_component_ref idref="oc-11b"/>
      </symbol>
      <symbol id="sm-4b1">
         <name>__ltdf2</name>
         <value>0x4bf9</value>
         <object_component_ref idref="oc-11b"/>
      </symbol>
      <symbol id="sm-4b2">
         <name>__nedf2</name>
         <value>0x4bf9</value>
         <object_component_ref idref="oc-11b"/>
      </symbol>
      <symbol id="sm-4b3">
         <name>__gtdf2</name>
         <value>0x4959</value>
         <object_component_ref idref="oc-121"/>
      </symbol>
      <symbol id="sm-4bd">
         <name>__aeabi_idiv0</name>
         <value>0x31cb</value>
         <object_component_ref idref="oc-1e3"/>
      </symbol>
      <symbol id="sm-4c7">
         <name>TI_memcpy_small</name>
         <value>0x5dc7</value>
         <object_component_ref idref="oc-9e"/>
      </symbol>
      <symbol id="sm-4d0">
         <name>TI_memset_small</name>
         <value>0x5e0d</value>
         <object_component_ref idref="oc-e4"/>
      </symbol>
      <symbol id="sm-4d1">
         <name>__TI_static_base__</name>
         <value>0x0</value>
      </symbol>
      <symbol id="sm-4d5">
         <name>__mpu_init</name>
         <value>0x0</value>
      </symbol>
      <symbol id="sm-4d6">
         <name>_system_post_cinit</name>
         <value>0x0</value>
      </symbol>
   </symbol_table>
   <title>Link successful</title>
</link_info>
