******************************************************************************
            TI ARM Clang Linker PC v4.0.2                      
******************************************************************************
>> Linked Sun May  4 16:52:08 2025

OUTPUT FILE NAME:   <HIGHPREQ.out>
ENTRY POINT SYMBOL: "_c_int00_noargs"  address: 000057ed


MEMORY CONFIGURATION

         name            origin    length      used     unused   attr    fill
----------------------  --------  ---------  --------  --------  ----  --------
  FLASH                 00000000   00020000  00009918  000166e8  R  X
  SRAM                  20200000   00008000  00003bca  00004436  RW X
  BCR_CONFIG            41c00000   000000ff  00000000  000000ff  R   
  BSL_CONFIG            41c00100   00000080  00000000  00000080  R   


SEGMENT ALLOCATION MAP

run origin  load origin   length   init length attrs members
----------  ----------- ---------- ----------- ----- -------
00000000    00000000    00009918   00009918    r-x
  00000000    00000000    000000c0   000000c0    r-- .intvecs
  000000c0    000000c0    00005e80   00005e80    r-x .text
  00005f40    00005f40    00003998   00003998    r-- .rodata
  000098d8    000098d8    00000040   00000040    r-- .cinit
20200000    20200000    000039ca   00000000    rw-
  20200000    20200000    00003990   00000000    rw- .bss
  20203990    20203990    0000003a   00000000    rw- .data
20207e00    20207e00    00000200   00000000    rw-
  20207e00    20207e00    00000200   00000000    rw- .stack


SECTION ALLOCATION MAP

 output                                  attributes/
section   page    origin      length       input sections
--------  ----  ----------  ----------   ----------------
.intvecs   0    00000000    000000c0     
                  00000000    000000c0     startup_mspm0g350x_ticlang.o (.intvecs)

.text      0    000000c0    00005e80     
                  000000c0    00000a48     libc.a : e_pow.c.obj (.text.pow)
                  00000b08    000008cc     arm_cortexM0l_math.a : arm_cfft_radix8_f32.o (.text.arm_radix8_butterfly_f32)
                  000013d4    0000076e                          : arm_cfft_f32.o (.text.arm_cfft_radix8by4_f32)
                  00001b42    00000002     startup_mspm0g350x_ticlang.o (.text.Default_Handler)
                  00001b44    000006b8     libc.a : e_powf.c.obj (.text.powf)
                  000021fc    000003c0     timx_timer_mode_capture_duty_and_period.o (.text.OLEDSHOW)
                  000025bc    000002b0     arm_cortexM0l_math.a : arm_cfft_f32.o (.text.arm_cfft_radix8by2_f32)
                  0000286c    0000023c     timx_timer_mode_capture_duty_and_period.o (.text.findvpp)
                  00002aa8    000001f0     timx_timer_mode_capture_duty_and_period.o (.text.switchwave1)
                  00002c98    000001e0     timx_timer_mode_capture_duty_and_period.o (.text.findV)
                  00002e78    000001c0     arm_cortexM0l_math.a : arm_cfft_f32.o (.text.arm_cfft_f32)
                  00003038    00000192     libclang_rt.builtins.a : adddf3.S.obj (.text.adddf3_subdf3)
                  000031ca    00000002                            : aeabi_div0.c.obj (.text.__aeabi_idiv0)
                  000031cc    00000170     libc.a : e_sqrt.c.obj (.text.sqrt)
                  0000333c    00000168     arm_cortexM0l_math.a : arm_cmplx_mag_f32.o (.text.arm_cmplx_mag_f32)
                  000034a4    00000160     timx_timer_mode_capture_duty_and_period.o (.text.BT_send_Src)
                  00003604    00000148     timx_timer_mode_capture_duty_and_period.o (.text.main)
                  0000374c    00000134     timx_timer_mode_capture_duty_and_period.o (.text.switchwave2)
                  00003880    00000118     oled.o (.text.OLED_ShowChar)
                  00003998    00000112     arm_cortexM0l_math.a : arm_bitreversal2.o (.text.arm_bitreversal_32)
                  00003aaa    00000002     --HOLE-- [fill = 0]
                  00003aac    0000010c     libclang_rt.builtins.a : divdf3.S.obj (.text.__divdf3)
                  00003bb8    000000fa     oled.o (.text.OLED_Init)
                  00003cb2    000000f6     oled.o (.text.OLED_ShowNum)
                  00003da8    000000e8     driverlib.a : dl_timer.o (.text.DL_Timer_initTimerMode)
                  00003e90    000000e4     libclang_rt.builtins.a : muldf3.S.obj (.text.__muldf3)
                  00003f74    000000e0     driverlib.a : dl_timer.o (.text.DL_Timer_initCaptureCombinedMode)
                  00004054    000000d8     libc.a : s_scalbn.c.obj (.text.scalbn)
                  0000412c    000000d8     libclang_rt.builtins.a : addsf3.S.obj (.text)
                  00004204    000000b8     ti_msp_dl_config.o (.text.SYSCFG_DL_GPIO_init)
                  000042bc    000000b0     libc.a : s_scalbnf.c.obj (.text.scalbnf)
                  0000436c    000000a0            : e_sqrtf.c.obj (.text.sqrtf)
                  0000440c    00000094     timx_timer_mode_capture_duty_and_period.o (.text.findbase)
                  000044a0    00000090     ti_msp_dl_config.o (.text.SYSCFG_DL_ADC12_0_init)
                  00004530    0000008c     timx_timer_mode_capture_duty_and_period.o (.text.GROUP1_IRQHandler)
                  000045bc    0000008c     ti_msp_dl_config.o (.text.SYSCFG_DL_initPower)
                  00004648    0000008c     libclang_rt.builtins.a : mulsf3.S.obj (.text.__mulsf3)
                  000046d4    00000084     timx_timer_mode_capture_duty_and_period.o (.text.__NVIC_SetPriority)
                  00004758    00000084     timx_timer_mode_capture_duty_and_period.o (.text.getdec)
                  000047dc    00000082     libclang_rt.builtins.a : divsf3.S.obj (.text.__divsf3)
                  0000485e    00000002     --HOLE-- [fill = 0]
                  00004860    0000007c     oled.o (.text.Send_Byte)
                  000048dc    0000007c     libc.a : copy_decompress_lzss.c.obj (.text:decompress:lzss)
                  00004958    00000074     libclang_rt.builtins.a : comparedf2.c.obj (.text.__gedf2)
                  000049cc    00000004     libsysbm.a : hostexit.c.obj (.text.HOSTexit)
                  000049d0    00000074     libclang_rt.builtins.a : truncdfsf2.S.obj (.text.__truncdfsf2)
                  00004a44    00000070     oled.o (.text.OLED_ShowString)
                  00004ab4    00000070     timx_timer_mode_capture_duty_and_period.o (.text.StartAdc)
                  00004b24    0000006a     oled.o (.text.OLED_Clear)
                  00004b8e    00000002     --HOLE-- [fill = 0]
                  00004b90    00000068     timx_timer_mode_capture_duty_and_period.o (.text.TIMA1_IRQHandler)
                  00004bf8    00000068     libclang_rt.builtins.a : comparedf2.c.obj (.text.__ledf2)
                  00004c60    00000062                            : aeabi_dcmp.S.obj (.text.__aeabi_dcmp)
                  00004cc2    00000002     --HOLE-- [fill = 0]
                  00004cc4    00000062                            : aeabi_fcmp.S.obj (.text.__aeabi_fcmp)
                  00004d26    00000060     arm_cortexM0l_math.a : arm_max_f32.o (.text.arm_max_f32)
                  00004d86    00000002     --HOLE-- [fill = 0]
                  00004d88    00000058     timx_timer_mode_capture_duty_and_period.o (.text.sendBluetoothData)
                  00004de0    00000056     libclang_rt.builtins.a : aeabi_idivmod.S.obj (.text.__aeabi_idivmod)
                  00004e36    0000004e     oled.o (.text.OLED_WR_Byte)
                  00004e84    0000004c     ti_msp_dl_config.o (.text.DL_ADC12_initSingleSample)
                  00004ed0    0000004c     driverlib.a : dl_dma.o (.text.DL_DMA_initChannel)
                  00004f1c    0000004c     ti_msp_dl_config.o (.text.DL_UART_setBaudRateDivisor)
                  00004f68    0000004c     ti_msp_dl_config.o (.text.SYSCFG_DL_TIMER_0_init)
                  00004fb4    0000004a     ti_msp_dl_config.o (.text.DL_ADC12_configConversionMem)
                  00004ffe    00000002     --HOLE-- [fill = 0]
                  00005000    0000004a     libclang_rt.builtins.a : fixdfsi.S.obj (.text.__fixdfsi)
                  0000504a    00000002     --HOLE-- [fill = 0]
                  0000504c    00000048     driverlib.a : dl_uart.o (.text.DL_UART_init)
                  00005094    00000048     timx_timer_mode_capture_duty_and_period.o (.text.switchwave)
                  000050dc    00000044     ti_msp_dl_config.o (.text.SYSCFG_DL_TIMER_1_init)
                  00005120    00000044     ti_msp_dl_config.o (.text.SYSCFG_DL_UART_0_init)
                  00005164    00000040     driverlib.a : dl_adc12.o (.text.DL_ADC12_setClockConfig)
                  000051a4    00000040     libclang_rt.builtins.a : aeabi_uidivmod.S.obj (.text.__aeabi_uidivmod)
                  000051e4    00000040                            : extendsfdf2.S.obj (.text.__extendsfdf2)
                  00005224    00000040     timx_timer_mode_capture_duty_and_period.o (.text.getlen)
                  00005264    0000003c     oled.o (.text.OLED_Set_Pos)
                  000052a0    0000003c     ti_msp_dl_config.o (.text.SYSCFG_DL_init)
                  000052dc    0000003c     libclang_rt.builtins.a : floatsisf.S.obj (.text.__floatsisf)
                  00005318    0000003c                            : comparesf2.S.obj (.text.__gtsf2)
                  00005354    0000003c     libc.a : autoinit.c.obj (.text:__TI_auto_init_nobinit_nopinit)
                  00005390    0000003a     libclang_rt.builtins.a : comparesf2.S.obj (.text.__eqsf2)
                  000053ca    00000002     --HOLE-- [fill = 0]
                  000053cc    0000003a                            : muldsi3.S.obj (.text.__muldsi3)
                  00005406    00000002     --HOLE-- [fill = 0]
                  00005408    00000038     ti_msp_dl_config.o (.text.DL_Timer_setPublisherChanID)
                  00005440    00000038     oled.o (.text.I2C_Start)
                  00005478    00000038     timx_timer_mode_capture_duty_and_period.o (.text.TIMG0_IRQHandler)
                  000054b0    00000038     libclang_rt.builtins.a : fixsfsi.S.obj (.text.__fixsfsi)
                  000054e8    00000034     ti_msp_dl_config.o (.text.DL_GPIO_initDigitalInputFeatures)
                  0000551c    00000034     ti_msp_dl_config.o (.text.SYSCFG_DL_CAPTURE_0_init)
                  00005550    00000032     libclang_rt.builtins.a : fixunssfsi.S.obj (.text.__fixunssfsi)
                  00005582    00000002     --HOLE-- [fill = 0]
                  00005584    00000030     ti_msp_dl_config.o (.text.DL_DMA_setTransferSize)
                  000055b4    00000030     ti_msp_dl_config.o (.text.DL_GPIO_initDigitalOutputFeatures)
                  000055e4    00000030     oled.o (.text.I2C_Stop)
                  00005614    00000030     oled.o (.text.I2C_WaitAck)
                  00005644    00000030     oled.o (.text.oled_pow)
                  00005674    0000002c     ti_msp_dl_config.o (.text.DL_ADC12_setDMASamplesCnt)
                  000056a0    0000002c     ti_msp_dl_config.o (.text.SYSCFG_DL_DMA_CH0_init)
                  000056cc    0000002c     timx_timer_mode_capture_duty_and_period.o (.text.__NVIC_EnableIRQ)
                  000056f8    0000002c     libclang_rt.builtins.a : floatsidf.S.obj (.text.__floatsidf)
                  00005724    00000028     ti_msp_dl_config.o (.text.DL_Common_updateReg)
                  0000574c    00000028     timx_timer_mode_capture_duty_and_period.o (.text.DL_DMA_setDestAddr)
                  00005774    00000028     timx_timer_mode_capture_duty_and_period.o (.text.DL_DMA_setSrcAddr)
                  0000579c    00000028     ti_msp_dl_config.o (.text.DL_Timer_enableEvent)
                  000057c4    00000028     libclang_rt.builtins.a : floatunsisf.S.obj (.text.__floatunsisf)
                  000057ec    00000028     libc.a : boot_cortex_m.c.obj (.text:_c_int00_noargs)
                  00005814    00000026     timx_timer_mode_capture_duty_and_period.o (.text.DL_DMA_enableChannel)
                  0000583a    00000002     --HOLE-- [fill = 0]
                  0000583c    00000024     timx_timer_mode_capture_duty_and_period.o (.text.DL_Interrupt_clearGroup)
                  00005860    00000024     libclang_rt.builtins.a : floatunsidf.S.obj (.text.__floatunsidf)
                  00005884    00000022     oled.o (.text.delay_ms)
                  000058a6    00000002     --HOLE-- [fill = 0]
                  000058a8    00000020     timx_timer_mode_capture_duty_and_period.o (.text.ADC0_IRQHandler)
                  000058c8    00000020     ti_msp_dl_config.o (.text.DL_GPIO_initPeripheralInputFunction)
                  000058e8    0000001e     ti_msp_dl_config.o (.text.DL_ADC12_setPowerDownMode)
                  00005906    0000001e     ti_msp_dl_config.o (.text.DL_UART_setOversampling)
                  00005924    0000001e     ti_msp_dl_config.o (.text.SYSCFG_DL_SYSCTL_init)
                  00005942    00000002     --HOLE-- [fill = 0]
                  00005944    0000001c     ti_msp_dl_config.o (.text.DL_ADC12_clearInterruptStatus)
                  00005960    0000001c     ti_msp_dl_config.o (.text.DL_ADC12_enableDMA)
                  0000597c    0000001c     ti_msp_dl_config.o (.text.DL_ADC12_enableDMATrigger)
                  00005998    0000001c     ti_msp_dl_config.o (.text.DL_ADC12_enableInterrupt)
                  000059b4    0000001c     ti_msp_dl_config.o (.text.DL_GPIO_clearInterruptStatus)
                  000059d0    0000001c     ti_msp_dl_config.o (.text.DL_GPIO_enableInterrupt)
                  000059ec    0000001c     ti_msp_dl_config.o (.text.DL_GPIO_initPeripheralOutputFunction)
                  00005a08    0000001c     timx_timer_mode_capture_duty_and_period.o (.text.DL_Interrupt_getPendingGroup)
                  00005a24    0000001c     ti_msp_dl_config.o (.text.DL_SYSCTL_setSYSOSCFreq)
                  00005a40    0000001c     ti_msp_dl_config.o (.text.DL_Timer_enableInterrupt)
                  00005a5c    0000001c     driverlib.a : dl_timer.o (.text.DL_Timer_setClockConfig)
                  00005a78    0000001c     timx_timer_mode_capture_duty_and_period.o (.text.DL_Timer_setCoreHaltBehavior)
                  00005a94    0000001a     ti_msp_dl_config.o (.text.DL_ADC12_setSubscriberChanID)
                  00005aae    00000002     --HOLE-- [fill = 0]
                  00005ab0    00000018     ti_msp_dl_config.o (.text.DL_ADC12_enablePower)
                  00005ac8    00000018     ti_msp_dl_config.o (.text.DL_ADC12_reset)
                  00005ae0    00000018     ti_msp_dl_config.o (.text.DL_ADC12_setSampleTime0)
                  00005af8    00000018     ti_msp_dl_config.o (.text.DL_GPIO_enableOutput)
                  00005b10    00000018     ti_msp_dl_config.o (.text.DL_GPIO_enablePower)
                  00005b28    00000018     ti_msp_dl_config.o (.text.DL_GPIO_initDigitalOutput)
                  00005b40    00000018     ti_msp_dl_config.o (.text.DL_GPIO_reset)
                  00005b58    00000018     oled.o (.text.DL_GPIO_setPins)
                  00005b70    00000018     ti_msp_dl_config.o (.text.DL_GPIO_setPins)
                  00005b88    00000018     timx_timer_mode_capture_duty_and_period.o (.text.DL_GPIO_setPins)
                  00005ba0    00000018     ti_msp_dl_config.o (.text.DL_GPIO_setUpperPinsPolarity)
                  00005bb8    00000018     ti_msp_dl_config.o (.text.DL_SYSCTL_setBORThreshold)
                  00005bd0    00000018     timx_timer_mode_capture_duty_and_period.o (.text.DL_Timer_clearInterruptStatus)
                  00005be8    00000018     ti_msp_dl_config.o (.text.DL_Timer_enablePower)
                  00005c00    00000018     ti_msp_dl_config.o (.text.DL_Timer_reset)
                  00005c18    00000018     timx_timer_mode_capture_duty_and_period.o (.text.DL_Timer_setLoadValue)
                  00005c30    00000018     timx_timer_mode_capture_duty_and_period.o (.text.DL_Timer_startCounter)
                  00005c48    00000018     timx_timer_mode_capture_duty_and_period.o (.text.DL_Timer_stopCounter)
                  00005c60    00000018     ti_msp_dl_config.o (.text.DL_UART_enablePower)
                  00005c78    00000018     timx_timer_mode_capture_duty_and_period.o (.text.DL_UART_isBusy)
                  00005c90    00000018     timx_timer_mode_capture_duty_and_period.o (.text.DL_UART_isTXFIFOEmpty)
                  00005ca8    00000018     ti_msp_dl_config.o (.text.DL_UART_reset)
                  00005cc0    00000016     ti_msp_dl_config.o (.text.DL_ADC12_enableConversions)
                  00005cd6    00000016     timx_timer_mode_capture_duty_and_period.o (.text.DL_GPIO_readPins)
                  00005cec    00000016     ti_msp_dl_config.o (.text.DL_UART_enable)
                  00005d02    00000016     timx_timer_mode_capture_duty_and_period.o (.text.DL_UART_transmitData)
                  00005d18    00000014     oled.o (.text.DL_GPIO_clearPins)
                  00005d2c    00000014     ti_msp_dl_config.o (.text.DL_GPIO_clearPins)
                  00005d40    00000014     timx_timer_mode_capture_duty_and_period.o (.text.DL_GPIO_clearPins)
                  00005d54    00000014     ti_msp_dl_config.o (.text.DL_SYSCTL_disableSYSPLL)
                  00005d68    00000014     ti_msp_dl_config.o (.text.DL_Timer_enableClock)
                  00005d7c    00000014     timx_timer_mode_capture_duty_and_period.o (.text.DL_Timer_getLoadValue)
                  00005d90    00000012     timx_timer_mode_capture_duty_and_period.o (.text.DL_ADC12_getPendingInterrupt)
                  00005da2    00000012     timx_timer_mode_capture_duty_and_period.o (.text.DL_Timer_getPendingInterrupt)
                  00005db4    00000012     driverlib.a : dl_uart.o (.text.DL_UART_setClockConfig)
                  00005dc6    00000012     libc.a : memcpy16.S.obj (.text:TI_memcpy_small)
                  00005dd8    00000012            : copy_decompress_none.c.obj (.text:decompress:none)
                  00005dea    00000002     --HOLE-- [fill = 0]
                  00005dec    00000010     ti_msp_dl_config.o (.text.DL_SYSCTL_disableHFXT)
                  00005dfc    00000010     libc.a : copy_zero_init.c.obj (.text:decompress:ZI)
                  00005e0c    0000000e            : memset16.S.obj (.text:TI_memset_small)
                  00005e1a    00000002     --HOLE-- [fill = 0]
                  00005e1c    0000000c     libclang_rt.builtins.a : aeabi_memset.S.obj (.text.__aeabi_memclr)
                  00005e28    0000000a     driverlib.a : dl_common.o (.text.DL_Common_delayCycles)
                  00005e32    0000000a     libc.a : e_pow.c.obj (.text.OUTLINED_FUNCTION_0)
                  00005e3c    00000010     libclang_rt.builtins.a : muldf3.S.obj (.tramp.__aeabi_dmul.1)
                  00005e4c    0000000a     libc.a : e_pow.c.obj (.text.OUTLINED_FUNCTION_1)
                  00005e56    0000000a            : e_pow.c.obj (.text.OUTLINED_FUNCTION_6)
                  00005e60    00000008            : e_pow.c.obj (.text.OUTLINED_FUNCTION_2)
                  00005e68    00000010     libclang_rt.builtins.a : adddf3.S.obj (.tramp.__aeabi_dsub.1)
                  00005e78    00000008     ti_msp_dl_config.o (.text.SYSCFG_DL_DMA_init)
                  00005e80    00000008     libc.a : aeabi_portable.c.obj (.text.__aeabi_errno_addr)
                  00005e88    00000008     libclang_rt.builtins.a : aeabi_memcpy.S.obj (.text.__aeabi_memcpy)
                  00005e90    00000006     libc.a : e_powf.c.obj (.text.OUTLINED_FUNCTION_1)
                  00005e96    00000002     --HOLE-- [fill = 0]
                  00005e98    00000010     libclang_rt.builtins.a : mulsf3.S.obj (.tramp.__aeabi_fmul.1)
                  00005ea8    00000006     libc.a : e_pow.c.obj (.text.OUTLINED_FUNCTION_3)
                  00005eae    00000002     --HOLE-- [fill = 0]
                  00005eb0    00000010     libclang_rt.builtins.a : adddf3.S.obj (.tramp.__aeabi_dadd.1)
                  00005ec0    00000006     libc.a : e_powf.c.obj (.text.OUTLINED_FUNCTION_3)
                  00005ec6    00000002     --HOLE-- [fill = 0]
                  00005ec8    00000010     libclang_rt.builtins.a : addsf3.S.obj (.tramp.__aeabi_fadd.1)
                  00005ed8    00000006     libc.a : e_pow.c.obj (.text.OUTLINED_FUNCTION_4)
                  00005ede    00000006            : e_powf.c.obj (.text.OUTLINED_FUNCTION_4)
                  00005ee4    00000010     libclang_rt.builtins.a : addsf3.S.obj (.tramp.__aeabi_fsub.1)
                  00005ef4    00000006     libc.a : e_pow.c.obj (.text.OUTLINED_FUNCTION_5)
                  00005efa    00000006            : e_powf.c.obj (.text.OUTLINED_FUNCTION_5)
                  00005f00    00000006            : e_powf.c.obj (.text.OUTLINED_FUNCTION_6)
                  00005f06    00000006            : exit.c.obj (.text:abort)
                  00005f0c    00000004            : e_powf.c.obj (.text.OUTLINED_FUNCTION_0)
                  00005f10    00000004            : e_pow.c.obj (.text.OUTLINED_FUNCTION_10)
                  00005f14    00000004            : e_powf.c.obj (.text.OUTLINED_FUNCTION_2)
                  00005f18    00000004            : e_pow.c.obj (.text.OUTLINED_FUNCTION_7)
                  00005f1c    00000004            : e_powf.c.obj (.text.OUTLINED_FUNCTION_7)
                  00005f20    00000004            : e_pow.c.obj (.text.OUTLINED_FUNCTION_8)
                  00005f24    00000004            : e_powf.c.obj (.text.OUTLINED_FUNCTION_8)
                  00005f28    00000004            : e_pow.c.obj (.text.OUTLINED_FUNCTION_9)
                  00005f2c    00000004     startup_mspm0g350x_ticlang.o (.text.Reset_Handler)
                  00005f30    00000004     libc.a : pre_init.c.obj (.text._system_pre_init)
                  00005f34    0000000c     --HOLE-- [fill = 0]

.cinit     0    000098d8    00000040     
                  000098d8    00000016     (.cinit..data.load) [load image, compression = lzss]
                  000098ee    00000002     --HOLE-- [fill = 0]
                  000098f0    0000000c     (__TI_handler_table)
                  000098fc    00000008     (.cinit..bss.load) [load image, compression = zero_init]
                  00009904    00000010     (__TI_cinit_table)
                  00009914    00000004     --HOLE-- [fill = 0]

.rodata    0    00005f40    00003998     
                  00005f40    00002000     arm_cortexM0l_math.a : arm_common_tables.o (.rodata.twiddleCoef_1024)
                  00007f40    00000e10                          : arm_common_tables.o (.rodata.armBitRevIndexTable1024)
                  00008d50    000005f0     oled.o (.rodata.asc2_1608)
                  00009340    00000228     oled.o (.rodata.asc2_0806)
                  00009568    000000c8     timx_timer_mode_capture_duty_and_period.o (.rodata.sin_table)
                  00009630    000000c8     timx_timer_mode_capture_duty_and_period.o (.rodata.square_table)
                  000096f8    000000c8     timx_timer_mode_capture_duty_and_period.o (.rodata.triangle_table)
                  000097c0    00000030     libc.a : e_pow.c.obj (.rodata.cst16)
                  000097f0    00000018            : e_powf.c.obj (.rodata.cst8)
                  00009808    00000018     ti_msp_dl_config.o (.rodata.gDMA_CH0Config)
                  00009820    00000014     ti_msp_dl_config.o (.rodata.gTIMER_0TimerConfig)
                  00009834    00000014     ti_msp_dl_config.o (.rodata.gTIMER_1TimerConfig)
                  00009848    00000010     arm_cortexM0l_math.a : arm_const_structs.o (.rodata.arm_cfft_sR_f32_len1024)
                  00009858    00000010     ti_msp_dl_config.o (.rodata.gCAPTURE_0CaptureConfig)
                  00009868    0000000c     driverlib.a : dl_timer.o (.rodata..Lswitch.table.DL_Timer_initCaptureCombinedMode.1)
                  00009874    0000000c                 : dl_timer.o (.rodata..Lswitch.table.DL_Timer_initCompareMode)
                  00009880    0000000a     ti_msp_dl_config.o (.rodata.gUART_0Config)
                  0000988a    00000009     timx_timer_mode_capture_duty_and_period.o (.rodata.str1.13803488720744023916.1)
                  00009893    00000001     --HOLE-- [fill = 0]
                  00009894    00000008     ti_msp_dl_config.o (.rodata.gADC12_0ClockConfig)
                  0000989c    00000007     timx_timer_mode_capture_duty_and_period.o (.rodata.str1.9943013036504090371.1)
                  000098a3    00000006     timx_timer_mode_capture_duty_and_period.o (.rodata.str1.11435234700370505290.1)
                  000098a9    00000006     timx_timer_mode_capture_duty_and_period.o (.rodata.str1.7042939706059272442.1)
                  000098af    00000005     timx_timer_mode_capture_duty_and_period.o (.rodata.str1.10031608105938973274.1)
                  000098b4    00000005     timx_timer_mode_capture_duty_and_period.o (.rodata.str1.10175774738103354559.1)
                  000098b9    00000004     timx_timer_mode_capture_duty_and_period.o (.rodata.str1.15654829570421964417.1)
                  000098bd    00000004     timx_timer_mode_capture_duty_and_period.o (.rodata.str1.7861310084226465341.1)
                  000098c1    00000003     ti_msp_dl_config.o (.rodata.gCAPTURE_0ClockConfig)
                  000098c4    00000003     ti_msp_dl_config.o (.rodata.gTIMER_0ClockConfig)
                  000098c7    00000003     ti_msp_dl_config.o (.rodata.gTIMER_1ClockConfig)
                  000098ca    00000003     timx_timer_mode_capture_duty_and_period.o (.rodata.str1.465695279775325175.1)
                  000098cd    00000003     timx_timer_mode_capture_duty_and_period.o (.rodata.str1.6003870495209471045.1)
                  000098d0    00000002     ti_msp_dl_config.o (.rodata.gUART_0ClockConfig)
                  000098d2    00000006     --HOLE-- [fill = 0]

.init_array 
*          0    00000000    00000000     UNINITIALIZED

.binit     0    00000000    00000000     

.bss       0    20200000    00003990     UNINITIALIZED
                  20200000    00002000     (.common:FFT_INPUT)
                  20202000    00001000     (.common:FFT_OUTPUT)
                  20203000    00000800     (.common:gADCSamples)
                  20203800    000000bc     (.common:gTIMER_0Backup)
                  202038bc    000000bc     (.common:gTIMER_1Backup)
                  20203978    0000000f     (.common:USART_TX_BUF_SRC)
                  20203987    00000001     (.common:gCheckADC)
                  20203988    00000004     (.common:freq_pin)
                  2020398c    00000004     (.common:vpppower)

.data      0    20203990    0000003a     UNINITIALIZED
                  20203990    00000006     timx_timer_mode_capture_duty_and_period.o (.data.str)
                  20203996    00000002     timx_timer_mode_capture_duty_and_period.o (.data.waveform1)
                  20203998    00000004     timx_timer_mode_capture_duty_and_period.o (.data.FFT_OUTPUT_MAX)
                  2020399c    00000004     timx_timer_mode_capture_duty_and_period.o (.data.FFT_OUTPUT_MAX_index)
                  202039a0    00000004     libc.a : aeabi_portable.c.obj (.data.__aeabi_errno)
                  202039a4    00000004     timx_timer_mode_capture_duty_and_period.o (.data.adc_fs)
                  202039a8    00000004     timx_timer_mode_capture_duty_and_period.o (.data.avg_max)
                  202039ac    00000004     timx_timer_mode_capture_duty_and_period.o (.data.avg_min)
                  202039b0    00000004     timx_timer_mode_capture_duty_and_period.o (.data.base_frequency)
                  202039b4    00000004     timx_timer_mode_capture_duty_and_period.o (.data.count)
                  202039b8    00000004     timx_timer_mode_capture_duty_and_period.o (.data.multipler)
                  202039bc    00000004     timx_timer_mode_capture_duty_and_period.o (.data.point)
                  202039c0    00000004     timx_timer_mode_capture_duty_and_period.o (.data.vppadc)
                  202039c4    00000002     timx_timer_mode_capture_duty_and_period.o (.data.waveform2)
                  202039c6    00000002     timx_timer_mode_capture_duty_and_period.o (.data.waveform)
                  202039c8    00000001     timx_timer_mode_capture_duty_and_period.o (.data.jdqState)
                  202039c9    00000001     timx_timer_mode_capture_duty_and_period.o (.data.ledState)

.stack     0    20207e00    00000200     UNINITIALIZED
                  20207e00    00000004     libc.a : boot_cortex_m.c.obj (.stack)
                  20207e04    000001fc     --HOLE--

__llvm_prf_cnts 
*          0    20200000    00000000     UNINITIALIZED

__llvm_prf_bits 
*          0    20200000    00000000     UNINITIALIZED

MODULE SUMMARY

       Module                                      code    ro data   rw data
       ------                                      ----    -------   -------
    .\
       timx_timer_mode_capture_duty_and_period.o   5118    652       14414  
       oled.o                                      1534    2072      0      
       ti_msp_dl_config.o                          2254    109       376    
       startup_mspm0g350x_ticlang.o                6       192       0      
    +--+-------------------------------------------+-------+---------+---------+
       Total:                                      8912    3025      14790  
                                                                            
    C:/ti/mspm0_sdk_2_04_00_06/source/third_party/CMSIS/DSP/lib/ticlang/m0p/arm_cortexM0l_math.a
       arm_common_tables.o                         0       11792     0      
       arm_cfft_f32.o                              3038    0         0      
       arm_cfft_radix8_f32.o                       2252    0         0      
       arm_cmplx_mag_f32.o                         360     0         0      
       arm_bitreversal2.o                          274     0         0      
       arm_max_f32.o                               96      0         0      
       arm_const_structs.o                         0       16        0      
    +--+-------------------------------------------+-------+---------+---------+
       Total:                                      6020    11808     0      
                                                                            
    C:/ti/mspm0_sdk_2_04_00_06/source/ti/driverlib/lib/ticlang/m0p/mspm0g1x0x_g3x0x/driverlib.a
       dl_timer.o                                  484     24        0      
       dl_uart.o                                   90      0         0      
       dl_dma.o                                    76      0         0      
       dl_adc12.o                                  64      0         0      
       dl_common.o                                 10      0         0      
    +--+-------------------------------------------+-------+---------+---------+
       Total:                                      724     24        0      
                                                                            
    C:\ti\ccs2010\ccs\tools\compiler\ti-cgt-armllvm_4.0.2.LTS\lib\armv6m-ti-none-eabi/c/libc.a
       e_pow.c.obj                                 2704    48        0      
       e_powf.c.obj                                1766    24        0      
       e_sqrt.c.obj                                368     0         0      
       s_scalbn.c.obj                              216     0         0      
       s_scalbnf.c.obj                             176     0         0      
       e_sqrtf.c.obj                               160     0         0      
       copy_decompress_lzss.c.obj                  124     0         0      
       autoinit.c.obj                              60      0         0      
       boot_cortex_m.c.obj                         40      0         0      
       copy_decompress_none.c.obj                  18      0         0      
       memcpy16.S.obj                              18      0         0      
       copy_zero_init.c.obj                        16      0         0      
       memset16.S.obj                              14      0         0      
       aeabi_portable.c.obj                        8       0         4      
       exit.c.obj                                  6       0         0      
       pre_init.c.obj                              4       0         0      
    +--+-------------------------------------------+-------+---------+---------+
       Total:                                      5698    72        4      
                                                                            
    C:\ti\ccs2010\ccs\tools\compiler\ti-cgt-armllvm_4.0.2.LTS\lib\armv6m-ti-none-eabi/c/libsysbm.a
       hostexit.c.obj                              4       0         0      
    +--+-------------------------------------------+-------+---------+---------+
       Total:                                      4       0         0      
                                                                            
    C:\ti\ccs2010\ccs\tools\compiler\ti-cgt-armllvm_4.0.2.LTS\lib\armv6m-ti-none-eabi/libclang_rt.builtins.a
       adddf3.S.obj                                434     0         0      
       divdf3.S.obj                                268     0         0      
       addsf3.S.obj                                248     0         0      
       muldf3.S.obj                                244     0         0      
       comparedf2.c.obj                            220     0         0      
       mulsf3.S.obj                                156     0         0      
       divsf3.S.obj                                130     0         0      
       comparesf2.S.obj                            118     0         0      
       truncdfsf2.S.obj                            116     0         0      
       aeabi_dcmp.S.obj                            98      0         0      
       aeabi_fcmp.S.obj                            98      0         0      
       aeabi_idivmod.S.obj                         86      0         0      
       fixdfsi.S.obj                               74      0         0      
       aeabi_uidivmod.S.obj                        64      0         0      
       extendsfdf2.S.obj                           64      0         0      
       floatsisf.S.obj                             60      0         0      
       muldsi3.S.obj                               58      0         0      
       fixsfsi.S.obj                               56      0         0      
       fixunssfsi.S.obj                            50      0         0      
       floatsidf.S.obj                             44      0         0      
       floatunsisf.S.obj                           40      0         0      
       floatunsidf.S.obj                           36      0         0      
       aeabi_memset.S.obj                          12      0         0      
       aeabi_memcpy.S.obj                          8       0         0      
       aeabi_div0.c.obj                            2       0         0      
    +--+-------------------------------------------+-------+---------+---------+
       Total:                                      2784    0         0      
                                                                            
       Stack:                                      0       0         512    
       Linker Generated:                           0       58        0      
    +--+-------------------------------------------+-------+---------+---------+
       Grand Total:                                24142   14987     15306  


LINKER GENERATED COPY TABLES

__TI_cinit_table @ 00009904 records: 2, size/record: 8, table size: 16
	.data: load addr=000098d8, load size=00000016 bytes, run addr=20203990, run size=0000003a bytes, compression=lzss
	.bss: load addr=000098fc, load size=00000008 bytes, run addr=20200000, run size=00003990 bytes, compression=zero_init


LINKER GENERATED HANDLER TABLE

__TI_handler_table @ 000098f0 records: 3, size/record: 4, table size: 12
	index: 0, handler: __TI_decompress_lzss
	index: 1, handler: __TI_decompress_none
	index: 2, handler: __TI_zero_init


FAR CALL TRAMPOLINES

callee name               trampoline name
   callee addr  tramp addr   call addr  call info
--------------  -----------  ---------  ----------------
__aeabi_dmul              $Tramp$TT$L$PI$$__aeabi_dmul
   00003e91     00005e3c     00005e3a   libc.a : e_pow.c.obj (.text.OUTLINED_FUNCTION_0)
                             00005e54          : e_pow.c.obj (.text.OUTLINED_FUNCTION_1)
                             00005e5e          : e_pow.c.obj (.text.OUTLINED_FUNCTION_6)
                             00005edc          : e_pow.c.obj (.text.OUTLINED_FUNCTION_4)
                             00005ef8          : e_pow.c.obj (.text.OUTLINED_FUNCTION_5)
                             00005f22          : e_pow.c.obj (.text.OUTLINED_FUNCTION_8)
__aeabi_dsub              $Tramp$TT$L$PI$$__aeabi_dsub
   00003039     00005e68     00005e66   libc.a : e_pow.c.obj (.text.OUTLINED_FUNCTION_2)
__aeabi_fmul              $Tramp$TT$L$PI$$__aeabi_fmul
   00004649     00005e98     00005e94   libc.a : e_powf.c.obj (.text.OUTLINED_FUNCTION_1)
                             00005f0e          : e_powf.c.obj (.text.OUTLINED_FUNCTION_0)
                             00005f1e          : e_powf.c.obj (.text.OUTLINED_FUNCTION_7)
__aeabi_dadd              $Tramp$TT$L$PI$$__aeabi_dadd
   00003043     00005eb0     00005eac   libc.a : e_pow.c.obj (.text.OUTLINED_FUNCTION_3)
                             00005f12          : e_pow.c.obj (.text.OUTLINED_FUNCTION_10)
                             00005f1a          : e_pow.c.obj (.text.OUTLINED_FUNCTION_7)
                             00005f2a          : e_pow.c.obj (.text.OUTLINED_FUNCTION_9)
__aeabi_fadd              $Tramp$TT$L$PI$$__aeabi_fadd
   00004137     00005ec8     00005ec4   libc.a : e_powf.c.obj (.text.OUTLINED_FUNCTION_3)
                             00005f16          : e_powf.c.obj (.text.OUTLINED_FUNCTION_2)
                             00005f26          : e_powf.c.obj (.text.OUTLINED_FUNCTION_8)
__aeabi_fsub              $Tramp$TT$L$PI$$__aeabi_fsub
   0000412d     00005ee4     00005ee2   libc.a : e_powf.c.obj (.text.OUTLINED_FUNCTION_4)
                             00005efe          : e_powf.c.obj (.text.OUTLINED_FUNCTION_5)
                             00005f04          : e_powf.c.obj (.text.OUTLINED_FUNCTION_6)

[6 trampolines]
[20 trampoline calls]


GLOBAL SYMBOLS: SORTED ALPHABETICALLY BY Name 

address   name                            
-------   ----                            
000058a9  ADC0_IRQHandler                 
00001b43  ADC1_IRQHandler                 
00001b43  AES_IRQHandler                  
000034a5  BT_send_Src                     
000049cc  C$$EXIT                         
00001b43  CANFD0_IRQHandler               
00001b43  DAC0_IRQHandler                 
00005165  DL_ADC12_setClockConfig         
00005e29  DL_Common_delayCycles           
00004ed1  DL_DMA_initChannel              
00003f75  DL_Timer_initCaptureCombinedMode
00003da9  DL_Timer_initTimerMode          
00005a5d  DL_Timer_setClockConfig         
0000504d  DL_UART_init                    
00005db5  DL_UART_setClockConfig          
00001b43  DMA_IRQHandler                  
00001b43  Default_Handler                 
20200000  FFT_INPUT                       
20202000  FFT_OUTPUT                      
20203998  FFT_OUTPUT_MAX                  
2020399c  FFT_OUTPUT_MAX_index            
00001b43  GROUP0_IRQHandler               
00004531  GROUP1_IRQHandler               
000049cd  HOSTexit                        
00001b43  HardFault_Handler               
00001b43  I2C0_IRQHandler                 
00001b43  I2C1_IRQHandler                 
00005441  I2C_Start                       
000055e5  I2C_Stop                        
00005615  I2C_WaitAck                     
00001b43  NMI_Handler                     
000021fd  OLEDSHOW                        
00004b25  OLED_Clear                      
00003bb9  OLED_Init                       
00005265  OLED_Set_Pos                    
00003881  OLED_ShowChar                   
00003cb3  OLED_ShowNum                    
00004a45  OLED_ShowString                 
00004e37  OLED_WR_Byte                    
00001b43  PendSV_Handler                  
00001b43  RTC_IRQHandler                  
00005f2d  Reset_Handler                   
00001b43  SPI0_IRQHandler                 
00001b43  SPI1_IRQHandler                 
00001b43  SVC_Handler                     
000044a1  SYSCFG_DL_ADC12_0_init          
0000551d  SYSCFG_DL_CAPTURE_0_init        
000056a1  SYSCFG_DL_DMA_CH0_init          
00005e79  SYSCFG_DL_DMA_init              
00004205  SYSCFG_DL_GPIO_init             
00005925  SYSCFG_DL_SYSCTL_init           
00004f69  SYSCFG_DL_TIMER_0_init          
000050dd  SYSCFG_DL_TIMER_1_init          
00005121  SYSCFG_DL_UART_0_init           
000052a1  SYSCFG_DL_init                  
000045bd  SYSCFG_DL_initPower             
00004861  Send_Byte                       
00004ab5  StartAdc                        
00001b43  SysTick_Handler                 
00001b43  TIMA0_IRQHandler                
00004b91  TIMA1_IRQHandler                
00005479  TIMG0_IRQHandler                
00001b43  TIMG12_IRQHandler               
00001b43  TIMG6_IRQHandler                
00001b43  TIMG7_IRQHandler                
00001b43  TIMG8_IRQHandler                
00005dc7  TI_memcpy_small                 
00005e0d  TI_memset_small                 
00001b43  UART0_IRQHandler                
00001b43  UART1_IRQHandler                
00001b43  UART2_IRQHandler                
00001b43  UART3_IRQHandler                
20203978  USART_TX_BUF_SRC                
20208000  __STACK_END                     
00000200  __STACK_SIZE                    
00000000  __TI_ATRegion0_region_sz        
00000000  __TI_ATRegion0_src_addr         
00000000  __TI_ATRegion0_trg_addr         
00000000  __TI_ATRegion1_region_sz        
00000000  __TI_ATRegion1_src_addr         
00000000  __TI_ATRegion1_trg_addr         
00000000  __TI_ATRegion2_region_sz        
00000000  __TI_ATRegion2_src_addr         
00000000  __TI_ATRegion2_trg_addr         
00009904  __TI_CINIT_Base                 
00009914  __TI_CINIT_Limit                
00009914  __TI_CINIT_Warm                 
000098f0  __TI_Handler_Table_Base         
000098fc  __TI_Handler_Table_Limit        
00005355  __TI_auto_init_nobinit_nopinit  
000048dd  __TI_decompress_lzss            
00005dd9  __TI_decompress_none            
ffffffff  __TI_pprof_out_hndl             
ffffffff  __TI_prof_data_size             
ffffffff  __TI_prof_data_start            
00000000  __TI_static_base__              
00005dfd  __TI_zero_init                  
00003043  __adddf3                        
00004137  __addsf3                        
000049d1  __aeabi_d2f                     
00005001  __aeabi_d2iz                    
00003043  __aeabi_dadd                    
00004c61  __aeabi_dcmpeq                  
00004c9d  __aeabi_dcmpge                  
00004cb1  __aeabi_dcmpgt                  
00004c89  __aeabi_dcmple                  
00004c75  __aeabi_dcmplt                  
00003aad  __aeabi_ddiv                    
00003e91  __aeabi_dmul                    
00003039  __aeabi_dsub                    
202039a0  __aeabi_errno                   
00005e81  __aeabi_errno_addr              
000051e5  __aeabi_f2d                     
000054b1  __aeabi_f2iz                    
00005551  __aeabi_f2uiz                   
00004137  __aeabi_fadd                    
00004cc5  __aeabi_fcmpeq                  
00004d01  __aeabi_fcmpge                  
00004d15  __aeabi_fcmpgt                  
00004ced  __aeabi_fcmple                  
00004cd9  __aeabi_fcmplt                  
000047dd  __aeabi_fdiv                    
00004649  __aeabi_fmul                    
0000412d  __aeabi_fsub                    
000056f9  __aeabi_i2d                     
000052dd  __aeabi_i2f                     
00004de1  __aeabi_idiv                    
000031cb  __aeabi_idiv0                   
00004de1  __aeabi_idivmod                 
00005e1d  __aeabi_memclr                  
00005e1d  __aeabi_memclr4                 
00005e1d  __aeabi_memclr8                 
00005e89  __aeabi_memcpy                  
00005e89  __aeabi_memcpy4                 
00005e89  __aeabi_memcpy8                 
00005861  __aeabi_ui2d                    
000057c5  __aeabi_ui2f                    
000051a5  __aeabi_uidiv                   
000051a5  __aeabi_uidivmod                
ffffffff  __binit__                       
00004bf9  __cmpdf2                        
00005391  __cmpsf2                        
00003aad  __divdf3                        
000047dd  __divsf3                        
00004bf9  __eqdf2                         
00005391  __eqsf2                         
000051e5  __extendsfdf2                   
00005001  __fixdfsi                       
000054b1  __fixsfsi                       
00005551  __fixunssfsi                    
000056f9  __floatsidf                     
000052dd  __floatsisf                     
00005861  __floatunsidf                   
000057c5  __floatunsisf                   
00004959  __gedf2                         
00005319  __gesf2                         
00004959  __gtdf2                         
00005319  __gtsf2                         
00004bf9  __ledf2                         
00005391  __lesf2                         
00004bf9  __ltdf2                         
00005391  __ltsf2                         
UNDEFED   __mpu_init                      
00003e91  __muldf3                        
000053cd  __muldsi3                       
00004649  __mulsf3                        
00004bf9  __nedf2                         
00005391  __nesf2                         
20207e00  __stack                         
20200000  __start___llvm_prf_bits         
20200000  __start___llvm_prf_cnts         
20200000  __stop___llvm_prf_bits          
20200000  __stop___llvm_prf_cnts          
00003039  __subdf3                        
0000412d  __subsf3                        
000049d1  __truncdfsf2                    
000057ed  _c_int00_noargs                 
UNDEFED   _system_post_cinit              
00005f31  _system_pre_init                
00005f07  abort                           
202039a4  adc_fs                          
00007f40  armBitRevIndexTable1024         
00003999  arm_bitreversal_32              
00002e79  arm_cfft_f32                    
000025bd  arm_cfft_radix8by2_f32          
000013d5  arm_cfft_radix8by4_f32          
00009848  arm_cfft_sR_f32_len1024         
0000333d  arm_cmplx_mag_f32               
00004d27  arm_max_f32                     
00000b09  arm_radix8_butterfly_f32        
00009340  asc2_0806                       
00008d50  asc2_1608                       
202039a8  avg_max                         
202039ac  avg_min                         
202039b0  base_frequency                  
ffffffff  binit                           
202039b4  count                           
00005885  delay_ms                        
00002c99  findV                           
0000440d  findbase                        
0000286d  findvpp                         
20203988  freq_pin                        
20203000  gADCSamples                     
20203987  gCheckADC                       
20203800  gTIMER_0Backup                  
202038bc  gTIMER_1Backup                  
00004759  getdec                          
00005225  getlen                          
00000000  interruptVectors                
202039c8  jdqState                        
00004055  ldexp                           
000042bd  ldexpf                          
00004055  ldexpl                          
202039c9  ledState                        
00003605  main                            
202039b8  multipler                       
00005645  oled_pow                        
202039bc  point                           
000000c1  pow                             
00001b45  powf                            
000000c1  powl                            
00004055  scalbn                          
000042bd  scalbnf                         
00004055  scalbnl                         
00004d89  sendBluetoothData               
00009568  sin_table                       
000031cd  sqrt                            
0000436d  sqrtf                           
000031cd  sqrtl                           
00009630  square_table                    
20203990  str                             
00005095  switchwave                      
00002aa9  switchwave1                     
0000374d  switchwave2                     
000096f8  triangle_table                  
00005f40  twiddleCoef_1024                
202039c0  vppadc                          
2020398c  vpppower                        
202039c6  waveform                        
20203996  waveform1                       
202039c4  waveform2                       


GLOBAL SYMBOLS: SORTED BY Symbol Address 

address   name                            
-------   ----                            
00000000  __TI_ATRegion0_region_sz        
00000000  __TI_ATRegion0_src_addr         
00000000  __TI_ATRegion0_trg_addr         
00000000  __TI_ATRegion1_region_sz        
00000000  __TI_ATRegion1_src_addr         
00000000  __TI_ATRegion1_trg_addr         
00000000  __TI_ATRegion2_region_sz        
00000000  __TI_ATRegion2_src_addr         
00000000  __TI_ATRegion2_trg_addr         
00000000  __TI_static_base__              
00000000  interruptVectors                
000000c1  pow                             
000000c1  powl                            
00000200  __STACK_SIZE                    
00000b09  arm_radix8_butterfly_f32        
000013d5  arm_cfft_radix8by4_f32          
00001b43  ADC1_IRQHandler                 
00001b43  AES_IRQHandler                  
00001b43  CANFD0_IRQHandler               
00001b43  DAC0_IRQHandler                 
00001b43  DMA_IRQHandler                  
00001b43  Default_Handler                 
00001b43  GROUP0_IRQHandler               
00001b43  HardFault_Handler               
00001b43  I2C0_IRQHandler                 
00001b43  I2C1_IRQHandler                 
00001b43  NMI_Handler                     
00001b43  PendSV_Handler                  
00001b43  RTC_IRQHandler                  
00001b43  SPI0_IRQHandler                 
00001b43  SPI1_IRQHandler                 
00001b43  SVC_Handler                     
00001b43  SysTick_Handler                 
00001b43  TIMA0_IRQHandler                
00001b43  TIMG12_IRQHandler               
00001b43  TIMG6_IRQHandler                
00001b43  TIMG7_IRQHandler                
00001b43  TIMG8_IRQHandler                
00001b43  UART0_IRQHandler                
00001b43  UART1_IRQHandler                
00001b43  UART2_IRQHandler                
00001b43  UART3_IRQHandler                
00001b45  powf                            
000021fd  OLEDSHOW                        
000025bd  arm_cfft_radix8by2_f32          
0000286d  findvpp                         
00002aa9  switchwave1                     
00002c99  findV                           
00002e79  arm_cfft_f32                    
00003039  __aeabi_dsub                    
00003039  __subdf3                        
00003043  __adddf3                        
00003043  __aeabi_dadd                    
000031cb  __aeabi_idiv0                   
000031cd  sqrt                            
000031cd  sqrtl                           
0000333d  arm_cmplx_mag_f32               
000034a5  BT_send_Src                     
00003605  main                            
0000374d  switchwave2                     
00003881  OLED_ShowChar                   
00003999  arm_bitreversal_32              
00003aad  __aeabi_ddiv                    
00003aad  __divdf3                        
00003bb9  OLED_Init                       
00003cb3  OLED_ShowNum                    
00003da9  DL_Timer_initTimerMode          
00003e91  __aeabi_dmul                    
00003e91  __muldf3                        
00003f75  DL_Timer_initCaptureCombinedMode
00004055  ldexp                           
00004055  ldexpl                          
00004055  scalbn                          
00004055  scalbnl                         
0000412d  __aeabi_fsub                    
0000412d  __subsf3                        
00004137  __addsf3                        
00004137  __aeabi_fadd                    
00004205  SYSCFG_DL_GPIO_init             
000042bd  ldexpf                          
000042bd  scalbnf                         
0000436d  sqrtf                           
0000440d  findbase                        
000044a1  SYSCFG_DL_ADC12_0_init          
00004531  GROUP1_IRQHandler               
000045bd  SYSCFG_DL_initPower             
00004649  __aeabi_fmul                    
00004649  __mulsf3                        
00004759  getdec                          
000047dd  __aeabi_fdiv                    
000047dd  __divsf3                        
00004861  Send_Byte                       
000048dd  __TI_decompress_lzss            
00004959  __gedf2                         
00004959  __gtdf2                         
000049cc  C$$EXIT                         
000049cd  HOSTexit                        
000049d1  __aeabi_d2f                     
000049d1  __truncdfsf2                    
00004a45  OLED_ShowString                 
00004ab5  StartAdc                        
00004b25  OLED_Clear                      
00004b91  TIMA1_IRQHandler                
00004bf9  __cmpdf2                        
00004bf9  __eqdf2                         
00004bf9  __ledf2                         
00004bf9  __ltdf2                         
00004bf9  __nedf2                         
00004c61  __aeabi_dcmpeq                  
00004c75  __aeabi_dcmplt                  
00004c89  __aeabi_dcmple                  
00004c9d  __aeabi_dcmpge                  
00004cb1  __aeabi_dcmpgt                  
00004cc5  __aeabi_fcmpeq                  
00004cd9  __aeabi_fcmplt                  
00004ced  __aeabi_fcmple                  
00004d01  __aeabi_fcmpge                  
00004d15  __aeabi_fcmpgt                  
00004d27  arm_max_f32                     
00004d89  sendBluetoothData               
00004de1  __aeabi_idiv                    
00004de1  __aeabi_idivmod                 
00004e37  OLED_WR_Byte                    
00004ed1  DL_DMA_initChannel              
00004f69  SYSCFG_DL_TIMER_0_init          
00005001  __aeabi_d2iz                    
00005001  __fixdfsi                       
0000504d  DL_UART_init                    
00005095  switchwave                      
000050dd  SYSCFG_DL_TIMER_1_init          
00005121  SYSCFG_DL_UART_0_init           
00005165  DL_ADC12_setClockConfig         
000051a5  __aeabi_uidiv                   
000051a5  __aeabi_uidivmod                
000051e5  __aeabi_f2d                     
000051e5  __extendsfdf2                   
00005225  getlen                          
00005265  OLED_Set_Pos                    
000052a1  SYSCFG_DL_init                  
000052dd  __aeabi_i2f                     
000052dd  __floatsisf                     
00005319  __gesf2                         
00005319  __gtsf2                         
00005355  __TI_auto_init_nobinit_nopinit  
00005391  __cmpsf2                        
00005391  __eqsf2                         
00005391  __lesf2                         
00005391  __ltsf2                         
00005391  __nesf2                         
000053cd  __muldsi3                       
00005441  I2C_Start                       
00005479  TIMG0_IRQHandler                
000054b1  __aeabi_f2iz                    
000054b1  __fixsfsi                       
0000551d  SYSCFG_DL_CAPTURE_0_init        
00005551  __aeabi_f2uiz                   
00005551  __fixunssfsi                    
000055e5  I2C_Stop                        
00005615  I2C_WaitAck                     
00005645  oled_pow                        
000056a1  SYSCFG_DL_DMA_CH0_init          
000056f9  __aeabi_i2d                     
000056f9  __floatsidf                     
000057c5  __aeabi_ui2f                    
000057c5  __floatunsisf                   
000057ed  _c_int00_noargs                 
00005861  __aeabi_ui2d                    
00005861  __floatunsidf                   
00005885  delay_ms                        
000058a9  ADC0_IRQHandler                 
00005925  SYSCFG_DL_SYSCTL_init           
00005a5d  DL_Timer_setClockConfig         
00005db5  DL_UART_setClockConfig          
00005dc7  TI_memcpy_small                 
00005dd9  __TI_decompress_none            
00005dfd  __TI_zero_init                  
00005e0d  TI_memset_small                 
00005e1d  __aeabi_memclr                  
00005e1d  __aeabi_memclr4                 
00005e1d  __aeabi_memclr8                 
00005e29  DL_Common_delayCycles           
00005e79  SYSCFG_DL_DMA_init              
00005e81  __aeabi_errno_addr              
00005e89  __aeabi_memcpy                  
00005e89  __aeabi_memcpy4                 
00005e89  __aeabi_memcpy8                 
00005f07  abort                           
00005f2d  Reset_Handler                   
00005f31  _system_pre_init                
00005f40  twiddleCoef_1024                
00007f40  armBitRevIndexTable1024         
00008d50  asc2_1608                       
00009340  asc2_0806                       
00009568  sin_table                       
00009630  square_table                    
000096f8  triangle_table                  
00009848  arm_cfft_sR_f32_len1024         
000098f0  __TI_Handler_Table_Base         
000098fc  __TI_Handler_Table_Limit        
00009904  __TI_CINIT_Base                 
00009914  __TI_CINIT_Limit                
00009914  __TI_CINIT_Warm                 
20200000  FFT_INPUT                       
20200000  __start___llvm_prf_bits         
20200000  __start___llvm_prf_cnts         
20200000  __stop___llvm_prf_bits          
20200000  __stop___llvm_prf_cnts          
20202000  FFT_OUTPUT                      
20203000  gADCSamples                     
20203800  gTIMER_0Backup                  
202038bc  gTIMER_1Backup                  
20203978  USART_TX_BUF_SRC                
20203987  gCheckADC                       
20203988  freq_pin                        
2020398c  vpppower                        
20203990  str                             
20203996  waveform1                       
20203998  FFT_OUTPUT_MAX                  
2020399c  FFT_OUTPUT_MAX_index            
202039a0  __aeabi_errno                   
202039a4  adc_fs                          
202039a8  avg_max                         
202039ac  avg_min                         
202039b0  base_frequency                  
202039b4  count                           
202039b8  multipler                       
202039bc  point                           
202039c0  vppadc                          
202039c4  waveform2                       
202039c6  waveform                        
202039c8  jdqState                        
202039c9  ledState                        
20207e00  __stack                         
20208000  __STACK_END                     
ffffffff  __TI_pprof_out_hndl             
ffffffff  __TI_prof_data_size             
ffffffff  __TI_prof_data_start            
ffffffff  __binit__                       
ffffffff  binit                           
UNDEFED   __mpu_init                      
UNDEFED   _system_post_cinit              

[241 symbols]
