<?xml version="1.0" encoding="ISO-8859-1" ?>
<link_info>
   <banner>TI ARM Clang Linker PC v4.0.2.LTS</banner>
   <copyright>Copyright (c) 1996-2018 Texas Instruments Incorporated</copyright>
   <command_line>C:\ti\ccs2010\ccs\tools\compiler\ti-cgt-armllvm_4.0.2.LTS\bin\tiarmlnk -IC:\ti\ccs2010\ccs\tools\compiler\ti-cgt-armllvm_4.0.2.LTS\lib -o HIGHPREQ.out -mHIGHPREQ.map -iC:/ti/mspm0_sdk_2_04_00_06/source -iC:/Users/JamesHotten/Desktop/code/25C/25C -iC:/Users/JamesHotten/Desktop/code/25C/25C/Debug/syscfg -iC:/ti/ccs2010/ccs/tools/compiler/ti-cgt-armllvm_4.0.2.LTS/lib --diag_wrap=off --display_error_number --warn_sections --xml_link_info=HIGHPREQ_linkInfo.xml --rom_model ./oled.o ./timx_timer_mode_capture_duty_and_period.o ./ti_msp_dl_config.o ./startup_mspm0g350x_ticlang.o -l./device_linker.cmd -ldevice.cmd.genlibs -llibc.a --start-group -llibc++.a -llibc++abi.a -llibc.a -llibsys.a -llibsysbm.a -llibclang_rt.builtins.a -llibclang_rt.profile.a --end-group --cg_opt_level=0</command_line>
   <link_time>0x6815d255</link_time>
   <link_errors>0x0</link_errors>
   <output_file>C:\Users\JamesHotten\Desktop\code\25C\25C\Debug\HIGHPREQ.out</output_file>
   <entry_point>
      <name>_c_int00_noargs</name>
      <address>0x30b9</address>
   </entry_point>
   <input_file_list>
      <input_file id="fl-1">
         <path>C:\Users\JamesHotten\Desktop\code\25C\25C\Debug\.\</path>
         <kind>object</kind>
         <file>oled.o</file>
         <name>oled.o</name>
      </input_file>
      <input_file id="fl-2">
         <path>C:\Users\JamesHotten\Desktop\code\25C\25C\Debug\.\</path>
         <kind>object</kind>
         <file>timx_timer_mode_capture_duty_and_period.o</file>
         <name>timx_timer_mode_capture_duty_and_period.o</name>
      </input_file>
      <input_file id="fl-3">
         <path>C:\Users\JamesHotten\Desktop\code\25C\25C\Debug\.\</path>
         <kind>object</kind>
         <file>ti_msp_dl_config.o</file>
         <name>ti_msp_dl_config.o</name>
      </input_file>
      <input_file id="fl-4">
         <path>C:\Users\JamesHotten\Desktop\code\25C\25C\Debug\.\</path>
         <kind>object</kind>
         <file>startup_mspm0g350x_ticlang.o</file>
         <name>startup_mspm0g350x_ticlang.o</name>
      </input_file>
      <input_file id="fl-12">
         <path>C:\Users\JamesHotten\Desktop\code\25C\25C\Debug\</path>
         <kind>object</kind>
         <file>&lt;internal&gt;</file>
         <name>&lt;internal&gt;</name>
      </input_file>
      <input_file id="fl-13">
         <path>C:\ti\mspm0_sdk_2_04_00_06\source\ti\driverlib\lib\ticlang\m0p\mspm0g1x0x_g3x0x\</path>
         <kind>archive</kind>
         <file>driverlib.a</file>
         <name>dl_adc12.o</name>
      </input_file>
      <input_file id="fl-14">
         <path>C:\ti\mspm0_sdk_2_04_00_06\source\ti\driverlib\lib\ticlang\m0p\mspm0g1x0x_g3x0x\</path>
         <kind>archive</kind>
         <file>driverlib.a</file>
         <name>dl_common.o</name>
      </input_file>
      <input_file id="fl-15">
         <path>C:\ti\mspm0_sdk_2_04_00_06\source\ti\driverlib\lib\ticlang\m0p\mspm0g1x0x_g3x0x\</path>
         <kind>archive</kind>
         <file>driverlib.a</file>
         <name>dl_dma.o</name>
      </input_file>
      <input_file id="fl-16">
         <path>C:\ti\mspm0_sdk_2_04_00_06\source\ti\driverlib\lib\ticlang\m0p\mspm0g1x0x_g3x0x\</path>
         <kind>archive</kind>
         <file>driverlib.a</file>
         <name>dl_timer.o</name>
      </input_file>
      <input_file id="fl-17">
         <path>C:\ti\mspm0_sdk_2_04_00_06\source\ti\driverlib\lib\ticlang\m0p\mspm0g1x0x_g3x0x\</path>
         <kind>archive</kind>
         <file>driverlib.a</file>
         <name>dl_uart.o</name>
      </input_file>
      <input_file id="fl-2e">
         <path>C:\ti\ccs2010\ccs\tools\compiler\ti-cgt-armllvm_4.0.2.LTS\lib\armv6m-ti-none-eabi\c\</path>
         <kind>archive</kind>
         <file>libc.a</file>
         <name>e_pow.c.obj</name>
      </input_file>
      <input_file id="fl-2f">
         <path>C:\ti\ccs2010\ccs\tools\compiler\ti-cgt-armllvm_4.0.2.LTS\lib\armv6m-ti-none-eabi\c\</path>
         <kind>archive</kind>
         <file>libc.a</file>
         <name>e_sqrt.c.obj</name>
      </input_file>
      <input_file id="fl-30">
         <path>C:\ti\ccs2010\ccs\tools\compiler\ti-cgt-armllvm_4.0.2.LTS\lib\armv6m-ti-none-eabi\c\</path>
         <kind>archive</kind>
         <file>libc.a</file>
         <name>s_scalbn.c.obj</name>
      </input_file>
      <input_file id="fl-31">
         <path>C:\ti\ccs2010\ccs\tools\compiler\ti-cgt-armllvm_4.0.2.LTS\lib\armv6m-ti-none-eabi\c\</path>
         <kind>archive</kind>
         <file>libc.a</file>
         <name>aeabi_portable.c.obj</name>
      </input_file>
      <input_file id="fl-32">
         <path>C:\ti\ccs2010\ccs\tools\compiler\ti-cgt-armllvm_4.0.2.LTS\lib\armv6m-ti-none-eabi\c\</path>
         <kind>archive</kind>
         <file>libc.a</file>
         <name>assert.c.obj</name>
      </input_file>
      <input_file id="fl-33">
         <path>C:\ti\ccs2010\ccs\tools\compiler\ti-cgt-armllvm_4.0.2.LTS\lib\armv6m-ti-none-eabi\c\</path>
         <kind>archive</kind>
         <file>libc.a</file>
         <name>defs.c.obj</name>
      </input_file>
      <input_file id="fl-34">
         <path>C:\ti\ccs2010\ccs\tools\compiler\ti-cgt-armllvm_4.0.2.LTS\lib\armv6m-ti-none-eabi\c\</path>
         <kind>archive</kind>
         <file>libc.a</file>
         <name>memory.c.obj</name>
      </input_file>
      <input_file id="fl-35">
         <path>C:\ti\ccs2010\ccs\tools\compiler\ti-cgt-armllvm_4.0.2.LTS\lib\armv6m-ti-none-eabi\c\</path>
         <kind>archive</kind>
         <file>libc.a</file>
         <name>boot_cortex_m.c.obj</name>
      </input_file>
      <input_file id="fl-36">
         <path>C:\ti\ccs2010\ccs\tools\compiler\ti-cgt-armllvm_4.0.2.LTS\lib\armv6m-ti-none-eabi\c\</path>
         <kind>archive</kind>
         <file>libc.a</file>
         <name>mathacl_init.c.obj</name>
      </input_file>
      <input_file id="fl-37">
         <path>C:\ti\ccs2010\ccs\tools\compiler\ti-cgt-armllvm_4.0.2.LTS\lib\armv6m-ti-none-eabi\c\</path>
         <kind>archive</kind>
         <file>libc.a</file>
         <name>autoinit.c.obj</name>
      </input_file>
      <input_file id="fl-38">
         <path>C:\ti\ccs2010\ccs\tools\compiler\ti-cgt-armllvm_4.0.2.LTS\lib\armv6m-ti-none-eabi\c\</path>
         <kind>archive</kind>
         <file>libc.a</file>
         <name>pre_init.c.obj</name>
      </input_file>
      <input_file id="fl-39">
         <path>C:\ti\ccs2010\ccs\tools\compiler\ti-cgt-armllvm_4.0.2.LTS\lib\armv6m-ti-none-eabi\c\</path>
         <kind>archive</kind>
         <file>libc.a</file>
         <name>cpy_tbl.c.obj</name>
      </input_file>
      <input_file id="fl-3a">
         <path>C:\ti\ccs2010\ccs\tools\compiler\ti-cgt-armllvm_4.0.2.LTS\lib\armv6m-ti-none-eabi\c\</path>
         <kind>archive</kind>
         <file>libc.a</file>
         <name>copy_zero_init.c.obj</name>
      </input_file>
      <input_file id="fl-3b">
         <path>C:\ti\ccs2010\ccs\tools\compiler\ti-cgt-armllvm_4.0.2.LTS\lib\armv6m-ti-none-eabi\c\</path>
         <kind>archive</kind>
         <file>libc.a</file>
         <name>copy_decompress_none.c.obj</name>
      </input_file>
      <input_file id="fl-3c">
         <path>C:\ti\ccs2010\ccs\tools\compiler\ti-cgt-armllvm_4.0.2.LTS\lib\armv6m-ti-none-eabi\c\</path>
         <kind>archive</kind>
         <file>libc.a</file>
         <name>copy_decompress_lzss.c.obj</name>
      </input_file>
      <input_file id="fl-3d">
         <path>C:\ti\ccs2010\ccs\tools\compiler\ti-cgt-armllvm_4.0.2.LTS\lib\armv6m-ti-none-eabi\c\</path>
         <kind>archive</kind>
         <file>libc.a</file>
         <name>sprintf.c.obj</name>
      </input_file>
      <input_file id="fl-3e">
         <path>C:\ti\ccs2010\ccs\tools\compiler\ti-cgt-armllvm_4.0.2.LTS\lib\armv6m-ti-none-eabi\c\</path>
         <kind>archive</kind>
         <file>libc.a</file>
         <name>fflush.c.obj</name>
      </input_file>
      <input_file id="fl-3f">
         <path>C:\ti\ccs2010\ccs\tools\compiler\ti-cgt-armllvm_4.0.2.LTS\lib\armv6m-ti-none-eabi\c\</path>
         <kind>archive</kind>
         <file>libc.a</file>
         <name>fputs.c.obj</name>
      </input_file>
      <input_file id="fl-40">
         <path>C:\ti\ccs2010\ccs\tools\compiler\ti-cgt-armllvm_4.0.2.LTS\lib\armv6m-ti-none-eabi\c\</path>
         <kind>archive</kind>
         <file>libc.a</file>
         <name>_io_perm.c.obj</name>
      </input_file>
      <input_file id="fl-41">
         <path>C:\ti\ccs2010\ccs\tools\compiler\ti-cgt-armllvm_4.0.2.LTS\lib\armv6m-ti-none-eabi\c\</path>
         <kind>archive</kind>
         <file>libc.a</file>
         <name>setvbuf.c.obj</name>
      </input_file>
      <input_file id="fl-42">
         <path>C:\ti\ccs2010\ccs\tools\compiler\ti-cgt-armllvm_4.0.2.LTS\lib\armv6m-ti-none-eabi\c\</path>
         <kind>archive</kind>
         <file>libc.a</file>
         <name>exit.c.obj</name>
      </input_file>
      <input_file id="fl-43">
         <path>C:\ti\ccs2010\ccs\tools\compiler\ti-cgt-armllvm_4.0.2.LTS\lib\armv6m-ti-none-eabi\c\</path>
         <kind>archive</kind>
         <file>libc.a</file>
         <name>_lock.c.obj</name>
      </input_file>
      <input_file id="fl-44">
         <path>C:\ti\ccs2010\ccs\tools\compiler\ti-cgt-armllvm_4.0.2.LTS\lib\armv6m-ti-none-eabi\c\</path>
         <kind>archive</kind>
         <file>libc.a</file>
         <name>args_main.c.obj</name>
      </input_file>
      <input_file id="fl-45">
         <path>C:\ti\ccs2010\ccs\tools\compiler\ti-cgt-armllvm_4.0.2.LTS\lib\armv6m-ti-none-eabi\c\</path>
         <kind>archive</kind>
         <file>libc.a</file>
         <name>_printfi.c.obj</name>
      </input_file>
      <input_file id="fl-46">
         <path>C:\ti\ccs2010\ccs\tools\compiler\ti-cgt-armllvm_4.0.2.LTS\lib\armv6m-ti-none-eabi\c\</path>
         <kind>archive</kind>
         <file>libc.a</file>
         <name>fopen.c.obj</name>
      </input_file>
      <input_file id="fl-47">
         <path>C:\ti\ccs2010\ccs\tools\compiler\ti-cgt-armllvm_4.0.2.LTS\lib\armv6m-ti-none-eabi\c\</path>
         <kind>archive</kind>
         <file>libc.a</file>
         <name>fseek.c.obj</name>
      </input_file>
      <input_file id="fl-48">
         <path>C:\ti\ccs2010\ccs\tools\compiler\ti-cgt-armllvm_4.0.2.LTS\lib\armv6m-ti-none-eabi\c\</path>
         <kind>archive</kind>
         <file>libc.a</file>
         <name>_ltoa.c.obj</name>
      </input_file>
      <input_file id="fl-49">
         <path>C:\ti\ccs2010\ccs\tools\compiler\ti-cgt-armllvm_4.0.2.LTS\lib\armv6m-ti-none-eabi\c\</path>
         <kind>archive</kind>
         <file>libc.a</file>
         <name>atoi.c.obj</name>
      </input_file>
      <input_file id="fl-4a">
         <path>C:\ti\ccs2010\ccs\tools\compiler\ti-cgt-armllvm_4.0.2.LTS\lib\armv6m-ti-none-eabi\c\</path>
         <kind>archive</kind>
         <file>libc.a</file>
         <name>memccpy.c.obj</name>
      </input_file>
      <input_file id="fl-4b">
         <path>C:\ti\ccs2010\ccs\tools\compiler\ti-cgt-armllvm_4.0.2.LTS\lib\armv6m-ti-none-eabi\c\</path>
         <kind>archive</kind>
         <file>libc.a</file>
         <name>s_frexp.c.obj</name>
      </input_file>
      <input_file id="fl-4c">
         <path>C:\ti\ccs2010\ccs\tools\compiler\ti-cgt-armllvm_4.0.2.LTS\lib\armv6m-ti-none-eabi\c\</path>
         <kind>archive</kind>
         <file>libc.a</file>
         <name>wcslen.c.obj</name>
      </input_file>
      <input_file id="fl-4d">
         <path>C:\ti\ccs2010\ccs\tools\compiler\ti-cgt-armllvm_4.0.2.LTS\lib\armv6m-ti-none-eabi\c\</path>
         <kind>archive</kind>
         <file>libc.a</file>
         <name>fclose.c.obj</name>
      </input_file>
      <input_file id="fl-4e">
         <path>C:\ti\ccs2010\ccs\tools\compiler\ti-cgt-armllvm_4.0.2.LTS\lib\armv6m-ti-none-eabi\c\</path>
         <kind>archive</kind>
         <file>libc.a</file>
         <name>aeabi_ctype.S.obj</name>
      </input_file>
      <input_file id="fl-ee">
         <path>C:\ti\ccs2010\ccs\tools\compiler\ti-cgt-armllvm_4.0.2.LTS\lib\armv6m-ti-none-eabi\c\</path>
         <kind>archive</kind>
         <file>libsysbm.a</file>
         <name>hostexit.c.obj</name>
      </input_file>
      <input_file id="fl-ef">
         <path>C:\ti\ccs2010\ccs\tools\compiler\ti-cgt-armllvm_4.0.2.LTS\lib\armv6m-ti-none-eabi\c\</path>
         <kind>archive</kind>
         <file>libsysbm.a</file>
         <name>write.c.obj</name>
      </input_file>
      <input_file id="fl-f0">
         <path>C:\ti\ccs2010\ccs\tools\compiler\ti-cgt-armllvm_4.0.2.LTS\lib\armv6m-ti-none-eabi\c\</path>
         <kind>archive</kind>
         <file>libsysbm.a</file>
         <name>host_device.c.obj</name>
      </input_file>
      <input_file id="fl-f1">
         <path>C:\ti\ccs2010\ccs\tools\compiler\ti-cgt-armllvm_4.0.2.LTS\lib\armv6m-ti-none-eabi\c\</path>
         <kind>archive</kind>
         <file>libsysbm.a</file>
         <name>remove.c.obj</name>
      </input_file>
      <input_file id="fl-f2">
         <path>C:\ti\ccs2010\ccs\tools\compiler\ti-cgt-armllvm_4.0.2.LTS\lib\armv6m-ti-none-eabi\c\</path>
         <kind>archive</kind>
         <file>libsysbm.a</file>
         <name>open.c.obj</name>
      </input_file>
      <input_file id="fl-f3">
         <path>C:\ti\ccs2010\ccs\tools\compiler\ti-cgt-armllvm_4.0.2.LTS\lib\armv6m-ti-none-eabi\c\</path>
         <kind>archive</kind>
         <file>libsysbm.a</file>
         <name>lseek.c.obj</name>
      </input_file>
      <input_file id="fl-f4">
         <path>C:\ti\ccs2010\ccs\tools\compiler\ti-cgt-armllvm_4.0.2.LTS\lib\armv6m-ti-none-eabi\c\</path>
         <kind>archive</kind>
         <file>libsysbm.a</file>
         <name>close.c.obj</name>
      </input_file>
      <input_file id="fl-f5">
         <path>C:\ti\ccs2010\ccs\tools\compiler\ti-cgt-armllvm_4.0.2.LTS\lib\armv6m-ti-none-eabi\c\</path>
         <kind>archive</kind>
         <file>libsysbm.a</file>
         <name>unlink.c.obj</name>
      </input_file>
      <input_file id="fl-f6">
         <path>C:\ti\ccs2010\ccs\tools\compiler\ti-cgt-armllvm_4.0.2.LTS\lib\armv6m-ti-none-eabi\c\</path>
         <kind>archive</kind>
         <file>libsysbm.a</file>
         <name>hostclose.c.obj</name>
      </input_file>
      <input_file id="fl-f7">
         <path>C:\ti\ccs2010\ccs\tools\compiler\ti-cgt-armllvm_4.0.2.LTS\lib\armv6m-ti-none-eabi\c\</path>
         <kind>archive</kind>
         <file>libsysbm.a</file>
         <name>hostlseek.c.obj</name>
      </input_file>
      <input_file id="fl-f8">
         <path>C:\ti\ccs2010\ccs\tools\compiler\ti-cgt-armllvm_4.0.2.LTS\lib\armv6m-ti-none-eabi\c\</path>
         <kind>archive</kind>
         <file>libsysbm.a</file>
         <name>hostopen.c.obj</name>
      </input_file>
      <input_file id="fl-f9">
         <path>C:\ti\ccs2010\ccs\tools\compiler\ti-cgt-armllvm_4.0.2.LTS\lib\armv6m-ti-none-eabi\c\</path>
         <kind>archive</kind>
         <file>libsysbm.a</file>
         <name>hostread.c.obj</name>
      </input_file>
      <input_file id="fl-fa">
         <path>C:\ti\ccs2010\ccs\tools\compiler\ti-cgt-armllvm_4.0.2.LTS\lib\armv6m-ti-none-eabi\c\</path>
         <kind>archive</kind>
         <file>libsysbm.a</file>
         <name>hostrename.c.obj</name>
      </input_file>
      <input_file id="fl-fb">
         <path>C:\ti\ccs2010\ccs\tools\compiler\ti-cgt-armllvm_4.0.2.LTS\lib\armv6m-ti-none-eabi\c\</path>
         <kind>archive</kind>
         <file>libsysbm.a</file>
         <name>hostunlink.c.obj</name>
      </input_file>
      <input_file id="fl-fc">
         <path>C:\ti\ccs2010\ccs\tools\compiler\ti-cgt-armllvm_4.0.2.LTS\lib\armv6m-ti-none-eabi\c\</path>
         <kind>archive</kind>
         <file>libsysbm.a</file>
         <name>hostwrite.c.obj</name>
      </input_file>
      <input_file id="fl-fd">
         <path>C:\ti\ccs2010\ccs\tools\compiler\ti-cgt-armllvm_4.0.2.LTS\lib\armv6m-ti-none-eabi\c\</path>
         <kind>archive</kind>
         <file>libsysbm.a</file>
         <name>trgmsg.c.obj</name>
      </input_file>
      <input_file id="fl-fe">
         <path>C:\ti\ccs2010\ccs\tools\compiler\ti-cgt-armllvm_4.0.2.LTS\lib\armv6m-ti-none-eabi\</path>
         <kind>archive</kind>
         <file>libclang_rt.builtins.a</file>
         <name>addsf3.S.obj</name>
      </input_file>
      <input_file id="fl-ff">
         <path>C:\ti\ccs2010\ccs\tools\compiler\ti-cgt-armllvm_4.0.2.LTS\lib\armv6m-ti-none-eabi\</path>
         <kind>archive</kind>
         <file>libclang_rt.builtins.a</file>
         <name>adddf3.S.obj</name>
      </input_file>
      <input_file id="fl-100">
         <path>C:\ti\ccs2010\ccs\tools\compiler\ti-cgt-armllvm_4.0.2.LTS\lib\armv6m-ti-none-eabi\</path>
         <kind>archive</kind>
         <file>libclang_rt.builtins.a</file>
         <name>muldf3.S.obj</name>
      </input_file>
      <input_file id="fl-101">
         <path>C:\ti\ccs2010\ccs\tools\compiler\ti-cgt-armllvm_4.0.2.LTS\lib\armv6m-ti-none-eabi\</path>
         <kind>archive</kind>
         <file>libclang_rt.builtins.a</file>
         <name>muldsi3.S.obj</name>
      </input_file>
      <input_file id="fl-102">
         <path>C:\ti\ccs2010\ccs\tools\compiler\ti-cgt-armllvm_4.0.2.LTS\lib\armv6m-ti-none-eabi\</path>
         <kind>archive</kind>
         <file>libclang_rt.builtins.a</file>
         <name>mulsf3.S.obj</name>
      </input_file>
      <input_file id="fl-103">
         <path>C:\ti\ccs2010\ccs\tools\compiler\ti-cgt-armllvm_4.0.2.LTS\lib\armv6m-ti-none-eabi\</path>
         <kind>archive</kind>
         <file>libclang_rt.builtins.a</file>
         <name>divsf3.S.obj</name>
      </input_file>
      <input_file id="fl-104">
         <path>C:\ti\ccs2010\ccs\tools\compiler\ti-cgt-armllvm_4.0.2.LTS\lib\armv6m-ti-none-eabi\</path>
         <kind>archive</kind>
         <file>libclang_rt.builtins.a</file>
         <name>divdf3.S.obj</name>
      </input_file>
      <input_file id="fl-105">
         <path>C:\ti\ccs2010\ccs\tools\compiler\ti-cgt-armllvm_4.0.2.LTS\lib\armv6m-ti-none-eabi\</path>
         <kind>archive</kind>
         <file>libclang_rt.builtins.a</file>
         <name>extendsfdf2.S.obj</name>
      </input_file>
      <input_file id="fl-106">
         <path>C:\ti\ccs2010\ccs\tools\compiler\ti-cgt-armllvm_4.0.2.LTS\lib\armv6m-ti-none-eabi\</path>
         <kind>archive</kind>
         <file>libclang_rt.builtins.a</file>
         <name>fixdfsi.S.obj</name>
      </input_file>
      <input_file id="fl-107">
         <path>C:\ti\ccs2010\ccs\tools\compiler\ti-cgt-armllvm_4.0.2.LTS\lib\armv6m-ti-none-eabi\</path>
         <kind>archive</kind>
         <file>libclang_rt.builtins.a</file>
         <name>fixsfsi.S.obj</name>
      </input_file>
      <input_file id="fl-108">
         <path>C:\ti\ccs2010\ccs\tools\compiler\ti-cgt-armllvm_4.0.2.LTS\lib\armv6m-ti-none-eabi\</path>
         <kind>archive</kind>
         <file>libclang_rt.builtins.a</file>
         <name>fixunssfsi.S.obj</name>
      </input_file>
      <input_file id="fl-109">
         <path>C:\ti\ccs2010\ccs\tools\compiler\ti-cgt-armllvm_4.0.2.LTS\lib\armv6m-ti-none-eabi\</path>
         <kind>archive</kind>
         <file>libclang_rt.builtins.a</file>
         <name>floatsidf.S.obj</name>
      </input_file>
      <input_file id="fl-10a">
         <path>C:\ti\ccs2010\ccs\tools\compiler\ti-cgt-armllvm_4.0.2.LTS\lib\armv6m-ti-none-eabi\</path>
         <kind>archive</kind>
         <file>libclang_rt.builtins.a</file>
         <name>floatsisf.S.obj</name>
      </input_file>
      <input_file id="fl-10b">
         <path>C:\ti\ccs2010\ccs\tools\compiler\ti-cgt-armllvm_4.0.2.LTS\lib\armv6m-ti-none-eabi\</path>
         <kind>archive</kind>
         <file>libclang_rt.builtins.a</file>
         <name>floatunsisf.S.obj</name>
      </input_file>
      <input_file id="fl-10c">
         <path>C:\ti\ccs2010\ccs\tools\compiler\ti-cgt-armllvm_4.0.2.LTS\lib\armv6m-ti-none-eabi\</path>
         <kind>archive</kind>
         <file>libclang_rt.builtins.a</file>
         <name>muldi3.S.obj</name>
      </input_file>
      <input_file id="fl-10d">
         <path>C:\ti\ccs2010\ccs\tools\compiler\ti-cgt-armllvm_4.0.2.LTS\lib\armv6m-ti-none-eabi\</path>
         <kind>archive</kind>
         <file>libclang_rt.builtins.a</file>
         <name>truncdfsf2.S.obj</name>
      </input_file>
      <input_file id="fl-10e">
         <path>C:\ti\ccs2010\ccs\tools\compiler\ti-cgt-armllvm_4.0.2.LTS\lib\armv6m-ti-none-eabi\</path>
         <kind>archive</kind>
         <file>libclang_rt.builtins.a</file>
         <name>aeabi_dcmp.S.obj</name>
      </input_file>
      <input_file id="fl-10f">
         <path>C:\ti\ccs2010\ccs\tools\compiler\ti-cgt-armllvm_4.0.2.LTS\lib\armv6m-ti-none-eabi\</path>
         <kind>archive</kind>
         <file>libclang_rt.builtins.a</file>
         <name>aeabi_fcmp.S.obj</name>
      </input_file>
      <input_file id="fl-110">
         <path>C:\ti\ccs2010\ccs\tools\compiler\ti-cgt-armllvm_4.0.2.LTS\lib\armv6m-ti-none-eabi\</path>
         <kind>archive</kind>
         <file>libclang_rt.builtins.a</file>
         <name>aeabi_idivmod.S.obj</name>
      </input_file>
      <input_file id="fl-111">
         <path>C:\ti\ccs2010\ccs\tools\compiler\ti-cgt-armllvm_4.0.2.LTS\lib\armv6m-ti-none-eabi\</path>
         <kind>archive</kind>
         <file>libclang_rt.builtins.a</file>
         <name>aeabi_memcpy.S.obj</name>
      </input_file>
      <input_file id="fl-112">
         <path>C:\ti\ccs2010\ccs\tools\compiler\ti-cgt-armllvm_4.0.2.LTS\lib\armv6m-ti-none-eabi\</path>
         <kind>archive</kind>
         <file>libclang_rt.builtins.a</file>
         <name>aeabi_memset.S.obj</name>
      </input_file>
      <input_file id="fl-113">
         <path>C:\ti\ccs2010\ccs\tools\compiler\ti-cgt-armllvm_4.0.2.LTS\lib\armv6m-ti-none-eabi\</path>
         <kind>archive</kind>
         <file>libclang_rt.builtins.a</file>
         <name>aeabi_uidivmod.S.obj</name>
      </input_file>
      <input_file id="fl-114">
         <path>C:\ti\ccs2010\ccs\tools\compiler\ti-cgt-armllvm_4.0.2.LTS\lib\armv6m-ti-none-eabi\</path>
         <kind>archive</kind>
         <file>libclang_rt.builtins.a</file>
         <name>aeabi_uldivmod.S.obj</name>
      </input_file>
      <input_file id="fl-115">
         <path>C:\ti\ccs2010\ccs\tools\compiler\ti-cgt-armllvm_4.0.2.LTS\lib\armv6m-ti-none-eabi\</path>
         <kind>archive</kind>
         <file>libclang_rt.builtins.a</file>
         <name>comparesf2.S.obj</name>
      </input_file>
      <input_file id="fl-116">
         <path>C:\ti\ccs2010\ccs\tools\compiler\ti-cgt-armllvm_4.0.2.LTS\lib\armv6m-ti-none-eabi\</path>
         <kind>archive</kind>
         <file>libclang_rt.builtins.a</file>
         <name>udivmoddi4.S.obj</name>
      </input_file>
      <input_file id="fl-117">
         <path>C:\ti\ccs2010\ccs\tools\compiler\ti-cgt-armllvm_4.0.2.LTS\lib\armv6m-ti-none-eabi\</path>
         <kind>archive</kind>
         <file>libclang_rt.builtins.a</file>
         <name>ashldi3.S.obj</name>
      </input_file>
      <input_file id="fl-118">
         <path>C:\ti\ccs2010\ccs\tools\compiler\ti-cgt-armllvm_4.0.2.LTS\lib\armv6m-ti-none-eabi\</path>
         <kind>archive</kind>
         <file>libclang_rt.builtins.a</file>
         <name>comparedf2.c.obj</name>
      </input_file>
      <input_file id="fl-119">
         <path>C:\ti\ccs2010\ccs\tools\compiler\ti-cgt-armllvm_4.0.2.LTS\lib\armv6m-ti-none-eabi\</path>
         <kind>archive</kind>
         <file>libclang_rt.builtins.a</file>
         <name>aeabi_div0.c.obj</name>
      </input_file>
      <input_file id="fl-11a">
         <path>C:\ti\ccs2010\ccs\tools\compiler\ti-cgt-armllvm_4.0.2.LTS\lib\armv6m-ti-none-eabi\c\</path>
         <kind>archive</kind>
         <file>libc.a</file>
         <name>getdevice.c.obj</name>
      </input_file>
      <input_file id="fl-11b">
         <path>C:\ti\ccs2010\ccs\tools\compiler\ti-cgt-armllvm_4.0.2.LTS\lib\armv6m-ti-none-eabi\c\</path>
         <kind>archive</kind>
         <file>libc.a</file>
         <name>memcpy16.S.obj</name>
      </input_file>
      <input_file id="fl-11c">
         <path>C:\ti\ccs2010\ccs\tools\compiler\ti-cgt-armllvm_4.0.2.LTS\lib\armv6m-ti-none-eabi\c\</path>
         <kind>archive</kind>
         <file>libc.a</file>
         <name>memset16.S.obj</name>
      </input_file>
      <input_file id="fl-11d">
         <path>C:\ti\ccs2010\ccs\tools\compiler\ti-cgt-armllvm_4.0.2.LTS\lib\armv6m-ti-none-eabi\c\</path>
         <kind>archive</kind>
         <file>libc.a</file>
         <name>strcmp-armv6m.S.obj</name>
      </input_file>
   </input_file_list>
   <object_component_list>
      <object_component id="oc-18">
         <name>.intvecs</name>
         <load_address>0x0</load_address>
         <readonly>true</readonly>
         <run_address>0x0</run_address>
         <size>0xc0</size>
         <alignment>0x4</alignment>
         <input_file_ref idref="fl-4"/>
      </object_component>
      <object_component id="oc-1a6">
         <name>.text.pow</name>
         <load_address>0xc0</load_address>
         <readonly>true</readonly>
         <executable>true</executable>
         <run_address>0xc0</run_address>
         <size>0xa48</size>
         <alignment>0x4</alignment>
         <input_file_ref idref="fl-2e"/>
      </object_component>
      <object_component id="oc-b8">
         <name>.text.OLEDSHOW</name>
         <load_address>0xb08</load_address>
         <readonly>true</readonly>
         <executable>true</executable>
         <run_address>0xb08</run_address>
         <size>0x3ac</size>
         <alignment>0x4</alignment>
         <input_file_ref idref="fl-2"/>
      </object_component>
      <object_component id="oc-b7">
         <name>.text.findV</name>
         <load_address>0xeb4</load_address>
         <readonly>true</readonly>
         <executable>true</executable>
         <run_address>0xeb4</run_address>
         <size>0x1ec</size>
         <alignment>0x4</alignment>
         <input_file_ref idref="fl-2"/>
      </object_component>
      <object_component id="oc-199">
         <name>.text.adddf3_subdf3</name>
         <load_address>0x10a0</load_address>
         <readonly>true</readonly>
         <executable>true</executable>
         <run_address>0x10a0</run_address>
         <size>0x192</size>
         <alignment>0x4</alignment>
         <input_file_ref idref="fl-ff"/>
      </object_component>
      <object_component id="oc-1df">
         <name>.text.__aeabi_idiv0</name>
         <load_address>0x1232</load_address>
         <readonly>true</readonly>
         <executable>true</executable>
         <run_address>0x1232</run_address>
         <size>0x2</size>
         <alignment>0x2</alignment>
         <input_file_ref idref="fl-119"/>
      </object_component>
      <object_component id="oc-1fa">
         <name>.text.sqrt</name>
         <load_address>0x1234</load_address>
         <readonly>true</readonly>
         <executable>true</executable>
         <run_address>0x1234</run_address>
         <size>0x170</size>
         <alignment>0x4</alignment>
         <input_file_ref idref="fl-2f"/>
      </object_component>
      <object_component id="oc-10e">
         <name>.text.switchwave</name>
         <load_address>0x13a4</load_address>
         <readonly>true</readonly>
         <executable>true</executable>
         <run_address>0x13a4</run_address>
         <size>0x128</size>
         <alignment>0x4</alignment>
         <input_file_ref idref="fl-2"/>
      </object_component>
      <object_component id="oc-19f">
         <name>.text.OLED_ShowChar</name>
         <load_address>0x14cc</load_address>
         <readonly>true</readonly>
         <executable>true</executable>
         <run_address>0x14cc</run_address>
         <size>0x118</size>
         <alignment>0x4</alignment>
         <input_file_ref idref="fl-1"/>
      </object_component>
      <object_component id="oc-11b">
         <name>.text.__divdf3</name>
         <load_address>0x15e4</load_address>
         <readonly>true</readonly>
         <executable>true</executable>
         <run_address>0x15e4</run_address>
         <size>0x10c</size>
         <alignment>0x4</alignment>
         <input_file_ref idref="fl-104"/>
      </object_component>
      <object_component id="oc-a6">
         <name>.text.OLED_Init</name>
         <load_address>0x16f0</load_address>
         <readonly>true</readonly>
         <executable>true</executable>
         <run_address>0x16f0</run_address>
         <size>0xfa</size>
         <alignment>0x2</alignment>
         <input_file_ref idref="fl-1"/>
      </object_component>
      <object_component id="oc-115">
         <name>.text.OLED_ShowNum</name>
         <load_address>0x17ea</load_address>
         <readonly>true</readonly>
         <executable>true</executable>
         <run_address>0x17ea</run_address>
         <size>0xf6</size>
         <alignment>0x2</alignment>
         <input_file_ref idref="fl-1"/>
      </object_component>
      <object_component id="oc-159">
         <name>.text.DL_Timer_initTimerMode</name>
         <load_address>0x18e0</load_address>
         <readonly>true</readonly>
         <executable>true</executable>
         <run_address>0x18e0</run_address>
         <size>0xe8</size>
         <alignment>0x4</alignment>
         <input_file_ref idref="fl-16"/>
      </object_component>
      <object_component id="oc-6c">
         <name>.text.__muldf3</name>
         <load_address>0x19c8</load_address>
         <readonly>true</readonly>
         <executable>true</executable>
         <run_address>0x19c8</run_address>
         <size>0xe4</size>
         <alignment>0x4</alignment>
         <input_file_ref idref="fl-100"/>
      </object_component>
      <object_component id="oc-154">
         <name>.text.DL_Timer_initCaptureCombinedMode</name>
         <load_address>0x1aac</load_address>
         <readonly>true</readonly>
         <executable>true</executable>
         <run_address>0x1aac</run_address>
         <size>0xe0</size>
         <alignment>0x4</alignment>
         <input_file_ref idref="fl-16"/>
      </object_component>
      <object_component id="oc-1f5">
         <name>.text.scalbn</name>
         <load_address>0x1b8c</load_address>
         <readonly>true</readonly>
         <executable>true</executable>
         <run_address>0x1b8c</run_address>
         <size>0xd8</size>
         <alignment>0x4</alignment>
         <input_file_ref idref="fl-30"/>
      </object_component>
      <object_component id="oc-107">
         <name>.text</name>
         <load_address>0x1c64</load_address>
         <readonly>true</readonly>
         <executable>true</executable>
         <run_address>0x1c64</run_address>
         <size>0xd8</size>
         <alignment>0x4</alignment>
         <input_file_ref idref="fl-fe"/>
      </object_component>
      <object_component id="oc-84">
         <name>.text.main</name>
         <load_address>0x1d3c</load_address>
         <readonly>true</readonly>
         <executable>true</executable>
         <run_address>0x1d3c</run_address>
         <size>0xa4</size>
         <alignment>0x4</alignment>
         <input_file_ref idref="fl-2"/>
      </object_component>
      <object_component id="oc-e3">
         <name>.text.SYSCFG_DL_ADC12_0_init</name>
         <load_address>0x1de0</load_address>
         <readonly>true</readonly>
         <executable>true</executable>
         <run_address>0x1de0</run_address>
         <size>0x90</size>
         <alignment>0x4</alignment>
         <input_file_ref idref="fl-3"/>
      </object_component>
      <object_component id="oc-dc">
         <name>.text.SYSCFG_DL_initPower</name>
         <load_address>0x1e70</load_address>
         <readonly>true</readonly>
         <executable>true</executable>
         <run_address>0x1e70</run_address>
         <size>0x8c</size>
         <alignment>0x4</alignment>
         <input_file_ref idref="fl-3"/>
      </object_component>
      <object_component id="oc-f8">
         <name>.text.__mulsf3</name>
         <load_address>0x1efc</load_address>
         <readonly>true</readonly>
         <executable>true</executable>
         <run_address>0x1efc</run_address>
         <size>0x8c</size>
         <alignment>0x4</alignment>
         <input_file_ref idref="fl-102"/>
      </object_component>
      <object_component id="oc-b1">
         <name>.text.__NVIC_SetPriority</name>
         <load_address>0x1f88</load_address>
         <readonly>true</readonly>
         <executable>true</executable>
         <run_address>0x1f88</run_address>
         <size>0x84</size>
         <alignment>0x4</alignment>
         <input_file_ref idref="fl-2"/>
      </object_component>
      <object_component id="oc-116">
         <name>.text.getdec</name>
         <load_address>0x200c</load_address>
         <readonly>true</readonly>
         <executable>true</executable>
         <run_address>0x200c</run_address>
         <size>0x84</size>
         <alignment>0x4</alignment>
         <input_file_ref idref="fl-2"/>
      </object_component>
      <object_component id="oc-103">
         <name>.text.__divsf3</name>
         <load_address>0x2090</load_address>
         <readonly>true</readonly>
         <executable>true</executable>
         <run_address>0x2090</run_address>
         <size>0x82</size>
         <alignment>0x4</alignment>
         <input_file_ref idref="fl-103"/>
      </object_component>
      <object_component id="oc-180">
         <name>.text.Send_Byte</name>
         <load_address>0x2114</load_address>
         <readonly>true</readonly>
         <executable>true</executable>
         <run_address>0x2114</run_address>
         <size>0x7c</size>
         <alignment>0x4</alignment>
         <input_file_ref idref="fl-1"/>
      </object_component>
      <object_component id="oc-1c">
         <name>.text:decompress:lzss</name>
         <load_address>0x2190</load_address>
         <readonly>true</readonly>
         <executable>true</executable>
         <run_address>0x2190</run_address>
         <size>0x7c</size>
         <alignment>0x4</alignment>
         <input_file_ref idref="fl-3c"/>
      </object_component>
      <object_component id="oc-1b6">
         <name>.text.__gedf2</name>
         <load_address>0x220c</load_address>
         <readonly>true</readonly>
         <executable>true</executable>
         <run_address>0x220c</run_address>
         <size>0x74</size>
         <alignment>0x4</alignment>
         <input_file_ref idref="fl-118"/>
      </object_component>
      <object_component id="oc-70">
         <name>.text.__truncdfsf2</name>
         <load_address>0x2280</load_address>
         <readonly>true</readonly>
         <executable>true</executable>
         <run_address>0x2280</run_address>
         <size>0x74</size>
         <alignment>0x10</alignment>
         <input_file_ref idref="fl-10d"/>
      </object_component>
      <object_component id="oc-b6">
         <name>.text.findbase</name>
         <load_address>0x22f4</load_address>
         <readonly>true</readonly>
         <executable>true</executable>
         <run_address>0x22f4</run_address>
         <size>0x74</size>
         <alignment>0x4</alignment>
         <input_file_ref idref="fl-2"/>
      </object_component>
      <object_component id="oc-10f">
         <name>.text.OLED_ShowString</name>
         <load_address>0x2368</load_address>
         <readonly>true</readonly>
         <executable>true</executable>
         <run_address>0x2368</run_address>
         <size>0x70</size>
         <alignment>0x2</alignment>
         <input_file_ref idref="fl-1"/>
      </object_component>
      <object_component id="oc-102">
         <name>.text.StartAdc</name>
         <load_address>0x23d8</load_address>
         <readonly>true</readonly>
         <executable>true</executable>
         <run_address>0x23d8</run_address>
         <size>0x70</size>
         <alignment>0x4</alignment>
         <input_file_ref idref="fl-2"/>
      </object_component>
      <object_component id="oc-b9">
         <name>.text.BTSent</name>
         <load_address>0x2448</load_address>
         <readonly>true</readonly>
         <executable>true</executable>
         <run_address>0x2448</run_address>
         <size>0x6c</size>
         <alignment>0x4</alignment>
         <input_file_ref idref="fl-2"/>
      </object_component>
      <object_component id="oc-ab">
         <name>.text.OLED_Clear</name>
         <load_address>0x24b4</load_address>
         <readonly>true</readonly>
         <executable>true</executable>
         <run_address>0x24b4</run_address>
         <size>0x6a</size>
         <alignment>0x2</alignment>
         <input_file_ref idref="fl-1"/>
      </object_component>
      <object_component id="oc-3a">
         <name>.text.TIMA1_IRQHandler</name>
         <load_address>0x2520</load_address>
         <readonly>true</readonly>
         <executable>true</executable>
         <run_address>0x2520</run_address>
         <size>0x68</size>
         <alignment>0x4</alignment>
         <input_file_ref idref="fl-2"/>
      </object_component>
      <object_component id="oc-1b0">
         <name>.text.__ledf2</name>
         <load_address>0x2588</load_address>
         <readonly>true</readonly>
         <executable>true</executable>
         <run_address>0x2588</run_address>
         <size>0x68</size>
         <alignment>0x4</alignment>
         <input_file_ref idref="fl-118"/>
      </object_component>
      <object_component id="oc-117">
         <name>.text.__aeabi_dcmp</name>
         <load_address>0x25f0</load_address>
         <readonly>true</readonly>
         <executable>true</executable>
         <run_address>0x25f0</run_address>
         <size>0x62</size>
         <alignment>0x4</alignment>
         <input_file_ref idref="fl-10e"/>
      </object_component>
      <object_component id="oc-f0">
         <name>.text.__aeabi_fcmp</name>
         <load_address>0x2654</load_address>
         <readonly>true</readonly>
         <executable>true</executable>
         <run_address>0x2654</run_address>
         <size>0x62</size>
         <alignment>0x4</alignment>
         <input_file_ref idref="fl-10f"/>
      </object_component>
      <object_component id="oc-12a">
         <name>.text.sendBluetoothData</name>
         <load_address>0x26b8</load_address>
         <readonly>true</readonly>
         <executable>true</executable>
         <run_address>0x26b8</run_address>
         <size>0x58</size>
         <alignment>0x4</alignment>
         <input_file_ref idref="fl-2"/>
      </object_component>
      <object_component id="oc-1ac">
         <name>.text.__aeabi_idivmod</name>
         <load_address>0x2710</load_address>
         <readonly>true</readonly>
         <executable>true</executable>
         <run_address>0x2710</run_address>
         <size>0x56</size>
         <alignment>0x4</alignment>
         <input_file_ref idref="fl-110"/>
      </object_component>
      <object_component id="oc-ea">
         <name>.text.OLED_WR_Byte</name>
         <load_address>0x2766</load_address>
         <readonly>true</readonly>
         <executable>true</executable>
         <run_address>0x2766</run_address>
         <size>0x4e</size>
         <alignment>0x2</alignment>
         <input_file_ref idref="fl-1"/>
      </object_component>
      <object_component id="oc-172">
         <name>.text.DL_ADC12_initSingleSample</name>
         <load_address>0x27b4</load_address>
         <readonly>true</readonly>
         <executable>true</executable>
         <run_address>0x27b4</run_address>
         <size>0x4c</size>
         <alignment>0x4</alignment>
         <input_file_ref idref="fl-3"/>
      </object_component>
      <object_component id="oc-1d1">
         <name>.text.DL_DMA_initChannel</name>
         <load_address>0x2800</load_address>
         <readonly>true</readonly>
         <executable>true</executable>
         <run_address>0x2800</run_address>
         <size>0x4c</size>
         <alignment>0x4</alignment>
         <input_file_ref idref="fl-15"/>
      </object_component>
      <object_component id="oc-168">
         <name>.text.DL_UART_setBaudRateDivisor</name>
         <load_address>0x284c</load_address>
         <readonly>true</readonly>
         <executable>true</executable>
         <run_address>0x284c</run_address>
         <size>0x4c</size>
         <alignment>0x4</alignment>
         <input_file_ref idref="fl-3"/>
      </object_component>
      <object_component id="oc-e0">
         <name>.text.SYSCFG_DL_TIMER_0_init</name>
         <load_address>0x2898</load_address>
         <readonly>true</readonly>
         <executable>true</executable>
         <run_address>0x2898</run_address>
         <size>0x4c</size>
         <alignment>0x4</alignment>
         <input_file_ref idref="fl-3"/>
      </object_component>
      <object_component id="oc-173">
         <name>.text.DL_ADC12_configConversionMem</name>
         <load_address>0x28e4</load_address>
         <readonly>true</readonly>
         <executable>true</executable>
         <run_address>0x28e4</run_address>
         <size>0x4a</size>
         <alignment>0x2</alignment>
         <input_file_ref idref="fl-3"/>
      </object_component>
      <object_component id="oc-191">
         <name>.text.__fixdfsi</name>
         <load_address>0x2930</load_address>
         <readonly>true</readonly>
         <executable>true</executable>
         <run_address>0x2930</run_address>
         <size>0x4a</size>
         <alignment>0x4</alignment>
         <input_file_ref idref="fl-106"/>
      </object_component>
      <object_component id="oc-166">
         <name>.text.DL_UART_init</name>
         <load_address>0x297c</load_address>
         <readonly>true</readonly>
         <executable>true</executable>
         <run_address>0x297c</run_address>
         <size>0x48</size>
         <alignment>0x4</alignment>
         <input_file_ref idref="fl-17"/>
      </object_component>
      <object_component id="oc-dd">
         <name>.text.SYSCFG_DL_GPIO_init</name>
         <load_address>0x29c4</load_address>
         <readonly>true</readonly>
         <executable>true</executable>
         <run_address>0x29c4</run_address>
         <size>0x48</size>
         <alignment>0x4</alignment>
         <input_file_ref idref="fl-3"/>
      </object_component>
      <object_component id="oc-e1">
         <name>.text.SYSCFG_DL_TIMER_1_init</name>
         <load_address>0x2a0c</load_address>
         <readonly>true</readonly>
         <executable>true</executable>
         <run_address>0x2a0c</run_address>
         <size>0x44</size>
         <alignment>0x4</alignment>
         <input_file_ref idref="fl-3"/>
      </object_component>
      <object_component id="oc-e2">
         <name>.text.SYSCFG_DL_UART_0_init</name>
         <load_address>0x2a50</load_address>
         <readonly>true</readonly>
         <executable>true</executable>
         <run_address>0x2a50</run_address>
         <size>0x44</size>
         <alignment>0x4</alignment>
         <input_file_ref idref="fl-3"/>
      </object_component>
      <object_component id="oc-16c">
         <name>.text.DL_ADC12_setClockConfig</name>
         <load_address>0x2a94</load_address>
         <readonly>true</readonly>
         <executable>true</executable>
         <run_address>0x2a94</run_address>
         <size>0x40</size>
         <alignment>0x4</alignment>
         <input_file_ref idref="fl-13"/>
      </object_component>
      <object_component id="oc-1a2">
         <name>.text.__aeabi_uidivmod</name>
         <load_address>0x2ad4</load_address>
         <readonly>true</readonly>
         <executable>true</executable>
         <run_address>0x2ad4</run_address>
         <size>0x40</size>
         <alignment>0x4</alignment>
         <input_file_ref idref="fl-113"/>
      </object_component>
      <object_component id="oc-68">
         <name>.text.__extendsfdf2</name>
         <load_address>0x2b14</load_address>
         <readonly>true</readonly>
         <executable>true</executable>
         <run_address>0x2b14</run_address>
         <size>0x40</size>
         <alignment>0x4</alignment>
         <input_file_ref idref="fl-105"/>
      </object_component>
      <object_component id="oc-110">
         <name>.text.getlen</name>
         <load_address>0x2b54</load_address>
         <readonly>true</readonly>
         <executable>true</executable>
         <run_address>0x2b54</run_address>
         <size>0x40</size>
         <alignment>0x4</alignment>
         <input_file_ref idref="fl-2"/>
      </object_component>
      <object_component id="oc-1dc">
         <name>.text.OLED_Set_Pos</name>
         <load_address>0x2b94</load_address>
         <readonly>true</readonly>
         <executable>true</executable>
         <run_address>0x2b94</run_address>
         <size>0x3c</size>
         <alignment>0x2</alignment>
         <input_file_ref idref="fl-1"/>
      </object_component>
      <object_component id="oc-a1">
         <name>.text.SYSCFG_DL_init</name>
         <load_address>0x2bd0</load_address>
         <readonly>true</readonly>
         <executable>true</executable>
         <run_address>0x2bd0</run_address>
         <size>0x3c</size>
         <alignment>0x4</alignment>
         <input_file_ref idref="fl-3"/>
      </object_component>
      <object_component id="oc-f4">
         <name>.text.__floatsisf</name>
         <load_address>0x2c0c</load_address>
         <readonly>true</readonly>
         <executable>true</executable>
         <run_address>0x2c0c</run_address>
         <size>0x3c</size>
         <alignment>0x4</alignment>
         <input_file_ref idref="fl-10a"/>
      </object_component>
      <object_component id="oc-188">
         <name>.text.__gtsf2</name>
         <load_address>0x2c48</load_address>
         <readonly>true</readonly>
         <executable>true</executable>
         <run_address>0x2c48</run_address>
         <size>0x3c</size>
         <alignment>0x4</alignment>
         <input_file_ref idref="fl-115"/>
      </object_component>
      <object_component id="oc-c2">
         <name>.text:__TI_auto_init_nobinit_nopinit</name>
         <load_address>0x2c84</load_address>
         <readonly>true</readonly>
         <executable>true</executable>
         <run_address>0x2c84</run_address>
         <size>0x3c</size>
         <alignment>0x4</alignment>
         <input_file_ref idref="fl-37"/>
      </object_component>
      <object_component id="oc-183">
         <name>.text.__eqsf2</name>
         <load_address>0x2cc0</load_address>
         <readonly>true</readonly>
         <executable>true</executable>
         <run_address>0x2cc0</run_address>
         <size>0x3a</size>
         <alignment>0x4</alignment>
         <input_file_ref idref="fl-115"/>
      </object_component>
      <object_component id="oc-91">
         <name>.text.__muldsi3</name>
         <load_address>0x2cfc</load_address>
         <readonly>true</readonly>
         <executable>true</executable>
         <run_address>0x2cfc</run_address>
         <size>0x3a</size>
         <alignment>0x4</alignment>
         <input_file_ref idref="fl-101"/>
      </object_component>
      <object_component id="oc-15b">
         <name>.text.DL_Timer_setPublisherChanID</name>
         <load_address>0x2d38</load_address>
         <readonly>true</readonly>
         <executable>true</executable>
         <run_address>0x2d38</run_address>
         <size>0x38</size>
         <alignment>0x4</alignment>
         <input_file_ref idref="fl-3"/>
      </object_component>
      <object_component id="oc-17f">
         <name>.text.I2C_Start</name>
         <load_address>0x2d70</load_address>
         <readonly>true</readonly>
         <executable>true</executable>
         <run_address>0x2d70</run_address>
         <size>0x38</size>
         <alignment>0x4</alignment>
         <input_file_ref idref="fl-1"/>
      </object_component>
      <object_component id="oc-39">
         <name>.text.TIMG0_IRQHandler</name>
         <load_address>0x2da8</load_address>
         <readonly>true</readonly>
         <executable>true</executable>
         <run_address>0x2da8</run_address>
         <size>0x38</size>
         <alignment>0x4</alignment>
         <input_file_ref idref="fl-2"/>
      </object_component>
      <object_component id="oc-111">
         <name>.text.__fixsfsi</name>
         <load_address>0x2de0</load_address>
         <readonly>true</readonly>
         <executable>true</executable>
         <run_address>0x2de0</run_address>
         <size>0x38</size>
         <alignment>0x4</alignment>
         <input_file_ref idref="fl-107"/>
      </object_component>
      <object_component id="oc-df">
         <name>.text.SYSCFG_DL_CAPTURE_0_init</name>
         <load_address>0x2e18</load_address>
         <readonly>true</readonly>
         <executable>true</executable>
         <run_address>0x2e18</run_address>
         <size>0x34</size>
         <alignment>0x4</alignment>
         <input_file_ref idref="fl-3"/>
      </object_component>
      <object_component id="oc-fc">
         <name>.text.__fixunssfsi</name>
         <load_address>0x2e4c</load_address>
         <readonly>true</readonly>
         <executable>true</executable>
         <run_address>0x2e4c</run_address>
         <size>0x32</size>
         <alignment>0x4</alignment>
         <input_file_ref idref="fl-108"/>
      </object_component>
      <object_component id="oc-1d0">
         <name>.text.DL_DMA_setTransferSize</name>
         <load_address>0x2e80</load_address>
         <readonly>true</readonly>
         <executable>true</executable>
         <run_address>0x2e80</run_address>
         <size>0x30</size>
         <alignment>0x4</alignment>
         <input_file_ref idref="fl-3"/>
      </object_component>
      <object_component id="oc-182">
         <name>.text.I2C_Stop</name>
         <load_address>0x2eb0</load_address>
         <readonly>true</readonly>
         <executable>true</executable>
         <run_address>0x2eb0</run_address>
         <size>0x30</size>
         <alignment>0x4</alignment>
         <input_file_ref idref="fl-1"/>
      </object_component>
      <object_component id="oc-181">
         <name>.text.I2C_WaitAck</name>
         <load_address>0x2ee0</load_address>
         <readonly>true</readonly>
         <executable>true</executable>
         <run_address>0x2ee0</run_address>
         <size>0x30</size>
         <alignment>0x4</alignment>
         <input_file_ref idref="fl-1"/>
      </object_component>
      <object_component id="oc-1a1">
         <name>.text.oled_pow</name>
         <load_address>0x2f10</load_address>
         <readonly>true</readonly>
         <executable>true</executable>
         <run_address>0x2f10</run_address>
         <size>0x30</size>
         <alignment>0x2</alignment>
         <input_file_ref idref="fl-1"/>
      </object_component>
      <object_component id="oc-177">
         <name>.text.DL_ADC12_setDMASamplesCnt</name>
         <load_address>0x2f40</load_address>
         <readonly>true</readonly>
         <executable>true</executable>
         <run_address>0x2f40</run_address>
         <size>0x2c</size>
         <alignment>0x4</alignment>
         <input_file_ref idref="fl-3"/>
      </object_component>
      <object_component id="oc-17e">
         <name>.text.SYSCFG_DL_DMA_CH0_init</name>
         <load_address>0x2f6c</load_address>
         <readonly>true</readonly>
         <executable>true</executable>
         <run_address>0x2f6c</run_address>
         <size>0x2c</size>
         <alignment>0x4</alignment>
         <input_file_ref idref="fl-3"/>
      </object_component>
      <object_component id="oc-af">
         <name>.text.__NVIC_EnableIRQ</name>
         <load_address>0x2f98</load_address>
         <readonly>true</readonly>
         <executable>true</executable>
         <run_address>0x2f98</run_address>
         <size>0x2c</size>
         <alignment>0x4</alignment>
         <input_file_ref idref="fl-2"/>
      </object_component>
      <object_component id="oc-18d">
         <name>.text.__floatsidf</name>
         <load_address>0x2fc4</load_address>
         <readonly>true</readonly>
         <executable>true</executable>
         <run_address>0x2fc4</run_address>
         <size>0x2c</size>
         <alignment>0x4</alignment>
         <input_file_ref idref="fl-109"/>
      </object_component>
      <object_component id="oc-1c7">
         <name>.text.DL_Common_updateReg</name>
         <load_address>0x2ff0</load_address>
         <readonly>true</readonly>
         <executable>true</executable>
         <run_address>0x2ff0</run_address>
         <size>0x28</size>
         <alignment>0x2</alignment>
         <input_file_ref idref="fl-3"/>
      </object_component>
      <object_component id="oc-ad">
         <name>.text.DL_DMA_setDestAddr</name>
         <load_address>0x3018</load_address>
         <readonly>true</readonly>
         <executable>true</executable>
         <run_address>0x3018</run_address>
         <size>0x28</size>
         <alignment>0x4</alignment>
         <input_file_ref idref="fl-2"/>
      </object_component>
      <object_component id="oc-ac">
         <name>.text.DL_DMA_setSrcAddr</name>
         <load_address>0x3040</load_address>
         <readonly>true</readonly>
         <executable>true</executable>
         <run_address>0x3040</run_address>
         <size>0x28</size>
         <alignment>0x4</alignment>
         <input_file_ref idref="fl-2"/>
      </object_component>
      <object_component id="oc-15a">
         <name>.text.DL_Timer_enableEvent</name>
         <load_address>0x3068</load_address>
         <readonly>true</readonly>
         <executable>true</executable>
         <run_address>0x3068</run_address>
         <size>0x28</size>
         <alignment>0x4</alignment>
         <input_file_ref idref="fl-3"/>
      </object_component>
      <object_component id="oc-64">
         <name>.text.__floatunsisf</name>
         <load_address>0x3090</load_address>
         <readonly>true</readonly>
         <executable>true</executable>
         <run_address>0x3090</run_address>
         <size>0x28</size>
         <alignment>0x4</alignment>
         <input_file_ref idref="fl-10b"/>
      </object_component>
      <object_component id="oc-56">
         <name>.text:_c_int00_noargs</name>
         <load_address>0x30b8</load_address>
         <readonly>true</readonly>
         <executable>true</executable>
         <run_address>0x30b8</run_address>
         <size>0x28</size>
         <alignment>0x4</alignment>
         <input_file_ref idref="fl-35"/>
      </object_component>
      <object_component id="oc-ae">
         <name>.text.DL_DMA_enableChannel</name>
         <load_address>0x30e0</load_address>
         <readonly>true</readonly>
         <executable>true</executable>
         <run_address>0x30e0</run_address>
         <size>0x26</size>
         <alignment>0x2</alignment>
         <input_file_ref idref="fl-2"/>
      </object_component>
      <object_component id="oc-e9">
         <name>.text.delay_ms</name>
         <load_address>0x3106</load_address>
         <readonly>true</readonly>
         <executable>true</executable>
         <run_address>0x3106</run_address>
         <size>0x22</size>
         <alignment>0x2</alignment>
         <input_file_ref idref="fl-1"/>
      </object_component>
      <object_component id="oc-34">
         <name>.text.ADC0_IRQHandler</name>
         <load_address>0x3128</load_address>
         <readonly>true</readonly>
         <executable>true</executable>
         <run_address>0x3128</run_address>
         <size>0x20</size>
         <alignment>0x4</alignment>
         <input_file_ref idref="fl-2"/>
      </object_component>
      <object_component id="oc-145">
         <name>.text.DL_GPIO_initPeripheralInputFunction</name>
         <load_address>0x3148</load_address>
         <readonly>true</readonly>
         <executable>true</executable>
         <run_address>0x3148</run_address>
         <size>0x20</size>
         <alignment>0x4</alignment>
         <input_file_ref idref="fl-3"/>
      </object_component>
      <object_component id="oc-174">
         <name>.text.DL_ADC12_setPowerDownMode</name>
         <load_address>0x3168</load_address>
         <readonly>true</readonly>
         <executable>true</executable>
         <run_address>0x3168</run_address>
         <size>0x1e</size>
         <alignment>0x2</alignment>
         <input_file_ref idref="fl-3"/>
      </object_component>
      <object_component id="oc-167">
         <name>.text.DL_UART_setOversampling</name>
         <load_address>0x3186</load_address>
         <readonly>true</readonly>
         <executable>true</executable>
         <run_address>0x3186</run_address>
         <size>0x1e</size>
         <alignment>0x2</alignment>
         <input_file_ref idref="fl-3"/>
      </object_component>
      <object_component id="oc-de">
         <name>.text.SYSCFG_DL_SYSCTL_init</name>
         <load_address>0x31a4</load_address>
         <readonly>true</readonly>
         <executable>true</executable>
         <run_address>0x31a4</run_address>
         <size>0x1e</size>
         <alignment>0x2</alignment>
         <input_file_ref idref="fl-3"/>
      </object_component>
      <object_component id="oc-17a">
         <name>.text.DL_ADC12_clearInterruptStatus</name>
         <load_address>0x31c4</load_address>
         <readonly>true</readonly>
         <executable>true</executable>
         <run_address>0x31c4</run_address>
         <size>0x1c</size>
         <alignment>0x4</alignment>
         <input_file_ref idref="fl-3"/>
      </object_component>
      <object_component id="oc-176">
         <name>.text.DL_ADC12_enableDMA</name>
         <load_address>0x31e0</load_address>
         <readonly>true</readonly>
         <executable>true</executable>
         <run_address>0x31e0</run_address>
         <size>0x1c</size>
         <alignment>0x4</alignment>
         <input_file_ref idref="fl-3"/>
      </object_component>
      <object_component id="oc-178">
         <name>.text.DL_ADC12_enableDMATrigger</name>
         <load_address>0x31fc</load_address>
         <readonly>true</readonly>
         <executable>true</executable>
         <run_address>0x31fc</run_address>
         <size>0x1c</size>
         <alignment>0x4</alignment>
         <input_file_ref idref="fl-3"/>
      </object_component>
      <object_component id="oc-17b">
         <name>.text.DL_ADC12_enableInterrupt</name>
         <load_address>0x3218</load_address>
         <readonly>true</readonly>
         <executable>true</executable>
         <run_address>0x3218</run_address>
         <size>0x1c</size>
         <alignment>0x4</alignment>
         <input_file_ref idref="fl-3"/>
      </object_component>
      <object_component id="oc-146">
         <name>.text.DL_GPIO_initPeripheralOutputFunction</name>
         <load_address>0x3234</load_address>
         <readonly>true</readonly>
         <executable>true</executable>
         <run_address>0x3234</run_address>
         <size>0x1c</size>
         <alignment>0x4</alignment>
         <input_file_ref idref="fl-3"/>
      </object_component>
      <object_component id="oc-14b">
         <name>.text.DL_SYSCTL_setSYSOSCFreq</name>
         <load_address>0x3250</load_address>
         <readonly>true</readonly>
         <executable>true</executable>
         <run_address>0x3250</run_address>
         <size>0x1c</size>
         <alignment>0x4</alignment>
         <input_file_ref idref="fl-3"/>
      </object_component>
      <object_component id="oc-155">
         <name>.text.DL_Timer_enableInterrupt</name>
         <load_address>0x326c</load_address>
         <readonly>true</readonly>
         <executable>true</executable>
         <run_address>0x326c</run_address>
         <size>0x1c</size>
         <alignment>0x4</alignment>
         <input_file_ref idref="fl-3"/>
      </object_component>
      <object_component id="oc-14e">
         <name>.text.DL_Timer_setClockConfig</name>
         <load_address>0x3288</load_address>
         <readonly>true</readonly>
         <executable>true</executable>
         <run_address>0x3288</run_address>
         <size>0x1c</size>
         <alignment>0x4</alignment>
         <input_file_ref idref="fl-16"/>
      </object_component>
      <object_component id="oc-b0">
         <name>.text.DL_Timer_setCoreHaltBehavior</name>
         <load_address>0x32a4</load_address>
         <readonly>true</readonly>
         <executable>true</executable>
         <run_address>0x32a4</run_address>
         <size>0x1c</size>
         <alignment>0x4</alignment>
         <input_file_ref idref="fl-2"/>
      </object_component>
      <object_component id="oc-179">
         <name>.text.DL_ADC12_setSubscriberChanID</name>
         <load_address>0x32c0</load_address>
         <readonly>true</readonly>
         <executable>true</executable>
         <run_address>0x32c0</run_address>
         <size>0x1a</size>
         <alignment>0x2</alignment>
         <input_file_ref idref="fl-3"/>
      </object_component>
      <object_component id="oc-144">
         <name>.text.DL_ADC12_enablePower</name>
         <load_address>0x32dc</load_address>
         <readonly>true</readonly>
         <executable>true</executable>
         <run_address>0x32dc</run_address>
         <size>0x18</size>
         <alignment>0x4</alignment>
         <input_file_ref idref="fl-3"/>
      </object_component>
      <object_component id="oc-140">
         <name>.text.DL_ADC12_reset</name>
         <load_address>0x32f4</load_address>
         <readonly>true</readonly>
         <executable>true</executable>
         <run_address>0x32f4</run_address>
         <size>0x18</size>
         <alignment>0x4</alignment>
         <input_file_ref idref="fl-3"/>
      </object_component>
      <object_component id="oc-175">
         <name>.text.DL_ADC12_setSampleTime0</name>
         <load_address>0x330c</load_address>
         <readonly>true</readonly>
         <executable>true</executable>
         <run_address>0x330c</run_address>
         <size>0x18</size>
         <alignment>0x4</alignment>
         <input_file_ref idref="fl-3"/>
      </object_component>
      <object_component id="oc-149">
         <name>.text.DL_GPIO_enableOutput</name>
         <load_address>0x3324</load_address>
         <readonly>true</readonly>
         <executable>true</executable>
         <run_address>0x3324</run_address>
         <size>0x18</size>
         <alignment>0x4</alignment>
         <input_file_ref idref="fl-3"/>
      </object_component>
      <object_component id="oc-141">
         <name>.text.DL_GPIO_enablePower</name>
         <load_address>0x333c</load_address>
         <readonly>true</readonly>
         <executable>true</executable>
         <run_address>0x333c</run_address>
         <size>0x18</size>
         <alignment>0x4</alignment>
         <input_file_ref idref="fl-3"/>
      </object_component>
      <object_component id="oc-147">
         <name>.text.DL_GPIO_initDigitalOutput</name>
         <load_address>0x3354</load_address>
         <readonly>true</readonly>
         <executable>true</executable>
         <run_address>0x3354</run_address>
         <size>0x18</size>
         <alignment>0x4</alignment>
         <input_file_ref idref="fl-3"/>
      </object_component>
      <object_component id="oc-13d">
         <name>.text.DL_GPIO_reset</name>
         <load_address>0x336c</load_address>
         <readonly>true</readonly>
         <executable>true</executable>
         <run_address>0x336c</run_address>
         <size>0x18</size>
         <alignment>0x4</alignment>
         <input_file_ref idref="fl-3"/>
      </object_component>
      <object_component id="oc-1d6">
         <name>.text.DL_GPIO_setPins</name>
         <load_address>0x3384</load_address>
         <readonly>true</readonly>
         <executable>true</executable>
         <run_address>0x3384</run_address>
         <size>0x18</size>
         <alignment>0x4</alignment>
         <input_file_ref idref="fl-1"/>
      </object_component>
      <object_component id="oc-14a">
         <name>.text.DL_SYSCTL_setBORThreshold</name>
         <load_address>0x339c</load_address>
         <readonly>true</readonly>
         <executable>true</executable>
         <run_address>0x339c</run_address>
         <size>0x18</size>
         <alignment>0x4</alignment>
         <input_file_ref idref="fl-3"/>
      </object_component>
      <object_component id="oc-63">
         <name>.text.DL_Timer_clearInterruptStatus</name>
         <load_address>0x33b4</load_address>
         <readonly>true</readonly>
         <executable>true</executable>
         <run_address>0x33b4</run_address>
         <size>0x18</size>
         <alignment>0x4</alignment>
         <input_file_ref idref="fl-2"/>
      </object_component>
      <object_component id="oc-142">
         <name>.text.DL_Timer_enablePower</name>
         <load_address>0x33cc</load_address>
         <readonly>true</readonly>
         <executable>true</executable>
         <run_address>0x33cc</run_address>
         <size>0x18</size>
         <alignment>0x4</alignment>
         <input_file_ref idref="fl-3"/>
      </object_component>
      <object_component id="oc-13e">
         <name>.text.DL_Timer_reset</name>
         <load_address>0x33e4</load_address>
         <readonly>true</readonly>
         <executable>true</executable>
         <run_address>0x33e4</run_address>
         <size>0x18</size>
         <alignment>0x4</alignment>
         <input_file_ref idref="fl-3"/>
      </object_component>
      <object_component id="oc-195">
         <name>.text.DL_Timer_setLoadValue</name>
         <load_address>0x33fc</load_address>
         <readonly>true</readonly>
         <executable>true</executable>
         <run_address>0x33fc</run_address>
         <size>0x18</size>
         <alignment>0x4</alignment>
         <input_file_ref idref="fl-2"/>
      </object_component>
      <object_component id="oc-75">
         <name>.text.DL_Timer_startCounter</name>
         <load_address>0x3414</load_address>
         <readonly>true</readonly>
         <executable>true</executable>
         <run_address>0x3414</run_address>
         <size>0x18</size>
         <alignment>0x4</alignment>
         <input_file_ref idref="fl-2"/>
      </object_component>
      <object_component id="oc-74">
         <name>.text.DL_Timer_stopCounter</name>
         <load_address>0x342c</load_address>
         <readonly>true</readonly>
         <executable>true</executable>
         <run_address>0x342c</run_address>
         <size>0x18</size>
         <alignment>0x4</alignment>
         <input_file_ref idref="fl-2"/>
      </object_component>
      <object_component id="oc-143">
         <name>.text.DL_UART_enablePower</name>
         <load_address>0x3444</load_address>
         <readonly>true</readonly>
         <executable>true</executable>
         <run_address>0x3444</run_address>
         <size>0x18</size>
         <alignment>0x4</alignment>
         <input_file_ref idref="fl-3"/>
      </object_component>
      <object_component id="oc-1bb">
         <name>.text.DL_UART_isBusy</name>
         <load_address>0x345c</load_address>
         <readonly>true</readonly>
         <executable>true</executable>
         <run_address>0x345c</run_address>
         <size>0x18</size>
         <alignment>0x4</alignment>
         <input_file_ref idref="fl-2"/>
      </object_component>
      <object_component id="oc-1b9">
         <name>.text.DL_UART_isTXFIFOEmpty</name>
         <load_address>0x3474</load_address>
         <readonly>true</readonly>
         <executable>true</executable>
         <run_address>0x3474</run_address>
         <size>0x18</size>
         <alignment>0x4</alignment>
         <input_file_ref idref="fl-2"/>
      </object_component>
      <object_component id="oc-13f">
         <name>.text.DL_UART_reset</name>
         <load_address>0x348c</load_address>
         <readonly>true</readonly>
         <executable>true</executable>
         <run_address>0x348c</run_address>
         <size>0x18</size>
         <alignment>0x4</alignment>
         <input_file_ref idref="fl-3"/>
      </object_component>
      <object_component id="oc-17c">
         <name>.text.DL_ADC12_enableConversions</name>
         <load_address>0x34a4</load_address>
         <readonly>true</readonly>
         <executable>true</executable>
         <run_address>0x34a4</run_address>
         <size>0x16</size>
         <alignment>0x2</alignment>
         <input_file_ref idref="fl-3"/>
      </object_component>
      <object_component id="oc-169">
         <name>.text.DL_UART_enable</name>
         <load_address>0x34ba</load_address>
         <readonly>true</readonly>
         <executable>true</executable>
         <run_address>0x34ba</run_address>
         <size>0x16</size>
         <alignment>0x2</alignment>
         <input_file_ref idref="fl-3"/>
      </object_component>
      <object_component id="oc-1ba">
         <name>.text.DL_UART_transmitData</name>
         <load_address>0x34d0</load_address>
         <readonly>true</readonly>
         <executable>true</executable>
         <run_address>0x34d0</run_address>
         <size>0x16</size>
         <alignment>0x2</alignment>
         <input_file_ref idref="fl-2"/>
      </object_component>
      <object_component id="oc-1d7">
         <name>.text.DL_GPIO_clearPins</name>
         <load_address>0x34e6</load_address>
         <readonly>true</readonly>
         <executable>true</executable>
         <run_address>0x34e6</run_address>
         <size>0x14</size>
         <alignment>0x2</alignment>
         <input_file_ref idref="fl-1"/>
      </object_component>
      <object_component id="oc-148">
         <name>.text.DL_GPIO_clearPins</name>
         <load_address>0x34fa</load_address>
         <readonly>true</readonly>
         <executable>true</executable>
         <run_address>0x34fa</run_address>
         <size>0x14</size>
         <alignment>0x2</alignment>
         <input_file_ref idref="fl-3"/>
      </object_component>
      <object_component id="oc-14d">
         <name>.text.DL_SYSCTL_disableSYSPLL</name>
         <load_address>0x3510</load_address>
         <readonly>true</readonly>
         <executable>true</executable>
         <run_address>0x3510</run_address>
         <size>0x14</size>
         <alignment>0x4</alignment>
         <input_file_ref idref="fl-3"/>
      </object_component>
      <object_component id="oc-156">
         <name>.text.DL_Timer_enableClock</name>
         <load_address>0x3524</load_address>
         <readonly>true</readonly>
         <executable>true</executable>
         <run_address>0x3524</run_address>
         <size>0x14</size>
         <alignment>0x4</alignment>
         <input_file_ref idref="fl-3"/>
      </object_component>
      <object_component id="oc-196">
         <name>.text.DL_Timer_getLoadValue</name>
         <load_address>0x3538</load_address>
         <readonly>true</readonly>
         <executable>true</executable>
         <run_address>0x3538</run_address>
         <size>0x14</size>
         <alignment>0x4</alignment>
         <input_file_ref idref="fl-2"/>
      </object_component>
      <object_component id="oc-5d">
         <name>.text.DL_ADC12_getPendingInterrupt</name>
         <load_address>0x354c</load_address>
         <readonly>true</readonly>
         <executable>true</executable>
         <run_address>0x354c</run_address>
         <size>0x12</size>
         <alignment>0x2</alignment>
         <input_file_ref idref="fl-2"/>
      </object_component>
      <object_component id="oc-61">
         <name>.text.DL_Timer_getPendingInterrupt</name>
         <load_address>0x355e</load_address>
         <readonly>true</readonly>
         <executable>true</executable>
         <run_address>0x355e</run_address>
         <size>0x12</size>
         <alignment>0x2</alignment>
         <input_file_ref idref="fl-2"/>
      </object_component>
      <object_component id="oc-160">
         <name>.text.DL_UART_setClockConfig</name>
         <load_address>0x3570</load_address>
         <readonly>true</readonly>
         <executable>true</executable>
         <run_address>0x3570</run_address>
         <size>0x12</size>
         <alignment>0x2</alignment>
         <input_file_ref idref="fl-17"/>
      </object_component>
      <object_component id="oc-97">
         <name>.text:TI_memcpy_small</name>
         <load_address>0x3582</load_address>
         <readonly>true</readonly>
         <executable>true</executable>
         <run_address>0x3582</run_address>
         <size>0x12</size>
         <alignment>0x1</alignment>
         <input_file_ref idref="fl-11b"/>
      </object_component>
      <object_component id="oc-20">
         <name>.text:decompress:none</name>
         <load_address>0x3594</load_address>
         <readonly>true</readonly>
         <executable>true</executable>
         <run_address>0x3594</run_address>
         <size>0x12</size>
         <alignment>0x2</alignment>
         <input_file_ref idref="fl-3b"/>
      </object_component>
      <object_component id="oc-14c">
         <name>.text.DL_SYSCTL_disableHFXT</name>
         <load_address>0x35a8</load_address>
         <readonly>true</readonly>
         <executable>true</executable>
         <run_address>0x35a8</run_address>
         <size>0x10</size>
         <alignment>0x4</alignment>
         <input_file_ref idref="fl-3"/>
      </object_component>
      <object_component id="oc-53">
         <name>.text:decompress:ZI</name>
         <load_address>0x35b8</load_address>
         <readonly>true</readonly>
         <executable>true</executable>
         <run_address>0x35b8</run_address>
         <size>0x10</size>
         <alignment>0x2</alignment>
         <input_file_ref idref="fl-3a"/>
      </object_component>
      <object_component id="oc-d6">
         <name>.text:TI_memset_small</name>
         <load_address>0x35c8</load_address>
         <readonly>true</readonly>
         <executable>true</executable>
         <run_address>0x35c8</run_address>
         <size>0xe</size>
         <alignment>0x1</alignment>
         <input_file_ref idref="fl-11c"/>
      </object_component>
      <object_component id="oc-7b">
         <name>.text.__aeabi_memclr</name>
         <load_address>0x35d8</load_address>
         <readonly>true</readonly>
         <executable>true</executable>
         <run_address>0x35d8</run_address>
         <size>0xc</size>
         <alignment>0x4</alignment>
         <input_file_ref idref="fl-112"/>
      </object_component>
      <object_component id="oc-b2">
         <name>.text.DL_Common_delayCycles</name>
         <load_address>0x35e4</load_address>
         <readonly>true</readonly>
         <executable>true</executable>
         <run_address>0x35e4</run_address>
         <size>0xa</size>
         <alignment>0x2</alignment>
         <input_file_ref idref="fl-14"/>
      </object_component>
      <object_component id="oc-1ee">
         <name>.text.OUTLINED_FUNCTION_0</name>
         <load_address>0x35ee</load_address>
         <readonly>true</readonly>
         <executable>true</executable>
         <run_address>0x35ee</run_address>
         <size>0xa</size>
         <alignment>0x2</alignment>
         <input_file_ref idref="fl-2e"/>
      </object_component>
      <object_component id="oc-258">
         <name>.tramp.__aeabi_dmul.1</name>
         <load_address>0x35f8</load_address>
         <readonly>true</readonly>
         <executable>true</executable>
         <run_address>0x35f8</run_address>
         <size>0x10</size>
         <alignment>0x4</alignment>
         <input_file_ref idref="fl-100"/>
      </object_component>
      <object_component id="oc-1f4">
         <name>.text.OUTLINED_FUNCTION_1</name>
         <load_address>0x3608</load_address>
         <readonly>true</readonly>
         <executable>true</executable>
         <run_address>0x3608</run_address>
         <size>0xa</size>
         <alignment>0x2</alignment>
         <input_file_ref idref="fl-2e"/>
      </object_component>
      <object_component id="oc-1ec">
         <name>.text.OUTLINED_FUNCTION_6</name>
         <load_address>0x3612</load_address>
         <readonly>true</readonly>
         <executable>true</executable>
         <run_address>0x3612</run_address>
         <size>0xa</size>
         <alignment>0x2</alignment>
         <input_file_ref idref="fl-2e"/>
      </object_component>
      <object_component id="oc-1f2">
         <name>.text.OUTLINED_FUNCTION_2</name>
         <load_address>0x361c</load_address>
         <readonly>true</readonly>
         <executable>true</executable>
         <run_address>0x361c</run_address>
         <size>0x8</size>
         <alignment>0x2</alignment>
         <input_file_ref idref="fl-2e"/>
      </object_component>
      <object_component id="oc-259">
         <name>.tramp.__aeabi_dsub.1</name>
         <load_address>0x3624</load_address>
         <readonly>true</readonly>
         <executable>true</executable>
         <run_address>0x3624</run_address>
         <size>0x10</size>
         <alignment>0x4</alignment>
         <input_file_ref idref="fl-ff"/>
      </object_component>
      <object_component id="oc-e4">
         <name>.text.SYSCFG_DL_DMA_init</name>
         <load_address>0x3634</load_address>
         <readonly>true</readonly>
         <executable>true</executable>
         <run_address>0x3634</run_address>
         <size>0x8</size>
         <alignment>0x2</alignment>
         <input_file_ref idref="fl-3"/>
      </object_component>
      <object_component id="oc-1e6">
         <name>.text.__aeabi_errno_addr</name>
         <load_address>0x363c</load_address>
         <readonly>true</readonly>
         <executable>true</executable>
         <run_address>0x363c</run_address>
         <size>0x8</size>
         <alignment>0x4</alignment>
         <input_file_ref idref="fl-31"/>
      </object_component>
      <object_component id="oc-46">
         <name>.text.__aeabi_memcpy</name>
         <load_address>0x3644</load_address>
         <readonly>true</readonly>
         <executable>true</executable>
         <run_address>0x3644</run_address>
         <size>0x8</size>
         <alignment>0x4</alignment>
         <input_file_ref idref="fl-111"/>
      </object_component>
      <object_component id="oc-1ef">
         <name>.text.OUTLINED_FUNCTION_3</name>
         <load_address>0x364c</load_address>
         <readonly>true</readonly>
         <executable>true</executable>
         <run_address>0x364c</run_address>
         <size>0x6</size>
         <alignment>0x2</alignment>
         <input_file_ref idref="fl-2e"/>
      </object_component>
      <object_component id="oc-25a">
         <name>.tramp.__aeabi_dadd.1</name>
         <load_address>0x3654</load_address>
         <readonly>true</readonly>
         <executable>true</executable>
         <run_address>0x3654</run_address>
         <size>0x10</size>
         <alignment>0x4</alignment>
         <input_file_ref idref="fl-ff"/>
      </object_component>
      <object_component id="oc-1ed">
         <name>.text.OUTLINED_FUNCTION_4</name>
         <load_address>0x3664</load_address>
         <readonly>true</readonly>
         <executable>true</executable>
         <run_address>0x3664</run_address>
         <size>0x6</size>
         <alignment>0x2</alignment>
         <input_file_ref idref="fl-2e"/>
      </object_component>
      <object_component id="oc-1f9">
         <name>.text.OUTLINED_FUNCTION_5</name>
         <load_address>0x366a</load_address>
         <readonly>true</readonly>
         <executable>true</executable>
         <run_address>0x366a</run_address>
         <size>0x6</size>
         <alignment>0x2</alignment>
[...]
      </symbol>
      <symbol id="sm-1e0">
         <name>GROUP1_IRQHandler</name>
         <value>0x3677</value>
         <object_component_ref idref="oc-33"/>
      </symbol>
      <symbol id="sm-1e1">
         <name>TIMG8_IRQHandler</name>
         <value>0x3677</value>
         <object_component_ref idref="oc-33"/>
      </symbol>
      <symbol id="sm-1e2">
         <name>UART3_IRQHandler</name>
         <value>0x3677</value>
         <object_component_ref idref="oc-33"/>
      </symbol>
      <symbol id="sm-1e3">
         <name>ADC1_IRQHandler</name>
         <value>0x3677</value>
         <object_component_ref idref="oc-33"/>
      </symbol>
      <symbol id="sm-1e4">
         <name>CANFD0_IRQHandler</name>
         <value>0x3677</value>
         <object_component_ref idref="oc-33"/>
      </symbol>
      <symbol id="sm-1e5">
         <name>DAC0_IRQHandler</name>
         <value>0x3677</value>
         <object_component_ref idref="oc-33"/>
      </symbol>
      <symbol id="sm-1e6">
         <name>SPI0_IRQHandler</name>
         <value>0x3677</value>
         <object_component_ref idref="oc-33"/>
      </symbol>
      <symbol id="sm-1e7">
         <name>SPI1_IRQHandler</name>
         <value>0x3677</value>
         <object_component_ref idref="oc-33"/>
      </symbol>
      <symbol id="sm-1e8">
         <name>UART1_IRQHandler</name>
         <value>0x3677</value>
         <object_component_ref idref="oc-33"/>
      </symbol>
      <symbol id="sm-1e9">
         <name>UART2_IRQHandler</name>
         <value>0x3677</value>
         <object_component_ref idref="oc-33"/>
      </symbol>
      <symbol id="sm-1ea">
         <name>UART0_IRQHandler</name>
         <value>0x3677</value>
         <object_component_ref idref="oc-33"/>
      </symbol>
      <symbol id="sm-1eb">
         <name>TIMG6_IRQHandler</name>
         <value>0x3677</value>
         <object_component_ref idref="oc-33"/>
      </symbol>
      <symbol id="sm-1ec">
         <name>TIMA0_IRQHandler</name>
         <value>0x3677</value>
         <object_component_ref idref="oc-33"/>
      </symbol>
      <symbol id="sm-1ed">
         <name>TIMG7_IRQHandler</name>
         <value>0x3677</value>
         <object_component_ref idref="oc-33"/>
      </symbol>
      <symbol id="sm-1ee">
         <name>TIMG12_IRQHandler</name>
         <value>0x3677</value>
         <object_component_ref idref="oc-33"/>
      </symbol>
      <symbol id="sm-1ef">
         <name>I2C0_IRQHandler</name>
         <value>0x3677</value>
         <object_component_ref idref="oc-33"/>
      </symbol>
      <symbol id="sm-1f0">
         <name>I2C1_IRQHandler</name>
         <value>0x3677</value>
         <object_component_ref idref="oc-33"/>
      </symbol>
      <symbol id="sm-1f1">
         <name>AES_IRQHandler</name>
         <value>0x3677</value>
         <object_component_ref idref="oc-33"/>
      </symbol>
      <symbol id="sm-1f2">
         <name>RTC_IRQHandler</name>
         <value>0x3677</value>
         <object_component_ref idref="oc-33"/>
      </symbol>
      <symbol id="sm-1f3">
         <name>DMA_IRQHandler</name>
         <value>0x3677</value>
         <object_component_ref idref="oc-33"/>
      </symbol>
      <symbol id="sm-1f4">
         <name>__TI_ATRegion0_src_addr</name>
         <value>0x0</value>
      </symbol>
      <symbol id="sm-1f5">
         <name>__TI_ATRegion0_trg_addr</name>
         <value>0x0</value>
      </symbol>
      <symbol id="sm-1f6">
         <name>__TI_ATRegion0_region_sz</name>
         <value>0x0</value>
      </symbol>
      <symbol id="sm-1f7">
         <name>__TI_ATRegion1_src_addr</name>
         <value>0x0</value>
      </symbol>
      <symbol id="sm-1f8">
         <name>__TI_ATRegion1_trg_addr</name>
         <value>0x0</value>
      </symbol>
      <symbol id="sm-1f9">
         <name>__TI_ATRegion1_region_sz</name>
         <value>0x0</value>
      </symbol>
      <symbol id="sm-1fa">
         <name>__TI_ATRegion2_src_addr</name>
         <value>0x0</value>
      </symbol>
      <symbol id="sm-1fb">
         <name>__TI_ATRegion2_trg_addr</name>
         <value>0x0</value>
      </symbol>
      <symbol id="sm-1fc">
         <name>__TI_ATRegion2_region_sz</name>
         <value>0x0</value>
      </symbol>
      <symbol id="sm-207">
         <name>DL_ADC12_setClockConfig</name>
         <value>0x2a95</value>
         <object_component_ref idref="oc-16c"/>
      </symbol>
      <symbol id="sm-210">
         <name>DL_Common_delayCycles</name>
         <value>0x35e5</value>
         <object_component_ref idref="oc-b2"/>
      </symbol>
      <symbol id="sm-21a">
         <name>DL_DMA_initChannel</name>
         <value>0x2801</value>
         <object_component_ref idref="oc-1d1"/>
      </symbol>
      <symbol id="sm-22f">
         <name>DL_Timer_setClockConfig</name>
         <value>0x3289</value>
         <object_component_ref idref="oc-14e"/>
      </symbol>
      <symbol id="sm-230">
         <name>DL_Timer_initTimerMode</name>
         <value>0x18e1</value>
         <object_component_ref idref="oc-159"/>
      </symbol>
      <symbol id="sm-231">
         <name>DL_Timer_initCaptureCombinedMode</name>
         <value>0x1aad</value>
         <object_component_ref idref="oc-154"/>
      </symbol>
      <symbol id="sm-23e">
         <name>DL_UART_init</name>
         <value>0x297d</value>
         <object_component_ref idref="oc-166"/>
      </symbol>
      <symbol id="sm-23f">
         <name>DL_UART_setClockConfig</name>
         <value>0x3571</value>
         <object_component_ref idref="oc-160"/>
      </symbol>
      <symbol id="sm-273">
         <name>pow</name>
         <value>0xc1</value>
         <object_component_ref idref="oc-1a6"/>
      </symbol>
      <symbol id="sm-274">
         <name>powl</name>
         <value>0xc1</value>
         <object_component_ref idref="oc-1a6"/>
      </symbol>
      <symbol id="sm-27e">
         <name>sqrt</name>
         <value>0x1235</value>
         <object_component_ref idref="oc-1fa"/>
      </symbol>
      <symbol id="sm-27f">
         <name>sqrtl</name>
         <value>0x1235</value>
         <object_component_ref idref="oc-1fa"/>
      </symbol>
      <symbol id="sm-289">
         <name>scalbn</name>
         <value>0x1b8d</value>
         <object_component_ref idref="oc-1f5"/>
      </symbol>
      <symbol id="sm-28a">
         <name>ldexp</name>
         <value>0x1b8d</value>
         <object_component_ref idref="oc-1f5"/>
      </symbol>
      <symbol id="sm-28b">
         <name>scalbnl</name>
         <value>0x1b8d</value>
         <object_component_ref idref="oc-1f5"/>
      </symbol>
      <symbol id="sm-28c">
         <name>ldexpl</name>
         <value>0x1b8d</value>
         <object_component_ref idref="oc-1f5"/>
      </symbol>
      <symbol id="sm-297">
         <name>__aeabi_errno_addr</name>
         <value>0x363d</value>
         <object_component_ref idref="oc-1e6"/>
      </symbol>
      <symbol id="sm-298">
         <name>__aeabi_errno</name>
         <value>0x20200990</value>
         <object_component_ref idref="oc-209"/>
      </symbol>
      <symbol id="sm-2a6">
         <name>_c_int00_noargs</name>
         <value>0x30b9</value>
         <object_component_ref idref="oc-56"/>
      </symbol>
      <symbol id="sm-2a7">
         <name>__stack</name>
         <value>0x20207e00</value>
         <object_component_ref idref="oc-1a"/>
      </symbol>
      <symbol id="sm-2b3">
         <name>__TI_auto_init_nobinit_nopinit</name>
         <value>0x2c85</value>
         <object_component_ref idref="oc-c2"/>
      </symbol>
      <symbol id="sm-2bb">
         <name>_system_pre_init</name>
         <value>0x3693</value>
         <object_component_ref idref="oc-80"/>
      </symbol>
      <symbol id="sm-2c6">
         <name>__TI_zero_init</name>
         <value>0x35b9</value>
         <object_component_ref idref="oc-53"/>
      </symbol>
      <symbol id="sm-2cf">
         <name>__TI_decompress_none</name>
         <value>0x3595</value>
         <object_component_ref idref="oc-20"/>
      </symbol>
      <symbol id="sm-2da">
         <name>__TI_decompress_lzss</name>
         <value>0x2191</value>
         <object_component_ref idref="oc-1c"/>
      </symbol>
      <symbol id="sm-2e9">
         <name>abort</name>
         <value>0x3671</value>
         <object_component_ref idref="oc-bb"/>
      </symbol>
      <symbol id="sm-2fc">
         <name>HOSTexit</name>
         <value>0x367b</value>
         <object_component_ref idref="oc-12c"/>
      </symbol>
      <symbol id="sm-2fd">
         <name>C$$EXIT</name>
         <value>0x367a</value>
         <object_component_ref idref="oc-12c"/>
      </symbol>
      <symbol id="sm-312">
         <name>__aeabi_fadd</name>
         <value>0x1c6f</value>
         <object_component_ref idref="oc-107"/>
      </symbol>
      <symbol id="sm-313">
         <name>__addsf3</name>
         <value>0x1c6f</value>
         <object_component_ref idref="oc-107"/>
      </symbol>
      <symbol id="sm-314">
         <name>__aeabi_fsub</name>
         <value>0x1c65</value>
         <object_component_ref idref="oc-107"/>
      </symbol>
      <symbol id="sm-315">
         <name>__subsf3</name>
         <value>0x1c65</value>
         <object_component_ref idref="oc-107"/>
      </symbol>
      <symbol id="sm-31b">
         <name>__aeabi_dadd</name>
         <value>0x10ab</value>
         <object_component_ref idref="oc-199"/>
      </symbol>
      <symbol id="sm-31c">
         <name>__adddf3</name>
         <value>0x10ab</value>
         <object_component_ref idref="oc-199"/>
      </symbol>
      <symbol id="sm-31d">
         <name>__aeabi_dsub</name>
         <value>0x10a1</value>
         <object_component_ref idref="oc-199"/>
      </symbol>
      <symbol id="sm-31e">
         <name>__subdf3</name>
         <value>0x10a1</value>
         <object_component_ref idref="oc-199"/>
      </symbol>
      <symbol id="sm-32a">
         <name>__aeabi_dmul</name>
         <value>0x19c9</value>
         <object_component_ref idref="oc-6c"/>
      </symbol>
      <symbol id="sm-32b">
         <name>__muldf3</name>
         <value>0x19c9</value>
         <object_component_ref idref="oc-6c"/>
      </symbol>
      <symbol id="sm-334">
         <name>__muldsi3</name>
         <value>0x2cfd</value>
         <object_component_ref idref="oc-91"/>
      </symbol>
      <symbol id="sm-33a">
         <name>__aeabi_fmul</name>
         <value>0x1efd</value>
         <object_component_ref idref="oc-f8"/>
      </symbol>
      <symbol id="sm-33b">
         <name>__mulsf3</name>
         <value>0x1efd</value>
         <object_component_ref idref="oc-f8"/>
      </symbol>
      <symbol id="sm-341">
         <name>__aeabi_fdiv</name>
         <value>0x2091</value>
         <object_component_ref idref="oc-103"/>
      </symbol>
      <symbol id="sm-342">
         <name>__divsf3</name>
         <value>0x2091</value>
         <object_component_ref idref="oc-103"/>
      </symbol>
      <symbol id="sm-348">
         <name>__aeabi_ddiv</name>
         <value>0x15e5</value>
         <object_component_ref idref="oc-11b"/>
      </symbol>
      <symbol id="sm-349">
         <name>__divdf3</name>
         <value>0x15e5</value>
         <object_component_ref idref="oc-11b"/>
      </symbol>
      <symbol id="sm-34f">
         <name>__aeabi_f2d</name>
         <value>0x2b15</value>
         <object_component_ref idref="oc-68"/>
      </symbol>
      <symbol id="sm-350">
         <name>__extendsfdf2</name>
         <value>0x2b15</value>
         <object_component_ref idref="oc-68"/>
      </symbol>
      <symbol id="sm-356">
         <name>__aeabi_d2iz</name>
         <value>0x2931</value>
         <object_component_ref idref="oc-191"/>
      </symbol>
      <symbol id="sm-357">
         <name>__fixdfsi</name>
         <value>0x2931</value>
         <object_component_ref idref="oc-191"/>
      </symbol>
      <symbol id="sm-35d">
         <name>__aeabi_f2iz</name>
         <value>0x2de1</value>
         <object_component_ref idref="oc-111"/>
      </symbol>
      <symbol id="sm-35e">
         <name>__fixsfsi</name>
         <value>0x2de1</value>
         <object_component_ref idref="oc-111"/>
      </symbol>
      <symbol id="sm-364">
         <name>__aeabi_f2uiz</name>
         <value>0x2e4d</value>
         <object_component_ref idref="oc-fc"/>
      </symbol>
      <symbol id="sm-365">
         <name>__fixunssfsi</name>
         <value>0x2e4d</value>
         <object_component_ref idref="oc-fc"/>
      </symbol>
      <symbol id="sm-36b">
         <name>__aeabi_i2d</name>
         <value>0x2fc5</value>
         <object_component_ref idref="oc-18d"/>
      </symbol>
      <symbol id="sm-36c">
         <name>__floatsidf</name>
         <value>0x2fc5</value>
         <object_component_ref idref="oc-18d"/>
      </symbol>
      <symbol id="sm-372">
         <name>__aeabi_i2f</name>
         <value>0x2c0d</value>
         <object_component_ref idref="oc-f4"/>
      </symbol>
      <symbol id="sm-373">
         <name>__floatsisf</name>
         <value>0x2c0d</value>
         <object_component_ref idref="oc-f4"/>
      </symbol>
      <symbol id="sm-379">
         <name>__aeabi_ui2f</name>
         <value>0x3091</value>
         <object_component_ref idref="oc-64"/>
      </symbol>
      <symbol id="sm-37a">
         <name>__floatunsisf</name>
         <value>0x3091</value>
         <object_component_ref idref="oc-64"/>
      </symbol>
      <symbol id="sm-381">
         <name>__aeabi_d2f</name>
         <value>0x2281</value>
         <object_component_ref idref="oc-70"/>
      </symbol>
      <symbol id="sm-382">
         <name>__truncdfsf2</name>
         <value>0x2281</value>
         <object_component_ref idref="oc-70"/>
      </symbol>
      <symbol id="sm-388">
         <name>__aeabi_dcmpeq</name>
         <value>0x25f1</value>
         <object_component_ref idref="oc-117"/>
      </symbol>
      <symbol id="sm-389">
         <name>__aeabi_dcmplt</name>
         <value>0x2605</value>
         <object_component_ref idref="oc-117"/>
      </symbol>
      <symbol id="sm-38a">
         <name>__aeabi_dcmple</name>
         <value>0x2619</value>
         <object_component_ref idref="oc-117"/>
      </symbol>
      <symbol id="sm-38b">
         <name>__aeabi_dcmpge</name>
         <value>0x262d</value>
         <object_component_ref idref="oc-117"/>
      </symbol>
      <symbol id="sm-38c">
         <name>__aeabi_dcmpgt</name>
         <value>0x2641</value>
         <object_component_ref idref="oc-117"/>
      </symbol>
      <symbol id="sm-392">
         <name>__aeabi_fcmpeq</name>
         <value>0x2655</value>
         <object_component_ref idref="oc-f0"/>
      </symbol>
      <symbol id="sm-393">
         <name>__aeabi_fcmplt</name>
         <value>0x2669</value>
         <object_component_ref idref="oc-f0"/>
      </symbol>
      <symbol id="sm-394">
         <name>__aeabi_fcmple</name>
         <value>0x267d</value>
         <object_component_ref idref="oc-f0"/>
      </symbol>
      <symbol id="sm-395">
         <name>__aeabi_fcmpge</name>
         <value>0x2691</value>
         <object_component_ref idref="oc-f0"/>
      </symbol>
      <symbol id="sm-396">
         <name>__aeabi_fcmpgt</name>
         <value>0x26a5</value>
         <object_component_ref idref="oc-f0"/>
      </symbol>
      <symbol id="sm-39c">
         <name>__aeabi_idiv</name>
         <value>0x2711</value>
         <object_component_ref idref="oc-1ac"/>
      </symbol>
      <symbol id="sm-39d">
         <name>__aeabi_idivmod</name>
         <value>0x2711</value>
         <object_component_ref idref="oc-1ac"/>
      </symbol>
      <symbol id="sm-3a3">
         <name>__aeabi_memcpy</name>
         <value>0x3645</value>
         <object_component_ref idref="oc-46"/>
      </symbol>
      <symbol id="sm-3a4">
         <name>__aeabi_memcpy4</name>
         <value>0x3645</value>
         <object_component_ref idref="oc-46"/>
      </symbol>
      <symbol id="sm-3a5">
         <name>__aeabi_memcpy8</name>
         <value>0x3645</value>
         <object_component_ref idref="oc-46"/>
      </symbol>
      <symbol id="sm-3ac">
         <name>__aeabi_memclr</name>
         <value>0x35d9</value>
         <object_component_ref idref="oc-7b"/>
      </symbol>
      <symbol id="sm-3ad">
         <name>__aeabi_memclr4</name>
         <value>0x35d9</value>
         <object_component_ref idref="oc-7b"/>
      </symbol>
      <symbol id="sm-3ae">
         <name>__aeabi_memclr8</name>
         <value>0x35d9</value>
         <object_component_ref idref="oc-7b"/>
      </symbol>
      <symbol id="sm-3b4">
         <name>__aeabi_uidiv</name>
         <value>0x2ad5</value>
         <object_component_ref idref="oc-1a2"/>
      </symbol>
      <symbol id="sm-3b5">
         <name>__aeabi_uidivmod</name>
         <value>0x2ad5</value>
         <object_component_ref idref="oc-1a2"/>
      </symbol>
      <symbol id="sm-3be">
         <name>__eqsf2</name>
         <value>0x2cc1</value>
         <object_component_ref idref="oc-183"/>
      </symbol>
      <symbol id="sm-3bf">
         <name>__lesf2</name>
         <value>0x2cc1</value>
         <object_component_ref idref="oc-183"/>
      </symbol>
      <symbol id="sm-3c0">
         <name>__ltsf2</name>
         <value>0x2cc1</value>
         <object_component_ref idref="oc-183"/>
      </symbol>
      <symbol id="sm-3c1">
         <name>__nesf2</name>
         <value>0x2cc1</value>
         <object_component_ref idref="oc-183"/>
      </symbol>
      <symbol id="sm-3c2">
         <name>__cmpsf2</name>
         <value>0x2cc1</value>
         <object_component_ref idref="oc-183"/>
      </symbol>
      <symbol id="sm-3c3">
         <name>__gtsf2</name>
         <value>0x2c49</value>
         <object_component_ref idref="oc-188"/>
      </symbol>
      <symbol id="sm-3c4">
         <name>__gesf2</name>
         <value>0x2c49</value>
         <object_component_ref idref="oc-188"/>
      </symbol>
      <symbol id="sm-3d2">
         <name>__ledf2</name>
         <value>0x2589</value>
         <object_component_ref idref="oc-1b0"/>
      </symbol>
      <symbol id="sm-3d3">
         <name>__gedf2</name>
         <value>0x220d</value>
         <object_component_ref idref="oc-1b6"/>
      </symbol>
      <symbol id="sm-3d4">
         <name>__cmpdf2</name>
         <value>0x2589</value>
         <object_component_ref idref="oc-1b0"/>
      </symbol>
      <symbol id="sm-3d5">
         <name>__eqdf2</name>
         <value>0x2589</value>
         <object_component_ref idref="oc-1b0"/>
      </symbol>
      <symbol id="sm-3d6">
         <name>__ltdf2</name>
         <value>0x2589</value>
         <object_component_ref idref="oc-1b0"/>
      </symbol>
      <symbol id="sm-3d7">
         <name>__nedf2</name>
         <value>0x2589</value>
         <object_component_ref idref="oc-1b0"/>
      </symbol>
      <symbol id="sm-3d8">
         <name>__gtdf2</name>
         <value>0x220d</value>
         <object_component_ref idref="oc-1b6"/>
      </symbol>
      <symbol id="sm-3e2">
         <name>__aeabi_idiv0</name>
         <value>0x1233</value>
         <object_component_ref idref="oc-1df"/>
      </symbol>
      <symbol id="sm-3ec">
         <name>TI_memcpy_small</name>
         <value>0x3583</value>
         <object_component_ref idref="oc-97"/>
      </symbol>
      <symbol id="sm-3f5">
         <name>TI_memset_small</name>
         <value>0x35c9</value>
         <object_component_ref idref="oc-d6"/>
      </symbol>
      <symbol id="sm-3f6">
         <name>__TI_static_base__</name>
         <value>0x0</value>
      </symbol>
      <symbol id="sm-3fa">
         <name>__mpu_init</name>
         <value>0x0</value>
      </symbol>
      <symbol id="sm-3fb">
         <name>_system_post_cinit</name>
         <value>0x0</value>
      </symbol>
   </symbol_table>
   <title>Link successful</title>
</link_info>
