******************************************************************************
            TI ARM Clang Linker PC v4.0.2                      
******************************************************************************
>> Linked Sat May  3 12:18:44 2025

OUTPUT FILE NAME:   <HIGHPREQ.out>
ENTRY POINT SYMBOL: "_c_int00_noargs"  address: 000035b1


MEMORY CONFIGURATION

         name            origin    length      used     unused   attr    fill
----------------------  --------  ---------  --------  --------  ----  --------
  FLASH                 00000000   00020000  00007200  00018e00  R  X
  SRAM                  20200000   00008000  00003ba8  00004458  RW X
  BCR_CONFIG            41c00000   000000ff  00000000  000000ff  R   
  BSL_CONFIG            41c00100   00000080  00000000  00000080  R   


SEGMENT ALLOCATION MAP

run origin  load origin   length   init length attrs members
----------  ----------- ---------- ----------- ----- -------
00000000    00000000    00007200   00007200    r-x
  00000000    00000000    000000c0   000000c0    r-- .intvecs
  000000c0    000000c0    00003a10   00003a10    r-x .text
  00003ad0    00003ad0    000036f8   000036f8    r-- .rodata
  000071c8    000071c8    00000038   00000038    r-- .cinit
20200000    20200000    000039a9   00000000    rw-
  20200000    20200000    0000397f   00000000    rw- .bss
  20203980    20203980    00000029   00000000    rw- .data
20207e00    20207e00    00000200   00000000    rw-
  20207e00    20207e00    00000200   00000000    rw- .stack


SECTION ALLOCATION MAP

 output                                  attributes/
section   page    origin      length       input sections
--------  ----  ----------  ----------   ----------------
.intvecs   0    00000000    000000c0     
                  00000000    000000c0     startup_mspm0g350x_ticlang.o (.intvecs)

.text      0    000000c0    00003a10     
                  000000c0    000008cc     arm_cortexM0l_math.a : arm_cfft_radix8_f32.o (.text.arm_radix8_butterfly_f32)
                  0000098c    0000076e                          : arm_cfft_f32.o (.text.arm_cfft_radix8by4_f32)
                  000010fa    000002b0                          : arm_cfft_f32.o (.text.arm_cfft_radix8by2_f32)
                  000013aa    00000002     libclang_rt.builtins.a : aeabi_div0.c.obj (.text.__aeabi_idiv0)
                  000013ac    000001d4     timx_timer_mode_capture_duty_and_period.o (.text.findV)
                  00001580    000001c0     arm_cortexM0l_math.a : arm_cfft_f32.o (.text.arm_cfft_f32)
                  00001740    00000192     libclang_rt.builtins.a : adddf3.S.obj (.text.adddf3_subdf3)
                  000018d2    00000168     arm_cortexM0l_math.a : arm_cmplx_mag_f32.o (.text.arm_cmplx_mag_f32)
                  00001a3a    00000002     --HOLE-- [fill = 0]
                  00001a3c    0000015c     timx_timer_mode_capture_duty_and_period.o (.text.main)
                  00001b98    0000013c     timx_timer_mode_capture_duty_and_period.o (.text.findbase)
                  00001cd4    00000128     timx_timer_mode_capture_duty_and_period.o (.text.switchwave)
                  00001dfc    00000118     oled.o (.text.OLED_ShowChar)
                  00001f14    00000112     arm_cortexM0l_math.a : arm_bitreversal2.o (.text.arm_bitreversal_32)
                  00002026    00000002     --HOLE-- [fill = 0]
                  00002028    0000010c     libclang_rt.builtins.a : divdf3.S.obj (.text.__divdf3)
                  00002134    000000fa     oled.o (.text.OLED_Init)
                  0000222e    00000002     --HOLE-- [fill = 0]
                  00002230    000000e8     driverlib.a : dl_timer.o (.text.DL_Timer_initTimerMode)
                  00002318    000000e4     libclang_rt.builtins.a : muldf3.S.obj (.text.__muldf3)
                  000023fc    000000e0     driverlib.a : dl_timer.o (.text.DL_Timer_initCaptureCombinedMode)
                  000024dc    000000d8     libclang_rt.builtins.a : addsf3.S.obj (.text)
                  000025b4    000000a0     libc.a : e_sqrtf.c.obj (.text.sqrtf)
                  00002654    00000090     ti_msp_dl_config.o (.text.SYSCFG_DL_ADC12_0_init)
                  000026e4    0000008c     ti_msp_dl_config.o (.text.SYSCFG_DL_initPower)
                  00002770    0000008c     libclang_rt.builtins.a : mulsf3.S.obj (.text.__mulsf3)
                  000027fc    00000084     timx_timer_mode_capture_duty_and_period.o (.text.__NVIC_SetPriority)
                  00002880    00000082     libclang_rt.builtins.a : divsf3.S.obj (.text.__divsf3)
                  00002902    00000002     --HOLE-- [fill = 0]
                  00002904    0000007c     oled.o (.text.Send_Byte)
                  00002980    0000007c     libc.a : copy_decompress_lzss.c.obj (.text:decompress:lzss)
                  000029fc    00000004     startup_mspm0g350x_ticlang.o (.text.Default_Handler)
                  00002a00    00000074     libclang_rt.builtins.a : truncdfsf2.S.obj (.text.__truncdfsf2)
                  00002a74    00000070     oled.o (.text.OLED_ShowString)
                  00002ae4    00000070     timx_timer_mode_capture_duty_and_period.o (.text.StartAdc)
                  00002b54    0000006a     oled.o (.text.OLED_Clear)
                  00002bbe    00000002     --HOLE-- [fill = 0]
                  00002bc0    00000062     libclang_rt.builtins.a : aeabi_fcmp.S.obj (.text.__aeabi_fcmp)
                  00002c22    00000060     arm_cortexM0l_math.a : arm_max_f32.o (.text.arm_max_f32)
                  00002c82    0000004e     oled.o (.text.OLED_WR_Byte)
                  00002cd0    0000004c     ti_msp_dl_config.o (.text.DL_ADC12_initSingleSample)
                  00002d1c    0000004c     driverlib.a : dl_dma.o (.text.DL_DMA_initChannel)
                  00002d68    0000004c     ti_msp_dl_config.o (.text.DL_UART_setBaudRateDivisor)
                  00002db4    0000004c     ti_msp_dl_config.o (.text.SYSCFG_DL_TIMER_0_init)
                  00002e00    0000004c     timx_timer_mode_capture_duty_and_period.o (.text.TIMA1_IRQHandler)
                  00002e4c    0000004a     ti_msp_dl_config.o (.text.DL_ADC12_configConversionMem)
                  00002e96    00000002     --HOLE-- [fill = 0]
                  00002e98    0000004a     libclang_rt.builtins.a : fixdfsi.S.obj (.text.__fixdfsi)
                  00002ee2    00000002     --HOLE-- [fill = 0]
                  00002ee4    00000048     driverlib.a : dl_uart.o (.text.DL_UART_init)
                  00002f2c    00000048     ti_msp_dl_config.o (.text.SYSCFG_DL_GPIO_init)
                  00002f74    00000044     ti_msp_dl_config.o (.text.SYSCFG_DL_TIMER_1_init)
                  00002fb8    00000044     ti_msp_dl_config.o (.text.SYSCFG_DL_UART_0_init)
                  00002ffc    00000040     driverlib.a : dl_adc12.o (.text.DL_ADC12_setClockConfig)
                  0000303c    00000040     libclang_rt.builtins.a : aeabi_uidivmod.S.obj (.text.__aeabi_uidivmod)
                  0000307c    00000040                            : extendsfdf2.S.obj (.text.__extendsfdf2)
                  000030bc    0000003c     oled.o (.text.OLED_Set_Pos)
                  000030f8    0000003c     ti_msp_dl_config.o (.text.SYSCFG_DL_init)
                  00003134    0000003c     libclang_rt.builtins.a : floatsisf.S.obj (.text.__floatsisf)
                  00003170    0000003c                            : comparesf2.S.obj (.text.__gtsf2)
                  000031ac    0000003c     libc.a : autoinit.c.obj (.text:__TI_auto_init_nobinit_nopinit)
                  000031e8    0000003a     libclang_rt.builtins.a : comparesf2.S.obj (.text.__eqsf2)
                  00003222    00000002     --HOLE-- [fill = 0]
                  00003224    0000003a                            : muldsi3.S.obj (.text.__muldsi3)
                  0000325e    00000002     --HOLE-- [fill = 0]
                  00003260    00000038     ti_msp_dl_config.o (.text.DL_Timer_setPublisherChanID)
                  00003298    00000038     oled.o (.text.I2C_Start)
                  000032d0    00000038     timx_timer_mode_capture_duty_and_period.o (.text.TIMG0_IRQHandler)
                  00003308    00000038     libclang_rt.builtins.a : fixsfsi.S.obj (.text.__fixsfsi)
                  00003340    00000034     ti_msp_dl_config.o (.text.SYSCFG_DL_CAPTURE_0_init)
                  00003374    00000032     libclang_rt.builtins.a : fixunssfsi.S.obj (.text.__fixunssfsi)
                  000033a6    00000002     --HOLE-- [fill = 0]
                  000033a8    00000030     ti_msp_dl_config.o (.text.DL_DMA_setTransferSize)
                  000033d8    00000030     oled.o (.text.I2C_Stop)
                  00003408    00000030     oled.o (.text.I2C_WaitAck)
                  00003438    0000002c     ti_msp_dl_config.o (.text.DL_ADC12_setDMASamplesCnt)
                  00003464    0000002c     ti_msp_dl_config.o (.text.SYSCFG_DL_DMA_CH0_init)
                  00003490    0000002c     timx_timer_mode_capture_duty_and_period.o (.text.__NVIC_EnableIRQ)
                  000034bc    0000002c     libclang_rt.builtins.a : floatsidf.S.obj (.text.__floatsidf)
                  000034e8    00000028     ti_msp_dl_config.o (.text.DL_Common_updateReg)
                  00003510    00000028     timx_timer_mode_capture_duty_and_period.o (.text.DL_DMA_setDestAddr)
                  00003538    00000028     timx_timer_mode_capture_duty_and_period.o (.text.DL_DMA_setSrcAddr)
                  00003560    00000028     ti_msp_dl_config.o (.text.DL_Timer_enableEvent)
                  00003588    00000028     libclang_rt.builtins.a : floatunsisf.S.obj (.text.__floatunsisf)
                  000035b0    00000028     libc.a : boot_cortex_m.c.obj (.text:_c_int00_noargs)
                  000035d8    00000026     timx_timer_mode_capture_duty_and_period.o (.text.DL_DMA_enableChannel)
                  000035fe    00000022     oled.o (.text.delay_ms)
                  00003620    00000020     timx_timer_mode_capture_duty_and_period.o (.text.ADC0_IRQHandler)
                  00003640    00000020     ti_msp_dl_config.o (.text.DL_GPIO_initPeripheralInputFunction)
                  00003660    0000001e     ti_msp_dl_config.o (.text.DL_ADC12_setPowerDownMode)
                  0000367e    0000001e     ti_msp_dl_config.o (.text.DL_UART_setOversampling)
                  0000369c    0000001e     ti_msp_dl_config.o (.text.SYSCFG_DL_SYSCTL_init)
                  000036ba    00000002     --HOLE-- [fill = 0]
                  000036bc    0000001c     ti_msp_dl_config.o (.text.DL_ADC12_clearInterruptStatus)
                  000036d8    0000001c     ti_msp_dl_config.o (.text.DL_ADC12_enableDMA)
                  000036f4    0000001c     ti_msp_dl_config.o (.text.DL_ADC12_enableDMATrigger)
                  00003710    0000001c     ti_msp_dl_config.o (.text.DL_ADC12_enableInterrupt)
                  0000372c    0000001c     ti_msp_dl_config.o (.text.DL_GPIO_initPeripheralOutputFunction)
                  00003748    0000001c     ti_msp_dl_config.o (.text.DL_SYSCTL_setSYSOSCFreq)
                  00003764    0000001c     ti_msp_dl_config.o (.text.DL_Timer_enableInterrupt)
                  00003780    0000001c     driverlib.a : dl_timer.o (.text.DL_Timer_setClockConfig)
                  0000379c    0000001c     timx_timer_mode_capture_duty_and_period.o (.text.DL_Timer_setCoreHaltBehavior)
                  000037b8    0000001a     ti_msp_dl_config.o (.text.DL_ADC12_setSubscriberChanID)
                  000037d2    00000002     --HOLE-- [fill = 0]
                  000037d4    00000018     ti_msp_dl_config.o (.text.DL_ADC12_enablePower)
                  000037ec    00000018     ti_msp_dl_config.o (.text.DL_ADC12_reset)
                  00003804    00000018     ti_msp_dl_config.o (.text.DL_ADC12_setSampleTime0)
                  0000381c    00000018     ti_msp_dl_config.o (.text.DL_GPIO_enableOutput)
                  00003834    00000018     ti_msp_dl_config.o (.text.DL_GPIO_enablePower)
                  0000384c    00000018     ti_msp_dl_config.o (.text.DL_GPIO_initDigitalOutput)
                  00003864    00000018     ti_msp_dl_config.o (.text.DL_GPIO_reset)
                  0000387c    00000018     oled.o (.text.DL_GPIO_setPins)
                  00003894    00000018     ti_msp_dl_config.o (.text.DL_SYSCTL_setBORThreshold)
                  000038ac    00000018     timx_timer_mode_capture_duty_and_period.o (.text.DL_Timer_clearInterruptStatus)
                  000038c4    00000018     ti_msp_dl_config.o (.text.DL_Timer_enablePower)
                  000038dc    00000018     ti_msp_dl_config.o (.text.DL_Timer_reset)
                  000038f4    00000018     timx_timer_mode_capture_duty_and_period.o (.text.DL_Timer_setLoadValue)
                  0000390c    00000018     timx_timer_mode_capture_duty_and_period.o (.text.DL_Timer_startCounter)
                  00003924    00000018     timx_timer_mode_capture_duty_and_period.o (.text.DL_Timer_stopCounter)
                  0000393c    00000018     ti_msp_dl_config.o (.text.DL_UART_enablePower)
                  00003954    00000018     ti_msp_dl_config.o (.text.DL_UART_reset)
                  0000396c    00000016     ti_msp_dl_config.o (.text.DL_ADC12_enableConversions)
                  00003982    00000016     ti_msp_dl_config.o (.text.DL_UART_enable)
                  00003998    00000014     oled.o (.text.DL_GPIO_clearPins)
                  000039ac    00000014     ti_msp_dl_config.o (.text.DL_GPIO_clearPins)
                  000039c0    00000014     ti_msp_dl_config.o (.text.DL_SYSCTL_disableSYSPLL)
                  000039d4    00000014     ti_msp_dl_config.o (.text.DL_Timer_enableClock)
                  000039e8    00000014     timx_timer_mode_capture_duty_and_period.o (.text.DL_Timer_getLoadValue)
                  000039fc    00000012     timx_timer_mode_capture_duty_and_period.o (.text.DL_ADC12_getPendingInterrupt)
                  00003a0e    00000012     timx_timer_mode_capture_duty_and_period.o (.text.DL_Timer_getPendingInterrupt)
                  00003a20    00000012     driverlib.a : dl_uart.o (.text.DL_UART_setClockConfig)
                  00003a32    00000012     libc.a : memcpy16.S.obj (.text:TI_memcpy_small)
                  00003a44    00000012            : copy_decompress_none.c.obj (.text:decompress:none)
                  00003a56    00000002     --HOLE-- [fill = 0]
                  00003a58    00000010     ti_msp_dl_config.o (.text.DL_SYSCTL_disableHFXT)
                  00003a68    00000010     libc.a : copy_zero_init.c.obj (.text:decompress:ZI)
                  00003a78    0000000e            : memset16.S.obj (.text:TI_memset_small)
                  00003a86    00000002     --HOLE-- [fill = 0]
                  00003a88    0000000c     libclang_rt.builtins.a : aeabi_memset.S.obj (.text.__aeabi_memclr)
                  00003a94    0000000a     driverlib.a : dl_common.o (.text.DL_Common_delayCycles)
                  00003a9e    00000008     ti_msp_dl_config.o (.text.SYSCFG_DL_DMA_init)
                  00003aa6    00000002     --HOLE-- [fill = 0]
                  00003aa8    00000008     libc.a : aeabi_portable.c.obj (.text.__aeabi_errno_addr)
                  00003ab0    00000008     libclang_rt.builtins.a : aeabi_memcpy.S.obj (.text.__aeabi_memcpy)
                  00003ab8    00000006     libc.a : exit.c.obj (.text:abort)
                  00003abe    00000004     libsysbm.a : hostexit.c.obj (.text.HOSTexit)
                  00003ac2    00000004     startup_mspm0g350x_ticlang.o (.text.Reset_Handler)
                  00003ac6    00000004     libc.a : pre_init.c.obj (.text._system_pre_init)
                  00003aca    00000006     --HOLE-- [fill = 0]

.cinit     0    000071c8    00000038     
                  000071c8    00000014     (.cinit..data.load) [load image, compression = lzss]
                  000071dc    0000000c     (__TI_handler_table)
                  000071e8    00000008     (.cinit..bss.load) [load image, compression = zero_init]
                  000071f0    00000010     (__TI_cinit_table)

.rodata    0    00003ad0    000036f8     
                  00003ad0    00002000     arm_cortexM0l_math.a : arm_common_tables.o (.rodata.twiddleCoef_1024)
                  00005ad0    00000e10                          : arm_common_tables.o (.rodata.armBitRevIndexTable1024)
                  000068e0    000005f0     oled.o (.rodata.asc2_1608)
                  00006ed0    00000228     oled.o (.rodata.asc2_0806)
                  000070f8    00000018     ti_msp_dl_config.o (.rodata.gDMA_CH0Config)
                  00007110    00000014     ti_msp_dl_config.o (.rodata.gTIMER_0TimerConfig)
                  00007124    00000014     ti_msp_dl_config.o (.rodata.gTIMER_1TimerConfig)
                  00007138    00000010     arm_cortexM0l_math.a : arm_const_structs.o (.rodata.arm_cfft_sR_f32_len1024)
                  00007148    00000010     ti_msp_dl_config.o (.rodata.gCAPTURE_0CaptureConfig)
                  00007158    0000000c     driverlib.a : dl_timer.o (.rodata..Lswitch.table.DL_Timer_initCaptureCombinedMode.1)
                  00007164    0000000c                 : dl_timer.o (.rodata..Lswitch.table.DL_Timer_initCompareMode)
                  00007170    0000000c     timx_timer_mode_capture_duty_and_period.o (.rodata.str1.465695279775325175.1)
                  0000717c    0000000b     timx_timer_mode_capture_duty_and_period.o (.rodata.str1.10175774738103354559.1)
                  00007187    00000001     --HOLE-- [fill = 0]
                  00007188    0000000a     ti_msp_dl_config.o (.rodata.gUART_0Config)
                  00007192    00000009     timx_timer_mode_capture_duty_and_period.o (.rodata.str1.13803488720744023916.1)
                  0000719b    00000001     --HOLE-- [fill = 0]
                  0000719c    00000008     ti_msp_dl_config.o (.rodata.gADC12_0ClockConfig)
                  000071a4    00000007     timx_timer_mode_capture_duty_and_period.o (.rodata.str1.9943013036504090371.1)
                  000071ab    00000006     timx_timer_mode_capture_duty_and_period.o (.rodata.str1.7042939706059272442.1)
                  000071b1    00000005     timx_timer_mode_capture_duty_and_period.o (.rodata.str1.10031608105938973274.1)
                  000071b6    00000004     timx_timer_mode_capture_duty_and_period.o (.rodata.str1.7861310084226465341.1)
                  000071ba    00000003     ti_msp_dl_config.o (.rodata.gCAPTURE_0ClockConfig)
                  000071bd    00000003     ti_msp_dl_config.o (.rodata.gTIMER_0ClockConfig)
                  000071c0    00000003     ti_msp_dl_config.o (.rodata.gTIMER_1ClockConfig)
                  000071c3    00000002     ti_msp_dl_config.o (.rodata.gUART_0ClockConfig)
                  000071c5    00000003     --HOLE-- [fill = 0]

.init_array 
*          0    00000000    00000000     UNINITIALIZED

.binit     0    00000000    00000000     

.bss       0    20200000    0000397f     UNINITIALIZED
                  20200000    00002000     (.common:FFT_INPUT)
                  20202000    00001000     (.common:FFT_OUTPUT)
                  20203000    00000800     (.common:gADCSamples)
                  20203800    000000bc     (.common:gTIMER_0Backup)
                  202038bc    000000bc     (.common:gTIMER_1Backup)
                  20203978    00000004     (.common:freq_pin)
                  2020397c    00000002     (.common:waveform)
                  2020397e    00000001     (.common:gCheckADC)

.data      0    20203980    00000029     UNINITIALIZED
                  20203980    00000004     timx_timer_mode_capture_duty_and_period.o (.data.FFT_OUTPUT_MAX)
                  20203984    00000004     timx_timer_mode_capture_duty_and_period.o (.data.FFT_OUTPUT_MAX_index)
                  20203988    00000004     libc.a : aeabi_portable.c.obj (.data.__aeabi_errno)
                  2020398c    00000004     timx_timer_mode_capture_duty_and_period.o (.data.adc_fs)
                  20203990    00000004     timx_timer_mode_capture_duty_and_period.o (.data.avg_max)
                  20203994    00000004     timx_timer_mode_capture_duty_and_period.o (.data.avg_min)
                  20203998    00000004     timx_timer_mode_capture_duty_and_period.o (.data.base_frequency)
                  2020399c    00000004     timx_timer_mode_capture_duty_and_period.o (.data.count)
                  202039a0    00000004     timx_timer_mode_capture_duty_and_period.o (.data.find_num)
                  202039a4    00000004     timx_timer_mode_capture_duty_and_period.o (.data.vppadc)
                  202039a8    00000001     timx_timer_mode_capture_duty_and_period.o (.data.beipin)

.stack     0    20207e00    00000200     UNINITIALIZED
                  20207e00    00000004     libc.a : boot_cortex_m.c.obj (.stack)
                  20207e04    000001fc     --HOLE--

__llvm_prf_cnts 
*          0    20200000    00000000     UNINITIALIZED

__llvm_prf_bits 
*          0    20200000    00000000     UNINITIALIZED

MODULE SUMMARY

       Module                                      code    ro data   rw data
       ------                                      ----    -------   -------
    .\
       timx_timer_mode_capture_duty_and_period.o   2178    54        14380  
       oled.o                                      1240    2072      0      
       ti_msp_dl_config.o                          1938    109       376    
       startup_mspm0g350x_ticlang.o                8       192       0      
    +--+-------------------------------------------+-------+---------+---------+
       Total:                                      5364    2427      14756  
                                                                            
    C:/ti/mspm0_sdk_2_04_00_06/source/third_party/CMSIS/DSP/lib/ticlang/m0p/arm_cortexM0l_math.a
       arm_common_tables.o                         0       11792     0      
       arm_cfft_f32.o                              3038    0         0      
       arm_cfft_radix8_f32.o                       2252    0         0      
       arm_cmplx_mag_f32.o                         360     0         0      
       arm_bitreversal2.o                          274     0         0      
       arm_max_f32.o                               96      0         0      
       arm_const_structs.o                         0       16        0      
    +--+-------------------------------------------+-------+---------+---------+
       Total:                                      6020    11808     0      
                                                                            
    C:/ti/mspm0_sdk_2_04_00_06/source/ti/driverlib/lib/ticlang/m0p/mspm0g1x0x_g3x0x/driverlib.a
       dl_timer.o                                  484     24        0      
       dl_uart.o                                   90      0         0      
       dl_dma.o                                    76      0         0      
       dl_adc12.o                                  64      0         0      
       dl_common.o                                 10      0         0      
    +--+-------------------------------------------+-------+---------+---------+
       Total:                                      724     24        0      
                                                                            
    C:\ti\ccs2010\ccs\tools\compiler\ti-cgt-armllvm_4.0.2.LTS\lib\armv6m-ti-none-eabi/c/libc.a
       e_sqrtf.c.obj                               160     0         0      
       copy_decompress_lzss.c.obj                  124     0         0      
       autoinit.c.obj                              60      0         0      
       boot_cortex_m.c.obj                         40      0         0      
       copy_decompress_none.c.obj                  18      0         0      
       memcpy16.S.obj                              18      0         0      
       copy_zero_init.c.obj                        16      0         0      
       memset16.S.obj                              14      0         0      
       aeabi_portable.c.obj                        8       0         4      
       exit.c.obj                                  6       0         0      
       pre_init.c.obj                              4       0         0      
    +--+-------------------------------------------+-------+---------+---------+
       Total:                                      468     0         4      
                                                                            
    C:\ti\ccs2010\ccs\tools\compiler\ti-cgt-armllvm_4.0.2.LTS\lib\armv6m-ti-none-eabi/c/libsysbm.a
       hostexit.c.obj                              4       0         0      
    +--+-------------------------------------------+-------+---------+---------+
       Total:                                      4       0         0      
                                                                            
    C:\ti\ccs2010\ccs\tools\compiler\ti-cgt-armllvm_4.0.2.LTS\lib\armv6m-ti-none-eabi/libclang_rt.builtins.a
       adddf3.S.obj                                402     0         0      
       divdf3.S.obj                                268     0         0      
       muldf3.S.obj                                228     0         0      
       addsf3.S.obj                                216     0         0      
       mulsf3.S.obj                                140     0         0      
       divsf3.S.obj                                130     0         0      
       comparesf2.S.obj                            118     0         0      
       truncdfsf2.S.obj                            116     0         0      
       aeabi_fcmp.S.obj                            98      0         0      
       fixdfsi.S.obj                               74      0         0      
       aeabi_uidivmod.S.obj                        64      0         0      
       extendsfdf2.S.obj                           64      0         0      
       floatsisf.S.obj                             60      0         0      
       muldsi3.S.obj                               58      0         0      
       fixsfsi.S.obj                               56      0         0      
       fixunssfsi.S.obj                            50      0         0      
       floatsidf.S.obj                             44      0         0      
       floatunsisf.S.obj                           40      0         0      
       aeabi_memset.S.obj                          12      0         0      
       aeabi_memcpy.S.obj                          8       0         0      
       aeabi_div0.c.obj                            2       0         0      
    +--+-------------------------------------------+-------+---------+---------+
       Total:                                      2248    0         0      
                                                                            
       Stack:                                      0       0         512    
       Linker Generated:                           0       56        0      
    +--+-------------------------------------------+-------+---------+---------+
       Grand Total:                                14828   14315     15272  


LINKER GENERATED COPY TABLES

__TI_cinit_table @ 000071f0 records: 2, size/record: 8, table size: 16
	.data: load addr=000071c8, load size=00000014 bytes, run addr=20203980, run size=00000029 bytes, compression=lzss
	.bss: load addr=000071e8, load size=00000008 bytes, run addr=20200000, run size=0000397f bytes, compression=zero_init


LINKER GENERATED HANDLER TABLE

__TI_handler_table @ 000071dc records: 3, size/record: 4, table size: 12
	index: 0, handler: __TI_decompress_lzss
	index: 1, handler: __TI_decompress_none
	index: 2, handler: __TI_zero_init


GLOBAL SYMBOLS: SORTED ALPHABETICALLY BY Name 

address   name                            
-------   ----                            
00003621  ADC0_IRQHandler                 
000029fd  ADC1_IRQHandler                 
000029fd  AES_IRQHandler                  
00003abe  C$$EXIT                         
000029fd  CANFD0_IRQHandler               
000029fd  DAC0_IRQHandler                 
00002ffd  DL_ADC12_setClockConfig         
00003a95  DL_Common_delayCycles           
00002d1d  DL_DMA_initChannel              
000023fd  DL_Timer_initCaptureCombinedMode
00002231  DL_Timer_initTimerMode          
00003781  DL_Timer_setClockConfig         
00002ee5  DL_UART_init                    
00003a21  DL_UART_setClockConfig          
000029fd  DMA_IRQHandler                  
000029fd  Default_Handler                 
20200000  FFT_INPUT                       
20202000  FFT_OUTPUT                      
20203980  FFT_OUTPUT_MAX                  
20203984  FFT_OUTPUT_MAX_index            
000029fd  GROUP0_IRQHandler               
000029fd  GROUP1_IRQHandler               
00003abf  HOSTexit                        
000029fd  HardFault_Handler               
000029fd  I2C0_IRQHandler                 
000029fd  I2C1_IRQHandler                 
00003299  I2C_Start                       
000033d9  I2C_Stop                        
00003409  I2C_WaitAck                     
000029fd  NMI_Handler                     
00002b55  OLED_Clear                      
00002135  OLED_Init                       
000030bd  OLED_Set_Pos                    
00001dfd  OLED_ShowChar                   
00002a75  OLED_ShowString                 
00002c83  OLED_WR_Byte                    
000029fd  PendSV_Handler                  
000029fd  RTC_IRQHandler                  
00003ac3  Reset_Handler                   
000029fd  SPI0_IRQHandler                 
000029fd  SPI1_IRQHandler                 
000029fd  SVC_Handler                     
00002655  SYSCFG_DL_ADC12_0_init          
00003341  SYSCFG_DL_CAPTURE_0_init        
00003465  SYSCFG_DL_DMA_CH0_init          
00003a9f  SYSCFG_DL_DMA_init              
00002f2d  SYSCFG_DL_GPIO_init             
0000369d  SYSCFG_DL_SYSCTL_init           
00002db5  SYSCFG_DL_TIMER_0_init          
00002f75  SYSCFG_DL_TIMER_1_init          
00002fb9  SYSCFG_DL_UART_0_init           
000030f9  SYSCFG_DL_init                  
000026e5  SYSCFG_DL_initPower             
00002905  Send_Byte                       
00002ae5  StartAdc                        
000029fd  SysTick_Handler                 
000029fd  TIMA0_IRQHandler                
00002e01  TIMA1_IRQHandler                
000032d1  TIMG0_IRQHandler                
000029fd  TIMG12_IRQHandler               
000029fd  TIMG6_IRQHandler                
000029fd  TIMG7_IRQHandler                
000029fd  TIMG8_IRQHandler                
00003a33  TI_memcpy_small                 
00003a79  TI_memset_small                 
000029fd  UART0_IRQHandler                
000029fd  UART1_IRQHandler                
000029fd  UART2_IRQHandler                
000029fd  UART3_IRQHandler                
20208000  __STACK_END                     
00000200  __STACK_SIZE                    
00000000  __TI_ATRegion0_region_sz        
00000000  __TI_ATRegion0_src_addr         
00000000  __TI_ATRegion0_trg_addr         
00000000  __TI_ATRegion1_region_sz        
00000000  __TI_ATRegion1_src_addr         
00000000  __TI_ATRegion1_trg_addr         
00000000  __TI_ATRegion2_region_sz        
00000000  __TI_ATRegion2_src_addr         
00000000  __TI_ATRegion2_trg_addr         
000071f0  __TI_CINIT_Base                 
00007200  __TI_CINIT_Limit                
00007200  __TI_CINIT_Warm                 
000071dc  __TI_Handler_Table_Base         
000071e8  __TI_Handler_Table_Limit        
000031ad  __TI_auto_init_nobinit_nopinit  
00002981  __TI_decompress_lzss            
00003a45  __TI_decompress_none            
ffffffff  __TI_pprof_out_hndl             
ffffffff  __TI_prof_data_size             
ffffffff  __TI_prof_data_start            
00000000  __TI_static_base__              
00003a69  __TI_zero_init                  
0000174b  __adddf3                        
000024e7  __addsf3                        
00002a01  __aeabi_d2f                     
00002e99  __aeabi_d2iz                    
0000174b  __aeabi_dadd                    
00002029  __aeabi_ddiv                    
00002319  __aeabi_dmul                    
00001741  __aeabi_dsub                    
20203988  __aeabi_errno                   
00003aa9  __aeabi_errno_addr              
0000307d  __aeabi_f2d                     
00003309  __aeabi_f2iz                    
00003375  __aeabi_f2uiz                   
000024e7  __aeabi_fadd                    
00002bc1  __aeabi_fcmpeq                  
00002bfd  __aeabi_fcmpge                  
00002c11  __aeabi_fcmpgt                  
00002be9  __aeabi_fcmple                  
00002bd5  __aeabi_fcmplt                  
00002881  __aeabi_fdiv                    
00002771  __aeabi_fmul                    
000024dd  __aeabi_fsub                    
000034bd  __aeabi_i2d                     
00003135  __aeabi_i2f                     
000013ab  __aeabi_idiv0                   
00003a89  __aeabi_memclr                  
00003a89  __aeabi_memclr4                 
00003a89  __aeabi_memclr8                 
00003ab1  __aeabi_memcpy                  
00003ab1  __aeabi_memcpy4                 
00003ab1  __aeabi_memcpy8                 
00003589  __aeabi_ui2f                    
0000303d  __aeabi_uidiv                   
0000303d  __aeabi_uidivmod                
ffffffff  __binit__                       
000031e9  __cmpsf2                        
00002029  __divdf3                        
00002881  __divsf3                        
000031e9  __eqsf2                         
0000307d  __extendsfdf2                   
00002e99  __fixdfsi                       
00003309  __fixsfsi                       
00003375  __fixunssfsi                    
000034bd  __floatsidf                     
00003135  __floatsisf                     
00003589  __floatunsisf                   
00003171  __gesf2                         
00003171  __gtsf2                         
000031e9  __lesf2                         
000031e9  __ltsf2                         
UNDEFED   __mpu_init                      
00002319  __muldf3                        
00003225  __muldsi3                       
00002771  __mulsf3                        
000031e9  __nesf2                         
20207e00  __stack                         
20200000  __start___llvm_prf_bits         
20200000  __start___llvm_prf_cnts         
20200000  __stop___llvm_prf_bits          
20200000  __stop___llvm_prf_cnts          
00001741  __subdf3                        
000024dd  __subsf3                        
00002a01  __truncdfsf2                    
000035b1  _c_int00_noargs                 
UNDEFED   _system_post_cinit              
00003ac7  _system_pre_init                
00003ab9  abort                           
2020398c  adc_fs                          
00005ad0  armBitRevIndexTable1024         
00001f15  arm_bitreversal_32              
00001581  arm_cfft_f32                    
000010fb  arm_cfft_radix8by2_f32          
0000098d  arm_cfft_radix8by4_f32          
00007138  arm_cfft_sR_f32_len1024         
000018d3  arm_cmplx_mag_f32               
00002c23  arm_max_f32                     
000000c1  arm_radix8_butterfly_f32        
00006ed0  asc2_0806                       
000068e0  asc2_1608                       
20203990  avg_max                         
20203994  avg_min                         
20203998  base_frequency                  
202039a8  beipin                          
ffffffff  binit                           
2020399c  count                           
000035ff  delay_ms                        
000013ad  findV                           
202039a0  find_num                        
00001b99  findbase                        
20203978  freq_pin                        
20203000  gADCSamples                     
2020397e  gCheckADC                       
20203800  gTIMER_0Backup                  
202038bc  gTIMER_1Backup                  
00000000  interruptVectors                
00001a3d  main                            
000025b5  sqrtf                           
00001cd5  switchwave                      
00003ad0  twiddleCoef_1024                
202039a4  vppadc                          
2020397c  waveform                        


GLOBAL SYMBOLS: SORTED BY Symbol Address 

address   name                            
-------   ----                            
00000000  __TI_ATRegion0_region_sz        
00000000  __TI_ATRegion0_src_addr         
00000000  __TI_ATRegion0_trg_addr         
00000000  __TI_ATRegion1_region_sz        
00000000  __TI_ATRegion1_src_addr         
00000000  __TI_ATRegion1_trg_addr         
00000000  __TI_ATRegion2_region_sz        
00000000  __TI_ATRegion2_src_addr         
00000000  __TI_ATRegion2_trg_addr         
00000000  __TI_static_base__              
00000000  interruptVectors                
000000c1  arm_radix8_butterfly_f32        
00000200  __STACK_SIZE                    
0000098d  arm_cfft_radix8by4_f32          
000010fb  arm_cfft_radix8by2_f32          
000013ab  __aeabi_idiv0                   
000013ad  findV                           
00001581  arm_cfft_f32                    
00001741  __aeabi_dsub                    
00001741  __subdf3                        
0000174b  __adddf3                        
0000174b  __aeabi_dadd                    
000018d3  arm_cmplx_mag_f32               
00001a3d  main                            
00001b99  findbase                        
00001cd5  switchwave                      
00001dfd  OLED_ShowChar                   
00001f15  arm_bitreversal_32              
00002029  __aeabi_ddiv                    
00002029  __divdf3                        
00002135  OLED_Init                       
00002231  DL_Timer_initTimerMode          
00002319  __aeabi_dmul                    
00002319  __muldf3                        
000023fd  DL_Timer_initCaptureCombinedMode
000024dd  __aeabi_fsub                    
000024dd  __subsf3                        
000024e7  __addsf3                        
000024e7  __aeabi_fadd                    
000025b5  sqrtf                           
00002655  SYSCFG_DL_ADC12_0_init          
000026e5  SYSCFG_DL_initPower             
00002771  __aeabi_fmul                    
00002771  __mulsf3                        
00002881  __aeabi_fdiv                    
00002881  __divsf3                        
00002905  Send_Byte                       
00002981  __TI_decompress_lzss            
000029fd  ADC1_IRQHandler                 
000029fd  AES_IRQHandler                  
000029fd  CANFD0_IRQHandler               
000029fd  DAC0_IRQHandler                 
000029fd  DMA_IRQHandler                  
000029fd  Default_Handler                 
000029fd  GROUP0_IRQHandler               
000029fd  GROUP1_IRQHandler               
000029fd  HardFault_Handler               
000029fd  I2C0_IRQHandler                 
000029fd  I2C1_IRQHandler                 
000029fd  NMI_Handler                     
000029fd  PendSV_Handler                  
000029fd  RTC_IRQHandler                  
000029fd  SPI0_IRQHandler                 
000029fd  SPI1_IRQHandler                 
000029fd  SVC_Handler                     
000029fd  SysTick_Handler                 
000029fd  TIMA0_IRQHandler                
000029fd  TIMG12_IRQHandler               
000029fd  TIMG6_IRQHandler                
000029fd  TIMG7_IRQHandler                
000029fd  TIMG8_IRQHandler                
000029fd  UART0_IRQHandler                
000029fd  UART1_IRQHandler                
000029fd  UART2_IRQHandler                
000029fd  UART3_IRQHandler                
00002a01  __aeabi_d2f                     
00002a01  __truncdfsf2                    
00002a75  OLED_ShowString                 
00002ae5  StartAdc                        
00002b55  OLED_Clear                      
00002bc1  __aeabi_fcmpeq                  
00002bd5  __aeabi_fcmplt                  
00002be9  __aeabi_fcmple                  
00002bfd  __aeabi_fcmpge                  
00002c11  __aeabi_fcmpgt                  
00002c23  arm_max_f32                     
00002c83  OLED_WR_Byte                    
00002d1d  DL_DMA_initChannel              
00002db5  SYSCFG_DL_TIMER_0_init          
00002e01  TIMA1_IRQHandler                
00002e99  __aeabi_d2iz                    
00002e99  __fixdfsi                       
00002ee5  DL_UART_init                    
00002f2d  SYSCFG_DL_GPIO_init             
00002f75  SYSCFG_DL_TIMER_1_init          
00002fb9  SYSCFG_DL_UART_0_init           
00002ffd  DL_ADC12_setClockConfig         
0000303d  __aeabi_uidiv                   
0000303d  __aeabi_uidivmod                
0000307d  __aeabi_f2d                     
0000307d  __extendsfdf2                   
000030bd  OLED_Set_Pos                    
000030f9  SYSCFG_DL_init                  
00003135  __aeabi_i2f                     
00003135  __floatsisf                     
00003171  __gesf2                         
00003171  __gtsf2                         
000031ad  __TI_auto_init_nobinit_nopinit  
000031e9  __cmpsf2                        
000031e9  __eqsf2                         
000031e9  __lesf2                         
000031e9  __ltsf2                         
000031e9  __nesf2                         
00003225  __muldsi3                       
00003299  I2C_Start                       
000032d1  TIMG0_IRQHandler                
00003309  __aeabi_f2iz                    
00003309  __fixsfsi                       
00003341  SYSCFG_DL_CAPTURE_0_init        
00003375  __aeabi_f2uiz                   
00003375  __fixunssfsi                    
000033d9  I2C_Stop                        
00003409  I2C_WaitAck                     
00003465  SYSCFG_DL_DMA_CH0_init          
000034bd  __aeabi_i2d                     
000034bd  __floatsidf                     
00003589  __aeabi_ui2f                    
00003589  __floatunsisf                   
000035b1  _c_int00_noargs                 
000035ff  delay_ms                        
00003621  ADC0_IRQHandler                 
0000369d  SYSCFG_DL_SYSCTL_init           
00003781  DL_Timer_setClockConfig         
00003a21  DL_UART_setClockConfig          
00003a33  TI_memcpy_small                 
00003a45  __TI_decompress_none            
00003a69  __TI_zero_init                  
00003a79  TI_memset_small                 
00003a89  __aeabi_memclr                  
00003a89  __aeabi_memclr4                 
00003a89  __aeabi_memclr8                 
00003a95  DL_Common_delayCycles           
00003a9f  SYSCFG_DL_DMA_init              
00003aa9  __aeabi_errno_addr              
00003ab1  __aeabi_memcpy                  
00003ab1  __aeabi_memcpy4                 
00003ab1  __aeabi_memcpy8                 
00003ab9  abort                           
00003abe  C$$EXIT                         
00003abf  HOSTexit                        
00003ac3  Reset_Handler                   
00003ac7  _system_pre_init                
00003ad0  twiddleCoef_1024                
00005ad0  armBitRevIndexTable1024         
000068e0  asc2_1608                       
00006ed0  asc2_0806                       
00007138  arm_cfft_sR_f32_len1024         
000071dc  __TI_Handler_Table_Base         
000071e8  __TI_Handler_Table_Limit        
000071f0  __TI_CINIT_Base                 
00007200  __TI_CINIT_Limit                
00007200  __TI_CINIT_Warm                 
20200000  FFT_INPUT                       
20200000  __start___llvm_prf_bits         
20200000  __start___llvm_prf_cnts         
20200000  __stop___llvm_prf_bits          
20200000  __stop___llvm_prf_cnts          
20202000  FFT_OUTPUT                      
20203000  gADCSamples                     
20203800  gTIMER_0Backup                  
202038bc  gTIMER_1Backup                  
20203978  freq_pin                        
2020397c  waveform                        
2020397e  gCheckADC                       
20203980  FFT_OUTPUT_MAX                  
20203984  FFT_OUTPUT_MAX_index            
20203988  __aeabi_errno                   
2020398c  adc_fs                          
20203990  avg_max                         
20203994  avg_min                         
20203998  base_frequency                  
2020399c  count                           
202039a0  find_num                        
202039a4  vppadc                          
202039a8  beipin                          
20207e00  __stack                         
20208000  __STACK_END                     
ffffffff  __TI_pprof_out_hndl             
ffffffff  __TI_prof_data_size             
ffffffff  __TI_prof_data_start            
ffffffff  __binit__                       
ffffffff  binit                           
UNDEFED   __mpu_init                      
UNDEFED   _system_post_cinit              

[194 symbols]
