******************************************************************************
            TI ARM Clang Linker PC v4.0.2                      
******************************************************************************
>> Linked Thu May  1 09:42:37 2025

OUTPUT FILE NAME:   <OLED_Software_IIC.out>
ENTRY POINT SYMBOL: "_c_int00_noargs"  address: 000007b5


MEMORY CONFIGURATION

         name            origin    length      used     unused   attr    fill
----------------------  --------  ---------  --------  --------  ----  --------
  FLASH                 00000000   00008000  000011f8  00006e08  R  X
  SRAM                  20200000   00004000  00000204  00003dfc  RW X
  BCR_CONFIG            41c00000   000000ff  00000000  000000ff  R   
  BSL_CONFIG            41c00100   00000080  00000000  00000080  R   


SEGMENT ALLOCATION MAP

run origin  load origin   length   init length attrs members
----------  ----------- ---------- ----------- ----- -------
00000000    00000000    000011f8   000011f8    r-x
  00000000    00000000    000000c0   000000c0    r-- .intvecs
  000000c0    000000c0    000008d0   000008d0    r-x .text
  00000990    00000990    00000850   00000850    r-- .rodata
  000011e0    000011e0    00000018   00000018    r-- .cinit
20200000    20200000    00000004   00000000    rw-
  20200000    20200000    00000004   00000000    rw- .data
20203e00    20203e00    00000200   00000000    rw-
  20203e00    20203e00    00000200   00000000    rw- .stack


SECTION ALLOCATION MAP

 output                                  attributes/
section   page    origin      length       input sections
--------  ----  ----------  ----------   ----------------
.intvecs   0    00000000    000000c0     
                  00000000    000000c0     startup_mspm0g350x_ticlang.o (.intvecs)

.text      0    000000c0    000008d0     
                  000000c0    00000118     oled.o (.text.OLED_ShowChar)
                  000001d8    000000fa     oled.o (.text.OLED_Init)
                  000002d2    00000002     libclang_rt.builtins.a : aeabi_div0.c.obj (.text.__aeabi_idiv0)
                  000002d4    000000b8     oled.o (.text.main)
                  0000038c    0000007c     oled.o (.text.Send_Byte)
                  00000408    0000007c     libc.a : copy_decompress_lzss.c.obj (.text:decompress:lzss)
                  00000484    00000070     oled.o (.text.OLED_ShowString)
                  000004f4    0000006a     oled.o (.text.OLED_Clear)
                  0000055e    0000004e     oled.o (.text.OLED_WR_Byte)
                  000005ac    00000040     libclang_rt.builtins.a : aeabi_uidivmod.S.obj (.text.__aeabi_uidivmod)
                  000005ec    0000003c     oled.o (.text.OLED_Set_Pos)
                  00000628    0000003c     libc.a : autoinit.c.obj (.text:__TI_auto_init_nobinit_nopinit)
                  00000664    00000038     oled.o (.text.I2C_Start)
                  0000069c    00000034     ti_msp_dl_config.o (.text.SYSCFG_DL_initPower)
                  000006d0    00000030     oled.o (.text.I2C_Stop)
                  00000700    00000030     oled.o (.text.I2C_WaitAck)
                  00000730    00000030     ti_msp_dl_config.o (.text.SYSCFG_DL_GPIO_init)
                  00000760    0000002a     ti_msp_dl_config.o (.text.SYSCFG_DL_SYSCTL_init)
                  0000078a    00000028     ti_msp_dl_config.o (.text.DL_Common_updateReg)
                  000007b2    00000002     --HOLE-- [fill = 0]
                  000007b4    00000028     libc.a : boot_cortex_m.c.obj (.text:_c_int00_noargs)
                  000007dc    00000022     oled.o (.text.delay_ms)
                  000007fe    00000002     --HOLE-- [fill = 0]
                  00000800    0000001c     ti_msp_dl_config.o (.text.DL_SYSCTL_setMCLKDivider)
                  0000081c    0000001c     ti_msp_dl_config.o (.text.DL_SYSCTL_setSYSOSCFreq)
                  00000838    0000001c     ti_msp_dl_config.o (.text.DL_SYSCTL_setULPCLKDivider)
                  00000854    00000018     ti_msp_dl_config.o (.text.DL_GPIO_enableOutput)
                  0000086c    00000018     ti_msp_dl_config.o (.text.DL_GPIO_enablePower)
                  00000884    00000018     ti_msp_dl_config.o (.text.DL_GPIO_initDigitalOutput)
                  0000089c    00000018     ti_msp_dl_config.o (.text.DL_GPIO_reset)
                  000008b4    00000018     oled.o (.text.DL_GPIO_setPins)
                  000008cc    00000018     ti_msp_dl_config.o (.text.DL_SYSCTL_setBORThreshold)
                  000008e4    00000014     oled.o (.text.DL_GPIO_clearPins)
                  000008f8    00000014     ti_msp_dl_config.o (.text.DL_GPIO_clearPins)
                  0000090c    00000014     ti_msp_dl_config.o (.text.DL_SYSCTL_disableSYSPLL)
                  00000920    00000012     libc.a : memcpy16.S.obj (.text:TI_memcpy_small)
                  00000932    00000012            : copy_decompress_none.c.obj (.text:decompress:none)
                  00000944    00000010     ti_msp_dl_config.o (.text.DL_SYSCTL_disableHFXT)
                  00000954    00000010     ti_msp_dl_config.o (.text.SYSCFG_DL_init)
                  00000964    0000000a     driverlib.a : dl_common.o (.text.DL_Common_delayCycles)
                  0000096e    00000002     --HOLE-- [fill = 0]
                  00000970    00000008     libclang_rt.builtins.a : aeabi_memcpy.S.obj (.text.__aeabi_memcpy)
                  00000978    00000006     libc.a : exit.c.obj (.text:abort)
                  0000097e    00000004     startup_mspm0g350x_ticlang.o (.text.Default_Handler)
                  00000982    00000004     libsysbm.a : hostexit.c.obj (.text.HOSTexit)
                  00000986    00000004     startup_mspm0g350x_ticlang.o (.text.Reset_Handler)
                  0000098a    00000004     libc.a : pre_init.c.obj (.text._system_pre_init)
                  0000098e    00000002     --HOLE-- [fill = 0]

.cinit     0    000011e0    00000018     
                  000011e0    00000008     (.cinit..data.load) [load image, compression = lzss]
                  000011e8    00000008     (__TI_handler_table)
                  000011f0    00000008     (__TI_cinit_table)

.rodata    0    00000990    00000850     
                  00000990    000005f0     oled.o (.rodata.asc2_1608)
                  00000f80    00000228     oled.o (.rodata.asc2_0806)
                  000011a8    0000000c     oled.o (.rodata.str1.1130128258963741112.1)
                  000011b4    0000000b     oled.o (.rodata.str1.16194164730816264237.1)
                  000011bf    00000009     oled.o (.rodata.str1.5289467937234112274.1)
                  000011c8    00000007     oled.o (.rodata.str1.525651829783989558.1)
                  000011cf    00000006     oled.o (.rodata.str1.10612175213412870912.1)
                  000011d5    00000005     oled.o (.rodata.str1.8602790770228168678.1)
                  000011da    00000004     oled.o (.rodata.str1.11378841450994995266.1)
                  000011de    00000002     --HOLE-- [fill = 0]

.init_array 
*          0    00000000    00000000     UNINITIALIZED

.binit     0    00000000    00000000     

.data      0    20200000    00000004     UNINITIALIZED
                  20200000    00000004     oled.o (.data.waveform)

.stack     0    20203e00    00000200     UNINITIALIZED
                  20203e00    00000004     libc.a : boot_cortex_m.c.obj (.stack)
                  20203e04    000001fc     --HOLE--

__llvm_prf_cnts 
*          0    20200000    00000000     UNINITIALIZED

__llvm_prf_bits 
*          0    20200000    00000000     UNINITIALIZED

MODULE SUMMARY

       Module                         code   ro data   rw data
       ------                         ----   -------   -------
    .\
       ti_msp_dl_config.o             458    0         0      
       oled.o                         184    54        4      
       startup_mspm0g350x_ticlang.o   8      192       0      
    +--+------------------------------+------+---------+---------+
       Total:                         650    246       4      
                                                              
    .\OLED\
       oled.o                         1240   2072      0      
    +--+------------------------------+------+---------+---------+
       Total:                         1240   2072      0      
                                                              
    D:/TI/mspm0_sdk_2_04_00_06/source/ti/driverlib/lib/ticlang/m0p/mspm0g1x0x_g3x0x/driverlib.a
       dl_common.o                    10     0         0      
    +--+------------------------------+------+---------+---------+
       Total:                         10     0         0      
                                                              
    E:\CHENHUI\ccs\tools\compiler\ti-cgt-armllvm_4.0.2.LTS\lib\armv6m-ti-none-eabi/c/libc.a
       copy_decompress_lzss.c.obj     124    0         0      
       autoinit.c.obj                 60     0         0      
       boot_cortex_m.c.obj            40     0         0      
       copy_decompress_none.c.obj     18     0         0      
       memcpy16.S.obj                 18     0         0      
       exit.c.obj                     6      0         0      
       pre_init.c.obj                 4      0         0      
    +--+------------------------------+------+---------+---------+
       Total:                         270    0         0      
                                                              
    E:\CHENHUI\ccs\tools\compiler\ti-cgt-armllvm_4.0.2.LTS\lib\armv6m-ti-none-eabi/c/libsysbm.a
       hostexit.c.obj                 4      0         0      
    +--+------------------------------+------+---------+---------+
       Total:                         4      0         0      
                                                              
    E:\CHENHUI\ccs\tools\compiler\ti-cgt-armllvm_4.0.2.LTS\lib\armv6m-ti-none-eabi/libclang_rt.builtins.a
       aeabi_uidivmod.S.obj           64     0         0      
       aeabi_memcpy.S.obj             8      0         0      
       aeabi_div0.c.obj               2      0         0      
    +--+------------------------------+------+---------+---------+
       Total:                         74     0         0      
                                                              
       Stack:                         0      0         512    
       Linker Generated:              0      24        0      
    +--+------------------------------+------+---------+---------+
       Grand Total:                   2248   2342      516    


LINKER GENERATED COPY TABLES

__TI_cinit_table @ 000011f0 records: 1, size/record: 8, table size: 8
	.data: load addr=000011e0, load size=00000008 bytes, run addr=20200000, run size=00000004 bytes, compression=lzss


LINKER GENERATED HANDLER TABLE

__TI_handler_table @ 000011e8 records: 2, size/record: 4, table size: 8
	index: 0, handler: __TI_decompress_lzss
	index: 1, handler: __TI_decompress_none


GLOBAL SYMBOLS: SORTED ALPHABETICALLY BY Name 

address   name                          
-------   ----                          
0000097f  ADC0_IRQHandler               
0000097f  ADC1_IRQHandler               
0000097f  AES_IRQHandler                
00000982  C$$EXIT                       
0000097f  CANFD0_IRQHandler             
0000097f  DAC0_IRQHandler               
00000965  DL_Common_delayCycles         
0000097f  DMA_IRQHandler                
0000097f  Default_Handler               
0000097f  GROUP0_IRQHandler             
0000097f  GROUP1_IRQHandler             
00000983  HOSTexit                      
0000097f  HardFault_Handler             
0000097f  I2C0_IRQHandler               
0000097f  I2C1_IRQHandler               
00000665  I2C_Start                     
000006d1  I2C_Stop                      
00000701  I2C_WaitAck                   
0000097f  NMI_Handler                   
000004f5  OLED_Clear                    
000001d9  OLED_Init                     
000005ed  OLED_Set_Pos                  
000000c1  OLED_ShowChar                 
00000485  OLED_ShowString               
0000055f  OLED_WR_Byte                  
0000097f  PendSV_Handler                
0000097f  RTC_IRQHandler                
00000987  Reset_Handler                 
0000097f  SPI0_IRQHandler               
0000097f  SPI1_IRQHandler               
0000097f  SVC_Handler                   
00000731  SYSCFG_DL_GPIO_init           
00000761  SYSCFG_DL_SYSCTL_init         
00000955  SYSCFG_DL_init                
0000069d  SYSCFG_DL_initPower           
0000038d  Send_Byte                     
0000097f  SysTick_Handler               
0000097f  TIMA0_IRQHandler              
0000097f  TIMA1_IRQHandler              
0000097f  TIMG0_IRQHandler              
0000097f  TIMG12_IRQHandler             
0000097f  TIMG6_IRQHandler              
0000097f  TIMG7_IRQHandler              
0000097f  TIMG8_IRQHandler              
00000921  TI_memcpy_small               
0000097f  UART0_IRQHandler              
0000097f  UART1_IRQHandler              
0000097f  UART2_IRQHandler              
0000097f  UART3_IRQHandler              
20204000  __STACK_END                   
00000200  __STACK_SIZE                  
00000000  __TI_ATRegion0_region_sz      
00000000  __TI_ATRegion0_src_addr       
00000000  __TI_ATRegion0_trg_addr       
00000000  __TI_ATRegion1_region_sz      
00000000  __TI_ATRegion1_src_addr       
00000000  __TI_ATRegion1_trg_addr       
00000000  __TI_ATRegion2_region_sz      
00000000  __TI_ATRegion2_src_addr       
00000000  __TI_ATRegion2_trg_addr       
000011f0  __TI_CINIT_Base               
000011f8  __TI_CINIT_Limit              
000011f8  __TI_CINIT_Warm               
000011e8  __TI_Handler_Table_Base       
000011f0  __TI_Handler_Table_Limit      
00000629  __TI_auto_init_nobinit_nopinit
00000409  __TI_decompress_lzss          
00000933  __TI_decompress_none          
ffffffff  __TI_pprof_out_hndl           
ffffffff  __TI_prof_data_size           
ffffffff  __TI_prof_data_start          
00000000  __TI_static_base__            
000002d3  __aeabi_idiv0                 
00000971  __aeabi_memcpy                
00000971  __aeabi_memcpy4               
00000971  __aeabi_memcpy8               
000005ad  __aeabi_uidiv                 
000005ad  __aeabi_uidivmod              
ffffffff  __binit__                     
UNDEFED   __mpu_init                    
20203e00  __stack                       
20200000  __start___llvm_prf_bits       
20200000  __start___llvm_prf_cnts       
20200000  __stop___llvm_prf_bits        
20200000  __stop___llvm_prf_cnts        
000007b5  _c_int00_noargs               
UNDEFED   _system_post_cinit            
0000098b  _system_pre_init              
00000979  abort                         
00000f80  asc2_0806                     
00000990  asc2_1608                     
ffffffff  binit                         
000007dd  delay_ms                      
00000000  interruptVectors              
000002d5  main                          
20200000  waveform                      


GLOBAL SYMBOLS: SORTED BY Symbol Address 

address   name                          
-------   ----                          
00000000  __TI_ATRegion0_region_sz      
00000000  __TI_ATRegion0_src_addr       
00000000  __TI_ATRegion0_trg_addr       
00000000  __TI_ATRegion1_region_sz      
00000000  __TI_ATRegion1_src_addr       
00000000  __TI_ATRegion1_trg_addr       
00000000  __TI_ATRegion2_region_sz      
00000000  __TI_ATRegion2_src_addr       
00000000  __TI_ATRegion2_trg_addr       
00000000  __TI_static_base__            
00000000  interruptVectors              
000000c1  OLED_ShowChar                 
000001d9  OLED_Init                     
00000200  __STACK_SIZE                  
000002d3  __aeabi_idiv0                 
000002d5  main                          
0000038d  Send_Byte                     
00000409  __TI_decompress_lzss          
00000485  OLED_ShowString               
000004f5  OLED_Clear                    
0000055f  OLED_WR_Byte                  
000005ad  __aeabi_uidiv                 
000005ad  __aeabi_uidivmod              
000005ed  OLED_Set_Pos                  
00000629  __TI_auto_init_nobinit_nopinit
00000665  I2C_Start                     
0000069d  SYSCFG_DL_initPower           
000006d1  I2C_Stop                      
00000701  I2C_WaitAck                   
00000731  SYSCFG_DL_GPIO_init           
00000761  SYSCFG_DL_SYSCTL_init         
000007b5  _c_int00_noargs               
000007dd  delay_ms                      
00000921  TI_memcpy_small               
00000933  __TI_decompress_none          
00000955  SYSCFG_DL_init                
00000965  DL_Common_delayCycles         
00000971  __aeabi_memcpy                
00000971  __aeabi_memcpy4               
00000971  __aeabi_memcpy8               
00000979  abort                         
0000097f  ADC0_IRQHandler               
0000097f  ADC1_IRQHandler               
0000097f  AES_IRQHandler                
0000097f  CANFD0_IRQHandler             
0000097f  DAC0_IRQHandler               
0000097f  DMA_IRQHandler                
0000097f  Default_Handler               
0000097f  GROUP0_IRQHandler             
0000097f  GROUP1_IRQHandler             
0000097f  HardFault_Handler             
0000097f  I2C0_IRQHandler               
0000097f  I2C1_IRQHandler               
0000097f  NMI_Handler                   
0000097f  PendSV_Handler                
0000097f  RTC_IRQHandler                
0000097f  SPI0_IRQHandler               
0000097f  SPI1_IRQHandler               
0000097f  SVC_Handler                   
0000097f  SysTick_Handler               
0000097f  TIMA0_IRQHandler              
0000097f  TIMA1_IRQHandler              
0000097f  TIMG0_IRQHandler              
0000097f  TIMG12_IRQHandler             
0000097f  TIMG6_IRQHandler              
0000097f  TIMG7_IRQHandler              
0000097f  TIMG8_IRQHandler              
0000097f  UART0_IRQHandler              
0000097f  UART1_IRQHandler              
0000097f  UART2_IRQHandler              
0000097f  UART3_IRQHandler              
00000982  C$$EXIT                       
00000983  HOSTexit                      
00000987  Reset_Handler                 
0000098b  _system_pre_init              
00000990  asc2_1608                     
00000f80  asc2_0806                     
000011e8  __TI_Handler_Table_Base       
000011f0  __TI_CINIT_Base               
000011f0  __TI_Handler_Table_Limit      
000011f8  __TI_CINIT_Limit              
000011f8  __TI_CINIT_Warm               
20200000  __start___llvm_prf_bits       
20200000  __start___llvm_prf_cnts       
20200000  __stop___llvm_prf_bits        
20200000  __stop___llvm_prf_cnts        
20200000  waveform                      
20203e00  __stack                       
20204000  __STACK_END                   
ffffffff  __TI_pprof_out_hndl           
ffffffff  __TI_prof_data_size           
ffffffff  __TI_prof_data_start          
ffffffff  __binit__                     
ffffffff  binit                         
UNDEFED   __mpu_init                    
UNDEFED   _system_post_cinit            

[96 symbols]
