******************************************************************************
            TI ARM Clang Linker PC v4.0.2                      
******************************************************************************
>> Linked Fri May  2 07:49:51 2025

OUTPUT FILE NAME:   <uart_echo_interrupts_standby_LP_MSPM0G3507_nortos_ticlang.out>
ENTRY POINT SYMBOL: "_c_int00_noargs"  address: 0000042d


MEMORY CONFIGURATION

         name            origin    length      used     unused   attr    fill
----------------------  --------  ---------  --------  --------  ----  --------
  FLASH                 00000000   00020000  00000750  0001f8b0  R  X
  SRAM                  20200000   00008000  0000021b  00007de5  RW X
  BCR_CONFIG            41c00000   000000ff  00000000  000000ff  R   
  BSL_CONFIG            41c00100   00000080  00000000  00000080  R   


SEGMENT ALLOCATION MAP

run origin  load origin   length   init length attrs members
----------  ----------- ---------- ----------- ----- -------
00000000    00000000    00000750   00000750    r-x
  00000000    00000000    000000c0   000000c0    r-- .intvecs
  000000c0    000000c0    00000620   00000620    r-x .text
  000006e0    000006e0    00000058   00000058    r-- .rodata
  00000738    00000738    00000018   00000018    r-- .cinit
20200000    20200000    0000001b   00000000    rw-
  20200000    20200000    0000001b   00000000    rw- .bss
20207e00    20207e00    00000200   00000000    rw-
  20207e00    20207e00    00000200   00000000    rw- .stack


SECTION ALLOCATION MAP

 output                                  attributes/
section   page    origin      length       input sections
--------  ----  ----------  ----------   ----------------
.intvecs   0    00000000    000000c0     
                  00000000    000000c0     startup_mspm0g350x_ticlang.o (.intvecs)

.text      0    000000c0    00000620     
                  000000c0    000000c0     uart_echo_interrupts_standby.o (.text.main)
                  00000180    000000a4     ti_msp_dl_config.o (.text.SYSCFG_DL_GPIO_init)
                  00000224    00000058     uart_echo_interrupts_standby.o (.text.sendBluetoothData)
                  0000027c    0000004c     ti_msp_dl_config.o (.text.DL_UART_setBaudRateDivisor)
                  000002c8    0000004c     ti_msp_dl_config.o (.text.SYSCFG_DL_UART_0_init)
                  00000314    00000048     driverlib.a : dl_uart.o (.text.DL_UART_init)
                  0000035c    00000044     ti_msp_dl_config.o (.text.SYSCFG_DL_initPower)
                  000003a0    0000003c     libc.a : autoinit.c.obj (.text:__TI_auto_init_nobinit_nopinit)
                  000003dc    00000028     ti_msp_dl_config.o (.text.DL_Common_updateReg)
                  00000404    00000028     ti_msp_dl_config.o (.text.DL_SYSCTL_setPowerPolicySTANDBY0)
                  0000042c    00000028     libc.a : boot_cortex_m.c.obj (.text:_c_int00_noargs)
                  00000454    00000022     ti_msp_dl_config.o (.text.SYSCFG_DL_SYSCTL_init)
                  00000476    00000002     --HOLE-- [fill = 0]
                  00000478    00000020     ti_msp_dl_config.o (.text.DL_GPIO_initPeripheralInputFunction)
                  00000498    0000001e     ti_msp_dl_config.o (.text.DL_UART_setOversampling)
                  000004b6    00000002     --HOLE-- [fill = 0]
                  000004b8    0000001c     ti_msp_dl_config.o (.text.DL_GPIO_initPeripheralOutputFunction)
                  000004d4    0000001c     ti_msp_dl_config.o (.text.DL_SYSCTL_setSYSOSCFreq)
                  000004f0    0000001c     ti_msp_dl_config.o (.text.DL_UART_enableInterrupt)
                  0000050c    00000018     ti_msp_dl_config.o (.text.DL_GPIO_enableOutput)
                  00000524    00000018     ti_msp_dl_config.o (.text.DL_GPIO_enablePower)
                  0000053c    00000018     ti_msp_dl_config.o (.text.DL_GPIO_initDigitalOutput)
                  00000554    00000018     ti_msp_dl_config.o (.text.DL_GPIO_reset)
                  0000056c    00000018     ti_msp_dl_config.o (.text.DL_GPIO_setPins)
                  00000584    00000018     ti_msp_dl_config.o (.text.DL_SYSCTL_setBORThreshold)
                  0000059c    00000018     ti_msp_dl_config.o (.text.DL_UART_enablePower)
                  000005b4    00000018     uart_echo_interrupts_standby.o (.text.DL_UART_isBusy)
                  000005cc    00000018     uart_echo_interrupts_standby.o (.text.DL_UART_isTXFIFOEmpty)
                  000005e4    00000018     ti_msp_dl_config.o (.text.DL_UART_reset)
                  000005fc    00000016     ti_msp_dl_config.o (.text.DL_UART_enable)
                  00000612    00000016     uart_echo_interrupts_standby.o (.text.DL_UART_transmitData)
                  00000628    00000016     libc.a : copy_zero_init.c.obj (.text:decompress:ZI:__TI_zero_init_nomemset)
                  0000063e    00000014     ti_msp_dl_config.o (.text.DL_GPIO_clearPins)
                  00000652    00000002     --HOLE-- [fill = 0]
                  00000654    00000014     ti_msp_dl_config.o (.text.DL_SYSCTL_disableSYSPLL)
                  00000668    00000014     ti_msp_dl_config.o (.text.SYSCFG_DL_init)
                  0000067c    00000012     driverlib.a : dl_uart.o (.text.DL_UART_setClockConfig)
                  0000068e    00000012     libc.a : memcpy16.S.obj (.text:TI_memcpy_small)
                  000006a0    00000010     ti_msp_dl_config.o (.text.DL_SYSCTL_disableHFXT)
                  000006b0    0000000a     driverlib.a : dl_common.o (.text.DL_Common_delayCycles)
                  000006ba    00000002     --HOLE-- [fill = 0]
                  000006bc    00000008     libclang_rt.builtins.a : aeabi_memcpy.S.obj (.text.__aeabi_memcpy)
                  000006c4    00000006     libc.a : exit.c.obj (.text:abort)
                  000006ca    00000004     startup_mspm0g350x_ticlang.o (.text.Default_Handler)
                  000006ce    00000004     libsysbm.a : hostexit.c.obj (.text.HOSTexit)
                  000006d2    00000004     startup_mspm0g350x_ticlang.o (.text.Reset_Handler)
                  000006d6    00000004     libc.a : pre_init.c.obj (.text._system_pre_init)
                  000006da    00000006     --HOLE-- [fill = 0]

.cinit     0    00000738    00000018     
                  00000738    00000008     (.cinit..bss.load) [load image, compression = zero_init]
                  00000740    00000004     (__TI_handler_table)
                  00000744    00000008     (__TI_cinit_table)
                  0000074c    00000004     --HOLE-- [fill = 0]

.rodata    0    000006e0    00000058     
                  000006e0    00000036     ti_msp_dl_config.o (.rodata..L__const.SYSCFG_DL_GPIO_init.unusedPinIndexes)
                  00000716    00000013     uart_echo_interrupts_standby.o (.rodata.hello_msg)
                  00000729    00000001     --HOLE-- [fill = 0]
                  0000072a    0000000a     ti_msp_dl_config.o (.rodata.gUART_0Config)
                  00000734    00000002     ti_msp_dl_config.o (.rodata.gUART_0ClockConfig)
                  00000736    00000002     --HOLE-- [fill = 0]

.init_array 
*          0    00000000    00000000     UNINITIALIZED

.binit     0    00000000    00000000     

.bss       0    20200000    0000001b     UNINITIALIZED
                  20200000    0000001b     (.common:USART_TX_BUF)

.stack     0    20207e00    00000200     UNINITIALIZED
                  20207e00    00000004     libc.a : boot_cortex_m.c.obj (.stack)
                  20207e04    000001fc     --HOLE--

__llvm_prf_cnts 
*          0    20200000    00000000     UNINITIALIZED

__llvm_prf_bits 
*          0    20200000    00000000     UNINITIALIZED

MODULE SUMMARY

       Module                           code   ro data   rw data
       ------                           ----   -------   -------
    .\
       ti_msp_dl_config.o               934    66        0      
       uart_echo_interrupts_standby.o   350    19        27     
       startup_mspm0g350x_ticlang.o     8      192       0      
    +--+--------------------------------+------+---------+---------+
       Total:                           1292   277       27     
                                                                
    C:/ti/mspm0_sdk_2_04_00_06/source/ti/driverlib/lib/ticlang/m0p/mspm0g1x0x_g3x0x/driverlib.a
       dl_uart.o                        90     0         0      
       dl_common.o                      10     0         0      
    +--+--------------------------------+------+---------+---------+
       Total:                           100    0         0      
                                                                
    C:\ti\ccs2010\ccs\tools\compiler\ti-cgt-armllvm_4.0.2.LTS\lib\armv6m-ti-none-eabi/c/libc.a
       autoinit.c.obj                   60     0         0      
       boot_cortex_m.c.obj              40     0         0      
       copy_zero_init.c.obj             22     0         0      
       memcpy16.S.obj                   18     0         0      
       exit.c.obj                       6      0         0      
       pre_init.c.obj                   4      0         0      
    +--+--------------------------------+------+---------+---------+
       Total:                           150    0         0      
                                                                
    C:\ti\ccs2010\ccs\tools\compiler\ti-cgt-armllvm_4.0.2.LTS\lib\armv6m-ti-none-eabi/c/libsysbm.a
       hostexit.c.obj                   4      0         0      
    +--+--------------------------------+------+---------+---------+
       Total:                           4      0         0      
                                                                
    C:\ti\ccs2010\ccs\tools\compiler\ti-cgt-armllvm_4.0.2.LTS\lib\armv6m-ti-none-eabi/libclang_rt.builtins.a
       aeabi_memcpy.S.obj               8      0         0      
    +--+--------------------------------+------+---------+---------+
       Total:                           8      0         0      
                                                                
       Stack:                           0      0         512    
       Linker Generated:                0      20        0      
    +--+--------------------------------+------+---------+---------+
       Grand Total:                     1554   297       539    


LINKER GENERATED COPY TABLES

__TI_cinit_table @ 00000744 records: 1, size/record: 8, table size: 8
	.bss: load addr=00000738, load size=00000008 bytes, run addr=20200000, run size=0000001b bytes, compression=zero_init


LINKER GENERATED HANDLER TABLE

__TI_handler_table @ 00000740 records: 1, size/record: 4, table size: 4
	index: 0, handler: __TI_zero_init


GLOBAL SYMBOLS: SORTED ALPHABETICALLY BY Name 

address   name                          
-------   ----                          
000006cb  ADC0_IRQHandler               
000006cb  ADC1_IRQHandler               
000006cb  AES_IRQHandler                
000006ce  C$$EXIT                       
000006cb  CANFD0_IRQHandler             
000006cb  DAC0_IRQHandler               
000006b1  DL_Common_delayCycles         
00000315  DL_UART_init                  
0000067d  DL_UART_setClockConfig        
000006cb  DMA_IRQHandler                
000006cb  Default_Handler               
000006cb  GROUP0_IRQHandler             
000006cb  GROUP1_IRQHandler             
000006cf  HOSTexit                      
000006cb  HardFault_Handler             
000006cb  I2C0_IRQHandler               
000006cb  I2C1_IRQHandler               
000006cb  NMI_Handler                   
000006cb  PendSV_Handler                
000006cb  RTC_IRQHandler                
000006d3  Reset_Handler                 
000006cb  SPI0_IRQHandler               
000006cb  SPI1_IRQHandler               
000006cb  SVC_Handler                   
00000181  SYSCFG_DL_GPIO_init           
00000455  SYSCFG_DL_SYSCTL_init         
000002c9  SYSCFG_DL_UART_0_init         
00000669  SYSCFG_DL_init                
0000035d  SYSCFG_DL_initPower           
000006cb  SysTick_Handler               
000006cb  TIMA0_IRQHandler              
000006cb  TIMA1_IRQHandler              
000006cb  TIMG0_IRQHandler              
000006cb  TIMG12_IRQHandler             
000006cb  TIMG6_IRQHandler              
000006cb  TIMG7_IRQHandler              
000006cb  TIMG8_IRQHandler              
0000068f  TI_memcpy_small               
000006cb  UART0_IRQHandler              
000006cb  UART1_IRQHandler              
000006cb  UART2_IRQHandler              
000006cb  UART3_IRQHandler              
20200000  USART_TX_BUF                  
20208000  __STACK_END                   
00000200  __STACK_SIZE                  
00000000  __TI_ATRegion0_region_sz      
00000000  __TI_ATRegion0_src_addr       
00000000  __TI_ATRegion0_trg_addr       
00000000  __TI_ATRegion1_region_sz      
00000000  __TI_ATRegion1_src_addr       
00000000  __TI_ATRegion1_trg_addr       
00000000  __TI_ATRegion2_region_sz      
00000000  __TI_ATRegion2_src_addr       
00000000  __TI_ATRegion2_trg_addr       
00000744  __TI_CINIT_Base               
0000074c  __TI_CINIT_Limit              
0000074c  __TI_CINIT_Warm               
00000740  __TI_Handler_Table_Base       
00000744  __TI_Handler_Table_Limit      
000003a1  __TI_auto_init_nobinit_nopinit
ffffffff  __TI_pprof_out_hndl           
ffffffff  __TI_prof_data_size           
ffffffff  __TI_prof_data_start          
00000000  __TI_static_base__            
00000629  __TI_zero_init_nomemset       
000006bd  __aeabi_memcpy                
000006bd  __aeabi_memcpy4               
000006bd  __aeabi_memcpy8               
ffffffff  __binit__                     
UNDEFED   __mpu_init                    
20207e00  __stack                       
20200000  __start___llvm_prf_bits       
20200000  __start___llvm_prf_cnts       
20200000  __stop___llvm_prf_bits        
20200000  __stop___llvm_prf_cnts        
0000042d  _c_int00_noargs               
UNDEFED   _system_post_cinit            
000006d7  _system_pre_init              
000006c5  abort                         
ffffffff  binit                         
00000716  hello_msg                     
00000000  interruptVectors              
000000c1  main                          
00000225  sendBluetoothData             


GLOBAL SYMBOLS: SORTED BY Symbol Address 

address   name                          
-------   ----                          
00000000  __TI_ATRegion0_region_sz      
00000000  __TI_ATRegion0_src_addr       
00000000  __TI_ATRegion0_trg_addr       
00000000  __TI_ATRegion1_region_sz      
00000000  __TI_ATRegion1_src_addr       
00000000  __TI_ATRegion1_trg_addr       
00000000  __TI_ATRegion2_region_sz      
00000000  __TI_ATRegion2_src_addr       
00000000  __TI_ATRegion2_trg_addr       
00000000  __TI_static_base__            
00000000  interruptVectors              
000000c1  main                          
00000181  SYSCFG_DL_GPIO_init           
00000200  __STACK_SIZE                  
00000225  sendBluetoothData             
000002c9  SYSCFG_DL_UART_0_init         
00000315  DL_UART_init                  
0000035d  SYSCFG_DL_initPower           
000003a1  __TI_auto_init_nobinit_nopinit
0000042d  _c_int00_noargs               
00000455  SYSCFG_DL_SYSCTL_init         
00000629  __TI_zero_init_nomemset       
00000669  SYSCFG_DL_init                
0000067d  DL_UART_setClockConfig        
0000068f  TI_memcpy_small               
000006b1  DL_Common_delayCycles         
000006bd  __aeabi_memcpy                
000006bd  __aeabi_memcpy4               
000006bd  __aeabi_memcpy8               
000006c5  abort                         
000006cb  ADC0_IRQHandler               
000006cb  ADC1_IRQHandler               
000006cb  AES_IRQHandler                
000006cb  CANFD0_IRQHandler             
000006cb  DAC0_IRQHandler               
000006cb  DMA_IRQHandler                
000006cb  Default_Handler               
000006cb  GROUP0_IRQHandler             
000006cb  GROUP1_IRQHandler             
000006cb  HardFault_Handler             
000006cb  I2C0_IRQHandler               
000006cb  I2C1_IRQHandler               
000006cb  NMI_Handler                   
000006cb  PendSV_Handler                
000006cb  RTC_IRQHandler                
000006cb  SPI0_IRQHandler               
000006cb  SPI1_IRQHandler               
000006cb  SVC_Handler                   
000006cb  SysTick_Handler               
000006cb  TIMA0_IRQHandler              
000006cb  TIMA1_IRQHandler              
000006cb  TIMG0_IRQHandler              
000006cb  TIMG12_IRQHandler             
000006cb  TIMG6_IRQHandler              
000006cb  TIMG7_IRQHandler              
000006cb  TIMG8_IRQHandler              
000006cb  UART0_IRQHandler              
000006cb  UART1_IRQHandler              
000006cb  UART2_IRQHandler              
000006cb  UART3_IRQHandler              
000006ce  C$$EXIT                       
000006cf  HOSTexit                      
000006d3  Reset_Handler                 
000006d7  _system_pre_init              
00000716  hello_msg                     
00000740  __TI_Handler_Table_Base       
00000744  __TI_CINIT_Base               
00000744  __TI_Handler_Table_Limit      
0000074c  __TI_CINIT_Limit              
0000074c  __TI_CINIT_Warm               
20200000  USART_TX_BUF                  
20200000  __start___llvm_prf_bits       
20200000  __start___llvm_prf_cnts       
20200000  __stop___llvm_prf_bits        
20200000  __stop___llvm_prf_cnts        
20207e00  __stack                       
20208000  __STACK_END                   
ffffffff  __TI_pprof_out_hndl           
ffffffff  __TI_prof_data_size           
ffffffff  __TI_prof_data_start          
ffffffff  __binit__                     
ffffffff  binit                         
UNDEFED   __mpu_init                    
UNDEFED   _system_post_cinit            

[84 symbols]
